08-16 10:12:48.476  8174  8678 I Cloud[13.2.0.303]Base.FileHelper: getICSStoragePath locationSdcard = null ,locationPcard = /storage/emulated/0 ,uDiskStoragePath = null, appClonePath = null
08-16 10:12:48.477  8174  8678 I Cloud[13.2.0.303]Sync.CloudBackupAppDataUtil: begin init appDataUtil appId = com.hit.master
08-16 10:12:48.481  8174  8678 I Cloud[13.2.0.303]Sync.CloudBackupAppDataUtil: initAppFileInfo
08-16 10:12:48.481  8174  8678 I Cloud[13.2.0.303]Sync.CloudBackupAppDataUtil: match appInfo by emui
08-16 10:12:48.482  8174  8678 I Cloud[13.2.0.303]Sync.CloudBackupAppDataUtil: initDefaultFileInfoList
08-16 10:12:48.483  8174  8678 I Cloud[13.2.0.303]Sync.CloudBackupAppDataUtil: end init appDataUtil
08-16 10:12:48.483  8174  8678 I Cloud[13.2.0.303]Sync.CloudBackupAppDataUtil: appId: com.hit.master, isAppDataAble: false
08-16 10:12:48.487  8174  8678 I Cloud[13.2.0.303]Sync.GetOptionsInfoFromCloneTask: appId: com.hit.master match om config, backup app data.
08-16 10:12:48.490  8174  8678 I Cloud[13.2.0.303]Sync.GetOptionsInfoFromCloneTask: getThirdAppOptionsInfo{"appId":"com.hit.master","appName":"Hit Master 3D","appType":0,"backupData":true,"backupSwitch":false,"codeBytes":0,"data1":"","data2":"","data3":"","data4":"47","data5":"","data6":"","dataBytes":0,"increase1":0,"increase2":0,"isDataEnable":0,"isDisable":false,"itemTotal":0,"operateTime":0,"operateType":0,"parent":"thirdApp","showType":0,"switchCount":0,"uid":0,"appApkSize":0,"appDataSize":0,"appSwitch":false,"isOmConfigAble":false}
08-16 10:12:48.507  8174  8678 I Cloud[13.2.0.303]Base.FileHelper: getICSStoragePath locationSdcard = null ,locationPcard = /storage/emulated/0 ,uDiskStoragePath = null, appClonePath = null
08-16 10:12:48.507  8174  8678 I Cloud[13.2.0.303]Sync.CloudBackupAppDataUtil: begin init appDataUtil appId = com.didiglobal.passenger
08-16 10:12:48.512  8174  8678 I Cloud[13.2.0.303]Sync.CloudBackupAppDataUtil: initAppFileInfo
08-16 10:12:48.513  8174  8678 I Cloud[13.2.0.303]Sync.CloudBackupAppDataUtil: match appInfo by emui
08-16 10:12:48.514  8174  8678 I Cloud[13.2.0.303]Sync.CloudBackupAppDataUtil: initDefaultFileInfoList
08-16 10:12:48.515  8174  8678 I Cloud[13.2.0.303]Sync.CloudBackupAppDataUtil: end init appDataUtil
08-16 10:12:48.515  8174  8678 I Cloud[13.2.0.303]Sync.CloudBackupAppDataUtil: appId: com.didiglobal.passenger, isAppDataAble: false
08-16 10:12:48.519  8174  8678 I Cloud[13.2.0.303]Sync.GetOptionsInfoFromCloneTask: appId: com.didiglobal.passenger match om config, backup app data.
08-16 10:12:48.520  8174  8678 I Cloud[13.2.0.303]Sync.GetOptionsInfoFromCloneTask: getThirdAppOptionsInfo{"appId":"com.didiglobal.passenger","appName":"DiDi","appType":0,"backupData":true,"backupSwitch":false,"codeBytes":0,"data1":"","data2":"","data3":"","data4":"1107039610","data5":"","data6":"","dataBytes":0,"increase1":0,"increase2":0,"isDataEnable":0,"isDisable":false,"itemTotal":0,"operateTime":0,"operateType":0,"parent":"thirdApp","showType":0,"switchCount":0,"uid":0,"appApkSize":0,"appDataSize":0,"appSwitch":false,"isOmConfigAble":false}
08-16 10:12:48.537  8174  8678 I Cloud[13.2.0.303]Base.FileHelper: getICSStoragePath locationSdcard = null ,locationPcard = /storage/emulated/0 ,uDiskStoragePath = null, appClonePath = null
08-16 10:12:48.537  8174  8678 I Cloud[13.2.0.303]Sync.CloudBackupAppDataUtil: begin init appDataUtil appId = com.wondershare.filmorago
08-16 10:12:48.542  8174  8678 I Cloud[13.2.0.303]Sync.CloudBackupAppDataUtil: initAppFileInfo
08-16 10:12:48.543  8174  8678 I Cloud[13.2.0.303]Sync.CloudBackupAppDataUtil: match appInfo by emui
08-16 10:12:48.544  8174  8678 I Cloud[13.2.0.303]Sync.CloudBackupAppDataUtil: initDefaultFileInfoList
08-16 10:12:48.544  8174  8678 I Cloud[13.2.0.303]Sync.CloudBackupAppDataUtil: end init appDataUtil
08-16 10:12:48.545  8174  8678 I Cloud[13.2.0.303]Sync.CloudBackupAppDataUtil: appId: com.wondershare.filmorago, isAppDataAble: false
08-16 10:12:48.547  8174  8678 I Cloud[13.2.0.303]Sync.GetOptionsInfoFromCloneTask: appId: com.wondershare.filmorago match om config, backup app data.
08-16 10:12:48.548  8174  8678 I Cloud[13.2.0.303]Sync.GetOptionsInfoFromCloneTask: getThirdAppOptionsInfo{"appId":"com.wondershare.filmorago","appName":"Filmora","appType":0,"backupData":true,"backupSwitch":false,"codeBytes":0,"data1":"","data2":"","data3":"","data4":"9100","data5":"","data6":"","dataBytes":0,"increase1":0,"increase2":0,"isDataEnable":0,"isDisable":false,"itemTotal":0,"operateTime":0,"operateType":0,"parent":"thirdApp","showType":0,"switchCount":0,"uid":0,"appApkSize":0,"appDataSize":0,"appSwitch":false,"isOmConfigAble":false}
08-16 10:12:48.558  8174  8678 I Cloud[13.2.0.303]Base.FileHelper: getICSStoragePath locationSdcard = null ,locationPcard = /storage/emulated/0 ,uDiskStoragePath = null, appClonePath = null
08-16 10:12:48.559  8174  8678 I Cloud[13.2.0.303]Sync.CloudBackupAppDataUtil: begin init appDataUtil appId = cl.naranjasoft.moteles
08-16 10:12:48.564  8174  8678 I Cloud[13.2.0.303]Sync.CloudBackupAppDataUtil: initAppFileInfo
08-16 10:12:48.564  8174  8678 I Cloud[13.2.0.303]Sync.CloudBackupAppDataUtil: match appInfo by emui
08-16 10:12:48.564  7774  7774 I ViewInteraction: Checking 'MatchesViewAssertion{viewMatcher=(view has effective visibility <VISIBLE> and view.getGlobalVisibleRect() to return non-empty rectangle)}' assertion on view an instance of android.widget.TextView and view.getText() with or without transformation to match: is "Frankie"
08-16 10:12:48.566  8174  8678 I Cloud[13.2.0.303]Sync.CloudBackupAppDataUtil: initDefaultFileInfoList
08-16 10:12:48.567  8174  8678 I Cloud[13.2.0.303]Sync.CloudBackupAppDataUtil: end init appDataUtil
08-16 10:12:48.567  8174  8678 I Cloud[13.2.0.303]Sync.CloudBackupAppDataUtil: appId: cl.naranjasoft.moteles, isAppDataAble: false
08-16 10:12:48.569  8174  8678 I Cloud[13.2.0.303]Sync.GetOptionsInfoFromCloneTask: appId: cl.naranjasoft.moteles match om config, backup app data.
08-16 10:12:48.571  8174  8678 I Cloud[13.2.0.303]Sync.GetOptionsInfoFromCloneTask: getThirdAppOptionsInfo{"appId":"cl.naranjasoft.moteles","appName":"MotelNow","appType":0,"backupData":true,"backupSwitch":false,"codeBytes":0,"data1":"","data2":"","data3":"","data4":"267","data5":"","data6":"","dataBytes":0,"increase1":0,"increase2":0,"isDataEnable":0,"isDisable":false,"itemTotal":0,"operateTime":0,"operateType":0,"parent":"thirdApp","showType":0,"switchCount":0,"uid":0,"appApkSize":0,"appDataSize":0,"appSwitch":false,"isOmConfigAble":false}
08-16 10:12:48.580  8174  8678 I Cloud[13.2.0.303]Base.FileHelper: getICSStoragePath locationSdcard = null ,locationPcard = /storage/emulated/0 ,uDiskStoragePath = null, appClonePath = null
08-16 10:12:48.580  8174  8678 I Cloud[13.2.0.303]Sync.CloudBackupAppDataUtil: begin init appDataUtil appId = com.example.lemonade.test
08-16 10:12:48.581  1046  1070 D AwareLog: iawared: WorkingsetProcessCommand subCmd = 352, userId=10431, pid=7774, com.example.dogglers/.HorizontalListActivity
08-16 10:12:48.581  1046  1070 D AwareLog: iawared: WorkingsetStop com.example.dogglers/.HorizontalListActivity
08-16 10:12:48.582  7774  7774 D LifecycleMonitor: Lifecycle status change: com.example.dogglers.HorizontalListActivity@ddc705a in: PAUSED
08-16 10:12:48.582  7774  7774 V ActivityScenario: Update currentActivityStage to PAUSED, currentActivity=com.example.dogglers.HorizontalListActivity@ddc705a
08-16 10:12:48.582  1046  1070 D AwareLog: iawared: WorkingsetProcessCommand subCmd = 350, userId=10431, pid=7774, com.example.dogglers/androidx.test.core.app.InstrumentationActivityInvoker$EmptyActivity
08-16 10:12:48.582  1046  1070 D AwareLog: iawared: WorkingsetSendPrereadMsg com.example.dogglers/androidx.test.core.app.InstrumentationActivityInvoker$EmptyActivity
08-16 10:12:48.583  1046  1070 D AwareLog: iawared: WorkingsetStart com.example.dogglers/androidx.test.core.app.InstrumentationActivityInvoker$EmptyActivity in monitor0
08-16 10:12:48.585  8174  8678 I Cloud[13.2.0.303]Sync.CloudBackupAppDataUtil: initAppFileInfo
08-16 10:12:48.586  8174  8678 I Cloud[13.2.0.303]Sync.CloudBackupAppDataUtil: match appInfo by emui
08-16 10:12:48.586  1636  1963 D ZrHung.AppEyeFocusWindow: FocusWindowErrorScene CheckFreezeScreen
08-16 10:12:48.586  1636  1963 D ZrHung.AppEyeTransparentWindow: TransparentWindow cancelCheckFreezeScreen
08-16 10:12:48.586  4623  4623 I HiAdKit.ExSplashManager:  do not request exsplash config
08-16 10:12:48.586  2690 22776 I PGServer: android calls fast HApps
08-16 10:12:48.586  2690 22776 I AppFastHibernation: fast H duration: 1500 reason: start activity
08-16 10:12:48.587  8174  8678 I Cloud[13.2.0.303]Sync.CloudBackupAppDataUtil: initDefaultFileInfoList
08-16 10:12:48.588  8174  8678 I Cloud[13.2.0.303]Sync.CloudBackupAppDataUtil: end init appDataUtil
08-16 10:12:48.588  8174  8678 I Cloud[13.2.0.303]Sync.CloudBackupAppDataUtil: appId: com.example.lemonade.test, isAppDataAble: false
08-16 10:12:48.588  1046 12149 I Pged-IPgedBinderService: ****action is 1, pid num is 8***
08-16 10:12:48.588  1046 12149 I Pged-Freezer: freezePids
08-16 10:12:48.588  1046 12149 I Pged-Freezer: freezePids pid 9407 binder called 1661 ms ago by 25853, ignor it:0
08-16 10:12:48.589  2690  3436 W PgedBinderAdapter: F_Z failed pid: [19712, 21002, 21360, 18777, 20784, 4680, 9407]
08-16 10:12:48.589  7774  7774 W ActivityThread: handleWindowVisibility: no activity for token android.os.BinderProxy@122ce32
08-16 10:12:48.592  2661  3071 D DollieActivityManagerAdapter: [Paused] pid:7774 uid:10431 ComponentInfo{com.example.dogglers/com.example.dogglers.HorizontalListActivity} uidState:2
08-16 10:12:48.592  1636  3033 D InputDispatcher: Window handle WindowManager has no registered input channel
08-16 10:12:48.594  7774  7774 D LifecycleMonitor: Lifecycle status change: androidx.test.core.app.InstrumentationActivityInvoker$EmptyActivity@3513783 in: PRE_ON_CREATE
08-16 10:12:48.594  3386  7833 I HiAdKit.DC.PageSwitchEvent:  switch is off
08-16 10:12:48.594  7774  7774 V ActivityScenario: Activity lifecycle changed event received but ignored because the intent does not match. startActivityIntent=Intent { act=android.intent.action.MAIN cat=[android.intent.category.LAUNCHER] cmp=com.example.dogglers/.HorizontalListActivity }, activity.getIntent()=Intent { act=android.intent.action.MAIN cat=[android.intent.category.LAUNCHER] flg=0x10000000 cmp=com.example.dogglers/androidx.test.core.app.InstrumentationActivityInvoker$EmptyActivity }, activity=androidx.test.core.app.InstrumentationActivityInvoker$EmptyActivity@3513783
08-16 10:12:48.594  3386  7833 I HiAdKit.DC.PaymentPageSwitchEvent:  switch is off
08-16 10:12:48.594  3386  7833 I HiAdKit.DC.LiteAppPageSwitchEvent:  switch is off
08-16 10:12:48.597  7774  7774 I DecorView[]: pkgName:com.example.dogglers old windowMode:0 new windoMode:1, isFixedSize:false
08-16 10:12:48.598  7774  7774 D LifecycleMonitor: Lifecycle status change: androidx.test.core.app.InstrumentationActivityInvoker$EmptyActivity@3513783 in: CREATED
08-16 10:12:48.598  7774  7774 V ActivityScenario: Activity lifecycle changed event received but ignored because the intent does not match. startActivityIntent=Intent { act=android.intent.action.MAIN cat=[android.intent.category.LAUNCHER] cmp=com.example.dogglers/.HorizontalListActivity }, activity.getIntent()=Intent { act=android.intent.action.MAIN cat=[android.intent.category.LAUNCHER] flg=0x10000000 cmp=com.example.dogglers/androidx.test.core.app.InstrumentationActivityInvoker$EmptyActivity }, activity=androidx.test.core.app.InstrumentationActivityInvoker$EmptyActivity@3513783
08-16 10:12:48.599  7774  7774 D LifecycleMonitor: Lifecycle status change: androidx.test.core.app.InstrumentationActivityInvoker$EmptyActivity@3513783 in: STARTED
08-16 10:12:48.599  7774  7774 V ActivityScenario: Activity lifecycle changed event received but ignored because the intent does not match. startActivityIntent=Intent { act=android.intent.action.MAIN cat=[android.intent.category.LAUNCHER] cmp=com.example.dogglers/.HorizontalListActivity }, activity.getIntent()=Intent { act=android.intent.action.MAIN cat=[android.intent.category.LAUNCHER] flg=0x10000000 cmp=com.example.dogglers/androidx.test.core.app.InstrumentationActivityInvoker$EmptyActivity }, activity=androidx.test.core.app.InstrumentationActivityInvoker$EmptyActivity@3513783
08-16 10:12:48.600  8174  8678 I Cloud[13.2.0.303]Sync.GetOptionsInfoFromCloneTask: appId: com.example.lemonade.test match om config, backup app data.
08-16 10:12:48.600  7774  7774 D LifecycleMonitor: Lifecycle status change: androidx.test.core.app.InstrumentationActivityInvoker$EmptyActivity@3513783 in: RESUMED
08-16 10:12:48.600  7774  7774 V ActivityScenario: Activity lifecycle changed event received but ignored because the intent does not match. startActivityIntent=Intent { act=android.intent.action.MAIN cat=[android.intent.category.LAUNCHER] cmp=com.example.dogglers/.HorizontalListActivity }, activity.getIntent()=Intent { act=android.intent.action.MAIN cat=[android.intent.category.LAUNCHER] flg=0x10000000 cmp=com.example.dogglers/androidx.test.core.app.InstrumentationActivityInvoker$EmptyActivity }, activity=androidx.test.core.app.InstrumentationActivityInvoker$EmptyActivity@3513783
08-16 10:12:48.601  7774  7774 D MouseWheelSynthesizer: mMoveStepInDp: 64, mMoveStepInPixel: 192, mUpTimeDelayed: 100
08-16 10:12:48.602  8174  8678 I Cloud[13.2.0.303]Sync.GetOptionsInfoFromCloneTask: getThirdAppOptionsInfo{"appId":"com.example.lemonade.test","appName":"com.example.lemonade.test","appType":0,"backupData":true,"backupSwitch":false,"codeBytes":0,"data1":"","data2":"","data3":"","data4":"0","data5":"","data6":"","dataBytes":0,"increase1":0,"increase2":0,"isDataEnable":0,"isDisable":false,"itemTotal":0,"operateTime":0,"operateType":0,"parent":"thirdApp","showType":0,"switchCount":0,"uid":0,"appApkSize":0,"appDataSize":0,"appSwitch":false,"isOmConfigAble":false}
08-16 10:12:48.602  7774  7774 D ViewRootImpl: ViewRootImpl mIsInProductivePCDisplay: false
08-16 10:12:48.602  1636  1963 I HwPCUtils#HwRioViewManager: check if rio enable, displayId = 0， packageName = com.example.dogglers
08-16 10:12:48.605  1636  1963 D InputDispatcher: Window handle WindowManager has no registered input channel
08-16 10:12:48.605  7774  7774 D InputEventReceiver: dispatchInputInterval 1000000
08-16 10:12:48.608  7774  7774 D DecorView: showOrHideHighlightView: hasFocus=false; winMode=1; isMrgNull=true
08-16 10:12:48.609  2661  5454 I Hicom_Monitor: mActivityNotifierEx, className = androidx.test.core.app.InstrumentationActivityInvoker$EmptyActivity, uid = 10431
08-16 10:12:48.610  2661  3071 D DollieActivityManagerAdapter: [Resumed] bg:false pid:7774 uid:10431 ComponentInfo{com.example.dogglers/androidx.test.core.app.InstrumentationActivityInvoker$EmptyActivity}
08-16 10:12:48.610  2661  3071 E DollieAdapterService: notifyActivityState pkg:com.example.dogglers/androidx.test.core.app.InstrumentationActivityInvoker$EmptyActivity state:2 fg:true mUid:10431
08-16 10:12:48.610  2661  3071 I OllieMsgCenter: publishEvt=2130771985
08-16 10:12:48.611  6225  9809 I CAWARENESS_AppUsageManager: onEvent, packageName=com.example.dogglers, activityName=androidx.test.core.app.InstrumentationActivityInvoker$EmptyActivity
08-16 10:12:48.611  6225  9809 I CAWARENESS_AppUsageManager: fuse currently and delay publish
08-16 10:12:48.612  3386  7816 I HiAdKit.DC.PageSwitchEvent:  switch is off
08-16 10:12:48.612  3386  7816 I HiAdKit.DC.PaymentPageSwitchEvent:  switch is off
08-16 10:12:48.612  3386  7816 I HiAdKit.DC.LiteAppPageSwitchEvent:  switch is off
08-16 10:12:48.615  7774  9840 D HiTouch_PressGestureDetector: onAttached, package=com.example.dogglers, windowType=1, mIsHiTouchRestricted=false
08-16 10:12:48.616  1636  1660 D HwPhoneWindowManager: Transact:setSystemUIColor to status bar service
08-16 10:12:48.616  1636 15277 D ZrHung.AppEyeFocusWindow: FocusWindowErrorScene cancelCheckFreezeScreen
08-16 10:12:48.616  1636 15277 D ZrHung.AppEyeTransparentWindow: TransparentWindow mHungConfigStatus = 0,mHungConfigEnable = 1
08-16 10:12:48.617  2690 22775 I KStateManager: send binder call message, called pid:2208, calling pid:[1636]
08-16 10:12:48.618  7774  7850 D mali_winsys: EGLint new_window_surface(egl_winsys_display *, void *, EGLSurface, EGLConfig, egl_winsys_surface **, EGLBoolean) returns 0x3000
08-16 10:12:48.619  8174  8678 I Cloud[13.2.0.303]Base.FileHelper: getICSStoragePath locationSdcard = null ,locationPcard = /storage/emulated/0 ,uDiskStoragePath = null, appClonePath = null
08-16 10:12:48.619  8174  8678 I Cloud[13.2.0.303]Sync.CloudBackupAppDataUtil: begin init appDataUtil appId = com.airbnb.android
08-16 10:12:48.621  2580 23377 I OPCollectLog: AppChangeImpl:call onAppChange.
08-16 10:12:48.622  2580  6962 I OPCollectLog: HwForegroundAppAction:handleMessage
08-16 10:12:48.622  2580  6962 D OPCollectLog: HwForegroundAppAction:FG executeWithArgs
08-16 10:12:48.622  2580  6962 I OPCollectLog: OPCollectUtils:ODMF Api Version:2.16.3
08-16 10:12:48.622  1636 17378 D InputDispatcher: Window handle WindowManager has no registered input channel
08-16 10:12:48.622  2580  6962 I OPCollectLog: Action:HwForegroundAppAction executed successfully
08-16 10:12:48.622  2580  6962 D OPCollectLog: OdmfCollectScheduler:handleMessage msg: 4
08-16 10:12:48.622  2580  6962 I OPCollectLog: OdmfHelper:opcollectCache 1
08-16 10:12:48.622  2580  6962 I OPCollectLog: OdmfHelper:opcollectCache curTime: 574942717, interval: 1932
08-16 10:12:48.624  2580  6962 I OPCollectLog: OdmfHelper:isCharging: true
08-16 10:12:48.624  8174  8678 I Cloud[13.2.0.303]Sync.CloudBackupAppDataUtil: initAppFileInfo
08-16 10:12:48.625  8174  8678 I Cloud[13.2.0.303]Sync.CloudBackupAppDataUtil: match appInfo by emui
08-16 10:12:48.627  8174  8678 I Cloud[13.2.0.303]Sync.CloudBackupAppDataUtil: initDefaultFileInfoList
08-16 10:12:48.628  8174  8678 I Cloud[13.2.0.303]Sync.CloudBackupAppDataUtil: end init appDataUtil
08-16 10:12:48.628  8174  8678 I Cloud[13.2.0.303]Sync.CloudBackupAppDataUtil: appId: com.airbnb.android, isAppDataAble: false
08-16 10:12:48.631  8174  8678 I Cloud[13.2.0.303]Sync.GetOptionsInfoFromCloneTask: appId: com.airbnb.android match om config, backup app data.
08-16 10:12:48.632  8174  8678 I Cloud[13.2.0.303]Sync.GetOptionsInfoFromCloneTask: getThirdAppOptionsInfo{"appId":"com.airbnb.android","appName":"Airbnb","appType":0,"backupData":true,"backupSwitch":false,"codeBytes":0,"data1":"","data2":"","data3":"","data4":"28001045","data5":"","data6":"","dataBytes":0,"increase1":0,"increase2":0,"isDataEnable":0,"isDisable":false,"itemTotal":0,"operateTime":0,"operateType":0,"parent":"thirdApp","showType":0,"switchCount":0,"uid":0,"appApkSize":0,"appDataSize":0,"appSwitch":false,"isOmConfigAble":false}
08-16 10:12:48.633  2661  3071 I ConnCureStateMonitor: handleMessage: msg[4]
08-16 10:12:48.634  2580  6962 I OPCollectLog: OdmfHelper:insert database success
08-16 10:12:48.635  2580  6962 I OPCollectLog: OdmfHelper:opcollectCache size: 1
08-16 10:12:48.635  2580  6962 I OPCollectLog: OdmfHelper:opcollectCache lastTime: 574942729
08-16 10:12:48.635  8174  8678 I Cloud[13.2.0.303]Base.FileHelper: getICSStoragePath locationSdcard = null ,locationPcard = /storage/emulated/0 ,uDiskStoragePath = null, appClonePath = null
08-16 10:12:48.635  8174  8678 I Cloud[13.2.0.303]Sync.CloudBackupAppDataUtil: begin init appDataUtil appId = appinventor.ai_ansonsavage.DiceRole_Magic8Ball_Extension_Two_Die
08-16 10:12:48.635  2661  3071 I ConnCureStateMonitor: canPerformConnCure: isWifiConnected[false] isDataConnected[true]
08-16 10:12:48.635  2661  3071 D ConnCureConfigUtil: isCaredApp: input = com.example.dogglers
08-16 10:12:48.635  2661  3071 I ConnCureStateMonitor: isCaredApp:false,isAllowed:true,isDataEnabled:true
08-16 10:12:48.636  2208  2208 D BarTransitions.HwPhoneStatusBarView: MODE_TRANSPARENT -> MODE_OPAQUE animate=false
08-16 10:12:48.636  2208  2208 D BarTransitions.HwPhoneStatusBarView: applyModeBackground oldMode=MODE_TRANSPARENT newMode=MODE_OPAQUE animate=false
08-16 10:12:48.636  7774  7774 D DecorView: showOrHideHighlightView: hasFocus=true; winMode=1; isMrgNull=true
08-16 10:12:48.636  7774  7774 W InputMethodManager: startInputReason = 1
08-16 10:12:48.637  7774  7774 W HwRemoteInputMethodManager: isCasting false because IHwDistributedWindowManager is invalid.
08-16 10:12:48.637  2208  2208 D BarTransitions.HwNavigationBarView: MODE_TRANSPARENT -> MODE_OPAQUE animate=false
08-16 10:12:48.637  2208  2208 D BarTransitions.HwNavigationBarView: applyModeBackground oldMode=MODE_TRANSPARENT newMode=MODE_OPAQUE animate=false
08-16 10:12:48.638  1636  2813 D InputDispatcher: Window handle WindowManager has no registered input channel
08-16 10:12:48.640  8174  8678 I Cloud[13.2.0.303]Sync.CloudBackupAppDataUtil: initAppFileInfo
08-16 10:12:48.641  8174  8678 I Cloud[13.2.0.303]Sync.CloudBackupAppDataUtil: match appInfo by emui
08-16 10:12:48.642  8174  8678 I Cloud[13.2.0.303]Sync.CloudBackupAppDataUtil: initDefaultFileInfoList
08-16 10:12:48.643  8174  8678 I Cloud[13.2.0.303]Sync.CloudBackupAppDataUtil: end init appDataUtil
08-16 10:12:48.643  8174  8678 I Cloud[13.2.0.303]Sync.CloudBackupAppDataUtil: appId: appinventor.ai_ansonsavage.DiceRole_Magic8Ball_Extension_Two_Die, isAppDataAble: false
08-16 10:12:48.645  8174  8678 I Cloud[13.2.0.303]Sync.GetOptionsInfoFromCloneTask: appId: appinventor.ai_ansonsavage.DiceRole_Magic8Ball_Extension_Two_Die match om config, backup app data.
08-16 10:12:48.646  8174  8678 I Cloud[13.2.0.303]Sync.GetOptionsInfoFromCloneTask: getThirdAppOptionsInfo{"appId":"appinventor.ai_ansonsavage.DiceRole_Magic8Ball_Extension_Two_Die","appName":"Dice","appType":0,"backupData":true,"backupSwitch":false,"codeBytes":0,"data1":"","data2":"","data3":"","data4":"801","data5":"","data6":"","dataBytes":0,"increase1":0,"increase2":0,"isDataEnable":0,"isDisable":false,"itemTotal":0,"operateTime":0,"operateType":0,"parent":"thirdApp","showType":0,"switchCount":0,"uid":0,"appApkSize":0,"appDataSize":0,"appSwitch":false,"isOmConfigAble":false}
08-16 10:12:48.655  1636  1963 D InputDispatcher: Window handle WindowManager has no registered input channel
08-16 10:12:48.658   757  1724 W BufferQueueProducer: [com.example.dogglers/com.example.dogglers.HorizontalListActivity#0]:1390: disconnect: not connected (req=1)
08-16 10:12:48.658  7774  7850 W libEGL  : EGLNativeWindowType 0x76e4c263d0 disconnect failed
08-16 10:12:48.660  8174  8678 I Cloud[13.2.0.303]Base.FileHelper: getICSStoragePath locationSdcard = null ,locationPcard = /storage/emulated/0 ,uDiskStoragePath = null, appClonePath = null
08-16 10:12:48.660  8174  8678 I Cloud[13.2.0.303]Sync.CloudBackupAppDataUtil: begin init appDataUtil appId = com.facebook.orca
08-16 10:12:48.662  7774  7774 D LifecycleMonitor: Lifecycle status change: androidx.test.core.app.InstrumentationActivityInvoker$BootstrapActivity@83f9413 in: DESTROYED
08-16 10:12:48.662  7774  7774 V ActivityScenario: Activity lifecycle changed event received but ignored because the intent does not match. startActivityIntent=Intent { act=android.intent.action.MAIN cat=[android.intent.category.LAUNCHER] cmp=com.example.dogglers/.HorizontalListActivity }, activity.getIntent()=Intent { act=android.intent.action.MAIN cat=[android.intent.category.LAUNCHER] flg=0x10008000 cmp=com.example.dogglers/androidx.test.core.app.InstrumentationActivityInvoker$BootstrapActivity (has extras) }, activity=androidx.test.core.app.InstrumentationActivityInvoker$BootstrapActivity@83f9413
08-16 10:12:48.663  7774  7774 E RtgSchedManager: endActivityTransaction: margin state not match
08-16 10:12:48.663  7774  7774 E RtgSchedManager: endActivityTransaction: margin state not match
08-16 10:12:48.663  7774  7774 D LifecycleMonitor: Lifecycle status change: androidx.test.core.app.InstrumentationActivityInvoker$EmptyActivity@3513783 in: PAUSED
08-16 10:12:48.663  7774  7774 V ActivityScenario: Activity lifecycle changed event received but ignored because the intent does not match. startActivityIntent=Intent { act=android.intent.action.MAIN cat=[android.intent.category.LAUNCHER] cmp=com.example.dogglers/.HorizontalListActivity }, activity.getIntent()=Intent { act=android.intent.action.MAIN cat=[android.intent.category.LAUNCHER] flg=0x10000000 cmp=com.example.dogglers/androidx.test.core.app.InstrumentationActivityInvoker$EmptyActivity }, activity=androidx.test.core.app.InstrumentationActivityInvoker$EmptyActivity@3513783
08-16 10:12:48.664  8174  8678 I Cloud[13.2.0.303]Sync.CloudBackupAppDataUtil: initAppFileInfo
08-16 10:12:48.665  2661  3071 I OllieMsgCenter: publishEvt=2135097345
08-16 10:12:48.667  1636  1963 D ZrHung.AppEyeFocusWindow: FocusWindowErrorScene CheckFreezeScreen
08-16 10:12:48.667  1636  1963 D ZrHung.AppEyeTransparentWindow: TransparentWindow cancelCheckFreezeScreen
08-16 10:12:48.669  1046  1070 D AwareLog: iawared: WorkingsetProcessCommand subCmd = 352, userId=10431, pid=7774, com.example.dogglers/androidx.test.core.app.InstrumentationActivityInvoker$EmptyActivity
08-16 10:12:48.669  1046  1070 D AwareLog: iawared: WorkingsetStop com.example.dogglers/androidx.test.core.app.InstrumentationActivityInvoker$EmptyActivity
08-16 10:12:48.670  8174  8678 I Cloud[13.2.0.303]Sync.CloudBackupAppDataUtil: match appInfo by osRegex
08-16 10:12:48.670  8174  8678 I Cloud[13.2.0.303]Sync.OMConfigureUtil: configure osVersRegex: (^EmotionUI_8|^EmotionUI_9|^EmotionUI_[1-2][0-9]|^MagicUI_[4-9]|^HarmonyOS_[1-9]).*current osVersion: EmotionUI_12.0.0
08-16 10:12:48.670  2661  3920 I Booster_Qoe: AdaBoostPredict rlt,index:4,NisPsSlow:0,NProba:425,rsrp(rssi):-95,rsrq(noise):-9,rtt(chload):0,buffhigh(uldelay):0,buffcomm(rtt):0
08-16 10:12:48.670  2661  3920 I Booster_Qoe: AdaBoostPredict rlt,index:0,NisPsSlow:0,NProba:398,rsrp(rssi):-95,rsrq(noise):-9,rtt(chload):37,buffhigh(uldelay):0,buffcomm(rtt):0
08-16 10:12:48.670  8174  8678 I Cloud[13.2.0.303]Sync.OMConfigureUtil: currentVersion: 130200303, minClientVersion = 0
08-16 10:12:48.670  7774  7774 E RtgSchedManager: endActivityTransaction: margin state not match
08-16 10:12:48.670  8174  8678 I Cloud[13.2.0.303]Sync.OMConfigureUtil: deviceList is empty, default match effect device
08-16 10:12:48.670  8174  8678 I Cloud[13.2.0.303]Sync.OMConfigureUtil: gradeList is empty, default match effect grade
08-16 10:12:48.671  8174  8678 I Cloud[13.2.0.303]Sync.CloudBackupAppDataUtil: end init appDataUtil
08-16 10:12:48.671  7774  7774 W ActivityThread: handleWindowVisibility: no activity for token android.os.BinderProxy@bf59c56
08-16 10:12:48.671  7774  7774 E RtgSchedManager: endActivityTransaction: margin state not match
08-16 10:12:48.671  8174  8678 I Cloud[13.2.0.303]Sync.CloudBackupAppDataUtil: appId: com.facebook.orca, isAppDataAble: true
08-16 10:12:48.671  1046  1070 D AwareLog: iawared: WorkingsetProcessCommand subCmd = 350, userId=10431, pid=7774, com.example.dogglers/androidx.test.core.app.InstrumentationActivityInvoker$EmptyActivity
08-16 10:12:48.671  1636  1963 D InputDispatcher: Window handle WindowManager has no registered input channel
08-16 10:12:48.672  1046  1070 D AwareLog: iawared: WorkingsetSendPrereadMsg com.example.dogglers/androidx.test.core.app.InstrumentationActivityInvoker$EmptyActivity
08-16 10:12:48.672  8174  8678 I Cloud[13.2.0.303]Sync.OMConfigureUtil: isMatchTwinAppControl twinAppControl is empty
08-16 10:12:48.672  1046  1070 D AwareLog: iawared: WorkingsetStart com.example.dogglers/androidx.test.core.app.InstrumentationActivityInvoker$EmptyActivity in monitor0
08-16 10:12:48.672  8174  8678 I Cloud[13.2.0.303]Sync.CloudBackupConfigOperator: appBackupSwitchRecommend 15 status 1 OPEN
08-16 10:12:48.672  8174  8678 I Cloud[13.2.0.303]Sync.CloudBackupAppDataUtil: 5g cloud package user
08-16 10:12:48.674  2661  3353 I Hicom_Monitor: handleNetworkQoeReport. foregroundAppTcpRtt: 0, maxRatioChannelId: 0
08-16 10:12:48.674  2661  3353 I Hicom_Monitor: handleNetworkQoeReport. qoeString: 10431,4,0,425,1,0,4,0,398,7958,19895,10,0,0,0,0,0
08-16 10:12:48.674  2661  3071 D DollieActivityManagerAdapter: [Paused] pid:7774 uid:10431 ComponentInfo{com.example.dogglers/androidx.test.core.app.InstrumentationActivityInvoker$EmptyActivity} uidState:2
08-16 10:12:48.675  7774  7774 D LifecycleMonitor: Lifecycle status change: androidx.test.core.app.InstrumentationActivityInvoker$EmptyActivity@db9f4d7 in: PRE_ON_CREATE
08-16 10:12:48.675  8174  8678 I Cloud[13.2.0.303]Sync.GetOptionsInfoFromCloneTask: appId: com.facebook.orca match om config, backup app data.
08-16 10:12:48.675  7774  7774 V ActivityScenario: Activity lifecycle changed event received but ignored because the intent does not match. startActivityIntent=Intent { act=android.intent.action.MAIN cat=[android.intent.category.LAUNCHER] cmp=com.example.dogglers/.HorizontalListActivity }, activity.getIntent()=Intent { act=android.intent.action.MAIN cat=[android.intent.category.LAUNCHER] flg=0x10000000 cmp=com.example.dogglers/androidx.test.core.app.InstrumentationActivityInvoker$EmptyActivity }, activity=androidx.test.core.app.InstrumentationActivityInvoker$EmptyActivity@db9f4d7
08-16 10:12:48.677  8174  8678 I Cloud[13.2.0.303]Sync.GetOptionsInfoFromCloneTask: getThirdAppOptionsInfo{"appId":"com.facebook.orca","appName":"Messenger","appType":0,"backupData":true,"backupSwitch":false,"codeBytes":0,"data1":"","data2":"0","data3":"0","data4":"314002755","data5":"","data6":"","dataBytes":139389881,"increase1":139389881,"increase2":139389881,"isDataEnable":2,"isDisable":false,"itemTotal":0,"operateTime":0,"operateType":0,"parent":"thirdAppData","showType":0,"switchCount":0,"uid":0,"appApkSize":0,"appDataSize":0,"appSwitch":false,"isOmConfigAble":false}
08-16 10:12:48.678  3386  7832 I HiAdKit.DC.PageSwitchEvent:  switch is off
08-16 10:12:48.678  3386  7832 I HiAdKit.DC.PaymentPageSwitchEvent:  switch is off
08-16 10:12:48.678  3386  7832 I HiAdKit.DC.LiteAppPageSwitchEvent:  switch is off
08-16 10:12:48.680  7774  7774 I DecorView[]: pkgName:com.example.dogglers old windowMode:0 new windoMode:1, isFixedSize:false
08-16 10:12:48.682  7774  7774 D LifecycleMonitor: Lifecycle status change: androidx.test.core.app.InstrumentationActivityInvoker$EmptyActivity@db9f4d7 in: CREATED
08-16 10:12:48.682  7774  7774 V ActivityScenario: Activity lifecycle changed event received but ignored because the intent does not match. startActivityIntent=Intent { act=android.intent.action.MAIN cat=[android.intent.category.LAUNCHER] cmp=com.example.dogglers/.HorizontalListActivity }, activity.getIntent()=Intent { act=android.intent.action.MAIN cat=[android.intent.category.LAUNCHER] flg=0x10000000 cmp=com.example.dogglers/androidx.test.core.app.InstrumentationActivityInvoker$EmptyActivity }, activity=androidx.test.core.app.InstrumentationActivityInvoker$EmptyActivity@db9f4d7
08-16 10:12:48.683  7774  7774 D LifecycleMonitor: Lifecycle status change: androidx.test.core.app.InstrumentationActivityInvoker$EmptyActivity@db9f4d7 in: STARTED
08-16 10:12:48.683  7774  7774 V ActivityScenario: Activity lifecycle changed event received but ignored because the intent does not match. startActivityIntent=Intent { act=android.intent.action.MAIN cat=[android.intent.category.LAUNCHER] cmp=com.example.dogglers/.HorizontalListActivity }, activity.getIntent()=Intent { act=android.intent.action.MAIN cat=[android.intent.category.LAUNCHER] flg=0x10000000 cmp=com.example.dogglers/androidx.test.core.app.InstrumentationActivityInvoker$EmptyActivity }, activity=androidx.test.core.app.InstrumentationActivityInvoker$EmptyActivity@db9f4d7
08-16 10:12:48.684  7774  7774 D LifecycleMonitor: Lifecycle status change: androidx.test.core.app.InstrumentationActivityInvoker$EmptyActivity@db9f4d7 in: RESUMED
08-16 10:12:48.684  7774  7774 V ActivityScenario: Activity lifecycle changed event received but ignored because the intent does not match. startActivityIntent=Intent { act=android.intent.action.MAIN cat=[android.intent.category.LAUNCHER] cmp=com.example.dogglers/.HorizontalListActivity }, activity.getIntent()=Intent { act=android.intent.action.MAIN cat=[android.intent.category.LAUNCHER] flg=0x10000000 cmp=com.example.dogglers/androidx.test.core.app.InstrumentationActivityInvoker$EmptyActivity }, activity=androidx.test.core.app.InstrumentationActivityInvoker$EmptyActivity@db9f4d7
08-16 10:12:48.685  7774  7774 D MouseWheelSynthesizer: mMoveStepInDp: 64, mMoveStepInPixel: 192, mUpTimeDelayed: 100
08-16 10:12:48.685  7774  7774 D ViewRootImpl: ViewRootImpl mIsInProductivePCDisplay: false
08-16 10:12:48.685  1636  1963 I HwPCUtils#HwRioViewManager: check if rio enable, displayId = 0， packageName = com.example.dogglers
08-16 10:12:48.688  1636 15277 D InputDispatcher: Window handle WindowManager has no registered input channel
08-16 10:12:48.688  7774  7774 D InputEventReceiver: dispatchInputInterval 1000000
08-16 10:12:48.689  8174  8678 I Cloud[13.2.0.303]Base.FileHelper: getICSStoragePath locationSdcard = null ,locationPcard = /storage/emulated/0 ,uDiskStoragePath = null, appClonePath = null
08-16 10:12:48.689  8174  8678 I Cloud[13.2.0.303]Sync.CloudBackupAppDataUtil: begin init appDataUtil appId = com.playrix.homescapes
08-16 10:12:48.690  7774  7774 E RtgSchedManager: endActivityTransaction: margin state not match
08-16 10:12:48.691  7774  7774 E RtgSchedManager: endActivityTransaction: margin state not match
08-16 10:12:48.691  2661  3071 D DollieActivityManagerAdapter: [Resumed] bg:false pid:7774 uid:10431 ComponentInfo{com.example.dogglers/androidx.test.core.app.InstrumentationActivityInvoker$EmptyActivity}
08-16 10:12:48.691  2661  3071 E DollieAdapterService: notifyActivityState pkg:com.example.dogglers/androidx.test.core.app.InstrumentationActivityInvoker$EmptyActivity state:2 fg:true mUid:10431
08-16 10:12:48.691  2661  3071 I OllieMsgCenter: publishEvt=2130771985
08-16 10:12:48.691  2661 29501 I Hicom_Monitor: mActivityNotifierEx, className = androidx.test.core.app.InstrumentationActivityInvoker$EmptyActivity, uid = 10431
08-16 10:12:48.692  7774  7774 D LifecycleMonitor: Lifecycle status change: com.example.dogglers.HorizontalListActivity@ddc705a in: STOPPED
08-16 10:12:48.692  7774  7774 V ActivityScenario: Update currentActivityStage to STOPPED, currentActivity=com.example.dogglers.HorizontalListActivity@ddc705a
08-16 10:12:48.692  6225  9809 I CAWARENESS_AppUsageManager: Repeat info, don't need publish
08-16 10:12:48.692  2315  2315 E FullInputEventModel: onStartInput event aborted: fk.c0: could not obtain extracted text (class fk.c0)
08-16 10:12:48.692  3386  7833 I HiAdKit.DC.PageSwitchEvent:  switch is off
08-16 10:12:48.692  3386  7833 I HiAdKit.DC.PaymentPageSwitchEvent:  switch is off
08-16 10:12:48.692  3386  7833 I HiAdKit.DC.LiteAppPageSwitchEvent:  switch is off
08-16 10:12:48.693  7774  7774 D LifecycleMonitor: Lifecycle status change: com.example.dogglers.HorizontalListActivity@ddc705a in: DESTROYED
08-16 10:12:48.693  7774  7774 V ActivityScenario: Update currentActivityStage to DESTROYED, currentActivity=null
08-16 10:12:48.693  2580 23377 I OPCollectLog: AppChangeImpl:call onAppChange.
08-16 10:12:48.693  2580  6962 I OPCollectLog: HwForegroundAppAction:handleMessage
08-16 10:12:48.693  2580  6962 D OPCollectLog: HwForegroundAppAction:FG executeWithArgs
08-16 10:12:48.693  2580  6962 I OPCollectLog: OPCollectUtils:ODMF Api Version:2.16.3
08-16 10:12:48.694  2580  6962 I OPCollectLog: Action:HwForegroundAppAction executed successfully
08-16 10:12:48.694  2580  6962 D OPCollectLog: OdmfCollectScheduler:handleMessage msg: 4
08-16 10:12:48.694  2580  6962 I OPCollectLog: OdmfHelper:opcollectCache 1
08-16 10:12:48.694  2580  6962 I OPCollectLog: OdmfHelper:opcollectCache curTime: 574942788, interval: 59
08-16 10:12:48.694  8174  8678 I Cloud[13.2.0.303]Sync.CloudBackupAppDataUtil: initAppFileInfo
08-16 10:12:48.694  2580  6962 I OPCollectLog: OdmfHelper:isCharging: true
08-16 10:12:48.695  8174  8678 I Cloud[13.2.0.303]Sync.CloudBackupAppDataUtil: match appInfo by emui
08-16 10:12:48.695  2580  6962 I OPCollectLog: OdmfHelper:insert database success
08-16 10:12:48.695  2580  6962 I OPCollectLog: OdmfHelper:opcollectCache size: 1
08-16 10:12:48.695  2580  6962 I OPCollectLog: OdmfHelper:opcollectCache lastTime: 574942790
08-16 10:12:48.696  8174  8678 I Cloud[13.2.0.303]Sync.CloudBackupAppDataUtil: initDefaultFileInfoList
08-16 10:12:48.697  8174  8678 I Cloud[13.2.0.303]Sync.CloudBackupAppDataUtil: end init appDataUtil
08-16 10:12:48.697  8174  8678 I Cloud[13.2.0.303]Sync.CloudBackupAppDataUtil: appId: com.playrix.homescapes, isAppDataAble: false
08-16 10:12:48.698  7774  7774 E RtgSchedManager: endActivityTransaction: margin state not match
08-16 10:12:48.698  7774  7774 D DecorView: showOrHideHighlightView: hasFocus=false; winMode=1; isMrgNull=true
08-16 10:12:48.700  8174  8678 I Cloud[13.2.0.303]Sync.GetOptionsInfoFromCloneTask: appId: com.playrix.homescapes match om config, backup app data.
08-16 10:12:48.701  8174  8678 I Cloud[13.2.0.303]Sync.GetOptionsInfoFromCloneTask: getThirdAppOptionsInfo{"appId":"com.playrix.homescapes","appName":"Homescapes","appType":0,"backupData":true,"backupSwitch":false,"codeBytes":0,"data1":"","data2":"","data3":"","data4":"10006306","data5":"","data6":"","dataBytes":0,"increase1":0,"increase2":0,"isDataEnable":0,"isDisable":false,"itemTotal":0,"operateTime":0,"operateType":0,"parent":"thirdApp","showType":0,"switchCount":0,"uid":0,"appApkSize":0,"appDataSize":0,"appSwitch":false,"isOmConfigAble":false}
08-16 10:12:48.702  7774  9845 D HiTouch_PressGestureDetector: onAttached, package=com.example.dogglers, windowType=1, mIsHiTouchRestricted=false
08-16 10:12:48.704  1636  1963 D ZrHung.AppEyeFocusWindow: FocusWindowErrorScene cancelCheckFreezeScreen
08-16 10:12:48.704  1636  1963 D ZrHung.AppEyeTransparentWindow: TransparentWindow mHungConfigStatus = 0,mHungConfigEnable = 1
08-16 10:12:48.705  1636 15277 D InputDispatcher: Window handle WindowManager has no registered input channel
08-16 10:12:48.706  7774  7850 D mali_winsys: EGLint new_window_surface(egl_winsys_display *, void *, EGLSurface, EGLConfig, egl_winsys_surface **, EGLBoolean) returns 0x3000
08-16 10:12:48.711  8174  8678 I Cloud[13.2.0.303]Base.FileHelper: getICSStoragePath locationSdcard = null ,locationPcard = /storage/emulated/0 ,uDiskStoragePath = null, appClonePath = null
08-16 10:12:48.711  8174  8678 I Cloud[13.2.0.303]Sync.CloudBackupAppDataUtil: begin init appDataUtil appId = com.nexelon.fishinglife
08-16 10:12:48.716  8174  8678 I Cloud[13.2.0.303]Sync.CloudBackupAppDataUtil: initAppFileInfo
08-16 10:12:48.716  8174  8678 I Cloud[13.2.0.303]Sync.CloudBackupAppDataUtil: match appInfo by emui
08-16 10:12:48.718  8174  8678 I Cloud[13.2.0.303]Sync.CloudBackupAppDataUtil: initDefaultFileInfoList
08-16 10:12:48.718  8174  8678 I Cloud[13.2.0.303]Sync.CloudBackupAppDataUtil: end init appDataUtil
08-16 10:12:48.718  8174  8678 I Cloud[13.2.0.303]Sync.CloudBackupAppDataUtil: appId: com.nexelon.fishinglife, isAppDataAble: false
08-16 10:12:48.719  7774  7774 D DecorView: showOrHideHighlightView: hasFocus=true; winMode=1; isMrgNull=true
08-16 10:12:48.719  7774  7774 W InputMethodManager: startInputReason = 1
08-16 10:12:48.719  7774  7774 W HwRemoteInputMethodManager: isCasting false because IHwDistributedWindowManager is invalid.
08-16 10:12:48.722  8174  8678 I Cloud[13.2.0.303]Sync.GetOptionsInfoFromCloneTask: appId: com.nexelon.fishinglife match om config, backup app data.
08-16 10:12:48.723  1636 15277 D InputDispatcher: Window handle WindowManager has no registered input channel
08-16 10:12:48.723  8174  8678 I Cloud[13.2.0.303]Sync.GetOptionsInfoFromCloneTask: getThirdAppOptionsInfo{"appId":"com.nexelon.fishinglife","appName":"FishingLife","appType":0,"backupData":true,"backupSwitch":false,"codeBytes":0,"data1":"","data2":"","data3":"","data4":"196","data5":"","data6":"","dataBytes":0,"increase1":0,"increase2":0,"isDataEnable":0,"isDisable":false,"itemTotal":0,"operateTime":0,"operateType":0,"parent":"thirdApp","showType":0,"switchCount":0,"uid":0,"appApkSize":0,"appDataSize":0,"appSwitch":false,"isOmConfigAble":false}
08-16 10:12:48.725   757  1624 W BufferQueueProducer: [com.example.dogglers/androidx.test.core.app.InstrumentationActivityInvoker$EmptyActivity#0]:1390: disconnect: not connected (req=1)
08-16 10:12:48.725  7774  7850 W libEGL  : EGLNativeWindowType 0x767badd3d0 disconnect failed
08-16 10:12:48.730  6225  9809 I CAWARENESS_AppUsageManager: onEvent, packageName=com.huawei.android.launcher, activityName=com.huawei.android.launcher.unihome.UniHomeLauncher
08-16 10:12:48.730  6225  9809 I CAWARENESS_AppUsageManager: fuse currently and delay publish
08-16 10:12:48.731  1636  1963 D ZrHung.AppEyeFocusWindow: FocusWindowErrorScene CheckFreezeScreen
08-16 10:12:48.731  1636  1963 D ZrHung.AppEyeTransparentWindow: TransparentWindow cancelCheckFreezeScreen
08-16 10:12:48.731  2730  9052 W HwLauncher: ExitAppAnimationManager getAnimationInfoMyself, mAnimationInfo = com.huawei.android.launcher.exitapp.ExitAppAnimationManager$AnimationInfo@b99a65a
08-16 10:12:48.731  2661  2756 I Hicom_Monitor: mAppSwitchNotifierEx. uid: 10065, foreground app: com.huawei.android.launcher, foreground activity: com.huawei.android.launcher.unihome.UniHomeLauncher
08-16 10:12:48.732  2661 29501 I AssistantService-11.2.1.200: registerHwActivityNotifier call fromPackage:com.example.dogglers, toPackage:com.huawei.android.launcher
08-16 10:12:48.732  2730  2730 W HwLauncher: RotationHelper hideAdjacentScreen, launcher is not transposed. RotationMode = com.huawei.android.launcher.graphics.RotationMode$1{293d90b surfaceRotation = 0.0,isTransposed = false}
08-16 10:12:48.732  2661  6711 D AssistantService-11.2.1.200: handleMessage app switch fromPackage:com.example.dogglers, toPackage:com.huawei.android.launcher
08-16 10:12:48.733  2690  3310 I ScenarioService: app focus change from: com.example.dogglers to:com.huawei.android.launcher
08-16 10:12:48.733  2690  3310 I ScenarioService: add focus on app:com.huawei.android.launcher to visiblePkgs
08-16 10:12:48.733  2661  3353 W Hicom_XEngineProc: handleForegroundAppChanged. Feature is not enable.
08-16 10:12:48.733  3386  7816 I HiAdKit.DC.PersistentMessageCenter:  notifyMessage com.huawei.hwid_app_switch_from_to_intent
08-16 10:12:48.733  2624 10575 I iconnect:BluetoothApi: adapter status 12
08-16 10:12:48.733  2624 10575 I iconnect:NearbyDeviceDetect: isPropEnable=true, isBluetoothEnabled=true, isScreenOn=true, isNotSpecialAppOnTop=true, scanCondition=0
08-16 10:12:48.734  2624 10575 I iconnect:DeviceStateMachineManager: report:NOT_SPECIAL_APP_ON_TOP device:D
08-16 10:12:48.734  2624 10575 I iconnect:DeviceStateMachineManager: Return exist stateMachine
08-16 10:12:48.734  8174  8678 I Cloud[13.2.0.303]Base.FileHelper: getICSStoragePath locationSdcard = null ,locationPcard = /storage/emulated/0 ,uDiskStoragePath = null, appClonePath = null
08-16 10:12:48.734  8174  8678 I Cloud[13.2.0.303]Sync.CloudBackupAppDataUtil: begin init appDataUtil appId = com.tapblaze.homecraft
08-16 10:12:48.735  7774  7774 E RtgSchedManager: endActivityTransaction: margin state not match
08-16 10:12:48.735  7774  7774 D LifecycleMonitor: Lifecycle status change: androidx.test.core.app.InstrumentationActivityInvoker$EmptyActivity@db9f4d7 in: PAUSED
08-16 10:12:48.736  7774  7774 V ActivityScenario: Activity lifecycle changed event received but ignored because the intent does not match. startActivityIntent=Intent { act=android.intent.action.MAIN cat=[android.intent.category.LAUNCHER] cmp=com.example.dogglers/.HorizontalListActivity }, activity.getIntent()=Intent { act=android.intent.action.MAIN cat=[android.intent.category.LAUNCHER] flg=0x10000000 cmp=com.example.dogglers/androidx.test.core.app.InstrumentationActivityInvoker$EmptyActivity }, activity=androidx.test.core.app.InstrumentationActivityInvoker$EmptyActivity@db9f4d7
08-16 10:12:48.739  8174  8678 I Cloud[13.2.0.303]Sync.CloudBackupAppDataUtil: initAppFileInfo
08-16 10:12:48.740  1636  3594 D InputDispatcher: Window handle WindowManager has no registered input channel
08-16 10:12:48.740  8174  8678 I Cloud[13.2.0.303]Sync.CloudBackupAppDataUtil: match appInfo by emui
08-16 10:12:48.740  2690  3310 D ScenarioService: front pkg : com.huawei.android.launcher launcher: true
08-16 10:12:48.740  2690  3310 I AppsUsage: scnOff:false FgAPP:com.huawei.android.launcher BgAPP:com.example.dogglers
08-16 10:12:48.741  8174  8678 I Cloud[13.2.0.303]Sync.CloudBackupAppDataUtil: initDefaultFileInfoList
08-16 10:12:48.741  2690  3438 I PG_ash  : front pkg : com.huawei.android.launcher
08-16 10:12:48.741  2690  3646 I PGServer: report state:10000 event type:2 pid:0 uid:0 pkg:com.example.dogglers to pid: 2690
08-16 10:12:48.741  2690  3646 I SceneReceiver: state type: 10000 eventType:2 pid:0 uid:0 pkg:com.example.dogglers
08-16 10:12:48.741  2690  3646 I PGServer: report state:10000 event type:2 pid:0 uid:0 pkg:com.example.dogglers to pid: 1636
08-16 10:12:48.741  2690  3646 I PGServer: report state:10010 event type:1 pid:0 uid:0 pkg:com.huawei.android.launcher to pid: 2690
08-16 10:12:48.741  2690  3646 I SceneReceiver: state type: 10010 eventType:1 pid:0 uid:0 pkg:com.huawei.android.launcher
08-16 10:12:48.742  2690  3646 I ApsAppsTypeHandler: APS: APK: ApsAppsTypeHandler.getInstance, sInstance = com.huawei.android.hwaps.o@92bda0
08-16 10:12:48.742  8174  8678 I Cloud[13.2.0.303]Sync.CloudBackupAppDataUtil: end init appDataUtil
08-16 10:12:48.742  8174  8678 I Cloud[13.2.0.303]Sync.CloudBackupAppDataUtil: appId: com.tapblaze.homecraft, isAppDataAble: false
08-16 10:12:48.742  7774  7774 E RtgSchedManager: endActivityTransaction: margin state not match
08-16 10:12:48.743  7774  7774 D DecorView: showOrHideHighlightView: hasFocus=false; winMode=1; isMrgNull=true
08-16 10:12:48.743  7774  7836 I TestRunner: finished: horizontal_scrolling(com.example.dogglers.HorizontalListTests)
