08-16 10:12:36.842  7774  7774 V ActivityScenario: Activity lifecycle changed event received but ignored because the intent does not match. startActivityIntent=Intent { act=android.intent.action.MAIN cat=[android.intent.category.LAUNCHER] cmp=com.example.dogglers/.MainActivity }, activity.getIntent()=Intent { act=android.intent.action.MAIN cat=[android.intent.category.LAUNCHER] flg=0x10000000 cmp=com.example.dogglers/androidx.test.core.app.InstrumentationActivityInvoker$EmptyActivity }, activity=androidx.test.core.app.InstrumentationActivityInvoker$EmptyActivity@cf7e6aa
08-16 10:12:36.843  2661  3071 D DollieActivityManagerAdapter: [Paused] pid:7774 uid:10431 ComponentInfo{com.example.dogglers/androidx.test.core.app.InstrumentationActivityInvoker$EmptyActivity} uidState:2
08-16 10:12:36.843  1636  2055 I HwWifiProServiceProxy: ctrlHwWifiNetwork pkgName: WIFIPRO_SERVICE interfaceId: 8
08-16 10:12:36.843  1636  2055 I QosMonitor: postEventFromNative: msg=100,arg1=0,arg2=10
08-16 10:12:36.843  1636  2055 I MQoS    : rtt=3040,tcpTxPkts=193861,tcpRxPkts=753764
08-16 10:12:36.844  1636 11047 I TrafficMonitor: getStatic,count:0,work status:false
08-16 10:12:36.845  1636 11047 I MQoS    : QOS_level:5(5),use RAT:4G;signalLvl:5
08-16 10:12:36.849  7774  7774 I DecorView[]: pkgName:com.example.dogglers old windowMode:0 new windoMode:1, isFixedSize:false
08-16 10:12:36.850  7774  7774 D LifecycleMonitor: Lifecycle status change: androidx.test.core.app.InstrumentationActivityInvoker$EmptyActivity@cf7e6aa in: CREATED
08-16 10:12:36.850  7774  7774 V ActivityScenario: Activity lifecycle changed event received but ignored because the intent does not match. startActivityIntent=Intent { act=android.intent.action.MAIN cat=[android.intent.category.LAUNCHER] cmp=com.example.dogglers/.MainActivity }, activity.getIntent()=Intent { act=android.intent.action.MAIN cat=[android.intent.category.LAUNCHER] flg=0x10000000 cmp=com.example.dogglers/androidx.test.core.app.InstrumentationActivityInvoker$EmptyActivity }, activity=androidx.test.core.app.InstrumentationActivityInvoker$EmptyActivity@cf7e6aa
08-16 10:12:36.851  7774  7774 D LifecycleMonitor: Lifecycle status change: androidx.test.core.app.InstrumentationActivityInvoker$EmptyActivity@cf7e6aa in: STARTED
08-16 10:12:36.851  7774  7774 V ActivityScenario: Activity lifecycle changed event received but ignored because the intent does not match. startActivityIntent=Intent { act=android.intent.action.MAIN cat=[android.intent.category.LAUNCHER] cmp=com.example.dogglers/.MainActivity }, activity.getIntent()=Intent { act=android.intent.action.MAIN cat=[android.intent.category.LAUNCHER] flg=0x10000000 cmp=com.example.dogglers/androidx.test.core.app.InstrumentationActivityInvoker$EmptyActivity }, activity=androidx.test.core.app.InstrumentationActivityInvoker$EmptyActivity@cf7e6aa
08-16 10:12:36.852  1636  2918 D InputDispatcher: Window handle WindowManager has no registered input channel
08-16 10:12:36.853  2661  3071 I DollieDcTracterAdapter: handleSendGetTcpSumToKernel enter
08-16 10:12:36.855  7774  7774 D LifecycleMonitor: Lifecycle status change: androidx.test.core.app.InstrumentationActivityInvoker$EmptyActivity@cf7e6aa in: RESUMED
08-16 10:12:36.856  7774  7774 V ActivityScenario: Activity lifecycle changed event received but ignored because the intent does not match. startActivityIntent=Intent { act=android.intent.action.MAIN cat=[android.intent.category.LAUNCHER] cmp=com.example.dogglers/.MainActivity }, activity.getIntent()=Intent { act=android.intent.action.MAIN cat=[android.intent.category.LAUNCHER] flg=0x10000000 cmp=com.example.dogglers/androidx.test.core.app.InstrumentationActivityInvoker$EmptyActivity }, activity=androidx.test.core.app.InstrumentationActivityInvoker$EmptyActivity@cf7e6aa
08-16 10:12:36.857  7774  7774 D MouseWheelSynthesizer: mMoveStepInDp: 64, mMoveStepInPixel: 192, mUpTimeDelayed: 100
08-16 10:12:36.858  7774  7774 D ViewRootImpl: ViewRootImpl mIsInProductivePCDisplay: false
08-16 10:12:36.858  2690  3310 I LocationDetection: need regisiter L_H_F
08-16 10:12:36.858  1636 15277 I HwPCUtils#HwRioViewManager: check if rio enable, displayId = 0， packageName = com.example.dogglers
08-16 10:12:36.860  6225  9809 I CAWARENESS_CompatibleBinder: registerLocationFence
08-16 10:12:36.862  7774  7774 D InputEventReceiver: dispatchInputInterval 1000000
08-16 10:12:36.863  6225  9809 I CAWARENESS_CompatibleBinder: registerLocationFence
08-16 10:12:36.863  6225  9809 W CAWARENESS_ThreadPool: thread pool FenceManager(1) is busy 1/2
08-16 10:12:36.865  2661 21890 I Hicom_Monitor: mActivityNotifierEx, className = androidx.test.core.app.InstrumentationActivityInvoker$EmptyActivity, uid = 10431
08-16 10:12:36.865  2661  3071 D DollieActivityManagerAdapter: [Resumed] bg:false pid:7774 uid:10431 ComponentInfo{com.example.dogglers/androidx.test.core.app.InstrumentationActivityInvoker$EmptyActivity}
08-16 10:12:36.865  2661  3071 E DollieAdapterService: notifyActivityState pkg:com.example.dogglers/androidx.test.core.app.InstrumentationActivityInvoker$EmptyActivity state:2 fg:true mUid:10431
08-16 10:12:36.865  2661  3071 I OllieMsgCenter: publishEvt=2130771985
08-16 10:12:36.867  3386  7816 I HiAdKit.DC.PageSwitchEvent:  switch is off
08-16 10:12:36.867   665   665 D Zygote  : Forked child process 8360
08-16 10:12:36.867  3386  7816 I HiAdKit.DC.PaymentPageSwitchEvent:  switch is off
08-16 10:12:36.867  3386  7816 I HiAdKit.DC.LiteAppPageSwitchEvent:  switch is off
08-16 10:12:36.869  1636  2813 D InputDispatcher: Window handle WindowManager has no registered input channel
08-16 10:12:36.868  6225  9809 I CAWARENESS_CompatibleBinder: registerLocationFence
08-16 10:12:36.870  6225 12674 I CAWARENESS_AppUsageManager: Repeat info, don't need publish
08-16 10:12:36.870  6225  8359 I CAWARENESS_FenceManager: addDataId name = null
08-16 10:12:36.870  6225  8359 I CAWARENESS_FenceManager: addDataId dataId = 0
08-16 10:12:36.870  6225  8359 I CAWARENESS_ManagedFenceFactory: AwarenessFence parsing to Optional.empty
08-16 10:12:36.870  6225  8359 I CAWARENESS_FenceManager: onResult, onResultListener=com.huawei.hiai.awareness.opencapacity.fence.FenceManager$3@ce5131, code=0
08-16 10:12:36.870  6225  8359 I CAWARENESS_CacheReportDataService: insertData
08-16 10:12:36.870  6225  9809 W CAWARENESS_ThreadPool: thread pool FenceManager(1) is busy 2/3
08-16 10:12:36.871  6225  9809 I CAWARENESS_CompatibleBinder: registerLocationFence
08-16 10:12:36.871  6225  9809 W CAWARENESS_ThreadPool: thread pool FenceManager(1) is busy 3/4
08-16 10:12:36.873  2690  4743 I LocationDetection: leaveHomeFence: RequestResult{6, 2, 3, null, 0, 0, 100, com.huawei.powergenie_1:1;6,2,3, 1, null, 4, 200007, error_unknown}
08-16 10:12:36.873  6225  8368 I CAWARENESS_FenceManager: addDataId name = null
08-16 10:12:36.873  6225  8368 I CAWARENESS_FenceManager: addDataId dataId = 0
08-16 10:12:36.873  6225  8368 I CAWARENESS_ManagedFenceFactory: AwarenessFence parsing to Optional.empty
08-16 10:12:36.873  6225  8368 I CAWARENESS_FenceManager: onResult, onResultListener=com.huawei.hiai.awareness.opencapacity.fence.FenceManager$3@1708b84, code=0
08-16 10:12:36.873  6225  8368 I CAWARENESS_CacheReportDataService: insertData
08-16 10:12:36.873  6225  8368 W CAWARENESS_ThreadPool: thread pool CacheReportDataService(1) is busy 1/2
08-16 10:12:36.873  2690  4743 I LocationDetection: arriveHomeFence: RequestResult{6, 1, 3, null, 0, 0, 100, com.huawei.powergenie_1:1;6,1,3, 1, null, 4, 200007, error_unknown}
08-16 10:12:36.875  7774  8366 D HiTouch_PressGestureDetector: onAttached, package=com.example.dogglers, windowType=1, mIsHiTouchRestricted=false
08-16 10:12:36.875  6225  8369 I CAWARENESS_FenceManager: addDataId name = null
08-16 10:12:36.875  6225  8369 I CAWARENESS_FenceManager: addDataId dataId = 0
08-16 10:12:36.875  6225  8369 I CAWARENESS_ManagedFenceFactory: AwarenessFence parsing to Optional.empty
08-16 10:12:36.875  6225  8369 I CAWARENESS_FenceManager: onResult, onResultListener=com.huawei.hiai.awareness.opencapacity.fence.FenceManager$3@7ab7a2, code=0
08-16 10:12:36.875  6225  8369 I CAWARENESS_CacheReportDataService: insertData
08-16 10:12:36.875  6225  8369 W CAWARENESS_ThreadPool: thread pool CacheReportDataService(1) is busy 2/3
08-16 10:12:36.875  2690  4743 I LocationDetection: leaveCompanyFence: RequestResult{6, 8, 3, null, 0, 0, 100, com.huawei.powergenie_1:1;6,8,3, 1, null, 4, 200007, error_unknown}
08-16 10:12:36.876  6225  7894 I CAWARENESS_FenceManager: addDataId name = null
08-16 10:12:36.876  6225  7894 I CAWARENESS_FenceManager: addDataId dataId = 0
08-16 10:12:36.876  6225  7894 I CAWARENESS_ManagedFenceFactory: AwarenessFence parsing to Optional.empty
08-16 10:12:36.876  6225  7894 I CAWARENESS_FenceManager: onResult, onResultListener=com.huawei.hiai.awareness.opencapacity.fence.FenceManager$3@17fbc33, code=0
08-16 10:12:36.876  6225  7894 I CAWARENESS_CacheReportDataService: insertData
08-16 10:12:36.876  6225  7894 W CAWARENESS_ThreadPool: thread pool CacheReportDataService(1) is busy 3/4
08-16 10:12:36.876  1636  2918 D ZrHung.AppEyeFocusWindow: FocusWindowErrorScene cancelCheckFreezeScreen
08-16 10:12:36.876  1636  2918 D ZrHung.AppEyeTransparentWindow: TransparentWindow mHungConfigStatus = 0,mHungConfigEnable = 1
08-16 10:12:36.878  7774  7850 D mali_winsys: EGLint new_window_surface(egl_winsys_display *, void *, EGLSurface, EGLConfig, egl_winsys_surface **, EGLBoolean) returns 0x3000
08-16 10:12:36.881  2690  4743 I LocationDetection: arriveCompanyFence: RequestResult{6, 4, 3, null, 0, 0, 100, com.huawei.powergenie_1:1;6,4,3, 1, null, 4, 200007, error_unknown}
08-16 10:12:36.882  6225  8367 I CAWARENESS_AwarenessSQLiteDatabase: insert recId is 13557760
08-16 10:12:36.883  6225  8367 I CAWARENESS_CacheReportDataService: Current count 137
08-16 10:12:36.883  2580 23377 I OPCollectLog: AppChangeImpl:call onAppChange.
08-16 10:12:36.884  2580  6962 I OPCollectLog: HwForegroundAppAction:handleMessage
08-16 10:12:36.884  2580  6962 D OPCollectLog: HwForegroundAppAction:FG executeWithArgs
08-16 10:12:36.884  2580  6962 I OPCollectLog: OPCollectUtils:ODMF Api Version:2.16.3
08-16 10:12:36.884  2580  6962 I OPCollectLog: Action:HwForegroundAppAction executed successfully
08-16 10:12:36.884  2580  6962 D OPCollectLog: OdmfCollectScheduler:handleMessage msg: 4
08-16 10:12:36.884  2580  6962 I OPCollectLog: OdmfHelper:opcollectCache 1
08-16 10:12:36.884  2580  6962 I OPCollectLog: OdmfHelper:opcollectCache curTime: 574930979, interval: 123
08-16 10:12:36.886  1636  2649 D InputDispatcher: Window handle WindowManager has no registered input channel
08-16 10:12:36.889  6225  8367 I CAWARENESS_AwarenessSQLiteDatabase: insert recId is 13557761
08-16 10:12:36.890  6225  8367 I CAWARENESS_CacheReportDataService: Current count 138
08-16 10:12:36.895  8360  8360 E awei.android.d: LoadAppImageStartupCache enabled : 1
08-16 10:12:36.896  8360  8360 I awei.android.d: Reinit property: dalvik.vm.checkjni= false
08-16 10:12:36.896  8360  8360 I awei.android.d: ReInitProperties: persist.vm.debug.dumpapi= false
08-16 10:12:36.897  6225  8367 I CAWARENESS_AwarenessSQLiteDatabase: insert recId is 13557762
08-16 10:12:36.897  6225  8367 I CAWARENESS_CacheReportDataService: Current count 139
08-16 10:12:36.898  6225  8367 I CAWARENESS_AwarenessSQLiteDatabase: insert recId is 13557763
08-16 10:12:36.898  6225  8367 I CAWARENESS_CacheReportDataService: Current count 140
08-16 10:12:36.901  8360  8360 E awei.android.d: Not starting debugger since process cannot load the jdwp agent.
08-16 10:12:36.902  1636  2813 D InputDispatcher: Window handle WindowManager has no registered input channel
08-16 10:12:36.910  8057  8267 I ConnectivityManager: requestNetwork and the calling app is: com.google.android.youtube
08-16 10:12:36.917  2580  6962 I OPCollectLog: OdmfHelper:isCharging: true
08-16 10:12:36.918  1636 15277 D InputDispatcher: Window handle WindowManager has no registered input channel
08-16 10:12:36.920  2713  2713 D PhoneSwitcherNetworkRequstListener: got request NetworkRequest [ TRACK_DEFAULT id=8177, [ Capabilities: INTERNET&NOT_RESTRICTED&TRUSTED Uid: 10104 DNN:  SSCMODE: 0 SNSSAI:  PduSessionType: 0 RouteBitmap: 0] ] with score 50 and serial 4
08-16 10:12:36.920  2713  2713 D PhoneSwitcherNetworkRequstListener: got request NetworkRequest [ TRACK_DEFAULT id=8177, [ Capabilities: INTERNET&NOT_RESTRICTED&TRUSTED Uid: 10104 DNN:  SSCMODE: 0 SNSSAI:  PduSessionType: 0 RouteBitmap: 0] ] with score 50 and serial 4
08-16 10:12:36.920  2713  2713 D VoWifiFactory: got request NetworkRequest [ TRACK_DEFAULT id=8177, [ Capabilities: INTERNET&NOT_RESTRICTED&TRUSTED Uid: 10104 DNN:  SSCMODE: 0 SNSSAI:  PduSessionType: 0 RouteBitmap: 0] ] with score 50 and serial 4
08-16 10:12:36.920  1636  1648 I system_server: Background young concurrent copying GC freed 417025(21MB) AllocSpace objects, 31(1404KB) LOS objects, 19% free, 87MB/108MB, paused 1.472ms total 150.695ms
08-16 10:12:36.921   757  1624 W BufferQueueProducer: [com.example.dogglers/androidx.test.core.app.InstrumentationActivityInvoker$EmptyActivity#0]:1390: disconnect: not connected (req=1)
08-16 10:12:36.921  7774  7850 W libEGL  : EGLNativeWindowType 0x76e4c263d0 disconnect failed
08-16 10:12:36.921  1636  2147 D Ethernet: got request NetworkRequest [ TRACK_DEFAULT id=8177, [ Capabilities: INTERNET&NOT_RESTRICTED&TRUSTED Uid: 10104 DNN:  SSCMODE: 0 SNSSAI:  PduSessionType: 0 RouteBitmap: 0] ] with score 50 and serial 4
08-16 10:12:36.921  1636  2056 D WifiNetworkFactory: got request NetworkRequest [ TRACK_DEFAULT id=8177, [ Capabilities: INTERNET&NOT_RESTRICTED&TRUSTED Uid: 10104 DNN:  SSCMODE: 0 SNSSAI:  PduSessionType: 0 RouteBitmap: 0] ] with score 50 and serial 4
08-16 10:12:36.921  1636  2056 D UntrustedWifiNetworkFactory: got request NetworkRequest [ TRACK_DEFAULT id=8177, [ Capabilities: INTERNET&NOT_RESTRICTED&TRUSTED Uid: 10104 DNN:  SSCMODE: 0 SNSSAI:  PduSessionType: 0 RouteBitmap: 0] ] with score 50 and serial 4
08-16 10:12:36.923  2580  6962 I OPCollectLog: OdmfHelper:insert database success
08-16 10:12:36.923  2580  6962 I OPCollectLog: OdmfHelper:opcollectCache size: 1
08-16 10:12:36.923  2580  6962 I OPCollectLog: OdmfHelper:opcollectCache lastTime: 574931018
08-16 10:12:36.927  7774  7774 D LifecycleMonitor: Lifecycle status change: androidx.test.core.app.InstrumentationActivityInvoker$EmptyActivity@7a8c8ab in: STOPPED
08-16 10:12:36.927  7774  7774 V ActivityScenario: Activity lifecycle changed event received but ignored because the intent does not match. startActivityIntent=Intent { act=android.intent.action.MAIN cat=[android.intent.category.LAUNCHER] cmp=com.example.dogglers/.MainActivity }, activity.getIntent()=Intent { act=android.intent.action.MAIN cat=[android.intent.category.LAUNCHER] flg=0x10000000 cmp=com.example.dogglers/androidx.test.core.app.InstrumentationActivityInvoker$EmptyActivity }, activity=androidx.test.core.app.InstrumentationActivityInvoker$EmptyActivity@7a8c8ab
08-16 10:12:36.929  7774  7774 D LifecycleMonitor: Lifecycle status change: com.example.dogglers.VerticalListActivity@ab68959 in: STOPPED
08-16 10:12:36.929  2344  2344 D Zygote  : Forked child process 8390
08-16 10:12:36.929  7774  7774 V ActivityScenario: Activity lifecycle changed event received but ignored because the intent does not match. startActivityIntent=Intent { act=android.intent.action.MAIN cat=[android.intent.category.LAUNCHER] cmp=com.example.dogglers/.MainActivity }, activity.getIntent()=Intent { cmp=com.example.dogglers/.VerticalListActivity }, activity=com.example.dogglers.VerticalListActivity@ab68959
08-16 10:12:36.930  7774  7774 D DecorView: showOrHideHighlightView: hasFocus=true; winMode=1; isMrgNull=true
08-16 10:12:36.930  7774  7774 W InputMethodManager: startInputReason = 1
08-16 10:12:36.930  7774  7774 W HwRemoteInputMethodManager: isCasting false because IHwDistributedWindowManager is invalid.
08-16 10:12:36.932  7774  7774 D DecorView: showOrHideHighlightView: hasFocus=false; winMode=1; isMrgNull=true
08-16 10:12:36.935  1636  2918 D InputDispatcher: Window handle WindowManager has no registered input channel
08-16 10:12:36.940  8360  8386 D HwFrameworkSecurityPartsFactory: HwFrameworkSecurityPartsFactory in.
08-16 10:12:36.940  8360  8386 I HwFrameworkSecurityPartsFactory: add HwFrameworkSecurityPartsFactory to memory.
08-16 10:12:36.942  8360  8360 D ApplicationLoaders: createClassLoader zip: /system/framework/org.apache.http.legacy.jar librarySearchPath: /data/app/com.huawei.hidisk-N-BeAadWhfDbE6xgzV3cDQ==/lib/arm64:/data/app/com.huawei.hidisk-N-BeAadWhfDbE6xgzV3cDQ==/base.apk!/lib/arm64-v8a:/system/lib64:/hw_product/lib64:/system/product/lib64:/prets/lib64 libraryPermittedPath: /data/user/0/com.huawei.hidisk:/data/app/com.huawei.hidisk-N-BeAadWhfDbE6xgzV3cDQ==:/system/lib64:/hw_product/lib64:/system/product/lib64:/prets/lib64 parent: java.lang.BootClassLoader@c9fb617 targetSdkVersion: 29 isBundled: true classLoaderName: null sharedLibraries: null
08-16 10:12:36.943  8360  8360 I awei.android.d: The ClassLoaderContext is a special shared library.
08-16 10:12:36.943   753 14063 D AudioPolicyService: getUidState(99616) !cacheIter->second.first, return PROCESS_STATE_UNKNOWN
08-16 10:12:36.943   753 14063 D AudioPolicyService: getUidState(99616) !cacheIter->second.first, return PROCESS_STATE_UNKNOWN
08-16 10:12:36.945  8360  8360 D ApplicationLoaders: createClassLoader zip: /data/app/com.huawei.hidisk-N-BeAadWhfDbE6xgzV3cDQ==/base.apk librarySearchPath: /data/app/com.huawei.hidisk-N-BeAadWhfDbE6xgzV3cDQ==/lib/arm64:/data/app/com.huawei.hidisk-N-BeAadWhfDbE6xgzV3cDQ==/base.apk!/lib/arm64-v8a:/system/lib64:/hw_product/lib64:/system/product/lib64:/prets/lib64 libraryPermittedPath: /data/user/0/com.huawei.hidisk:/data/app/com.huawei.hidisk-N-BeAadWhfDbE6xgzV3cDQ==:/system/lib64:/hw_product/lib64:/system/product/lib64:/prets/lib64 parent: java.lang.BootClassLoader@c9fb617 targetSdkVersion: 29 isBundled: true classLoaderName: null sharedLibraries: [dalvik.system.PathClassLoader[DexPathList[[zip file "/system/framework/org.apache.http.legacy.jar"],nativeLibraryDirectories=[/data/app/com.huawei.hidisk-N-BeAadWhfDbE6xgzV3cDQ==/lib/arm64, /data/app/com.huawei.hidisk-N-BeAadWhfDbE6xgzV3cDQ==/base.apk!/lib/arm64-v8a, /system/lib64, /hw_product/lib64, /system/product/lib64, /prets/lib64, /system/lib64, /hw_product/lib64, /system/product/lib64, /prets/lib64]]]]
08-16 10:12:36.948  7774  7774 D LifecycleMonitor: Lifecycle status change: androidx.test.core.app.InstrumentationActivityInvoker$EmptyActivity@7a8c8ab in: DESTROYED
08-16 10:12:36.949  7774  7774 V ActivityScenario: Activity lifecycle changed event received but ignored because the intent does not match. startActivityIntent=Intent { act=android.intent.action.MAIN cat=[android.intent.category.LAUNCHER] cmp=com.example.dogglers/.MainActivity }, activity.getIntent()=Intent { act=android.intent.action.MAIN cat=[android.intent.category.LAUNCHER] flg=0x10000000 cmp=com.example.dogglers/androidx.test.core.app.InstrumentationActivityInvoker$EmptyActivity }, activity=androidx.test.core.app.InstrumentationActivityInvoker$EmptyActivity@7a8c8ab
08-16 10:12:36.954  1636  2505 D ZrHung.AppEyeFocusWindow: FocusWindowErrorScene CheckFreezeScreen
08-16 10:12:36.954  1636  2505 D ZrHung.AppEyeTransparentWindow: TransparentWindow cancelCheckFreezeScreen
08-16 10:12:36.954  8360  8360 W awei.android.d: JIT profile information will not be recorded: profile file does not exits.
08-16 10:12:36.954  1636  2649 D InputDispatcher: Window handle WindowManager has no registered input channel
08-16 10:12:36.955  8057  8385 I ConnectivityManager: requestNetwork and the calling app is: com.google.android.youtube
08-16 10:12:36.955  7774  7774 D LifecycleMonitor: Lifecycle status change: androidx.test.core.app.InstrumentationActivityInvoker$EmptyActivity@cf7e6aa in: PAUSED
08-16 10:12:36.956  7774  7774 V ActivityScenario: Activity lifecycle changed event received but ignored because the intent does not match. startActivityIntent=Intent { act=android.intent.action.MAIN cat=[android.intent.category.LAUNCHER] cmp=com.example.dogglers/.MainActivity }, activity.getIntent()=Intent { act=android.intent.action.MAIN cat=[android.intent.category.LAUNCHER] flg=0x10000000 cmp=com.example.dogglers/androidx.test.core.app.InstrumentationActivityInvoker$EmptyActivity }, activity=androidx.test.core.app.InstrumentationActivityInvoker$EmptyActivity@cf7e6aa
08-16 10:12:36.958  8057  8265 V AudioManager: getStreamMaxVolume  treamType: 3
08-16 10:12:36.959  1033  8404 D keymaster_worker: Keystore begin
08-16 10:12:36.959  8390  8390 E ocessService0:: LoadAppImageStartupCache enabled : 1
08-16 10:12:36.959  1033  8404 D keymaster_worker: Keystore begin hidl
08-16 10:12:36.959   576   576 I HisiKeyMaster: HisiKmBegin start
08-16 10:12:36.959   576   576 I HisiKeyMaster: Disable the enhanced crypto!
08-16 10:12:36.960  8390  8390 I ocessService0:: Reinit property: dalvik.vm.checkjni= false
08-16 10:12:36.960  8390  8390 I ocessService0:: ReInitProperties: persist.vm.debug.dumpapi= false
08-16 10:12:36.962  8390  8390 E ocessService0:: Not starting debugger since process cannot load the jdwp agent.
08-16 10:12:36.963  8390  8390 I libc    : [hwfix]gms proc <com.google.android.webview:sandboxed_process0:org.chromium.content.app.SandboxedProcessService0:0>, getprop <ro.kernel.android.tracing>
08-16 10:12:36.963   576   576 I HisiKeyMaster: out_params_buffer_len = 32
08-16 10:12:36.963   576   576 I HisiKeyMaster: HisiKmBegin success
08-16 10:12:36.963  1033  8404 D keymaster_worker: Keystore begin hidl end
08-16 10:12:36.964  1033  8404 D keymaster_worker: Keystore begin end
08-16 10:12:36.964  1033  8416 D keymaster_worker: Keystore update
08-16 10:12:36.964  1033  8416 D keymaster_worker: Keystore update hidl
08-16 10:12:36.964   576   576 I HisiKeyMaster: HisiKmUpdate start
08-16 10:12:36.964   576   576 I HisiKeyMaster: Disable the enhanced crypto!
08-16 10:12:36.966  8390  8390 I libc    : [hwfix]gms proc <com.google.android.webview:sandboxed_process0:org.chromium.content.app.SandboxedProcessService0:0>, getprop <ro.config.hw_log>
08-16 10:12:36.966  8390  8390 I libc    : [hwfix]gms proc <com.google.android.webview:sandboxed_process0:org.chromium.content.app.SandboxedProcessService0:0>, getprop <ro.config.hw_module_log>
08-16 10:12:36.966  8390  8390 I libc    : [hwfix]gms proc <com.google.android.webview:sandboxed_process0:org.chromium.content.app.SandboxedProcessService0:0>, getprop <ro.debuggable>
08-16 10:12:36.967  8390  8390 I libc    : [hwfix]gms proc <com.google.android.webview:sandboxed_process0:org.chromium.content.app.SandboxedProcessService0:0>, getprop <ro.logsystem.usertype>
08-16 10:12:36.967   576   576 I HisiKeyMaster: HisiKmUpdate success
08-16 10:12:36.967  8390  8390 I libc    : [hwfix]gms proc <com.google.android.webview:sandboxed_process0:org.chromium.content.app.SandboxedProcessService0:0>, getprop <ro.config.jank_skipped_threshold>
08-16 10:12:36.967  1033  8416 D keymaster_worker: Keystore update hidl end
08-16 10:12:36.967  1033  8416 D keymaster_worker: Keystore update end
08-16 10:12:36.968  1636  2504 D InputDispatcher: Window handle WindowManager has no registered input channel
08-16 10:12:36.968  1033  8419 D keymaster_worker: Keystore update
08-16 10:12:36.968  1033  8419 D keymaster_worker: Keystore update hidl
08-16 10:12:36.968   576   576 I HisiKeyMaster: HisiKmUpdate start
08-16 10:12:36.968   576   576 I HisiKeyMaster: Disable the enhanced crypto!
08-16 10:12:36.969  8390  8390 I libc    : [hwfix]gms proc <com.google.android.webview:sandboxed_process0:org.chromium.content.app.SandboxedProcessService0:0>, getprop <ro.config.hw_getservice_stat>
08-16 10:12:36.971   576   576 I HisiKeyMaster: HisiKmUpdate success
08-16 10:12:36.971  1033  8419 D keymaster_worker: Keystore update hidl end
08-16 10:12:36.971  1033  8419 D keymaster_worker: Keystore update end
08-16 10:12:36.972  1033  8421 D keymaster_worker: Keystore finish
08-16 10:12:36.972  1033  8421 D keymaster_worker: Keystore finish hidl
08-16 10:12:36.972   576   576 I HisiKeyMaster: HisiKmFinish start
08-16 10:12:36.972   576   576 I HisiKeyMaster: Disable the enhanced crypto!
08-16 10:12:36.974   576   576 I HisiKeyMaster: output data size=16
08-16 10:12:36.974   576   576 I HisiKeyMaster: HisiKmFinish success
08-16 10:12:36.974  1033  8421 D keymaster_worker: Keystore finish hidl end
08-16 10:12:36.974  1033  8421 D keymaster_worker: Keystore finish end
08-16 10:12:36.978  1636  7252 I SecurityProfileDB: Write database file end
08-16 10:12:36.992  2713  2713 D PhoneSwitcherNetworkRequstListener: got request NetworkRequest [ TRACK_DEFAULT id=8178, [ Capabilities: INTERNET&NOT_RESTRICTED&TRUSTED Uid: 10104 DNN:  SSCMODE: 0 SNSSAI:  PduSessionType: 0 RouteBitmap: 0] ] with score 50 and serial 4
08-16 10:12:36.993  8360  8360 I awei.android.d: QarthPatchMonintor::Run
08-16 10:12:36.994  8360  8386 I HwApiCacheMangerEx: apicache path=/storage/emulated/0 state=mounted key=com.huawei.hidisk#5513#256
08-16 10:12:36.994  8360  8386 I HwApiCacheMangerEx: need clear apicache,because volumes changed,oldCnt=0 newCnt=1
08-16 10:12:36.995  8360  8386 I HwApiCacheMangerEx: apicache path=/storage/emulated/0 state=mounted key=com.huawei.hidisk#5513#0
08-16 10:12:36.995  8360  8386 I HwApiCacheMangerEx: need clear apicache,because volumes changed,oldCnt=1 newCnt=1
08-16 10:12:36.995  1636  2147 D Ethernet: got request NetworkRequest [ TRACK_DEFAULT id=8178, [ Capabilities: INTERNET&NOT_RESTRICTED&TRUSTED Uid: 10104 DNN:  SSCMODE: 0 SNSSAI:  PduSessionType: 0 RouteBitmap: 0] ] with score 50 and serial 4
08-16 10:12:36.995  2713  2713 D PhoneSwitcherNetworkRequstListener: got request NetworkRequest [ TRACK_DEFAULT id=8178, [ Capabilities: INTERNET&NOT_RESTRICTED&TRUSTED Uid: 10104 DNN:  SSCMODE: 0 SNSSAI:  PduSessionType: 0 RouteBitmap: 0] ] with score 50 and serial 4
08-16 10:12:36.996  8083  8214 I WideAperture: supportEdit: Begin
08-16 10:12:36.997  7774  7774 D LifecycleMonitor: Lifecycle status change: com.example.dogglers.VerticalListActivity@ab68959 in: RESTARTED
08-16 10:12:36.997  7774  7774 V ActivityScenario: Activity lifecycle changed event received but ignored because the intent does not match. startActivityIntent=Intent { act=android.intent.action.MAIN cat=[android.intent.category.LAUNCHER] cmp=com.example.dogglers/.MainActivity }, activity.getIntent()=Intent { cmp=com.example.dogglers/.VerticalListActivity }, activity=com.example.dogglers.VerticalListActivity@ab68959
08-16 10:12:36.997  2315  2315 E FullInputEventModel: onStartInput event aborted: fk.c0: could not obtain extracted text (class fk.c0)
08-16 10:12:36.997  1636  2056 D WifiNetworkFactory: got request NetworkRequest [ TRACK_DEFAULT id=8178, [ Capabilities: INTERNET&NOT_RESTRICTED&TRUSTED Uid: 10104 DNN:  SSCMODE: 0 SNSSAI:  PduSessionType: 0 RouteBitmap: 0] ] with score 50 and serial 4
08-16 10:12:36.997  1636  2056 D UntrustedWifiNetworkFactory: got request NetworkRequest [ TRACK_DEFAULT id=8178, [ Capabilities: INTERNET&NOT_RESTRICTED&TRUSTED Uid: 10104 DNN:  SSCMODE: 0 SNSSAI:  PduSessionType: 0 RouteBitmap: 0] ] with score 50 and serial 4
08-16 10:12:36.997  2661  3071 D DollieActivityManagerAdapter: [Paused] pid:7774 uid:10431 ComponentInfo{com.example.dogglers/androidx.test.core.app.InstrumentationActivityInvoker$EmptyActivity} uidState:2
08-16 10:12:36.998  7774  7774 D LifecycleMonitor: Lifecycle status change: com.example.dogglers.VerticalListActivity@ab68959 in: STARTED
08-16 10:12:36.998  7774  7774 V ActivityScenario: Activity lifecycle changed event received but ignored because the intent does not match. startActivityIntent=Intent { act=android.intent.action.MAIN cat=[android.intent.category.LAUNCHER] cmp=com.example.dogglers/.MainActivity }, activity.getIntent()=Intent { cmp=com.example.dogglers/.VerticalListActivity }, activity=com.example.dogglers.VerticalListActivity@ab68959
08-16 10:12:36.999  3386  7832 I HiAdKit.DC.PageSwitchEvent:  switch is off
08-16 10:12:36.999  3386  7832 I HiAdKit.DC.PaymentPageSwitchEvent:  switch is off
08-16 10:12:36.999  7774  7774 D LifecycleMonitor: Lifecycle status change: com.example.dogglers.VerticalListActivity@ab68959 in: RESUMED
08-16 10:12:36.999  3386  7832 I HiAdKit.DC.LiteAppPageSwitchEvent:  switch is off
08-16 10:12:36.999  7774  7774 V ActivityScenario: Activity lifecycle changed event received but ignored because the intent does not match. startActivityIntent=Intent { act=android.intent.action.MAIN cat=[android.intent.category.LAUNCHER] cmp=com.example.dogglers/.MainActivity }, activity.getIntent()=Intent { cmp=com.example.dogglers/.VerticalListActivity }, activity=com.example.dogglers.VerticalListActivity@ab68959
08-16 10:12:36.999  8083  8214 I WideAperture: begin to obtain resurce services
08-16 10:12:37.001  2661 30856 I Hicom_Monitor: mActivityNotifierEx, className = com.example.dogglers.VerticalListActivity, uid = 10431
08-16 10:12:37.002  2661  3071 D DollieActivityManagerAdapter: [Resumed] bg:false pid:7774 uid:10431 ComponentInfo{com.example.dogglers/com.example.dogglers.VerticalListActivity}
08-16 10:12:37.002  2661  3071 E DollieAdapterService: notifyActivityState pkg:com.example.dogglers/com.example.dogglers.VerticalListActivity state:2 fg:true mUid:10431
08-16 10:12:37.002  2661  3071 I OllieMsgCenter: publishEvt=2130771985
08-16 10:12:37.002  1636  1963 D InputDispatcher: Window handle WindowManager has no registered input channel
08-16 10:12:37.003 26651  7269 I HiAdKit.Response:  setNetDuration1 494
08-16 10:12:37.003 26651  7269 I HiAdKit.Response:  setNetDuration2 494
08-16 10:12:37.003 26651  7269 I HiAdKit.Response:  setDataConverterCost 0
08-16 10:12:37.003 26651  8235 W HiAdKit.bo:  Root obj class (class java.lang.String) is invalid in conversion
08-16 10:12:37.003 26651  8235 W HiAdKit.bo:  toAnonymousJson JSONException
08-16 10:12:37.003 26651  8235 I HiAdKit.HiAdResponseDataLogger:  upper thread name: PPS-Net-pool-thread-255 response data:
08-16 10:12:37.004 26651  7269 I HiAdKit.OkHttpCaller:  end request
08-16 10:12:37.005 26651  7269 I HiAdKit.HttpCall:  response http code: 200
08-16 10:12:37.006  2713  2713 D VoWifiFactory: got request NetworkRequest [ TRACK_DEFAULT id=8178, [ Capabilities: INTERNET&NOT_RESTRICTED&TRUSTED Uid: 10104 DNN:  SSCMODE: 0 SNSSAI:  PduSessionType: 0 RouteBitmap: 0] ] with score 50 and serial 4
08-16 10:12:37.006  8360  8360 I Cloud[13.2.0.303]Sync.MainApplication: attachBaseContext
08-16 10:12:37.007  1636  2918 D ZrHung.AppEyeFocusWindow: FocusWindowErrorScene cancelCheckFreezeScreen
08-16 10:12:37.007  1636  1660 D HwPhoneWindowManager: Transact:setSystemUIColor to status bar service
08-16 10:12:37.007  1636  2918 D ZrHung.AppEyeTransparentWindow: TransparentWindow mHungConfigStatus = 0,mHungConfigEnable = 1
08-16 10:12:37.009  7774  7850 D mali_winsys: EGLint new_window_surface(egl_winsys_display *, void *, EGLSurface, EGLConfig, egl_winsys_surface **, EGLBoolean) returns 0x3000
08-16 10:12:37.010  8083  8214 E WideAperture: SvrDeathRecipient(), SvrDeathRecipient
08-16 10:12:37.013  6225  9809 I CAWARENESS_AppUsageManager: onEvent, packageName=com.example.dogglers, activityName=com.example.dogglers.VerticalListActivity
08-16 10:12:37.013  6225  9809 I CAWARENESS_AppUsageManager: fuse currently and delay publish
08-16 10:12:37.014  2690  4743 I PGServer: android calls fast HApps
08-16 10:12:37.014  2690  4743 I AppFastHibernation: fast H duration: 1500 reason: start activity
08-16 10:12:37.015  3386  7833 I HiAdKit.DC.PageSwitchEvent:  switch is off
08-16 10:12:37.015  1046 12149 I Pged-IPgedBinderService: ****action is 1, pid num is 11***
08-16 10:12:37.015  1046 12149 I Pged-Freezer: freezePids
08-16 10:12:37.015  1046 12149 I Pged-Freezer: Freeze process: 19712
08-16 10:12:37.015  3386  7833 I HiAdKit.DC.PaymentPageSwitchEvent:  switch is off
08-16 10:12:37.015  3386  7833 I HiAdKit.DC.LiteAppPageSwitchEvent:  switch is off
08-16 10:12:37.015  1046 12149 I Pged-Freezer: Freeze process: 21002
08-16 10:12:37.015  1046 12149 I Pged-Freezer: Freeze process: 21360
08-16 10:12:37.015  1046 12149 I Pged-Freezer: Freeze process: 18777
08-16 10:12:37.015  1046 12149 I Pged-Freezer: Freeze process: 27605
08-16 10:12:37.016  8390  8390 I libc    : [hwfix]gms proc <com.google.android.webview:sandboxed_process0:org.chromium.content.app.SandboxedProcessService0:0>, getprop <ro.config.hw_getservice_stat>
08-16 10:12:37.017  1046 12149 I Pged-Freezer: Freeze process: 31206
08-16 10:12:37.017  1046 12149 I Pged-Freezer: Freeze process: 20784
08-16 10:12:37.017  1046 12149 I Pged-Freezer: Freeze process: 7318
08-16 10:12:37.017  1046 12149 I Pged-Freezer: Freeze process: 7416
08-16 10:12:37.018  1046 12149 I Pged-Freezer: Freeze process: 4680
08-16 10:12:37.018  1636 15277 D InputDispatcher: Window handle WindowManager has no registered input channel
08-16 10:12:37.019  2690  3436 D PgedBinderAdapter: F_Z ok, pid: [19712, 21002, 21360, 18777, 27605, 31206, 20784, 7318, 7416, 4680]
08-16 10:12:37.020  8390  8420 I libc    : [hwfix]gms proc <com.google.android.webview:sandboxed_process0:org.chromium.content.app.SandboxedProcessService0:0>, getprop <ro.config.enable_perfhub_fling>
08-16 10:12:37.020  8390  8420 D HwFrameworkSecurityPartsFactory: HwFrameworkSecurityPartsFactory in.
08-16 10:12:37.020  8390  8420 I HwFrameworkSecurityPartsFactory: add HwFrameworkSecurityPartsFactory to memory.
08-16 10:12:37.020  8390  8420 I libc    : [hwfix]gms proc <com.google.android.webview:sandboxed_process0:org.chromium.content.app.SandboxedProcessService0:0>, getprop <ro.config.aiprotection>
08-16 10:12:37.022  7774  7836 I TestRunner: finished: clicking_vertical_list_button_displays_vertical_list(com.example.dogglers.ButtonTests)
