08-16 10:12:37.916  7774  7774 V ActivityScenario: Activity lifecycle changed event received but ignored because the intent does not match. startActivityIntent=Intent { act=android.intent.action.MAIN cat=[android.intent.category.LAUNCHER] cmp=com.example.dogglers/.MainActivity }, activity.getIntent()=Intent { act=android.intent.action.MAIN cat=[android.intent.category.LAUNCHER] flg=0x10000000 cmp=com.example.dogglers/androidx.test.core.app.InstrumentationActivityInvoker$EmptyActivity }, activity=androidx.test.core.app.InstrumentationActivityInvoker$EmptyActivity@a9c572c
08-16 10:12:37.918  7774  7774 D MouseWheelSynthesizer: mMoveStepInDp: 64, mMoveStepInPixel: 192, mUpTimeDelayed: 100
08-16 10:12:37.918  7774  7774 D ViewRootImpl: ViewRootImpl mIsInProductivePCDisplay: false
08-16 10:12:37.919  1636  2649 I HwPCUtils#HwRioViewManager: check if rio enable, displayId = 0， packageName = com.example.dogglers
08-16 10:12:37.919  8174  8682 I Cloud[13.2.0.303]Notify.RestoreNotifyManager: handleApplicationStart
08-16 10:12:37.920  8174  8174 I Cloud[13.2.0.303]Sync.CloudBackupV3Utils: MainProcessInit: start initBackupActiveTime
08-16 10:12:37.921  8174  8174 I HwTypeface: updateFont: scale=0.95
08-16 10:12:37.921  8174  8174 D SystemFonts: areFontsVariable: script=Latn
08-16 10:12:37.922  7774  7774 D InputEventReceiver: dispatchInputInterval 1000000
08-16 10:12:37.924  8174  8811 I Cloud[13.2.0.303]Notify.NoticeBeforeBackupDecisionMaker: enter into NoticeBeforeBackup DecisionMaker,event id:0
08-16 10:12:37.926  8360  8677 I SecurityComp10200303: SSLFNew: createSocket
08-16 10:12:37.927  8360  8677 I SecurityComp10200303: SSLFNew: set default protocols
08-16 10:12:37.927  8360  8677 I SecurityComp10200303: SSLFNew: set default cipher
08-16 10:12:37.927  2661  5454 I Hicom_Monitor: mActivityNotifierEx, className = androidx.test.core.app.InstrumentationActivityInvoker$EmptyActivity, uid = 10431
08-16 10:12:37.927  6225  9809 I CAWARENESS_AppUsageManager: Repeat info, don't need publish
08-16 10:12:37.928  2661  3071 D DollieActivityManagerAdapter: [Resumed] bg:false pid:7774 uid:10431 ComponentInfo{com.example.dogglers/androidx.test.core.app.InstrumentationActivityInvoker$EmptyActivity}
08-16 10:12:37.928  2661  3071 E DollieAdapterService: notifyActivityState pkg:com.example.dogglers/androidx.test.core.app.InstrumentationActivityInvoker$EmptyActivity state:2 fg:true mUid:10431
08-16 10:12:37.928  2661  3071 I OllieMsgCenter: publishEvt=2130771985
08-16 10:12:37.930  3386  7816 I HiAdKit.DC.PageSwitchEvent:  switch is off
08-16 10:12:37.930  3386  7816 I HiAdKit.DC.PaymentPageSwitchEvent:  switch is off
08-16 10:12:37.930  3386  7816 I HiAdKit.DC.LiteAppPageSwitchEvent:  switch is off
08-16 10:12:37.931  2690  3310 I AppManager: dependence has been existed:8696 -> 17161
08-16 10:12:37.931  1636 15589 D InputDispatcher: Window handle WindowManager has no registered input channel
08-16 10:12:37.933  8057  8733 I android.youtub: Waiting for a blocking GC ClassLinker
08-16 10:12:37.934  8360  8622 I Cloud[13.2.0.303]Sync.BackupSpaceInsufficientNotifyUtil: isAutoBackupDlgCheckTaskExecuteNow get backupNotEnoughDlgSpInfo success
08-16 10:12:37.936  1636  2813 D ZrHung.AppEyeFocusWindow: FocusWindowErrorScene cancelCheckFreezeScreen
08-16 10:12:37.936  1636  2813 D ZrHung.AppEyeTransparentWindow: TransparentWindow mHungConfigStatus = 0,mHungConfigEnable = 1
08-16 10:12:37.937  7774  8813 D HiTouch_PressGestureDetector: onAttached, package=com.example.dogglers, windowType=1, mIsHiTouchRestricted=false
08-16 10:12:37.938  7774  7850 D mali_winsys: EGLint new_window_surface(egl_winsys_display *, void *, EGLSurface, EGLConfig, egl_winsys_surface **, EGLBoolean) returns 0x3000
08-16 10:12:37.938  8174  8174 I SecurityComp10200303: ActivityProtect: handleMessage: >= 28
08-16 10:12:37.941  8174  8574 I Cloud[13.2.0.303]Sync.CloudBackupNotifyJobTask: has no backup record, day = 15
08-16 10:12:37.941  8174  8574 I Cloud[13.2.0.303]Sync.CloudBackupNotifyJobTask: notify flag = false
08-16 10:12:37.944  8360  8622 I Cloud[13.2.0.303]Base.BaseUtil: homeName is: com.example.dogglers
08-16 10:12:37.945  2580 23377 I OPCollectLog: AppChangeImpl:call onAppChange.
08-16 10:12:37.945  2580  6962 I OPCollectLog: HwForegroundAppAction:handleMessage
08-16 10:12:37.945  2580  6962 D OPCollectLog: HwForegroundAppAction:FG executeWithArgs
08-16 10:12:37.945  2580  6962 I OPCollectLog: OPCollectUtils:ODMF Api Version:2.16.3
08-16 10:12:37.945  2580  6962 I OPCollectLog: Action:HwForegroundAppAction executed successfully
08-16 10:12:37.945  2580  6962 D OPCollectLog: OdmfCollectScheduler:handleMessage msg: 4
08-16 10:12:37.945  2580  6962 I OPCollectLog: OdmfHelper:opcollectCache 1
08-16 10:12:37.945  2580  6962 I OPCollectLog: OdmfHelper:opcollectCache curTime: 574932040, interval: 123
08-16 10:12:37.946  1636  2649 D InputDispatcher: Window handle WindowManager has no registered input channel
08-16 10:12:37.946  8174  8815 I iGraphics: [0020080c] pn: com.huawei.hidisk, p: 8174
08-16 10:12:37.946  8174  8815 I iGraphics: [0030080c] no spt app: com.huawei.hidisk
08-16 10:12:37.949  8174  8811 I Cloud[13.2.0.303]Sync.CloudSpaceProxyImp: lastSuccessTime is 0,get backupStartTime:1691614538579
08-16 10:12:37.949  8174  8811 I Cloud[13.2.0.303]Sync.CloudSpaceProxyImp: isNoticeBeforeBackupTimeSatisfied,backupFrequency:7,lastBackupSuccessTime:1691614538579
08-16 10:12:37.949  8174  8811 I Cloud[13.2.0.303]Base.BaseUtil: Application.getProcessName:com.huawei.hidisk
08-16 10:12:37.949  8174  8811 I chatty  : uid=5513(vendor_cloudservice) backup_event_ex identical 2 lines
08-16 10:12:37.951  8174  8811 I Cloud[13.2.0.303]Base.BaseUtil: Application.getProcessName:com.huawei.hidisk
08-16 10:12:37.961  8360  8622 I Cloud[13.2.0.303]Base.BaseUtil: is not Foreground
08-16 10:12:37.962  1636  2918 D InputDispatcher: Window handle WindowManager has no registered input channel
08-16 10:12:37.962  8174  8811 I Cloud[13.2.0.303]Sync.OriginCycleChecker: backup interval millis = 1692195157951, lastSuccessTime: 0, backupCycle: 7
08-16 10:12:37.962  8174  8811 I Cloud[13.2.0.303]Base.BaseUtil: Application.getProcessName:com.huawei.hidisk
08-16 10:12:37.963   757  1624 W BufferQueueProducer: [com.example.dogglers/androidx.test.core.app.InstrumentationActivityInvoker$EmptyActivity#0]:1390: disconnect: not connected (req=1)
08-16 10:12:37.963  7774  7850 W libEGL  : EGLNativeWindowType 0x76e8d48bd0 disconnect failed
08-16 10:12:37.968  7774  7774 D LifecycleMonitor: Lifecycle status change: androidx.test.core.app.InstrumentationActivityInvoker$EmptyActivity@426c6e8 in: STOPPED
08-16 10:12:37.968  7774  7774 V ActivityScenario: Activity lifecycle changed event received but ignored because the intent does not match. startActivityIntent=Intent { act=android.intent.action.MAIN cat=[android.intent.category.LAUNCHER] cmp=com.example.dogglers/.MainActivity }, activity.getIntent()=Intent { act=android.intent.action.MAIN cat=[android.intent.category.LAUNCHER] flg=0x10000000 cmp=com.example.dogglers/androidx.test.core.app.InstrumentationActivityInvoker$EmptyActivity }, activity=androidx.test.core.app.InstrumentationActivityInvoker$EmptyActivity@426c6e8
08-16 10:12:37.970  7774  7774 D LifecycleMonitor: Lifecycle status change: com.example.dogglers.MainActivity@4e41a7b in: STOPPED
08-16 10:12:37.970  7774  7774 V ActivityScenario: Update currentActivityStage to STOPPED, currentActivity=com.example.dogglers.MainActivity@4e41a7b
08-16 10:12:37.970  8360  8622 I Cloud[13.2.0.303]Base.BaseUtil: is not Foreground
08-16 10:12:37.970  8174  8811 I Cloud[13.2.0.303]Sync.CloudBackupConditionsUtil: isMainProcess is true, nextBackupTime = 86400000, lastFailedTime = 1691614649509, lastSuccessTime: 0, retryInterval: 40
08-16 10:12:37.971  8174  8811 I Cloud[13.2.0.303]Base.BaseUtil: Application.getProcessName:com.huawei.hidisk
08-16 10:12:37.971  7774  7774 D LifecycleMonitor: Lifecycle status change: com.example.dogglers.MainActivity@4e41a7b in: DESTROYED
08-16 10:12:37.971  7774  7774 V ActivityScenario: Update currentActivityStage to DESTROYED, currentActivity=null
08-16 10:12:37.971  8174  8619 I SecurityComp10200303: SSLFNew: createSocket
08-16 10:12:37.971  8174  8619 I SecurityComp10200303: SSLFNew: set default protocols
08-16 10:12:37.971  8174  8619 I SecurityComp10200303: SSLFNew: set default cipher
08-16 10:12:37.973  8174  8811 I Cloud[13.2.0.303]Sync.CloudBackupConditionsUtil: isMainProcess is true, nextBackupTime = 86400000, lastFailedTime = 1691614649509, lastSuccessTime: 0
08-16 10:12:37.973  8174  8811 I Cloud[13.2.0.303]Base.BaseUtil: Application.getProcessName:com.huawei.hidisk
08-16 10:12:37.974  8174  8811 I Cloud[13.2.0.303]Sync.CloudBackupConditionsUtil: isMainProcess is true, getTargetBackupTime, isCycleSatisfy: true, isRetryIntervalSatisfy: false, isNextBackupTimeSatisfy: true, nextBackupTime: 86400000, targetBackupTime: 1691617049509
08-16 10:12:37.974  8174  8811 I Cloud[13.2.0.303]Notify.NoticeBeforeBackupDecisionMaker: notifyTime is:1692219338579
08-16 10:12:37.975  8174  8811 I Cloud[13.2.0.303]Base.ContentValues: in N, migrate ok
08-16 10:12:37.979  1636  1963 D InputDispatcher: Window handle WindowManager has no registered input channel
08-16 10:12:37.980  8083  8083 I CloudAlbumSDK[11.1.0.303].NetBatteryManager: init
08-16 10:12:37.981  8360  8622 I Cloud[13.2.0.303]Base.BaseUtil: is not Foreground
08-16 10:12:37.981  8360  8622 I Cloud[13.2.0.303]Sync.BackupSpaceInsufficientNotifyUtil: isShowBackupSpaceNotEnoughDlg is false
08-16 10:12:37.981  8360  8622 I Cloud[13.2.0.303]Sync.BackupNotifyMission: conditionCheck, noticeBeforeCheckResult: false, isAutoBackupDlgCheckResult: false
08-16 10:12:37.985  8174  8811 I Cloud[13.2.0.303]Notify.NoticeBeforeBackupDecisionMaker: preCheckNoticeBeforeBackup enter
08-16 10:12:37.987  8174  8174 W ConnectivityManager.CallbackHandler: callback not found for CALLBACK_AVAILABLE message
08-16 10:12:37.987  8174  8174 W ConnectivityManager.CallbackHandler: callback not found for CALLBACK_AVAILABLE message
08-16 10:12:37.988  8174  8174 V PowerKitApi: Power kit service connected
08-16 10:12:37.989  8174  8174 I Cloud[13.2.0.303]Sync.HiCloudPowerKitManager: powerKit onServiceConnected
08-16 10:12:37.992  6225  9809 I CAWARENESS_AppUsageManager: onEvent, packageName=com.huawei.android.launcher, activityName=com.huawei.android.launcher.unihome.UniHomeLauncher
08-16 10:12:37.992  6225  9809 I CAWARENESS_AppUsageManager: fuse currently and delay publish
08-16 10:12:37.993  1636  2918 D ZrHung.AppEyeFocusWindow: FocusWindowErrorScene CheckFreezeScreen
08-16 10:12:37.993  1636  2918 D ZrHung.AppEyeTransparentWindow: TransparentWindow cancelCheckFreezeScreen
08-16 10:12:37.993  2730 23736 W HwLauncher: ExitAppAnimationManager getAnimationInfoMyself, mAnimationInfo = com.huawei.android.launcher.exitapp.ExitAppAnimationManager$AnimationInfo@c9ab9d2
08-16 10:12:37.993  2730  2730 W HwLauncher: RotationHelper hideAdjacentScreen, launcher is not transposed. RotationMode = com.huawei.android.launcher.graphics.RotationMode$1{293d90b surfaceRotation = 0.0,isTransposed = false}
08-16 10:12:37.994  2661  5454 I AssistantService-11.2.1.200: registerHwActivityNotifier call fromPackage:com.example.dogglers, toPackage:com.huawei.android.launcher
08-16 10:12:37.994  2690  3310 I ScenarioService: app focus change from: com.example.dogglers to:com.huawei.android.launcher
08-16 10:12:37.994  2690  3310 I ScenarioService: add focus on app:com.huawei.android.launcher to visiblePkgs
08-16 10:12:37.995  2661 21890 I Hicom_Monitor: mAppSwitchNotifierEx. uid: 10065, foreground app: com.huawei.android.launcher, foreground activity: com.huawei.android.launcher.unihome.UniHomeLauncher
08-16 10:12:37.995  3386  7832 I HiAdKit.DC.PersistentMessageCenter:  notifyMessage com.huawei.hwid_app_switch_from_to_intent
08-16 10:12:37.996  1636  2649 D InputDispatcher: Window handle WindowManager has no registered input channel
08-16 10:12:37.996  2661  3353 W Hicom_XEngineProc: handleForegroundAppChanged. Feature is not enable.
08-16 10:12:37.998  2661  6711 D AssistantService-11.2.1.200: handleMessage app switch fromPackage:com.example.dogglers, toPackage:com.huawei.android.launcher
08-16 10:12:37.998  2624 10575 I iconnect:BluetoothApi: adapter status 12
08-16 10:12:37.999  2624 10575 I iconnect:NearbyDeviceDetect: isPropEnable=true, isBluetoothEnabled=true, isScreenOn=true, isNotSpecialAppOnTop=true, scanCondition=0
08-16 10:12:37.999  2624 10575 I iconnect:DeviceStateMachineManager: report:NOT_SPECIAL_APP_ON_TOP device:D
08-16 10:12:37.999  2624 10575 I iconnect:DeviceStateMachineManager: Return exist stateMachine
08-16 10:12:38.000  8174  8174 I Cloud[13.2.0.303]Finder.AntiTheftInf: AntiTheftManagerEx getEnable = false from cache
08-16 10:12:38.000  8174  8174 I Cloud[13.2.0.303]Finder.TrackSpConfig: SystemProperties set begin,isTrackWorking:false
08-16 10:12:38.001  8360  8639 I SecurityComp10200303: SSLFNew: createSocket
08-16 10:12:38.001  8360  8639 I SecurityComp10200303: SSLFNew: set default protocols
08-16 10:12:38.002  8360  8639 I SecurityComp10200303: SSLFNew: set default cipher
08-16 10:12:38.002  8174  8174 W libc    : Unable to set property "persist.radio.findmyphone" to "0": error code: 0x18
08-16 10:12:38.003  8174  8174 E Cloud[13.2.0.303]Base.SystemPropertiesInvoke: SystemPropertiesInvoke set : java.lang.reflect.InvocationTargetException
08-16 10:12:38.003  8174  8174 I Cloud[13.2.0.303]Finder.TrackSpConfig: SystemProperties set begin,SystemProperties.get:0
08-16 10:12:38.009  2730  2730 I RmeSchedManager: init Rme, version is: v1.0
08-16 10:12:38.011  1636  2813 D InputDispatcher: Window handle WindowManager has no registered input channel
08-16 10:12:38.018  7774  7774 D LifecycleMonitor: Lifecycle status change: androidx.test.core.app.InstrumentationActivityInvoker$EmptyActivity@426c6e8 in: DESTROYED
08-16 10:12:38.018  2580  6962 I OPCollectLog: OdmfHelper:isCharging: true
08-16 10:12:38.018  7774  7774 V ActivityScenario: Activity lifecycle changed event received but ignored because the intent does not match. startActivityIntent=Intent { act=android.intent.action.MAIN cat=[android.intent.category.LAUNCHER] cmp=com.example.dogglers/.MainActivity }, activity.getIntent()=Intent { act=android.intent.action.MAIN cat=[android.intent.category.LAUNCHER] flg=0x10000000 cmp=com.example.dogglers/androidx.test.core.app.InstrumentationActivityInvoker$EmptyActivity }, activity=androidx.test.core.app.InstrumentationActivityInvoker$EmptyActivity@426c6e8
08-16 10:12:38.022  7774  7774 D RtgSchedIpcFile: setCommandByIoctl failed ret:-1, cmdid:23, errno:103
08-16 10:12:38.022  7774  7774 D RtgSchedIpcFile: setCommandByIoctl failed ret:-1, cmdid:22, errno:103
08-16 10:12:38.023  7774  7774 D RtgSchedIpcFile: setCommandByIoctl failed ret:-1, cmdid:23, errno:103
08-16 10:12:38.023  7774  7774 D RtgSchedIpcFile: setCommandByIoctl failed ret:-1, cmdid:22, errno:103
08-16 10:12:38.023  7774  7774 D LifecycleMonitor: Lifecycle status change: androidx.test.core.app.InstrumentationActivityInvoker$EmptyActivity@a9c572c in: PAUSED
08-16 10:12:38.023  8174  8574 I Cloud[13.2.0.303]Sync.CloudBackupJobManager: registerNotifyScheduler isDelay: true
08-16 10:12:38.023  7774  7774 V ActivityScenario: Activity lifecycle changed event received but ignored because the intent does not match. startActivityIntent=Intent { act=android.intent.action.MAIN cat=[android.intent.category.LAUNCHER] cmp=com.example.dogglers/.MainActivity }, activity.getIntent()=Intent { act=android.intent.action.MAIN cat=[android.intent.category.LAUNCHER] flg=0x10000000 cmp=com.example.dogglers/androidx.test.core.app.InstrumentationActivityInvoker$EmptyActivity }, activity=androidx.test.core.app.InstrumentationActivityInvoker$EmptyActivity@a9c572c
08-16 10:12:38.024  8174  8574 I Cloud[13.2.0.303]Notify.BackupBeforeNoticeManager: getConfigFromFile
08-16 10:12:38.024  8174  8574 E Cloud[13.2.0.303]Notify.BackupBeforeNoticeManager: cloud config file not exist, msg:/data/user/0/com.huawei.hidisk/files/HiCloudBackupBeforeNotice.json: open failed: ENOENT (No such file or directory)
08-16 10:12:38.024  8174  8574 W Cloud[13.2.0.303]Notify.NotificationV2Util: BackupBeforeNoticeConfig is null
08-16 10:12:38.024  8174  8574 E Cloud[13.2.0.303]Notify.NotificationV2Util: backupBeforeNotice is null
08-16 10:12:38.024  8174  8574 I Cloud[13.2.0.303]Sync.CloudBackupJobManager: compute delayTime is:0,delayMillis is:90000000
08-16 10:12:38.026  2580  6962 I OPCollectLog: OdmfHelper:insert database success
08-16 10:12:38.026  2580  6962 I OPCollectLog: OdmfHelper:opcollectCache size: 1
08-16 10:12:38.026  2580  6962 I OPCollectLog: OdmfHelper:opcollectCache lastTime: 574932121
08-16 10:12:38.028  1636  2649 D InputDispatcher: Window handle WindowManager has no registered input channel
08-16 10:12:38.030  2690  3310 D ScenarioService: front pkg : com.huawei.android.launcher launcher: true
08-16 10:12:38.032  7774  7774 D RtgSchedIpcFile: setCommandByIoctl failed ret:-1, cmdid:23, errno:103
08-16 10:12:38.032  2690  3310 I AppsUsage: scnOff:false FgAPP:com.huawei.android.launcher BgAPP:com.example.dogglers
08-16 10:12:38.033  2661  3071 D DollieActivityManagerAdapter: [Paused] pid:7774 uid:10431 ComponentInfo{com.example.dogglers/androidx.test.core.app.InstrumentationActivityInvoker$EmptyActivity} uidState:2
08-16 10:12:38.035  3386  7816 I HiAdKit.DC.PageSwitchEvent:  switch is off
08-16 10:12:38.035  3386  7816 I HiAdKit.DC.PaymentPageSwitchEvent:  switch is off
08-16 10:12:38.035  3386  7816 I HiAdKit.DC.LiteAppPageSwitchEvent:  switch is off
08-16 10:12:38.036  2690  3438 I PG_ash  : front pkg : com.huawei.android.launcher
08-16 10:12:38.036  2690  3646 I PGServer: report state:10000 event type:2 pid:0 uid:0 pkg:com.example.dogglers to pid: 2690
08-16 10:12:38.036  2690  3646 I SceneReceiver: state type: 10000 eventType:2 pid:0 uid:0 pkg:com.example.dogglers
08-16 10:12:38.036  2690  3646 I PGServer: report state:10000 event type:2 pid:0 uid:0 pkg:com.example.dogglers to pid: 1636
08-16 10:12:38.036  2690  3646 I PGServer: report state:10010 event type:1 pid:0 uid:0 pkg:com.huawei.android.launcher to pid: 2690
08-16 10:12:38.036  2690  3646 I SceneReceiver: state type: 10010 eventType:1 pid:0 uid:0 pkg:com.huawei.android.launcher
08-16 10:12:38.036  2690  3646 I ApsAppsTypeHandler: APS: APK: ApsAppsTypeHandler.getInstance, sInstance = com.huawei.android.hwaps.o@92bda0
08-16 10:12:38.036  2730  3048 E HwLauncher: ReflectUtils , no such field.
08-16 10:12:38.036  2730  3048 W HwLauncher: Clock getDataFormat the getSystemString failed.
08-16 10:12:38.037  2690  3646 I PGServer: report state:10010 event type:1 pid:0 uid:0 pkg:com.huawei.android.launcher to pid: 1636
08-16 10:12:38.037  2730  2730 I HwLauncher: Model loadWidgetsAfterUserUnlockIfNeeded, sLoadWidgetOnResume is false!
08-16 10:12:38.037  1636  3594 I HwBastetService: current len less then 0, need return!
08-16 10:12:38.037  1636  3594 I HwBastetService: current len less then 0, need return!
08-16 10:12:38.038  2690 26664 I PGServer: checkPkgType. calling pkg: android
08-16 10:12:38.038  2690 26664 I PGServer: checkPkgType. calling pkg: android
08-16 10:12:38.039  2661  3071 D DollieActivityManagerAdapter: [Resumed] bg:true pid:2730 uid:10065 ComponentInfo{com.huawei.android.launcher/com.huawei.android.launcher.unihome.UniHomeLauncher}
08-16 10:12:38.039  2661  3071 E DollieAdapterService: notifyActivityState pkg:com.huawei.android.launcher/com.huawei.android.launcher.unihome.UniHomeLauncher state:2 fg:true mUid:10065
08-16 10:12:38.040  2661  5454 I Hicom_Monitor: mActivityNotifierEx, className = com.huawei.android.launcher.unihome.UniHomeLauncher, uid = 10065
08-16 10:12:38.040  2661  3071 I OllieMsgCenter: publishEvt=2135097351
08-16 10:12:38.040  2661  3071 I OllieMsgCenter: publishEvt=2130771969
08-16 10:12:38.040  2661  3071 I OllieMsgCenter: publishEvt=2130771985
08-16 10:12:38.040  1046  1070 D AwareLog: iawared: fg_hl_ctl update fgUid=10065 g_isGame=0
08-16 10:12:38.040  6225  9809 I CAWARENESS_AppUsageManager: Repeat info, don't need publish
08-16 10:12:38.041  3386  7832 I HiAdKit.DC.PageSwitchEvent:  switch is off
08-16 10:12:38.041  3386  7832 I HiAdKit.DC.PaymentPageSwitchEvent:  switch is off
08-16 10:12:38.041  3386  7832 I HiAdKit.DC.LiteAppPageSwitchEvent:  switch is off
08-16 10:12:38.041  2661  3071 I SpeedTestNotifier: Speed test app is back Activity
08-16 10:12:38.041  2580 23377 I OPCollectLog: AppChangeImpl:call onAppChange.
08-16 10:12:38.042  2580  6962 I OPCollectLog: HwForegroundAppAction:handleMessage
08-16 10:12:38.042  2580  6962 D OPCollectLog: HwForegroundAppAction:FG executeWithArgs
08-16 10:12:38.042  2580  6962 I OPCollectLog: OPCollectUtils:ODMF Api Version:2.16.3
08-16 10:12:38.042  2580  6962 I OPCollectLog: Action:HwForegroundAppAction executed successfully
08-16 10:12:38.042  2580  6962 D OPCollectLog: OdmfCollectScheduler:handleMessage msg: 4
08-16 10:12:38.042  2580  6962 I OPCollectLog: OdmfHelper:opcollectCache 1
08-16 10:12:38.042  2580  6962 I OPCollectLog: OdmfHelper:opcollectCache curTime: 574932137, interval: 16
08-16 10:12:38.042  2661  3071 I OllieMsgCenter: publishEvt=2134966274
08-16 10:12:38.042  2661  3071 I OllieMsgCenter: publishEvt=2135097350
08-16 10:12:38.044 26909 26909 I HiBoard_22.0.8.300_Workspace: onWindowVisibilityChanged：0 isOverlayClosed:true
08-16 10:12:38.044  1636  2918 D InputDispatcher: Window handle WindowManager has no registered input channel
08-16 10:12:38.044 26909 26909 I HiBoard_22.0.8.300_ShareCodeClipboardHelper: removeClipboardView is executed!
08-16 10:12:38.044 26909 27127 I HiBoard_22.0.8.300_ShareCodeClipboardHelper: handleMsg 5
08-16 10:12:38.046  2661  3071 D DsduChr : uid=10065, isTrafficFree=false, isUsingFreeTraffic=false
08-16 10:12:38.049  1636  2813 D ZrHung.AppEyeFocusWindow: FocusWindowErrorScene cancelCheckFreezeScreen
08-16 10:12:38.049  1636  2813 D ZrHung.AppEyeTransparentWindow: TransparentWindow mHungConfigStatus = 0,mHungConfigEnable = 1
08-16 10:12:38.050  2730  3112 D mali_winsys: EGLint new_window_surface(egl_winsys_display *, void *, EGLSurface, EGLConfig, egl_winsys_surface **, EGLBoolean) returns 0x3000
08-16 10:12:38.051  2730  3203 I HwLauncher: LocalTaskList loadTasksInBackground:5 numTasks:20 currentUserId:0
08-16 10:12:38.060  1636  5869 D InputDispatcher: Window handle WindowManager has no registered input channel
08-16 10:12:38.062 26909 27098 D mali_winsys: EGLint new_window_surface(egl_winsys_display *, void *, EGLSurface, EGLConfig, egl_winsys_surface **, EGLBoolean) returns 0x3000
08-16 10:12:38.063 26909 26909 I HiBoard_22.0.8.300_NewsBackgroundLayout: onDraw
08-16 10:12:38.065  2208  2208 D ImageWallpaper: wallpaper visibility changes to: true
08-16 10:12:38.066  2208  2380 I ImageWallpaperRenderer: updateOffsets mXOffset 0.5 mYOffset 0.5
08-16 10:12:38.069  2730  3201 E TaskKeyCache: Unexpected null key or value: id=2217 windowingMode=1 user=0 lastActiveTime=574932088, null
08-16 10:12:38.070  1636  2012 W AwareLog: SchedLevelBoost: onFgActivitiesChanged config not set!
08-16 10:12:38.071  7774  7836 I TestRunner: finished: horizontal_list_button_is_displayed(com.example.dogglers.ButtonTests)
