08-16 10:12:36.464  2730  2730 I HwLauncher: Launcher Icon:53 Widget:2 Folder:6 Icon in folder:103, in drawer:0
08-16 10:12:36.465  2730  3022 E AbilityFormViewRefreshUtils: stopListening [0ms]
08-16 10:12:36.466 25853 25853 D BoundBrokerSvc: onBind: Intent { act=com.google.android.gms.common.BIND_SHARED_PREFS pkg=com.google.android.gms }
08-16 10:12:36.466 25853 25853 D BoundBrokerSvc: Loading bound service for intent: Intent { act=com.google.android.gms.common.BIND_SHARED_PREFS pkg=com.google.android.gms }
08-16 10:12:36.467   753  2232 D AudioPolicyService: getUidState(10175) cacheIter->second.first, return cacheIter->second.second(4)
08-16 10:12:36.467   753  2232 D AudioPolicyService: getUidState(10173) cacheIter->second.first, return cacheIter->second.second(4)
08-16 10:12:36.468   753  2232 D AudioPolicyService: getUidState(10065) cacheIter->second.first, return cacheIter->second.second(2)
08-16 10:12:36.468   753  2232 D AudioPolicyService: getUidState(10063) cacheIter->second.first, return cacheIter->second.second(5)
08-16 10:12:36.469   576   576 I HisiKeyMaster: out_params_buffer_len = 32
08-16 10:12:36.469   576   576 I HisiKeyMaster: HisiKmBegin success
08-16 10:12:36.469  1033  8228 D keymaster_worker: Keystore begin hidl end
08-16 10:12:36.469  1033  8228 D keymaster_worker: Keystore begin end
08-16 10:12:36.469  7774  7788 I xample.doggler: Background young concurrent copying GC freed 66479(3699KB) AllocSpace objects, 6(120KB) LOS objects, 40% free, 5289KB/8873KB, paused 331us total 112.490ms
08-16 10:12:36.470  2661  3071 D DollieActivityManagerAdapter: [UidStateChanged]  uid:10065 uidState:6
08-16 10:12:36.470  2661  3071 E DollieAdapterService: notifyActivityState pkg:com.huawei.android.launcher/com.huawei.android.launcher.unihome.UniHomeLauncher state:6 fg:false mUid:10065
08-16 10:12:36.470  7774  7829 I xample.doggler: WaitForGcToComplete blocked ProfileSaver on ClassLinker for 26.992ms
08-16 10:12:36.471  2661  3071 I OllieMsgCenter: publishEvt=2130771969
08-16 10:12:36.472  1636  1963 D InputDispatcher: Window handle WindowManager has no registered input channel
08-16 10:12:36.472  2661  3071 I OllieMsgCenter: publishEvt=2134966274
08-16 10:12:36.474 25853 25853 D BoundBrokerSvc: onUnbind: Intent { act=com.google.android.gms.common.BIND_SHARED_PREFS pkg=com.google.android.gms }
08-16 10:12:36.476  1033  8231 D keymaster_worker: Keystore update
08-16 10:12:36.476  1033  8231 D keymaster_worker: Keystore update hidl
08-16 10:12:36.476   576   576 I HisiKeyMaster: HisiKmUpdate start
08-16 10:12:36.476   576   576 I HisiKeyMaster: Disable the enhanced crypto!
08-16 10:12:36.477  8435  8229 I HiAdKit.DC.AIDCP:  query cache app data collection size:1
08-16 10:12:36.479   576   576 I HisiKeyMaster: HisiKmUpdate success
08-16 10:12:36.480 25853 25853 D BoundBrokerSvc: onBind: Intent { act=com.google.android.gms.common.BIND_SHARED_PREFS pkg=com.google.android.gms }
08-16 10:12:36.480 25853 25853 D BoundBrokerSvc: Loading bound service for intent: Intent { act=com.google.android.gms.common.BIND_SHARED_PREFS pkg=com.google.android.gms }
08-16 10:12:36.480  8435  8229 I HiAdKit.DC.AIDCP:  query cache app data count before report:1
08-16 10:12:36.482  8435  8229 W HiAdKit.DC.JsonUtil:  toObject JSONException
08-16 10:12:36.482  8435  8229 W HiAdKit.DC.JsonUtil:  toObject JSONException
08-16 10:12:36.483  1636  2012 W AwareLog: SchedLevelBoost: onFgActivitiesChanged config not set!
08-16 10:12:36.484  8083  8083 I AppFeatureLoader: loadFeature entryClazz:com.huawei.gallery.featurelayer.feature.dynamic.GalleryVisionFeatureEntry clazz:com.huawei.gallery.feature.galleryvision.IGalleryVisionFeature
08-16 10:12:36.485 25853 25853 D BoundBrokerSvc: onUnbind: Intent { act=com.google.android.gms.common.BIND_SHARED_PREFS pkg=com.google.android.gms }
08-16 10:12:36.485  1033  8231 D keymaster_worker: Keystore update hidl end
08-16 10:12:36.485  1033  8231 D keymaster_worker: Keystore update end
08-16 10:12:36.486  8435  8229 I HiAdKit.DC.SystemUtil:  process: com.huawei.hwid.core
08-16 10:12:36.486  1033  8232 D keymaster_worker: Keystore finish
08-16 10:12:36.486  1033  8232 D keymaster_worker: Keystore finish hidl
08-16 10:12:36.486   576   576 I HisiKeyMaster: HisiKmFinish start
08-16 10:12:36.486   576   576 I HisiKeyMaster: Disable the enhanced crypto!
08-16 10:12:36.487  8435  8229 I HiAdKit.DC.SystemUtil:  hasPermissions true
08-16 10:12:36.487  8435  8229 I HiAdKit.DC.OaidSettingsUtil:  Current Used UserId is different from Current Process UserId.
08-16 10:12:36.489  8435  8229 I HiAdKit.DC.SystemUtil:  hasPermissions true
08-16 10:12:36.489  8435  8229 I HiAdKit.DC.OaidSettingsUtil:  Current Used UserId is different from Current Process UserId.
08-16 10:12:36.490  1636  2505 D InputDispatcher: Window handle WindowManager has no registered input channel
08-16 10:12:36.493   576   576 I HisiKeyMaster: output data size=16
08-16 10:12:36.493   576   576 I HisiKeyMaster: HisiKmFinish success
08-16 10:12:36.493  1033  8232 D keymaster_worker: Keystore finish hidl end
08-16 10:12:36.493  1033  8232 D keymaster_worker: Keystore finish end
08-16 10:12:36.496 25853 25853 D BoundBrokerSvc: onBind: Intent { act=com.google.android.gms.common.BIND_SHARED_PREFS pkg=com.google.android.gms }
08-16 10:12:36.496 25853 25853 D BoundBrokerSvc: Loading bound service for intent: Intent { act=com.google.android.gms.common.BIND_SHARED_PREFS pkg=com.google.android.gms }
08-16 10:12:36.497  8435  8229 I HiAdKit.DC.SystemUtil:  process: com.huawei.hwid.core
08-16 10:12:36.498 25853 25853 D BoundBrokerSvc: onUnbind: Intent { act=com.google.android.gms.common.BIND_SHARED_PREFS pkg=com.google.android.gms }
08-16 10:12:36.499 26651  7269 I HiAdKit.PpsCoreService:  isCmdAllowAccess rom: false permitRegion: 1
08-16 10:12:36.499 26651  7269 I HiAdKit.PpsCoreService:  call method: netRequest
08-16 10:12:36.499 26651  7269 I HiAdKit.PpsCoreService:  callerPkg: com.huawei.hwid
08-16 10:12:36.501  1636  8140 I RecoverableAppKeyStore: Get 0/10120/com.google.android.gms.backup/folsom/617F11EA7D15BECAF1A7F585D6DEDFC7
08-16 10:12:36.502 26651  7269 I HiAdKit.SystemUtil:  isDeviceProvisioned: true
08-16 10:12:36.503 26651  7269 I HiAdKit.HttpCall:  oobe: false
08-16 10:12:36.505  1636  2505 D InputDispatcher: Window handle WindowManager has no registered input channel
08-16 10:12:36.506 26651  7269 I NetworkSdk_CountryCodeBean: [HMSCore NetworkLog.java:1] PPS-Net-pool-thread-255|null|com.huawei.hms.framework.network.grs.local.model.CountryCodeBean|init|18|get issue_country code from VENDOR_COUNTRY
08-16 10:12:36.507 26651  7269 I HiAdKit.AccessMethod.Builder:  countryCode:CL
08-16 10:12:36.508 26651  8032 W HiAdKit.bo:  Root obj class (class java.lang.String) is invalid in conversion
08-16 10:12:36.508 26651  8032 W HiAdKit.bo:  toAnonymousJson JSONException
08-16 10:12:36.508 26651  8032 I HiAdKit.HiAdRequestDataLogger:  upper thread name: PPS-Net-pool-thread-255 request data:
08-16 10:12:36.510   664  1311 W /system/bin/netd: A binder object at 0x7903947f40 is being transacted on, however, this object is in the same process as its proxy. Transacting with this binder is expensive compared to just calling the corresponding functionality in the same process.
08-16 10:12:36.510 26651  7248 W NetworkSdk_GrsApi: [HMSCore NetworkLog.java:1] PPS-Cal-pool-thread-264|null|com.huawei.hms.framework.network.grs.GrsApi|grsSdkInit|4|GrsApi.grsSdkInit is @Deprecated,  And Only Application Can Call Once
08-16 10:12:36.511 26651  7248 I NetworkSdk_e: [HMSCore NetworkLog.java:1] PPS-Cal-pool-thread-264|null|com.huawei.hms.framework.network.grs.h.e|a|30|isSpExpire false.
08-16 10:12:36.512 26651  7248 I NetworkSdk_a: [HMSCore NetworkLog.java:1] PPS-Cal-pool-thread-264|null|com.huawei.hms.framework.network.grs.a|a|20|GrsClientManager.getUrlsLocal: Get URL from GRS Server Cache
08-16 10:12:36.512  1636  1636 D HwConnectivityManagerImpl: getNetworkPolicyFlag flagStr null
08-16 10:12:36.512 26651  7248 I NetworkSdk_a: [HMSCore NetworkLog.java:1] PPS-Cal-pool-thread-264|null|com.huawei.hms.framework.network.grs.a|a|55|GrsClientManager.synGetGrsUrl: Return [com.huawei.cloud.pps.kit][esBaseUrl] Url: h*t*s*/*e*e*t*-*r*.*p*d*a*k*l*u*.*n
08-16 10:12:36.519  1033  8237 D keymaster_worker: Keystore getKey
08-16 10:12:36.519  1033  8237 D keymaster_worker: Keystore getKey end
08-16 10:12:36.521  1636  1963 D InputDispatcher: Window handle WindowManager has no registered input channel
08-16 10:12:36.524  8174  8174 I AGConnectProvider: AGConnectInitializeProvider#onCreate
08-16 10:12:36.525  8174  8174 I AGConnectInstance: AGConnectInstance#initialize
08-16 10:12:36.527  8057  8057 W android.youtub: Accessing hidden field Ljava/util/Collections$SynchronizedCollection;->mutex:Ljava/lang/Object; (greylist-max-o, reflection, denied)
08-16 10:12:36.528  8057  8057 W android.youtub: Accessing hidden method Ljava/util/Collections$SynchronizedSet;-><init>(Ljava/util/Set;Ljava/lang/Object;)V (greylist-max-o, reflection, denied)
08-16 10:12:36.528  8057  8057 W android.youtub: Accessing hidden method Ljava/util/Collections$SynchronizedCollection;-><init>(Ljava/util/Collection;Ljava/lang/Object;)V (greylist-max-o, reflection, denied)
08-16 10:12:36.530  8174  8174 I ServiceRegistrarParser: getServices
08-16 10:12:36.531  8174  8174 I ServiceRegistrarParser: services:0
08-16 10:12:36.532  8174  8174 I AGC_Instance: AGC SDK initialize end
08-16 10:12:36.538  1636  1963 D InputDispatcher: Window handle WindowManager has no registered input channel
08-16 10:12:36.538  8083  8214 I AppFeatureLoader: loadFeature entryClazz:com.huawei.gallery.featurelayer.feature.dynamic.PhotoRectifyFeatureEntry clazz:com.huawei.gallery.feature.photorectify.IPhotoRectifyFeature
08-16 10:12:36.545  8174  8174 I HwApiCacheMangerEx: apicache path=/storage/emulated/0 state=mounted key=com.huawei.hidisk#5513#256
08-16 10:12:36.545  8174  8174 I HwApiCacheMangerEx: need clear apicache,because volumes changed,oldCnt=1 newCnt=1
08-16 10:12:36.546  1033  8246 D keymaster_worker: Keystore begin
08-16 10:12:36.546  1033  8246 D keymaster_worker: Keystore begin hidl
08-16 10:12:36.546   576   576 I HisiKeyMaster: HisiKmBegin start
08-16 10:12:36.546   576   576 I HisiKeyMaster: Disable the enhanced crypto!
08-16 10:12:36.550   576   576 I HisiKeyMaster: out_params_buffer_len = 4096
08-16 10:12:36.550   576   576 I HisiKeyMaster: HisiKmBegin success
08-16 10:12:36.550  1033  8246 D keymaster_worker: Keystore begin hidl end
08-16 10:12:36.551  1033  8246 D keymaster_worker: Keystore begin end
08-16 10:12:36.552  1033  8247 D keymaster_worker: Keystore update
08-16 10:12:36.552  1033  8247 D keymaster_worker: Keystore update hidl
08-16 10:12:36.552   576   576 I HisiKeyMaster: HisiKmUpdate start
08-16 10:12:36.552   576   576 I HisiKeyMaster: Disable the enhanced crypto!
08-16 10:12:36.554  1636  1963 D InputDispatcher: Window handle WindowManager has no registered input channel
08-16 10:12:36.555  8083  8083 I AGConnectProvider: AGConnectInitializeProvider#onCreate
08-16 10:12:36.555  8083  8083 I AGConnectInstance: AGConnectInstance#initialize
08-16 10:12:36.556  8174  8174 I Cloud[13.2.0.303]Sync.HicloudMigrateProvider: onCreate:
08-16 10:12:36.556   576   576 I HisiKeyMaster: HisiKmUpdate success
08-16 10:12:36.556  1033  8247 D keymaster_worker: Keystore update hidl end
08-16 10:12:36.556  1033  8247 D keymaster_worker: Keystore update end
08-16 10:12:36.557  1033  8248 D keymaster_worker: Keystore finish
08-16 10:12:36.557  1033  8248 D keymaster_worker: Keystore finish hidl
08-16 10:12:36.557   576   576 I HisiKeyMaster: HisiKmFinish start
08-16 10:12:36.558   576   576 I HisiKeyMaster: Disable the enhanced crypto!
08-16 10:12:36.558  8083  8083 I ServiceRegistrarParser: getServices
08-16 10:12:36.561   576   576 I HisiKeyMaster: output data size=0
08-16 10:12:36.561   576   576 I HisiKeyMaster: HisiKmFinish success
08-16 10:12:36.561  8083  8083 I ServiceRegistrarParser: services:0
08-16 10:12:36.561  1033  8248 D keymaster_worker: Keystore finish hidl end
08-16 10:12:36.561  1033  8248 D keymaster_worker: Keystore finish end
08-16 10:12:36.563  8057  8241 I StubController: system app validUid:10104, isFriend:true
08-16 10:12:36.571  1636  1963 D InputDispatcher: Window handle WindowManager has no registered input channel
08-16 10:12:36.574  8083  8239 I HMSSDK_HMSPackageManager: aidlService pkgName: com.huawei.hwid
08-16 10:12:36.574  8083  8239 I HMSSDK_HMSPackageManager: Enter getHMSPackageNameForMultiService
08-16 10:12:36.576 25853 25853 D BoundBrokerSvc: onBind: Intent { act=com.google.android.gms.common.BIND_SHARED_PREFS pkg=com.google.android.gms }
08-16 10:12:36.576 25853 25853 D BoundBrokerSvc: Loading bound service for intent: Intent { act=com.google.android.gms.common.BIND_SHARED_PREFS pkg=com.google.android.gms }
08-16 10:12:36.577  8083  8239 I HMSSDK_HMSPackageManager: <initHmsPackageInfoForMultiService> Succeed to find HMS apk: com.huawei.hwid version: 61100332
08-16 10:12:36.578  8083  8249 I HMSSDK_HMSPackageManager: enter asyncOnceCheckMDMState
08-16 10:12:36.578  8083  8249 I HMSSDK_HMSPackageManager: enter checkHmsIsSpoof
08-16 10:12:36.579 25853 25853 D BoundBrokerSvc: onUnbind: Intent { act=com.google.android.gms.common.BIND_SHARED_PREFS pkg=com.google.android.gms }
08-16 10:12:36.584  8057  8240 W GooglePlayServicesUtil: Google Play services out of date for com.google.android.youtube.  Requires 233200000 but found 232617028
08-16 10:12:36.584  2730  2814 D ZrHung.AppEyeUiProbe: not watching, wait.
08-16 10:12:36.586  8083  8249 I HMSSDK_ReadApkFileUtil: verifyMDMSignatureV3 verify successful!
08-16 10:12:36.588  1636  3594 D InputDispatcher: Window handle WindowManager has no registered input channel
08-16 10:12:36.592  2690  3310 I AppManager: dependence has been existed:1636 -> 26474
08-16 10:12:36.596  8083  8083 I HwApiCacheMangerEx: apicache path=/storage/emulated/0 state=mounted key=com.android.gallery3d#10028#512
08-16 10:12:36.596  8083  8083 I HwApiCacheMangerEx: need clear apicache,because volumes changed,oldCnt=1 newCnt=1
08-16 10:12:36.598  8083  8249 I HMSSDK_HMSPackageManager: quit checkHmsIsSpoof state: SUCCESS
08-16 10:12:36.598  8083  8249 I HMSSDK_HMSPackageManager: quit asyncOnceCheckMDMState
08-16 10:12:36.601  8083  8215 I HwApiCacheMangerEx: apicache path=/storage/emulated/0 state=mounted key=com.android.gallery3d#10028#256
08-16 10:12:36.601  8083  8215 I HwApiCacheMangerEx: need clear apicache,because volumes changed,oldCnt=1 newCnt=1
08-16 10:12:36.604  1636  2505 D InputDispatcher: Window handle WindowManager has no registered input channel
08-16 10:12:36.605  8256  8256 W unknown : type=1400 audit(0.0:909306): avc: denied { execute } for pid=8256 comm=79742D637269746963616C20546872 name="dex2oat" dev="loop8" ino=21 scontext=u:r:untrusted_app:s0:c104,c256,c512,c768 tcontext=u:object_r:dex2oat_exec:s0 tclass=file permissive=0
08-16 10:12:36.609  1033  8262 D keymaster_worker: Keystore begin
08-16 10:12:36.611  1033  8262 D keymaster_worker: Keystore begin hidl
08-16 10:12:36.611   576   576 I HisiKeyMaster: HisiKmBegin start
08-16 10:12:36.611   576   576 I HisiKeyMaster: Disable the enhanced crypto!
08-16 10:12:36.611 26474 26474 D BoundBrokerSvc: onBind: Intent { act=com.google.android.gms.auth.account.workaccount.START dat=chimera-action: cmp=com.google.android.gms/.chimera.PersistentApiService }
08-16 10:12:36.611 26474 26474 D BoundBrokerSvc: Loading bound service for intent: Intent { act=com.google.android.gms.auth.account.workaccount.START dat=chimera-action: cmp=com.google.android.gms/.chimera.PersistentApiService }
08-16 10:12:36.612  8083  8083 I AppFeatureLoader: loadFeature entryClazz:com.huawei.gallery.featurelayer.feature.DiscoverFeatureEntry clazz:com.huawei.gallery.feature.discover.IDiscoverFeature
08-16 10:12:36.615  8102  8102 W .apps.messagin: Accessing hidden method Landroid/content/ContentProvider;->onCallingPackageChanged()V (blacklist, linking, denied)
08-16 10:12:36.616   576   576 I HisiKeyMaster: out_params_buffer_len = 32
08-16 10:12:36.616   576   576 I HisiKeyMaster: HisiKmBegin success
08-16 10:12:36.617  1033  8262 D keymaster_worker: Keystore begin hidl end
08-16 10:12:36.617  8102  8137 I HwPartIawareFactory: add android.common.HwPartIawareFactoryImpl to memory.
08-16 10:12:36.617  1033  8262 D keymaster_worker: Keystore begin end
08-16 10:12:36.617  8102  8137 I AwareBitmapCacher: init processName:com.google.android.apps.messaging pid=8102 uid=10107
08-16 10:12:36.619  1033  8272 D keymaster_worker: Keystore update
08-16 10:12:36.619  1033  8272 D keymaster_worker: Keystore update hidl
08-16 10:12:36.619   576   576 I HisiKeyMaster: HisiKmUpdate start
08-16 10:12:36.619   576   576 I HisiKeyMaster: Disable the enhanced crypto!
08-16 10:12:36.620  1636  2813 D InputDispatcher: Window handle WindowManager has no registered input channel
08-16 10:12:36.623   576   576 I HisiKeyMaster: HisiKmUpdate success
08-16 10:12:36.623  8057  8240 W android.youtub: Failed execv(/system/bin/dex2oat --instruction-set=arm64 --instruction-set-features=runtime --runtime-arg -Xhidden-api-policy:enabled --runtime-arg -Xrelocate --boot-image=/system/framework/boot.art --runtime-arg -Xms64m --runtime-arg -Xmx512m -j4 --instruction-set-variant=generic --instruction-set-features=default --generate-mini-debug-info --generate-mini-debug-info --dex-file=/data/user/0/com.google.android.youtube/cache/1689111357674.jar --output-vdex-fd=85 --oat-fd=86 --oat-location=/data/user/0/com.google.android.youtube/cache/oat/arm64/1689111357674.odex --compiler-filter=verify --class-loader-context=& --compilation-reason=dynamic-load) because non-0 exit status
08-16 10:12:36.626  1033  8272 D keymaster_worker: Keystore update hidl end
08-16 10:12:36.626  1033  8272 D keymaster_worker: Keystore update end
08-16 10:12:36.627  1033  8275 D keymaster_worker: Keystore finish
08-16 10:12:36.627  1033  8275 D keymaster_worker: Keystore finish hidl
08-16 10:12:36.627   576   576 I HisiKeyMaster: HisiKmFinish start
08-16 10:12:36.627   576   576 I HisiKeyMaster: Disable the enhanced crypto!
08-16 10:12:36.631   576   576 I HisiKeyMaster: output data size=16
08-16 10:12:36.631   576   576 I HisiKeyMaster: HisiKmFinish success
08-16 10:12:36.631  1033  8275 D keymaster_worker: Keystore finish hidl end
08-16 10:12:36.631  1033  8275 D keymaster_worker: Keystore finish end
08-16 10:12:36.636  8174  8174 I Cloud[13.2.0.303]Sync.MainApplication: Rom Version: 27
08-16 10:12:36.637  1636  3594 D InputDispatcher: Window handle WindowManager has no registered input channel
08-16 10:12:36.638  1046  1070 D AwareLog: iawared: WorkingsetProcessCommand subCmd = 351, userId=10431, pid=7774, com.example.dogglers/.VerticalListActivity
08-16 10:12:36.638  1046  1070 D AwareLog: iawared: WorkingsetPause com.example.dogglers/.VerticalListActivity
08-16 10:12:36.643  8174  8174 I LanguagePlugin_b: com.huawei.hidisk is application
08-16 10:12:36.643  8174  8174 I LanguagePlugin_d: locale:es
08-16 10:12:36.643  8174  8174 I LanguagePlugin_InstallLanguageStrategy: start languageplugin. needAync=false
08-16 10:12:36.643  8174  8174 I LanguagePlugin_InstallLanguageStrategy: start try to decode package pressed by brotli
08-16 10:12:36.650  8174  8174 I LanguagePlugin_k: langsFile:base-langs.br
08-16 10:12:36.654  1636  3594 D InputDispatcher: Window handle WindowManager has no registered input channel
08-16 10:12:36.657  8057  8057 I HwTypeface: updateFont: scale=0.95
08-16 10:12:36.657  8057  8057 D SystemFonts: areFontsVariable: script=Latn
08-16 10:12:36.658  8174  8174 I LanguagePlugin_InstallLanguageStrategy: start install language, app is com.huawei.hidisk
08-16 10:12:36.660  8174  8174 I LanguagePlugin_LanguageInstaller: getDeviceLanguageTags context is:com.huawei.hidisk
08-16 10:12:36.660  8174  8174 I LanguagePlugin_LanguageInstaller: isRegionCompress is false, return Language only
08-16 10:12:36.661  8174  8174 I LanguagePlugin_LanguageInstaller: getDeviceLanguageTags languageTags:es SDK version is :29
08-16 10:12:36.661  8174  8174 I LanguagePlugin_LanguageInstaller: copy language option : single-lang
08-16 10:12:36.662  8174  8174 I LanguagePlugin_k: langsFile:base-langs.br
08-16 10:12:36.663  8057  8269 D StrictMode: StrictMode policy violation: android.os.strictmode.NetworkViolation
08-16 10:12:36.663  8057  8269 D StrictMode: 	at android.os.StrictMode$AndroidBlockGuardPolicy.onNetwork(StrictMode.java:1570)
08-16 10:12:36.663  8057  8269 D StrictMode: 	at java.net.Inet6AddressImpl.lookupHostByName(Inet6AddressImpl.java:115)
08-16 10:12:36.663  8057  8269 D StrictMode: 	at java.net.Inet6AddressImpl.lookupAllHostAddr(Inet6AddressImpl.java:103)
08-16 10:12:36.663  8057  8269 D StrictMode: 	at java.net.InetAddress.getByName(InetAddress.java:1106)
08-16 10:12:36.663  8057  8269 D StrictMode: 	at ajon.bM(PG:4)
08-16 10:12:36.663  8057  8269 D StrictMode: 	at fsu.run(PG:68)
08-16 10:12:36.663  8057  8269 D StrictMode: 	at wkq.run(PG:7)
08-16 10:12:36.663  8057  8269 D StrictMode: 	at ahxh.run(PG:3)
08-16 10:12:36.663  8057  8269 D StrictMode: 	at pyt.run(PG:1)
08-16 10:12:36.663  8057  8269 D StrictMode: 	at pyx.run(PG:24)
08-16 10:12:36.663  8057  8269 D StrictMode: 	at pze.run(PG:12)
08-16 10:12:36.663  8057  8269 D StrictMode: 	at pgy.run(PG:6)
08-16 10:12:36.663  8057  8269 D StrictMode: 	at java.lang.Thread.run(Thread.java:929)
08-16 10:12:36.663  8057  8269 D StrictMode: 	at pzd.run(PG:5)
08-16 10:12:36.663  8057  8269 D StrictMode: StrictMode policy violation: android.os.strictmode.NetworkViolation
08-16 10:12:36.663  8057  8269 D StrictMode: 	at android.os.StrictMode$AndroidBlockGuardPolicy.onNetwork(StrictMode.java:1570)
08-16 10:12:36.663  8057  8269 D StrictMode: 	at libcore.io.BlockGuardOs.android_getaddrinfo(BlockGuardOs.java:198)
08-16 10:12:36.663  8057  8269 D StrictMode: 	at libcore.io.ForwardingOs.android_getaddrinfo(ForwardingOs.java:74)
08-16 10:12:36.663  8057  8269 D StrictMode: 	at java.net.Inet6AddressImpl.lookupHostByName(Inet6AddressImpl.java:135)
08-16 10:12:36.663  8057  8269 D StrictMode: 	at java.net.Inet6AddressImpl.lookupAllHostAddr(Inet6AddressImpl.java:103)
08-16 10:12:36.663  8057  8269 D StrictMode: 	at java.net.InetAddress.getByName(InetAddress.java:1106)
08-16 10:12:36.663  8057  8269 D StrictMode: 	at ajon.bM(PG:4)
08-16 10:12:36.663  8057  8269 D StrictMode: 	at fsu.run(PG:68)
08-16 10:12:36.663  8057  8269 D StrictMode: 	at wkq.run(PG:7)
08-16 10:12:36.663  8057  8269 D StrictMode: 	at ahxh.run(PG:3)
08-16 10:12:36.663  8057  8269 D StrictMode: 	at pyt.run(PG:1)
08-16 10:12:36.663  8057  8269 D StrictMode: 	at pyx.run(PG:24)
08-16 10:12:36.663  8057  8269 D StrictMode: 	at pze.run(PG:12)
08-16 10:12:36.663  8057  8269 D StrictMode: 	at pgy.run(PG:6)
08-16 10:12:36.663  8057  8269 D StrictMode: 	at java.lang.Thread.run(Thread.java:929)
08-16 10:12:36.663  8057  8269 D StrictMode: 	at pzd.run(PG:5)
08-16 10:12:36.664   664  1311 W /system/bin/netd: A binder object at 0x7903947f40 is being transacted on, however, this object is in the same process as its proxy. Transacting with this binder is expensive compared to just calling the corresponding functionality in the same process.
08-16 10:12:36.667  8174  8174 I LanguagePlugin_LanguageInstaller: copyLanguageFromZip copy base-es .lpk
08-16 10:12:36.667  8057  8240 I ConnectivityManager: requestNetwork and the calling app is: com.google.android.youtube
08-16 10:12:36.667  8083  8214 D libscanner: fox_v1.1.0_20201021_>>>Version:  WB_v363_CC_r<<<
08-16 10:12:36.668  8174  8174 I LanguagePlugin_LanguageInstaller: base-es is installed
08-16 10:12:36.668  8174  8174 I LanguagePlugin_h: Set to preferred locale: es_CL
08-16 10:12:36.669  1636  2056 D WifiNetworkFactory: got request NetworkRequest [ TRACK_DEFAULT id=8175, [ Capabilities: INTERNET&NOT_RESTRICTED&TRUSTED Uid: 10104 DNN:  SSCMODE: 0 SNSSAI:  PduSessionType: 0 RouteBitmap: 0] ] with score 50 and serial 4
08-16 10:12:36.669  1636  2056 D UntrustedWifiNetworkFactory: got request NetworkRequest [ TRACK_DEFAULT id=8175, [ Capabilities: INTERNET&NOT_RESTRICTED&TRUSTED Uid: 10104 DNN:  SSCMODE: 0 SNSSAI:  PduSessionType: 0 RouteBitmap: 0] ] with score 50 and serial 4
08-16 10:12:36.669  1636  2147 D Ethernet: got request NetworkRequest [ TRACK_DEFAULT id=8175, [ Capabilities: INTERNET&NOT_RESTRICTED&TRUSTED Uid: 10104 DNN:  SSCMODE: 0 SNSSAI:  PduSessionType: 0 RouteBitmap: 0] ] with score 50 and serial 4
08-16 10:12:36.670  2713  2713 D PhoneSwitcherNetworkRequstListener: got request NetworkRequest [ TRACK_DEFAULT id=8175, [ Capabilities: INTERNET&NOT_RESTRICTED&TRUSTED Uid: 10104 DNN:  SSCMODE: 0 SNSSAI:  PduSessionType: 0 RouteBitmap: 0] ] with score 50 and serial 4
08-16 10:12:36.670  2713  2713 D PhoneSwitcherNetworkRequstListener: got request NetworkRequest [ TRACK_DEFAULT id=8175, [ Capabilities: INTERNET&NOT_RESTRICTED&TRUSTED Uid: 10104 DNN:  SSCMODE: 0 SNSSAI:  PduSessionType: 0 RouteBitmap: 0] ] with score 50 and serial 4
08-16 10:12:36.670  1636  2505 D InputDispatcher: Window handle WindowManager has no registered input channel
08-16 10:12:36.671  8083  8083 I AppFeatureLoader: loadFeature entryClazz:com.huawei.gallery.featurelayer.feature.dynamic.Panorama3DFeatureEntry clazz:com.huawei.gallery.feature.panorama3d.IPanorama3DFeature
08-16 10:12:36.671  8057  8233 I ConnectivityManager: requestNetwork and the calling app is: com.google.android.youtube
08-16 10:12:36.671  8083  8083 E AppFeatureLoader: loadFeatureEntry Exception
08-16 10:12:36.671  8083  8083 I AppFeatureLoader: loadFeature fail, iFeature is null
08-16 10:12:36.675  1636  2056 D WifiNetworkFactory: got request NetworkRequest [ TRACK_DEFAULT id=8176, [ Capabilities: INTERNET&NOT_RESTRICTED&TRUSTED Uid: 10104 DNN:  SSCMODE: 0 SNSSAI:  PduSessionType: 0 RouteBitmap: 0] ] with score 50 and serial 4
08-16 10:12:36.675  1636  2056 D UntrustedWifiNetworkFactory: got request NetworkRequest [ TRACK_DEFAULT id=8176, [ Capabilities: INTERNET&NOT_RESTRICTED&TRUSTED Uid: 10104 DNN:  SSCMODE: 0 SNSSAI:  PduSessionType: 0 RouteBitmap: 0] ] with score 50 and serial 4
08-16 10:12:36.676  7774  7774 I ViewInteraction: Checking 'MatchesViewAssertion{viewMatcher=(view has effective visibility <VISIBLE> and view.getGlobalVisibleRect() to return non-empty rectangle)}' assertion on view view.getId() is <2131231206/com.example.dogglers:id/vertical_recycler_view>
08-16 10:12:36.676  1636  2147 D Ethernet: got request NetworkRequest [ TRACK_DEFAULT id=8176, [ Capabilities: INTERNET&NOT_RESTRICTED&TRUSTED Uid: 10104 DNN:  SSCMODE: 0 SNSSAI:  PduSessionType: 0 RouteBitmap: 0] ] with score 50 and serial 4
08-16 10:12:36.684  2713  2713 D VoWifiFactory: got request NetworkRequest [ TRACK_DEFAULT id=8175, [ Capabilities: INTERNET&NOT_RESTRICTED&TRUSTED Uid: 10104 DNN:  SSCMODE: 0 SNSSAI:  PduSessionType: 0 RouteBitmap: 0] ] with score 50 and serial 4
08-16 10:12:36.685  8102  8312 W .apps.messagin: Accessing hidden field Ljava/util/Collections$SynchronizedCollection;->mutex:Ljava/lang/Object; (greylist-max-o, reflection, denied)
08-16 10:12:36.685  8102  8312 W .apps.messagin: Accessing hidden method Ljava/util/Collections$SynchronizedSet;-><init>(Ljava/util/Set;Ljava/lang/Object;)V (greylist-max-o, reflection, denied)
08-16 10:12:36.685  8102  8312 W .apps.messagin: Accessing hidden method Ljava/util/Collections$SynchronizedCollection;-><init>(Ljava/util/Collection;Ljava/lang/Object;)V (greylist-max-o, reflection, denied)
08-16 10:12:36.685 26474 26474 D BoundBrokerSvc: onBind: Intent { act=com.google.android.gms.phenotype.service.START pkg=com.google.android.gms }
08-16 10:12:36.685 26474 26474 D BoundBrokerSvc: Loading bound service for intent: Intent { act=com.google.android.gms.phenotype.service.START pkg=com.google.android.gms }
08-16 10:12:36.687  1636  1653 D InputDispatcher: Window handle WindowManager has no registered input channel
08-16 10:12:36.687  2690  3310 I AppManager: dependence has been existed:8057 -> 26474
08-16 10:12:36.696  8083  8083 D ClickStatusBarReceiver: constructed !
08-16 10:12:36.697  1046  1070 D AwareLog: iawared: WorkingsetProcessCommand subCmd = 352, userId=10431, pid=7774, com.example.dogglers/.VerticalListActivity
08-16 10:12:36.697  1046  1070 D AwareLog: iawared: WorkingsetStop com.example.dogglers/.VerticalListActivity
08-16 10:12:36.698  1636  1636 D HwConnectivityManagerImpl: getNetworkPolicyFlag flagStr null
08-16 10:12:36.698  1046  1070 D AwareLog: iawared: WorkingsetProcessCommand subCmd = 350, userId=10431, pid=7774, com.example.dogglers/androidx.test.core.app.InstrumentationActivityInvoker$EmptyActivity
08-16 10:12:36.698  1046  1070 D AwareLog: iawared: WorkingsetSendPrereadMsg com.example.dogglers/androidx.test.core.app.InstrumentationActivityInvoker$EmptyActivity
08-16 10:12:36.698  1046  1070 D AwareLog: iawared: WorkingsetStart com.example.dogglers/androidx.test.core.app.InstrumentationActivityInvoker$EmptyActivity in monitor0
08-16 10:12:36.700  7774  7774 D LifecycleMonitor: Lifecycle status change: com.example.dogglers.VerticalListActivity@ab68959 in: PAUSED
08-16 10:12:36.701  7774  7774 V ActivityScenario: Activity lifecycle changed event received but ignored because the intent does not match. startActivityIntent=Intent { act=android.intent.action.MAIN cat=[android.intent.category.LAUNCHER] cmp=com.example.dogglers/.MainActivity }, activity.getIntent()=Intent { cmp=com.example.dogglers/.VerticalListActivity }, activity=com.example.dogglers.VerticalListActivity@ab68959
08-16 10:12:36.702  1636  7420 D StubTelephonyRegistry: uid:10104 pid:8057 PhoneStateListener.LISTEN_CELL_LOCATION:16 events:1
08-16 10:12:36.703  1636  1963 D InputDispatcher: Window handle WindowManager has no registered input channel
08-16 10:12:36.704  2713  2713 D VoWifiFactory: got request NetworkRequest [ TRACK_DEFAULT id=8176, [ Capabilities: INTERNET&NOT_RESTRICTED&TRUSTED Uid: 10104 DNN:  SSCMODE: 0 SNSSAI:  PduSessionType: 0 RouteBitmap: 0] ] with score 50 and serial 4
08-16 10:12:36.704  2713  2713 D PhoneSwitcherNetworkRequstListener: got request NetworkRequest [ TRACK_DEFAULT id=8176, [ Capabilities: INTERNET&NOT_RESTRICTED&TRUSTED Uid: 10104 DNN:  SSCMODE: 0 SNSSAI:  PduSessionType: 0 RouteBitmap: 0] ] with score 50 and serial 4
08-16 10:12:36.704  2713  2713 D PhoneSwitcherNetworkRequstListener: got request NetworkRequest [ TRACK_DEFAULT id=8176, [ Capabilities: INTERNET&NOT_RESTRICTED&TRUSTED Uid: 10104 DNN:  SSCMODE: 0 SNSSAI:  PduSessionType: 0 RouteBitmap: 0] ] with score 50 and serial 4
08-16 10:12:36.706  1636  1652 D ZrHung.AppEyeFocusWindow: FocusWindowErrorScene CheckFreezeScreen
08-16 10:12:36.706  1636  1652 D ZrHung.AppEyeTransparentWindow: TransparentWindow cancelCheckFreezeScreen
08-16 10:12:36.711  7774  7774 W ActivityThread: handleWindowVisibility: no activity for token android.os.BinderProxy@fd6cafa
08-16 10:12:36.713  8057  8241 W YouTube : Invalid playback type; streaming data is not playable
08-16 10:12:36.714  1021 29289 I AGPService: aps-info: focus pkgName - com.example.dogglers, with 0 more apps
08-16 10:12:36.714  7774  7774 D LifecycleMonitor: Lifecycle status change: androidx.test.core.app.InstrumentationActivityInvoker$EmptyActivity@7a8c8ab in: PRE_ON_CREATE
08-16 10:12:36.714  1021 29289 E AGPService: FrameRateManager: iaware strange app type: -1
08-16 10:12:36.714  1021 29289 I AGPService: FrameRateManager: aps-info: new pkgName - com.example.dogglers, type - -1
08-16 10:12:36.714  7774  7774 V ActivityScenario: Activity lifecycle changed event received but ignored because the intent does not match. startActivityIntent=Intent { act=android.intent.action.MAIN cat=[android.intent.category.LAUNCHER] cmp=com.example.dogglers/.MainActivity }, activity.getIntent()=Intent { act=android.intent.action.MAIN cat=[android.intent.category.LAUNCHER] flg=0x10000000 cmp=com.example.dogglers/androidx.test.core.app.InstrumentationActivityInvoker$EmptyActivity }, activity=androidx.test.core.app.InstrumentationActivityInvoker$EmptyActivity@7a8c8ab
08-16 10:12:36.716  1021 29289 I AGPService: GpuPolicyManager: m_currentPkgName - com.example.dogglers
08-16 10:12:36.717  2661  3071 D DollieActivityManagerAdapter: [Paused] pid:7774 uid:10431 ComponentInfo{com.example.dogglers/com.example.dogglers.VerticalListActivity} uidState:2
08-16 10:12:36.718  3386  7816 I HiAdKit.DC.PageSwitchEvent:  switch is off
08-16 10:12:36.719  3386  7816 I HiAdKit.DC.PaymentPageSwitchEvent:  switch is off
08-16 10:12:36.719  3386  7816 I HiAdKit.DC.LiteAppPageSwitchEvent:  switch is off
08-16 10:12:36.720  1636  2918 D InputDispatcher: Window handle WindowManager has no registered input channel
08-16 10:12:36.724  8174  8174 D ApplicationLoaders: createClassLoader zip: /data/app/com.google.android.trichromelibrary_579016631-DGR1Vv-rUTeG8v9QLtDtnQ==/base.apk librarySearchPath: /data/app/com.google.android.webview-in5BznCMmGLzA31S1kjVNQ==/lib/arm64:/data/app/com.google.android.webview-in5BznCMmGLzA31S1kjVNQ==/base.apk!/lib/arm64-v8a:/data/app/com.google.android.webview-in5BznCMmGLzA31S1kjVNQ==/split_config.es.apk!/lib/arm64-v8a:/data/app/com.google.android.trichromelibrary_579016631-DGR1Vv-rUTeG8v9QLtDtnQ==/base.apk!/lib/arm64-v8a libraryPermittedPath:  parent: java.lang.BootClassLoader@c9fb617 targetSdkVersion: 34 isBundled: false classLoaderName: null sharedLibraries: null
08-16 10:12:36.725  8083  8083 I HwTypeface: updateFont: scale=0.95
08-16 10:12:36.725  8083  8083 D SystemFonts: areFontsVariable: script=Latn
08-16 10:12:36.726  8174  8174 D ApplicationLoaders: createClassLoader zip: /data/app/com.google.android.webview-in5BznCMmGLzA31S1kjVNQ==/base.apk librarySearchPath: /data/app/com.google.android.webview-in5BznCMmGLzA31S1kjVNQ==/lib/arm64:/data/app/com.google.android.webview-in5BznCMmGLzA31S1kjVNQ==/base.apk!/lib/arm64-v8a:/data/app/com.google.android.webview-in5BznCMmGLzA31S1kjVNQ==/split_config.es.apk!/lib/arm64-v8a:/data/app/com.google.android.trichromelibrary_579016631-DGR1Vv-rUTeG8v9QLtDtnQ==/base.apk!/lib/arm64-v8a libraryPermittedPath:  parent: java.lang.BootClassLoader@c9fb617 targetSdkVersion: 34 isBundled: false classLoaderName: null sharedLibraries: [dalvik.system.PathClassLoader[DexPathList[[zip file "/data/app/com.google.android.trichromelibrary_579016631-DGR1Vv-rUTeG8v9QLtDtnQ==/base.apk"],nativeLibraryDirectories=[/data/app/com.google.android.webview-in5BznCMmGLzA31S1kjVNQ==/lib/arm64, /data/app/com.google.android.webview-in5BznCMmGLzA31S1kjVNQ==/base.apk!/lib/arm64-v8a, /data/app/com.google.android.webview-in5BznCMmGLzA31S1kjVNQ==/split_config.es.apk!/lib/arm64-v8a, /data/app/com.google.android.trichromelibrary_579016631-DGR1Vv-rUTeG8v9QLtDtnQ==/base.apk!/lib/arm64-v8a, /system/lib64, /hw_product/lib64, /system/product/lib64, /prets/lib64]]]]
08-16 10:12:36.727  7774  7774 I DecorView[]: pkgName:com.example.dogglers old windowMode:0 new windoMode:1, isFixedSize:false
08-16 10:12:36.729  7774  7774 D LifecycleMonitor: Lifecycle status change: androidx.test.core.app.InstrumentationActivityInvoker$EmptyActivity@7a8c8ab in: CREATED
08-16 10:12:36.729  7774  7774 V ActivityScenario: Activity lifecycle changed event received but ignored because the intent does not match. startActivityIntent=Intent { act=android.intent.action.MAIN cat=[android.intent.category.LAUNCHER] cmp=com.example.dogglers/.MainActivity }, activity.getIntent()=Intent { act=android.intent.action.MAIN cat=[android.intent.category.LAUNCHER] flg=0x10000000 cmp=com.example.dogglers/androidx.test.core.app.InstrumentationActivityInvoker$EmptyActivity }, activity=androidx.test.core.app.InstrumentationActivityInvoker$EmptyActivity@7a8c8ab
08-16 10:12:36.730  7774  7774 D LifecycleMonitor: Lifecycle status change: androidx.test.core.app.InstrumentationActivityInvoker$EmptyActivity@7a8c8ab in: STARTED
08-16 10:12:36.730  7774  7774 V ActivityScenario: Activity lifecycle changed event received but ignored because the intent does not match. startActivityIntent=Intent { act=android.intent.action.MAIN cat=[android.intent.category.LAUNCHER] cmp=com.example.dogglers/.MainActivity }, activity.getIntent()=Intent { act=android.intent.action.MAIN cat=[android.intent.category.LAUNCHER] flg=0x10000000 cmp=com.example.dogglers/androidx.test.core.app.InstrumentationActivityInvoker$EmptyActivity }, activity=androidx.test.core.app.InstrumentationActivityInvoker$EmptyActivity@7a8c8ab
08-16 10:12:36.732  7774  7774 D LifecycleMonitor: Lifecycle status change: androidx.test.core.app.InstrumentationActivityInvoker$EmptyActivity@7a8c8ab in: RESUMED
08-16 10:12:36.732  7774  7774 V ActivityScenario: Activity lifecycle changed event received but ignored because the intent does not match. startActivityIntent=Intent { act=android.intent.action.MAIN cat=[android.intent.category.LAUNCHER] cmp=com.example.dogglers/.MainActivity }, activity.getIntent()=Intent { act=android.intent.action.MAIN cat=[android.intent.category.LAUNCHER] flg=0x10000000 cmp=com.example.dogglers/androidx.test.core.app.InstrumentationActivityInvoker$EmptyActivity }, activity=androidx.test.core.app.InstrumentationActivityInvoker$EmptyActivity@7a8c8ab
08-16 10:12:36.733  7774  7774 D MouseWheelSynthesizer: mMoveStepInDp: 64, mMoveStepInPixel: 192, mUpTimeDelayed: 100
08-16 10:12:36.734  7774  7774 D ViewRootImpl: ViewRootImpl mIsInProductivePCDisplay: false
08-16 10:12:36.734  1636  2504 I HwPCUtils#HwRioViewManager: check if rio enable, displayId = 0， packageName = com.example.dogglers
08-16 10:12:36.736  1636  1653 D InputDispatcher: Window handle WindowManager has no registered input channel
08-16 10:12:36.737   664  1311 W /system/bin/netd: A binder object at 0x7903947f40 is being transacted on, however, this object is in the same process as its proxy. Transacting with this binder is expensive compared to just calling the corresponding functionality in the same process.
08-16 10:12:36.739  7774  7774 D InputEventReceiver: dispatchInputInterval 1000000
08-16 10:12:36.742  8174  8174 I WebViewFactory: Loading com.google.android.webview version 115.0.5790.166 (code 579016631)
08-16 10:12:36.742  7774  7774 D DecorView: showOrHideHighlightView: hasFocus=false; winMode=1; isMrgNull=true
08-16 10:12:36.743  2661 30856 I Hicom_Monitor: mActivityNotifierEx, className = androidx.test.core.app.InstrumentationActivityInvoker$EmptyActivity, uid = 10431
08-16 10:12:36.747  6225  9809 I CAWARENESS_AppUsageManager: onEvent, packageName=com.example.dogglers, activityName=androidx.test.core.app.InstrumentationActivityInvoker$EmptyActivity
08-16 10:12:36.747  6225  9809 I CAWARENESS_AppUsageManager: fuse currently and delay publish
08-16 10:12:36.747  8174  8174 W linker  : Warning: "/data/app/com.google.android.webview-in5BznCMmGLzA31S1kjVNQ==/base.apk!/lib/arm64-v8a/libmonochrome.so" unused DT entry: unknown processor-specific (type 0x70000001 arg 0x0) (ignoring)
08-16 10:12:36.748  3386  7832 I HiAdKit.DC.PageSwitchEvent:  switch is off
08-16 10:12:36.748  3386  7832 I HiAdKit.DC.PaymentPageSwitchEvent:  switch is off
08-16 10:12:36.748  3386  7832 I HiAdKit.DC.LiteAppPageSwitchEvent:  switch is off
08-16 10:12:36.749  2661  3071 D DollieActivityManagerAdapter: [Resumed] bg:false pid:7774 uid:10431 ComponentInfo{com.example.dogglers/androidx.test.core.app.InstrumentationActivityInvoker$EmptyActivity}
08-16 10:12:36.749  2661  3071 E DollieAdapterService: notifyActivityState pkg:com.example.dogglers/androidx.test.core.app.InstrumentationActivityInvoker$EmptyActivity state:2 fg:true mUid:10431
08-16 10:12:36.749  2661  3071 I OllieMsgCenter: publishEvt=2130771985
08-16 10:12:36.750  1636  2505 D ZrHung.AppEyeFocusWindow: FocusWindowErrorScene cancelCheckFreezeScreen
08-16 10:12:36.750  1636  2505 D ZrHung.AppEyeTransparentWindow: TransparentWindow mHungConfigStatus = 0,mHungConfigEnable = 1
08-16 10:12:36.750  1636  1660 D HwPhoneWindowManager: Transact:setSystemUIColor to status bar service
08-16 10:12:36.752  7774  7850 D mali_winsys: EGLint new_window_surface(egl_winsys_display *, void *, EGLSurface, EGLConfig, egl_winsys_surface **, EGLBoolean) returns 0x3000
08-16 10:12:36.753  2580 23377 I OPCollectLog: AppChangeImpl:call onAppChange.
08-16 10:12:36.753  2580  6962 I OPCollectLog: HwForegroundAppAction:handleMessage
08-16 10:12:36.753  2580  6962 D OPCollectLog: HwForegroundAppAction:FG executeWithArgs
08-16 10:12:36.753  1636  1653 D InputDispatcher: Window handle WindowManager has no registered input channel
08-16 10:12:36.753  2580  6962 I OPCollectLog: OPCollectUtils:ODMF Api Version:2.16.3
08-16 10:12:36.754  8083  8214 I DE I -de: nativeInit:75: Loading algorithms
08-16 10:12:36.754  8083  8214 I DE I -de: initLogSwitch:31: isProductDebuggable=0, isDebugLogOn=0
08-16 10:12:36.755  2580  6962 I OPCollectLog: Action:HwForegroundAppAction executed successfully
08-16 10:12:36.755  2580  6962 D OPCollectLog: OdmfCollectScheduler:handleMessage msg: 4
08-16 10:12:36.755  2580  6962 I OPCollectLog: OdmfHelper:opcollectCache 1
08-16 10:12:36.755  2580  6962 I OPCollectLog: OdmfHelper:opcollectCache curTime: 574930850, interval: 365
08-16 10:12:36.756  2580  6962 I OPCollectLog: OdmfHelper:isCharging: true
08-16 10:12:36.761  2580  6962 I OPCollectLog: OdmfHelper:insert database success
08-16 10:12:36.761  2580  6962 I OPCollectLog: OdmfHelper:opcollectCache size: 1
08-16 10:12:36.761  2580  6962 I OPCollectLog: OdmfHelper:opcollectCache lastTime: 574930856
08-16 10:12:36.762  2661  3071 I ConnCureStateMonitor: handleMessage: msg[4]
08-16 10:12:36.764  8102  8102 I clfk    : SslGuard completed installation.
08-16 10:12:36.768  7774  8337 D HiTouch_PressGestureDetector: onAttached, package=com.example.dogglers, windowType=1, mIsHiTouchRestricted=false
08-16 10:12:36.770  7774  7774 D DecorView: showOrHideHighlightView: hasFocus=true; winMode=1; isMrgNull=true
08-16 10:12:36.770  7774  7774 W InputMethodManager: startInputReason = 1
08-16 10:12:36.770  7774  7774 W HwRemoteInputMethodManager: isCasting false because IHwDistributedWindowManager is invalid.
08-16 10:12:36.772  1636  1964 D InputDispatcher: Window handle WindowManager has no registered input channel
08-16 10:12:36.773  1040  3884 E Thermal-daemon:ambient: UpdateAmbientInformation: is first history!!
08-16 10:12:36.774  7774  7774 D LifecycleMonitor: Lifecycle status change: com.example.dogglers.MainActivity@ce9ee77 in: STOPPED
08-16 10:12:36.774  7774  7774 V ActivityScenario: Update currentActivityStage to STOPPED, currentActivity=com.example.dogglers.MainActivity@ce9ee77
08-16 10:12:36.774  1040  3884 E Thermal-daemon:ambient: UpdateAmbientInformation: devCurrent -32, last_avg_current 279, clear history input array
08-16 10:12:36.776  7774  7774 D LifecycleMonitor: Lifecycle status change: com.example.dogglers.MainActivity@ce9ee77 in: DESTROYED
08-16 10:12:36.776  7774  7774 V ActivityScenario: Update currentActivityStage to DESTROYED, currentActivity=null
08-16 10:12:36.777  2661  3071 I ConnCureStateMonitor: canPerformConnCure: isWifiConnected[false] isDataConnected[true]
08-16 10:12:36.777  2661  3071 D ConnCureConfigUtil: isCaredApp: input = com.example.dogglers
08-16 10:12:36.777  2661  3071 I ConnCureStateMonitor: isCaredApp:false,isAllowed:true,isDataEnabled:true
08-16 10:12:36.779  1636  1636 D HwConnectivityManagerImpl: getNetworkPolicyFlag flagStr null
08-16 10:12:36.779   757   993 W BufferQueueProducer: [com.example.dogglers/com.example.dogglers.MainActivity#0]:1390: disconnect: not connected (req=1)
08-16 10:12:36.780  7774  7850 W libEGL  : EGLNativeWindowType 0x76e4c28810 disconnect failed
08-16 10:12:36.781  2208  2208 D BarTransitions.HwPhoneStatusBarView: MODE_TRANSPARENT -> MODE_OPAQUE animate=false
08-16 10:12:36.781  2208  2208 D BarTransitions.HwPhoneStatusBarView: applyModeBackground oldMode=MODE_TRANSPARENT newMode=MODE_OPAQUE animate=false
08-16 10:12:36.781  2208  2208 D BarTransitions.HwNavigationBarView: MODE_TRANSPARENT -> MODE_OPAQUE animate=false
08-16 10:12:36.781  2208  2208 D BarTransitions.HwNavigationBarView: applyModeBackground oldMode=MODE_TRANSPARENT newMode=MODE_OPAQUE animate=false
08-16 10:12:36.782   753 14063 D AudioPolicyService: getUidState(10028) !cacheIter->second.first, return PROCESS_STATE_UNKNOWN
08-16 10:12:36.784  8102  8102 I Bugle   : BugleApplicationBase: Bugle version: messages.android_20230711_01_rc01.phone_dynamic
08-16 10:12:36.786  1636  1653 D InputDispatcher: Window handle WindowManager has no registered input channel
08-16 10:12:36.788  8174  8174 I cr_WVCFactoryProvider: Loaded version=115.0.5790.166 minSdkVersion=29 isBundle=true multiprocess=true packageId=3
08-16 10:12:36.790  8102  8102 I Bugle   : DarkModeManager: setDarkMode: -1
08-16 10:12:36.790  8102  8102 I HwTypeface: updateFont: scale=0.95
08-16 10:12:36.791  8102  8102 D SystemFonts: areFontsVariable: script=Latn
08-16 10:12:36.804  1636  2813 D InputDispatcher: Window handle WindowManager has no registered input channel
08-16 10:12:36.806   757   992 W BufferQueueProducer: [com.example.dogglers/com.example.dogglers.VerticalListActivity#0]:1390: disconnect: not connected (req=1)
08-16 10:12:36.806  7774  7850 W libEGL  : EGLNativeWindowType 0x76da534fd0 disconnect failed
08-16 10:12:36.819  1636  1963 D InputDispatcher: Window handle WindowManager has no registered input channel
08-16 10:12:36.821  8174  8174 I cr_LibraryLoader: Successfully loaded native library
08-16 10:12:36.821  8174  8174 I cr_CachingUmaRecorder: Flushed 6 samples from 6 histograms, 0 samples were dropped.
08-16 10:12:36.827  7774  7774 D LifecycleMonitor: Lifecycle status change: androidx.test.core.app.InstrumentationActivityInvoker$BootstrapActivity@2192e4c in: DESTROYED
08-16 10:12:36.827  7774  7774 V ActivityScenario: Activity lifecycle changed event received but ignored because the intent does not match. startActivityIntent=Intent { act=android.intent.action.MAIN cat=[android.intent.category.LAUNCHER] cmp=com.example.dogglers/.MainActivity }, activity.getIntent()=Intent { act=android.intent.action.MAIN cat=[android.intent.category.LAUNCHER] flg=0x10008000 cmp=com.example.dogglers/androidx.test.core.app.InstrumentationActivityInvoker$BootstrapActivity (has extras) }, activity=androidx.test.core.app.InstrumentationActivityInvoker$BootstrapActivity@2192e4c
08-16 10:12:36.827   753 14063 D AudioPolicyService: getUidState(10028) !cacheIter->second.first, return PROCESS_STATE_UNKNOWN
08-16 10:12:36.828  7774  7774 D LifecycleMonitor: Lifecycle status change: androidx.test.core.app.InstrumentationActivityInvoker$EmptyActivity@7a8c8ab in: PAUSED
08-16 10:12:36.828  7774  7774 V ActivityScenario: Activity lifecycle changed event received but ignored because the intent does not match. startActivityIntent=Intent { act=android.intent.action.MAIN cat=[android.intent.category.LAUNCHER] cmp=com.example.dogglers/.MainActivity }, activity.getIntent()=Intent { act=android.intent.action.MAIN cat=[android.intent.category.LAUNCHER] flg=0x10000000 cmp=com.example.dogglers/androidx.test.core.app.InstrumentationActivityInvoker$EmptyActivity }, activity=androidx.test.core.app.InstrumentationActivityInvoker$EmptyActivity@7a8c8ab
08-16 10:12:36.833  1636  2813 D ZrHung.AppEyeFocusWindow: FocusWindowErrorScene CheckFreezeScreen
08-16 10:12:36.833  1636  2813 D ZrHung.AppEyeTransparentWindow: TransparentWindow cancelCheckFreezeScreen
08-16 10:12:36.834  8102  8102 D WM-PackageManagerHelper: Skipping component enablement for androidx.work.impl.background.systemjob.SystemJobService
08-16 10:12:36.834  8102  8102 D WM-Schedulers: Created SystemJobScheduler and enabled SystemJobService
08-16 10:12:36.836  1046  1070 D AwareLog: iawared: WorkingsetProcessCommand subCmd = 352, userId=10431, pid=7774, com.example.dogglers/androidx.test.core.app.InstrumentationActivityInvoker$EmptyActivity
08-16 10:12:36.836  1046  1070 D AwareLog: iawared: WorkingsetStop com.example.dogglers/androidx.test.core.app.InstrumentationActivityInvoker$EmptyActivity
08-16 10:12:36.837  1636  1963 D InputDispatcher: Window handle WindowManager has no registered input channel
08-16 10:12:36.837  1046  1070 D AwareLog: iawared: WorkingsetProcessCommand subCmd = 350, userId=10431, pid=7774, com.example.dogglers/androidx.test.core.app.InstrumentationActivityInvoker$EmptyActivity
08-16 10:12:36.837  1046  1070 D AwareLog: iawared: WorkingsetSendPrereadMsg com.example.dogglers/androidx.test.core.app.InstrumentationActivityInvoker$EmptyActivity
08-16 10:12:36.837  1046  1070 D AwareLog: iawared: WorkingsetStart com.example.dogglers/androidx.test.core.app.InstrumentationActivityInvoker$EmptyActivity in monitor1
08-16 10:12:36.838  7774  7774 W ActivityThread: handleWindowVisibility: no activity for token android.os.BinderProxy@7ddb595
08-16 10:12:36.838  7774  7774 I AwareBitmapCacher: init lrucache size: 2097152 pid=7774
08-16 10:12:36.839  2315  2315 E FullInputEventModel: onStartInput event aborted: fk.c0: could not obtain extracted text (class fk.c0)
08-16 10:12:36.842  3386  7833 I HiAdKit.DC.PageSwitchEvent:  switch is off
08-16 10:12:36.842  3386  7833 I HiAdKit.DC.PaymentPageSwitchEvent:  switch is off
08-16 10:12:36.842  3386  7833 I HiAdKit.DC.LiteAppPageSwitchEvent:  switch is off
08-16 10:12:36.842  1636 11047 I MQoS    : MSG_QUERY_TCP_INFO called,count:3437
08-16 10:12:36.842  7774  7774 D LifecycleMonitor: Lifecycle status change: androidx.test.core.app.InstrumentationActivityInvoker$EmptyActivity@cf7e6aa in: PRE_ON_CREATE
