08-16 10:12:51.428  1636  8140 E system_server: No package ID 7f found for ID 0x7f0809e7.
08-16 10:12:51.428  1636  8140 E system_server: No package ID 7f found for ID 0x7f120e41.
08-16 10:12:51.428  1636  8140 E system_server: No package ID 7f found for ID 0x7f0809e6.
08-16 10:12:51.428  1636  8140 E system_server: No package ID 7f found for ID 0x7f120e40.
08-16 10:12:51.431  7774  7774 D LifecycleMonitor: Lifecycle status change: com.example.dogglers.VerticalListActivity@9636f19 in: PAUSED
08-16 10:12:51.431  7774  7774 V ActivityScenario: Update currentActivityStage to PAUSED, currentActivity=com.example.dogglers.VerticalListActivity@9636f19
08-16 10:12:51.434  1046  1070 D AwareLog: iawared: WorkingsetProcessCommand subCmd = 352, userId=10431, pid=7774, com.example.dogglers/.VerticalListActivity
08-16 10:12:51.434  1046  1070 D AwareLog: iawared: WorkingsetStop com.example.dogglers/.VerticalListActivity
08-16 10:12:51.434  1636  1963 D ZrHung.AppEyeFocusWindow: FocusWindowErrorScene CheckFreezeScreen
08-16 10:12:51.435  1636  1963 D ZrHung.AppEyeTransparentWindow: TransparentWindow cancelCheckFreezeScreen
08-16 10:12:51.435  1046  1070 D AwareLog: iawared: WorkingsetProcessCommand subCmd = 350, userId=10431, pid=7774, com.example.dogglers/androidx.test.core.app.InstrumentationActivityInvoker$EmptyActivity
08-16 10:12:51.435  1046  1070 D AwareLog: iawared: WorkingsetSendPrereadMsg com.example.dogglers/androidx.test.core.app.InstrumentationActivityInvoker$EmptyActivity
08-16 10:12:51.435  1046  1070 D AwareLog: iawared: WorkingsetStart com.example.dogglers/androidx.test.core.app.InstrumentationActivityInvoker$EmptyActivity in monitor0
08-16 10:12:51.436  1636  3594 D InputDispatcher: Window handle WindowManager has no registered input channel
08-16 10:12:51.438  7774  7774 W ActivityThread: handleWindowVisibility: no activity for token android.os.BinderProxy@882906b
08-16 10:12:51.442  7774  7774 D LifecycleMonitor: Lifecycle status change: androidx.test.core.app.InstrumentationActivityInvoker$EmptyActivity@55a47c8 in: PRE_ON_CREATE
08-16 10:12:51.443  7774  7774 V ActivityScenario: Activity lifecycle changed event received but ignored because the intent does not match. startActivityIntent=Intent { act=android.intent.action.MAIN cat=[android.intent.category.LAUNCHER] cmp=com.example.dogglers/.VerticalListActivity }, activity.getIntent()=Intent { act=android.intent.action.MAIN cat=[android.intent.category.LAUNCHER] flg=0x10000000 cmp=com.example.dogglers/androidx.test.core.app.InstrumentationActivityInvoker$EmptyActivity }, activity=androidx.test.core.app.InstrumentationActivityInvoker$EmptyActivity@55a47c8
08-16 10:12:51.446  3386  7833 I HiAdKit.DC.PageSwitchEvent:  switch is off
08-16 10:12:51.446  3386  7833 I HiAdKit.DC.PaymentPageSwitchEvent:  switch is off
08-16 10:12:51.446  3386  7833 I HiAdKit.DC.LiteAppPageSwitchEvent:  switch is off
08-16 10:12:51.447  2661  3071 D DollieActivityManagerAdapter: [Paused] pid:7774 uid:10431 ComponentInfo{com.example.dogglers/com.example.dogglers.VerticalListActivity} uidState:2
08-16 10:12:51.447  7774  7774 I DecorView[]: pkgName:com.example.dogglers old windowMode:0 new windoMode:1, isFixedSize:false
08-16 10:12:51.447  1636  8140 E system_server: No package ID 7f found for ID 0x7f080a9e.
08-16 10:12:51.447  1636  8140 E system_server: No package ID 7f found for ID 0x7f1204cd.
08-16 10:12:51.447  1636  8140 E system_server: No package ID 7f found for ID 0x7f1204cd.
08-16 10:12:51.447  1636  8140 E system_server: No package ID 7f found for ID 0x7f1204cf.
08-16 10:12:51.447  1636  8140 E system_server: No package ID 7f found for ID 0x7f080a9c.
08-16 10:12:51.447  1636  8140 E system_server: No package ID 7f found for ID 0x7f1204ce.
08-16 10:12:51.447  1636  8140 E system_server: No package ID 7f found for ID 0x7f1204ce.
08-16 10:12:51.447  1636  8140 E system_server: No package ID 7f found for ID 0x7f1204cf.
08-16 10:12:51.447  1636  8140 E system_server: No package ID 7f found for ID 0x7f080a9d.
08-16 10:12:51.447  1636  8140 E system_server: No package ID 7f found for ID 0x7f1204d0.
08-16 10:12:51.447  1636  8140 E system_server: No package ID 7f found for ID 0x7f1204d0.
08-16 10:12:51.447  1636  8140 E system_server: No package ID 7f found for ID 0x7f1204cf.
08-16 10:12:51.448  7774  7774 D LifecycleMonitor: Lifecycle status change: androidx.test.core.app.InstrumentationActivityInvoker$EmptyActivity@55a47c8 in: CREATED
08-16 10:12:51.449  7774  7774 V ActivityScenario: Activity lifecycle changed event received but ignored because the intent does not match. startActivityIntent=Intent { act=android.intent.action.MAIN cat=[android.intent.category.LAUNCHER] cmp=com.example.dogglers/.VerticalListActivity }, activity.getIntent()=Intent { act=android.intent.action.MAIN cat=[android.intent.category.LAUNCHER] flg=0x10000000 cmp=com.example.dogglers/androidx.test.core.app.InstrumentationActivityInvoker$EmptyActivity }, activity=androidx.test.core.app.InstrumentationActivityInvoker$EmptyActivity@55a47c8
08-16 10:12:51.449  7774  7774 D LifecycleMonitor: Lifecycle status change: androidx.test.core.app.InstrumentationActivityInvoker$EmptyActivity@55a47c8 in: STARTED
08-16 10:12:51.449  7774  7774 V ActivityScenario: Activity lifecycle changed event received but ignored because the intent does not match. startActivityIntent=Intent { act=android.intent.action.MAIN cat=[android.intent.category.LAUNCHER] cmp=com.example.dogglers/.VerticalListActivity }, activity.getIntent()=Intent { act=android.intent.action.MAIN cat=[android.intent.category.LAUNCHER] flg=0x10000000 cmp=com.example.dogglers/androidx.test.core.app.InstrumentationActivityInvoker$EmptyActivity }, activity=androidx.test.core.app.InstrumentationActivityInvoker$EmptyActivity@55a47c8
08-16 10:12:51.450  1636  2012 W Process : Unable to open /proc/-1/status
08-16 10:12:51.451  7774  7774 D LifecycleMonitor: Lifecycle status change: androidx.test.core.app.InstrumentationActivityInvoker$EmptyActivity@55a47c8 in: RESUMED
08-16 10:12:51.451  2730  2730 I RmeSchedManager: init Rme, version is: v1.0
08-16 10:12:51.451  7774  7774 V ActivityScenario: Activity lifecycle changed event received but ignored because the intent does not match. startActivityIntent=Intent { act=android.intent.action.MAIN cat=[android.intent.category.LAUNCHER] cmp=com.example.dogglers/.VerticalListActivity }, activity.getIntent()=Intent { act=android.intent.action.MAIN cat=[android.intent.category.LAUNCHER] flg=0x10000000 cmp=com.example.dogglers/androidx.test.core.app.InstrumentationActivityInvoker$EmptyActivity }, activity=androidx.test.core.app.InstrumentationActivityInvoker$EmptyActivity@55a47c8
08-16 10:12:51.452  7774  7774 D MouseWheelSynthesizer: mMoveStepInDp: 64, mMoveStepInPixel: 192, mUpTimeDelayed: 100
08-16 10:12:51.452  7774  7774 D ViewRootImpl: ViewRootImpl mIsInProductivePCDisplay: false
08-16 10:12:51.452  1636  1963 D InputDispatcher: Window handle WindowManager has no registered input channel
08-16 10:12:51.452  9978  9978 I android.notepa: The ClassLoaderContext is a special shared library.
08-16 10:12:51.453  1636  1963 I HwPCUtils#HwRioViewManager: check if rio enable, displayId = 0， packageName = com.example.dogglers
08-16 10:12:51.457  7774  7774 D InputEventReceiver: dispatchInputInterval 1000000
08-16 10:12:51.458  2661 30856 I Hicom_Monitor: mActivityNotifierEx, className = androidx.test.core.app.InstrumentationActivityInvoker$EmptyActivity, uid = 10431
08-16 10:12:51.459  2661  3071 D DollieActivityManagerAdapter: [Resumed] bg:false pid:7774 uid:10431 ComponentInfo{com.example.dogglers/androidx.test.core.app.InstrumentationActivityInvoker$EmptyActivity}
08-16 10:12:51.459  2661  3071 E DollieAdapterService: notifyActivityState pkg:com.example.dogglers/androidx.test.core.app.InstrumentationActivityInvoker$EmptyActivity state:2 fg:true mUid:10431
08-16 10:12:51.459  2661  3071 I OllieMsgCenter: publishEvt=2130771985
08-16 10:12:51.460  6225  9809 I CAWARENESS_AppUsageManager: onEvent, packageName=com.example.dogglers, activityName=androidx.test.core.app.InstrumentationActivityInvoker$EmptyActivity
08-16 10:12:51.460  6225  9809 I CAWARENESS_AppUsageManager: fuse currently and delay publish
08-16 10:12:51.460  7774  7774 D DecorView: showOrHideHighlightView: hasFocus=false; winMode=1; isMrgNull=true
08-16 10:12:51.461  2580 23377 I OPCollectLog: AppChangeImpl:call onAppChange.
08-16 10:12:51.461  2580  6962 I OPCollectLog: HwForegroundAppAction:handleMessage
08-16 10:12:51.461  2580  6962 D OPCollectLog: HwForegroundAppAction:FG executeWithArgs
08-16 10:12:51.461  2580  6962 I OPCollectLog: OPCollectUtils:ODMF Api Version:2.16.3
08-16 10:12:51.461  2580  6962 I OPCollectLog: Action:HwForegroundAppAction executed successfully
08-16 10:12:51.461  2580  6962 D OPCollectLog: OdmfCollectScheduler:handleMessage msg: 4
08-16 10:12:51.461  2580  6962 I OPCollectLog: OdmfHelper:opcollectCache 1
08-16 10:12:51.461  2580  6962 I OPCollectLog: OdmfHelper:opcollectCache curTime: 574945556, interval: 93
08-16 10:12:51.462  2690 22775 I PGServer: getTopFrontApp. calling pkg: android
08-16 10:12:51.462  3386  7832 I HiAdKit.DC.PageSwitchEvent:  switch is off
08-16 10:12:51.462  3386  7832 I HiAdKit.DC.PaymentPageSwitchEvent:  switch is off
08-16 10:12:51.462  2580  6962 I OPCollectLog: OdmfHelper:isCharging: true
08-16 10:12:51.462  3386  7832 I HiAdKit.DC.LiteAppPageSwitchEvent:  switch is off
08-16 10:12:51.463  2580  6962 I OPCollectLog: OdmfHelper:insert database success
08-16 10:12:51.463  2580  6962 I OPCollectLog: OdmfHelper:opcollectCache size: 1
08-16 10:12:51.463  2580  6962 I OPCollectLog: OdmfHelper:opcollectCache lastTime: 574945558
08-16 10:12:51.463  7774 10008 D HiTouch_PressGestureDetector: onAttached, package=com.example.dogglers, windowType=1, mIsHiTouchRestricted=false
08-16 10:12:51.466  1636  3594 D ZrHung.AppEyeFocusWindow: FocusWindowErrorScene cancelCheckFreezeScreen
08-16 10:12:51.466  1636  3594 D ZrHung.AppEyeTransparentWindow: TransparentWindow mHungConfigStatus = 0,mHungConfigEnable = 1
08-16 10:12:51.467  1636  1660 D HwPhoneWindowManager: Transact:setSystemUIColor to status bar service
08-16 10:12:51.468  7774  7850 D mali_winsys: EGLint new_window_surface(egl_winsys_display *, void *, EGLSurface, EGLConfig, egl_winsys_surface **, EGLBoolean) returns 0x3000
08-16 10:12:51.469  1636  3594 D InputDispatcher: Window handle WindowManager has no registered input channel
08-16 10:12:51.482   664 24580 I netd    : trafficSwapActiveStatsMap() <9.76ms>
08-16 10:12:51.486  1636  3594 D InputDispatcher: Window handle WindowManager has no registered input channel
08-16 10:12:51.489  9978  9978 W android.notepa: JIT profile information will not be recorded: profile file does not exits.
08-16 10:12:51.489  9978  9978 W android.notepa: JIT profile information will not be recorded: profile file does not exits.
08-16 10:12:51.491  7774  7774 D DecorView: showOrHideHighlightView: hasFocus=true; winMode=1; isMrgNull=true
08-16 10:12:51.491  7774  7774 W InputMethodManager: startInputReason = 1
08-16 10:12:51.491  7774  7774 W HwRemoteInputMethodManager: isCasting false because IHwDistributedWindowManager is invalid.
08-16 10:12:51.496   757  1629 W BufferQueueProducer: [com.example.dogglers/com.example.dogglers.VerticalListActivity#0]:1390: disconnect: not connected (req=1)
08-16 10:12:51.496  7774  7850 W libEGL  : EGLNativeWindowType 0x76e4c263d0 disconnect failed
08-16 10:12:51.501  9978 10000 I HwApiCacheMangerEx: apicache path=/storage/emulated/0 state=mounted key=com.example.android.notepad#10033#256
08-16 10:12:51.501  9978 10000 I HwApiCacheMangerEx: need clear apicache,because volumes changed,oldCnt=0 newCnt=1
08-16 10:12:51.502  9978 10000 I HwApiCacheMangerEx: apicache path=/storage/emulated/0 state=mounted key=com.example.android.notepad#10033#0
08-16 10:12:51.502  9978 10000 I HwApiCacheMangerEx: need clear apicache,because volumes changed,oldCnt=1 newCnt=1
08-16 10:12:51.502  1636  1963 D InputDispatcher: Window handle WindowManager has no registered input channel
08-16 10:12:51.502   664 24580 I netd    : trafficSwapActiveStatsMap() <18.26ms>
08-16 10:12:51.511  7774  7774 D LifecycleMonitor: Lifecycle status change: androidx.test.core.app.InstrumentationActivityInvoker$EmptyActivity@55a47c8 in: PAUSED
08-16 10:12:51.511  7774  7774 V ActivityScenario: Activity lifecycle changed event received but ignored because the intent does not match. startActivityIntent=Intent { act=android.intent.action.MAIN cat=[android.intent.category.LAUNCHER] cmp=com.example.dogglers/.VerticalListActivity }, activity.getIntent()=Intent { act=android.intent.action.MAIN cat=[android.intent.category.LAUNCHER] flg=0x10000000 cmp=com.example.dogglers/androidx.test.core.app.InstrumentationActivityInvoker$EmptyActivity }, activity=androidx.test.core.app.InstrumentationActivityInvoker$EmptyActivity@55a47c8
08-16 10:12:51.514  9978  9978 I android.notepa: QarthPatchMonintor::Run
08-16 10:12:51.515  1636  1653 D ZrHung.AppEyeFocusWindow: FocusWindowErrorScene CheckFreezeScreen
08-16 10:12:51.515  1636  1653 D ZrHung.AppEyeTransparentWindow: TransparentWindow cancelCheckFreezeScreen
08-16 10:12:51.516  1046  1070 D AwareLog: iawared: WorkingsetProcessCommand subCmd = 352, userId=10431, pid=7774, com.example.dogglers/androidx.test.core.app.InstrumentationActivityInvoker$EmptyActivity
08-16 10:12:51.516  1046  1070 D AwareLog: iawared: WorkingsetStop com.example.dogglers/androidx.test.core.app.InstrumentationActivityInvoker$EmptyActivity
08-16 10:12:51.517  1046  1070 D AwareLog: iawared: WorkingsetProcessCommand subCmd = 350, userId=10431, pid=7774, com.example.dogglers/androidx.test.core.app.InstrumentationActivityInvoker$EmptyActivity
08-16 10:12:51.518  1046  1070 D AwareLog: iawared: WorkingsetSendPrereadMsg com.example.dogglers/androidx.test.core.app.InstrumentationActivityInvoker$EmptyActivity
08-16 10:12:51.518  1046  1070 D AwareLog: iawared: WorkingsetStart com.example.dogglers/androidx.test.core.app.InstrumentationActivityInvoker$EmptyActivity in monitor0
08-16 10:12:51.519  7774  7774 D LifecycleMonitor: Lifecycle status change: androidx.test.core.app.InstrumentationActivityInvoker$BootstrapActivity@aacd206 in: STOPPED
08-16 10:12:51.519  7774  7774 V ActivityScenario: Activity lifecycle changed event received but ignored because the intent does not match. startActivityIntent=Intent { act=android.intent.action.MAIN cat=[android.intent.category.LAUNCHER] cmp=com.example.dogglers/.VerticalListActivity }, activity.getIntent()=Intent { act=android.intent.action.MAIN cat=[android.intent.category.LAUNCHER] flg=0x10008000 cmp=com.example.dogglers/androidx.test.core.app.InstrumentationActivityInvoker$BootstrapActivity (has extras) }, activity=androidx.test.core.app.InstrumentationActivityInvoker$BootstrapActivity@aacd206
08-16 10:12:51.519  2661  3071 D DollieActivityManagerAdapter: [Paused] pid:7774 uid:10431 ComponentInfo{com.example.dogglers/androidx.test.core.app.InstrumentationActivityInvoker$EmptyActivity} uidState:2
08-16 10:12:51.521  3386  7816 I HiAdKit.DC.PageSwitchEvent:  switch is off
08-16 10:12:51.521  3386  7816 I HiAdKit.DC.PaymentPageSwitchEvent:  switch is off
08-16 10:12:51.521  3386  7816 I HiAdKit.DC.LiteAppPageSwitchEvent:  switch is off
08-16 10:12:51.521  1636  1653 D InputDispatcher: Window handle WindowManager has no registered input channel
08-16 10:12:51.525  1046  5076 D AwareLog: HiberManagerService::DoReclaim ok, pid=9944, reclaimMode=hiber_anon
08-16 10:12:51.525  1046  5076 D AwareLog: GetReclaimResult:reclaimKb=4996, swapKb=4996, swapUs=22353
08-16 10:12:51.525  1046  5076 D         : HibStrategy::HibStrategySwapCandidateProcessRemove packageName is com.android.providers.calendar
08-16 10:12:51.525  1046  5076 D AwareLog: HiberManagerService::SendMessageToHiberTask successful
08-16 10:12:51.525  7774  7774 D LifecycleMonitor: Lifecycle status change: androidx.test.core.app.InstrumentationActivityInvoker$BootstrapActivity@aacd206 in: DESTROYED
08-16 10:12:51.526  7774  7774 V ActivityScenario: Activity lifecycle changed event received but ignored because the intent does not match. startActivityIntent=Intent { act=android.intent.action.MAIN cat=[android.intent.category.LAUNCHER] cmp=com.example.dogglers/.VerticalListActivity }, activity.getIntent()=Intent { act=android.intent.action.MAIN cat=[android.intent.category.LAUNCHER] flg=0x10008000 cmp=com.example.dogglers/androidx.test.core.app.InstrumentationActivityInvoker$BootstrapActivity (has extras) }, activity=androidx.test.core.app.InstrumentationActivityInvoker$BootstrapActivity@aacd206
08-16 10:12:51.526  7774  7774 W ActivityThread: handleWindowVisibility: no activity for token android.os.BinderProxy@30f793f
08-16 10:12:51.528   664 24580 I netd    : trafficSwapActiveStatsMap() <12.65ms>
08-16 10:12:51.531  7774  7774 D LifecycleMonitor: Lifecycle status change: androidx.test.core.app.InstrumentationActivityInvoker$EmptyActivity@a42020c in: PRE_ON_CREATE
08-16 10:12:51.531  7774  7774 V ActivityScenario: Activity lifecycle changed event received but ignored because the intent does not match. startActivityIntent=Intent { act=android.intent.action.MAIN cat=[android.intent.category.LAUNCHER] cmp=com.example.dogglers/.VerticalListActivity }, activity.getIntent()=Intent { act=android.intent.action.MAIN cat=[android.intent.category.LAUNCHER] flg=0x10000000 cmp=com.example.dogglers/androidx.test.core.app.InstrumentationActivityInvoker$EmptyActivity }, activity=androidx.test.core.app.InstrumentationActivityInvoker$EmptyActivity@a42020c
08-16 10:12:51.535  7774  7774 I DecorView[]: pkgName:com.example.dogglers old windowMode:0 new windoMode:1, isFixedSize:false
08-16 10:12:51.536  7774  7774 D LifecycleMonitor: Lifecycle status change: androidx.test.core.app.InstrumentationActivityInvoker$EmptyActivity@a42020c in: CREATED
08-16 10:12:51.536  7774  7774 V ActivityScenario: Activity lifecycle changed event received but ignored because the intent does not match. startActivityIntent=Intent { act=android.intent.action.MAIN cat=[android.intent.category.LAUNCHER] cmp=com.example.dogglers/.VerticalListActivity }, activity.getIntent()=Intent { act=android.intent.action.MAIN cat=[android.intent.category.LAUNCHER] flg=0x10000000 cmp=com.example.dogglers/androidx.test.core.app.InstrumentationActivityInvoker$EmptyActivity }, activity=androidx.test.core.app.InstrumentationActivityInvoker$EmptyActivity@a42020c
08-16 10:12:51.537  1636  1653 D InputDispatcher: Window handle WindowManager has no registered input channel
08-16 10:12:51.537  7774  7774 D LifecycleMonitor: Lifecycle status change: androidx.test.core.app.InstrumentationActivityInvoker$EmptyActivity@a42020c in: STARTED
08-16 10:12:51.537  7774  7774 V ActivityScenario: Activity lifecycle changed event received but ignored because the intent does not match. startActivityIntent=Intent { act=android.intent.action.MAIN cat=[android.intent.category.LAUNCHER] cmp=com.example.dogglers/.VerticalListActivity }, activity.getIntent()=Intent { act=android.intent.action.MAIN cat=[android.intent.category.LAUNCHER] flg=0x10000000 cmp=com.example.dogglers/androidx.test.core.app.InstrumentationActivityInvoker$EmptyActivity }, activity=androidx.test.core.app.InstrumentationActivityInvoker$EmptyActivity@a42020c
08-16 10:12:51.539  7774  7774 D LifecycleMonitor: Lifecycle status change: androidx.test.core.app.InstrumentationActivityInvoker$EmptyActivity@a42020c in: RESUMED
08-16 10:12:51.539  7774  7774 V ActivityScenario: Activity lifecycle changed event received but ignored because the intent does not match. startActivityIntent=Intent { act=android.intent.action.MAIN cat=[android.intent.category.LAUNCHER] cmp=com.example.dogglers/.VerticalListActivity }, activity.getIntent()=Intent { act=android.intent.action.MAIN cat=[android.intent.category.LAUNCHER] flg=0x10000000 cmp=com.example.dogglers/androidx.test.core.app.InstrumentationActivityInvoker$EmptyActivity }, activity=androidx.test.core.app.InstrumentationActivityInvoker$EmptyActivity@a42020c
08-16 10:12:51.540  7774  7774 D MouseWheelSynthesizer: mMoveStepInDp: 64, mMoveStepInPixel: 192, mUpTimeDelayed: 100
08-16 10:12:51.540  7774  7774 D ViewRootImpl: ViewRootImpl mIsInProductivePCDisplay: false
08-16 10:12:51.541  1636  3594 I HwPCUtils#HwRioViewManager: check if rio enable, displayId = 0， packageName = com.example.dogglers
08-16 10:12:51.542  1636  8140 E system_server: No package ID 7f found for ID 0x7f0803ef.
08-16 10:12:51.542  1636  8140 E system_server: No package ID 7f found for ID 0x7f1202e7.
08-16 10:12:51.542  1636  8140 E system_server: No package ID 7f found for ID 0x7f1202e7.
08-16 10:12:51.542  1636  8140 E system_server: No package ID 7f found for ID 0x7f0803ed.
08-16 10:12:51.542  1636  8140 E system_server: No package ID 7f found for ID 0x7f1202e6.
08-16 10:12:51.542  1636  8140 E system_server: No package ID 7f found for ID 0x7f1202e6.
08-16 10:12:51.542  1636  8140 E system_server: No package ID 7f found for ID 0x7f0803ee.
08-16 10:12:51.542  1636  8140 E system_server: No package ID 7f found for ID 0x7f1203fc.
08-16 10:12:51.542  1636  8140 E system_server: No package ID 7f found for ID 0x7f1203fc.
08-16 10:12:51.542  1636  8140 E system_server: No package ID 7f found for ID 0x7f0803ec.
08-16 10:12:51.543  1636  8140 E system_server: No package ID 7f found for ID 0x7f120165.
08-16 10:12:51.543  1636  8140 E system_server: No package ID 7f found for ID 0x7f120165.
08-16 10:12:51.544  7774  7774 D InputEventReceiver: dispatchInputInterval 1000000
08-16 10:12:51.546  2661 11726 I Hicom_Monitor: mActivityNotifierEx, className = androidx.test.core.app.InstrumentationActivityInvoker$EmptyActivity, uid = 10431
08-16 10:12:51.546  2661  3071 D DollieActivityManagerAdapter: [Resumed] bg:false pid:7774 uid:10431 ComponentInfo{com.example.dogglers/androidx.test.core.app.InstrumentationActivityInvoker$EmptyActivity}
08-16 10:12:51.546  2661  3071 E DollieAdapterService: notifyActivityState pkg:com.example.dogglers/androidx.test.core.app.InstrumentationActivityInvoker$EmptyActivity state:2 fg:true mUid:10431
08-16 10:12:51.546  2661  3071 I OllieMsgCenter: publishEvt=2130771985
08-16 10:12:51.547  3386  7833 I HiAdKit.DC.PageSwitchEvent:  switch is off
08-16 10:12:51.547  3386  7833 I HiAdKit.DC.PaymentPageSwitchEvent:  switch is off
08-16 10:12:51.547  3386  7833 I HiAdKit.DC.LiteAppPageSwitchEvent:  switch is off
08-16 10:12:51.548  7774 10013 D HiTouch_PressGestureDetector: onAttached, package=com.example.dogglers, windowType=1, mIsHiTouchRestricted=false
08-16 10:12:51.550  6225  9809 I CAWARENESS_AppUsageManager: Repeat info, don't need publish
08-16 10:12:51.551  1636  3594 D ZrHung.AppEyeFocusWindow: FocusWindowErrorScene cancelCheckFreezeScreen
08-16 10:12:51.551  1636  3594 D ZrHung.AppEyeTransparentWindow: TransparentWindow mHungConfigStatus = 0,mHungConfigEnable = 1
08-16 10:12:51.551  1636  1653 D InputDispatcher: Window handle WindowManager has no registered input channel
08-16 10:12:51.553  7774  7850 D mali_winsys: EGLint new_window_surface(egl_winsys_display *, void *, EGLSurface, EGLConfig, egl_winsys_surface **, EGLBoolean) returns 0x3000
08-16 10:12:51.554  1636  8140 E system_server: No package ID 7f found for ID 0x7f08020c.
08-16 10:12:51.554  1636  8140 E system_server: No package ID 7f found for ID 0x7f13003d.
08-16 10:12:51.558  2580 23377 I OPCollectLog: AppChangeImpl:call onAppChange.
08-16 10:12:51.558  2580  6962 I OPCollectLog: HwForegroundAppAction:handleMessage
08-16 10:12:51.558  2580  6962 D OPCollectLog: HwForegroundAppAction:FG executeWithArgs
08-16 10:12:51.558  2580  6962 I OPCollectLog: OPCollectUtils:ODMF Api Version:2.16.3
08-16 10:12:51.558  2580  6962 I OPCollectLog: Action:HwForegroundAppAction executed successfully
08-16 10:12:51.558  2580  6962 D OPCollectLog: OdmfCollectScheduler:handleMessage msg: 4
08-16 10:12:51.558  2580  6962 I OPCollectLog: OdmfHelper:opcollectCache 1
08-16 10:12:51.558  2580  6962 I OPCollectLog: OdmfHelper:opcollectCache curTime: 574945653, interval: 95
08-16 10:12:51.559  2580  6962 I OPCollectLog: OdmfHelper:isCharging: true
08-16 10:12:51.560  2315  2315 E FullInputEventModel: onStartInput event aborted: fk.c0: could not obtain extracted text (class fk.c0)
08-16 10:12:51.560  7774  7774 D LifecycleMonitor: Lifecycle status change: com.example.dogglers.VerticalListActivity@9636f19 in: STOPPED
08-16 10:12:51.560  7774  7774 V ActivityScenario: Update currentActivityStage to STOPPED, currentActivity=com.example.dogglers.VerticalListActivity@9636f19
08-16 10:12:51.562  7774  7774 D LifecycleMonitor: Lifecycle status change: com.example.dogglers.VerticalListActivity@9636f19 in: DESTROYED
08-16 10:12:51.562  7774  7774 V ActivityScenario: Update currentActivityStage to DESTROYED, currentActivity=null
08-16 10:12:51.562  1636  8140 W system_server: resources.arsc in APK '/data/app/com.huawei.hwsearch-pVK3jw2xtjILIn6HwwmB7A==/base.apk' is compressed.
08-16 10:12:51.563  2580  6962 I OPCollectLog: OdmfHelper:insert database success
08-16 10:12:51.563  2580  6962 I OPCollectLog: OdmfHelper:opcollectCache size: 1
08-16 10:12:51.563  2580  6962 I OPCollectLog: OdmfHelper:opcollectCache lastTime: 574945658
08-16 10:12:51.568  1636  1653 D InputDispatcher: Window handle WindowManager has no registered input channel
08-16 10:12:51.569  7774  7774 D DecorView: showOrHideHighlightView: hasFocus=false; winMode=1; isMrgNull=true
08-16 10:12:51.570  7774  7774 D DecorView: showOrHideHighlightView: hasFocus=true; winMode=1; isMrgNull=true
08-16 10:12:51.570  7774  7774 W InputMethodManager: startInputReason = 1
08-16 10:12:51.570  7774  7774 W HwRemoteInputMethodManager: isCasting false because IHwDistributedWindowManager is invalid.
08-16 10:12:51.573   757   993 W BufferQueueProducer: [com.example.dogglers/androidx.test.core.app.InstrumentationActivityInvoker$EmptyActivity#0]:1390: disconnect: not connected (req=1)
08-16 10:12:51.573  7774  7850 W libEGL  : EGLNativeWindowType 0x76855b8b90 disconnect failed
08-16 10:12:51.580  7774  7836 I TestRunner: finished: recycler_view_item_count(com.example.dogglers.VerticalListTests)
