08-16 10:12:43.759  1026  1152 D dubaid  : [BufferedLogServer.cpp] ReceiveMessage# Received buffered log from dubai_driver-0
08-16 10:12:43.759  1026  1152 D dubaid  : [BufferedLogServer.cpp] ReceiveMessage# Received buffered log from dubai_driver-0
08-16 10:12:43.766   664 24580 I netd    : trafficSwapActiveStatsMap() <23.92ms>
08-16 10:12:43.772  1636  1652 D InputDispatcher: Window handle WindowManager has no registered input channel
08-16 10:12:43.774   757  1624 W BufferQueueProducer: [com.example.dogglers/com.example.dogglers.GridListActivity#0]:1390: disconnect: not connected (req=1)
08-16 10:12:43.774  7774  7850 W libEGL  : EGLNativeWindowType 0x76e4c263d0 disconnect failed
08-16 10:12:43.789  1636  1963 D InputDispatcher: Window handle WindowManager has no registered input channel
08-16 10:12:43.790   664 24580 I netd    : trafficSwapActiveStatsMap() <20.21ms>
08-16 10:12:43.805  1636  5869 D InputDispatcher: Window handle WindowManager has no registered input channel
08-16 10:12:43.807  7774  7774 D LifecycleMonitor: Lifecycle status change: androidx.test.core.app.InstrumentationActivityInvoker$BootstrapActivity@69a4243 in: DESTROYED
08-16 10:12:43.807  7774  7774 V ActivityScenario: Activity lifecycle changed event received but ignored because the intent does not match. startActivityIntent=Intent { act=android.intent.action.MAIN cat=[android.intent.category.LAUNCHER] cmp=com.example.dogglers/.GridListActivity }, activity.getIntent()=Intent { act=android.intent.action.MAIN cat=[android.intent.category.LAUNCHER] flg=0x10008000 cmp=com.example.dogglers/androidx.test.core.app.InstrumentationActivityInvoker$BootstrapActivity (has extras) }, activity=androidx.test.core.app.InstrumentationActivityInvoker$BootstrapActivity@69a4243
08-16 10:12:43.809  7774  7774 D LifecycleMonitor: Lifecycle status change: androidx.test.core.app.InstrumentationActivityInvoker$EmptyActivity@20e583d in: PAUSED
08-16 10:12:43.809  2315  2315 E FullInputEventModel: onStartInput event aborted: fk.c0: could not obtain extracted text (class fk.c0)
08-16 10:12:43.809  7774  7774 V ActivityScenario: Activity lifecycle changed event received but ignored because the intent does not match. startActivityIntent=Intent { act=android.intent.action.MAIN cat=[android.intent.category.LAUNCHER] cmp=com.example.dogglers/.GridListActivity }, activity.getIntent()=Intent { act=android.intent.action.MAIN cat=[android.intent.category.LAUNCHER] flg=0x10000000 cmp=com.example.dogglers/androidx.test.core.app.InstrumentationActivityInvoker$EmptyActivity }, activity=androidx.test.core.app.InstrumentationActivityInvoker$EmptyActivity@20e583d
08-16 10:12:43.812  1636  5869 D ZrHung.AppEyeFocusWindow: FocusWindowErrorScene CheckFreezeScreen
08-16 10:12:43.812  1636  5869 D ZrHung.AppEyeTransparentWindow: TransparentWindow cancelCheckFreezeScreen
08-16 10:12:43.814  1046  1070 D AwareLog: iawared: WorkingsetProcessCommand subCmd = 352, userId=10431, pid=7774, com.example.dogglers/androidx.test.core.app.InstrumentationActivityInvoker$EmptyActivity
08-16 10:12:43.814  1046  1070 D AwareLog: iawared: WorkingsetStop com.example.dogglers/androidx.test.core.app.InstrumentationActivityInvoker$EmptyActivity
08-16 10:12:43.814  1046  1070 D AwareLog: iawared: WorkingsetProcessCommand subCmd = 350, userId=10431, pid=7774, com.example.dogglers/androidx.test.core.app.InstrumentationActivityInvoker$EmptyActivity
08-16 10:12:43.814  1046  1070 D AwareLog: iawared: WorkingsetSendPrereadMsg com.example.dogglers/androidx.test.core.app.InstrumentationActivityInvoker$EmptyActivity
08-16 10:12:43.814  1046  1070 D AwareLog: iawared: WorkingsetStart com.example.dogglers/androidx.test.core.app.InstrumentationActivityInvoker$EmptyActivity in monitor0
08-16 10:12:43.815  7774  7774 W ActivityThread: handleWindowVisibility: no activity for token android.os.BinderProxy@b1e1871
08-16 10:12:43.817  3386  7816 I HiAdKit.DC.PageSwitchEvent:  switch is off
08-16 10:12:43.817  3386  7816 I HiAdKit.DC.PaymentPageSwitchEvent:  switch is off
08-16 10:12:43.817  3386  7816 I HiAdKit.DC.LiteAppPageSwitchEvent:  switch is off
08-16 10:12:43.817  2661  3071 D DollieActivityManagerAdapter: [Paused] pid:7774 uid:10431 ComponentInfo{com.example.dogglers/androidx.test.core.app.InstrumentationActivityInvoker$EmptyActivity} uidState:2
08-16 10:12:43.819  7774  7774 D LifecycleMonitor: Lifecycle status change: androidx.test.core.app.InstrumentationActivityInvoker$EmptyActivity@fa90656 in: PRE_ON_CREATE
08-16 10:12:43.819  7774  7774 V ActivityScenario: Activity lifecycle changed event received but ignored because the intent does not match. startActivityIntent=Intent { act=android.intent.action.MAIN cat=[android.intent.category.LAUNCHER] cmp=com.example.dogglers/.GridListActivity }, activity.getIntent()=Intent { act=android.intent.action.MAIN cat=[android.intent.category.LAUNCHER] flg=0x10000000 cmp=com.example.dogglers/androidx.test.core.app.InstrumentationActivityInvoker$EmptyActivity }, activity=androidx.test.core.app.InstrumentationActivityInvoker$EmptyActivity@fa90656
08-16 10:12:43.821  1636  3033 D InputDispatcher: Window handle WindowManager has no registered input channel
08-16 10:12:43.823  7774  7774 I DecorView[]: pkgName:com.example.dogglers old windowMode:0 new windoMode:1, isFixedSize:false
08-16 10:12:43.824  7774  7774 D LifecycleMonitor: Lifecycle status change: androidx.test.core.app.InstrumentationActivityInvoker$EmptyActivity@fa90656 in: CREATED
08-16 10:12:43.824  7774  7774 V ActivityScenario: Activity lifecycle changed event received but ignored because the intent does not match. startActivityIntent=Intent { act=android.intent.action.MAIN cat=[android.intent.category.LAUNCHER] cmp=com.example.dogglers/.GridListActivity }, activity.getIntent()=Intent { act=android.intent.action.MAIN cat=[android.intent.category.LAUNCHER] flg=0x10000000 cmp=com.example.dogglers/androidx.test.core.app.InstrumentationActivityInvoker$EmptyActivity }, activity=androidx.test.core.app.InstrumentationActivityInvoker$EmptyActivity@fa90656
08-16 10:12:43.824  7774  7774 D LifecycleMonitor: Lifecycle status change: androidx.test.core.app.InstrumentationActivityInvoker$EmptyActivity@fa90656 in: STARTED
08-16 10:12:43.825  7774  7774 V ActivityScenario: Activity lifecycle changed event received but ignored because the intent does not match. startActivityIntent=Intent { act=android.intent.action.MAIN cat=[android.intent.category.LAUNCHER] cmp=com.example.dogglers/.GridListActivity }, activity.getIntent()=Intent { act=android.intent.action.MAIN cat=[android.intent.category.LAUNCHER] flg=0x10000000 cmp=com.example.dogglers/androidx.test.core.app.InstrumentationActivityInvoker$EmptyActivity }, activity=androidx.test.core.app.InstrumentationActivityInvoker$EmptyActivity@fa90656
08-16 10:12:43.826  7774  7774 D LifecycleMonitor: Lifecycle status change: androidx.test.core.app.InstrumentationActivityInvoker$EmptyActivity@fa90656 in: RESUMED
08-16 10:12:43.826  7774  7774 V ActivityScenario: Activity lifecycle changed event received but ignored because the intent does not match. startActivityIntent=Intent { act=android.intent.action.MAIN cat=[android.intent.category.LAUNCHER] cmp=com.example.dogglers/.GridListActivity }, activity.getIntent()=Intent { act=android.intent.action.MAIN cat=[android.intent.category.LAUNCHER] flg=0x10000000 cmp=com.example.dogglers/androidx.test.core.app.InstrumentationActivityInvoker$EmptyActivity }, activity=androidx.test.core.app.InstrumentationActivityInvoker$EmptyActivity@fa90656
08-16 10:12:43.827  7774  7774 D MouseWheelSynthesizer: mMoveStepInDp: 64, mMoveStepInPixel: 192, mUpTimeDelayed: 100
08-16 10:12:43.827  7774  7774 D ViewRootImpl: ViewRootImpl mIsInProductivePCDisplay: false
08-16 10:12:43.827  1636  1963 I HwPCUtils#HwRioViewManager: check if rio enable, displayId = 0， packageName = com.example.dogglers
08-16 10:12:43.830  7774  7774 D InputEventReceiver: dispatchInputInterval 1000000
08-16 10:12:43.832  2661  2756 I Hicom_Monitor: mActivityNotifierEx, className = androidx.test.core.app.InstrumentationActivityInvoker$EmptyActivity, uid = 10431
08-16 10:12:43.833  6225  9809 I CAWARENESS_AppUsageManager: Repeat info, don't need publish
08-16 10:12:43.833  7774  7774 D LifecycleMonitor: Lifecycle status change: com.example.dogglers.GridListActivity@c0b674a in: STOPPED
08-16 10:12:43.833  3386  7833 I HiAdKit.DC.PageSwitchEvent:  switch is off
08-16 10:12:43.833  7774  7774 V ActivityScenario: Update currentActivityStage to STOPPED, currentActivity=com.example.dogglers.GridListActivity@c0b674a
08-16 10:12:43.833  3386  7833 I HiAdKit.DC.PaymentPageSwitchEvent:  switch is off
08-16 10:12:43.833  3386  7833 I HiAdKit.DC.LiteAppPageSwitchEvent:  switch is off
08-16 10:12:43.834  2580 23377 I OPCollectLog: AppChangeImpl:call onAppChange.
08-16 10:12:43.834  2580  6962 I OPCollectLog: HwForegroundAppAction:handleMessage
08-16 10:12:43.834  2580  6962 D OPCollectLog: HwForegroundAppAction:FG executeWithArgs
08-16 10:12:43.834  2580  6962 I OPCollectLog: OPCollectUtils:ODMF Api Version:2.16.3
08-16 10:12:43.834  2580  6962 I OPCollectLog: Action:HwForegroundAppAction executed successfully
08-16 10:12:43.834  2580  6962 D OPCollectLog: OdmfCollectScheduler:handleMessage msg: 4
08-16 10:12:43.834  2580  6962 I OPCollectLog: OdmfHelper:opcollectCache 1
08-16 10:12:43.834  2580  6962 I OPCollectLog: OdmfHelper:opcollectCache curTime: 574937929, interval: 84
08-16 10:12:43.834  7774  7774 D LifecycleMonitor: Lifecycle status change: com.example.dogglers.GridListActivity@c0b674a in: DESTROYED
08-16 10:12:43.834  7774  7774 V ActivityScenario: Update currentActivityStage to DESTROYED, currentActivity=null
08-16 10:12:43.835  2580  6962 I OPCollectLog: OdmfHelper:isCharging: true
08-16 10:12:43.835  2661  3071 D DollieActivityManagerAdapter: [Resumed] bg:false pid:7774 uid:10431 ComponentInfo{com.example.dogglers/androidx.test.core.app.InstrumentationActivityInvoker$EmptyActivity}
08-16 10:12:43.835  2661  3071 E DollieAdapterService: notifyActivityState pkg:com.example.dogglers/androidx.test.core.app.InstrumentationActivityInvoker$EmptyActivity state:2 fg:true mUid:10431
08-16 10:12:43.835  2661  3071 I OllieMsgCenter: publishEvt=2130771985
08-16 10:12:43.835  2580  6962 I OPCollectLog: OdmfHelper:insert database success
08-16 10:12:43.835  2580  6962 I OPCollectLog: OdmfHelper:opcollectCache size: 1
08-16 10:12:43.835  2580  6962 I OPCollectLog: OdmfHelper:opcollectCache lastTime: 574937930
08-16 10:12:43.838  1636  5869 D InputDispatcher: Window handle WindowManager has no registered input channel
08-16 10:12:43.839  7774  7774 D DecorView: showOrHideHighlightView: hasFocus=false; winMode=1; isMrgNull=true
08-16 10:12:43.842  7774  9599 D HiTouch_PressGestureDetector: onAttached, package=com.example.dogglers, windowType=1, mIsHiTouchRestricted=false
08-16 10:12:43.847  1636  3033 D ZrHung.AppEyeFocusWindow: FocusWindowErrorScene cancelCheckFreezeScreen
08-16 10:12:43.847  1636  3033 D ZrHung.AppEyeTransparentWindow: TransparentWindow mHungConfigStatus = 0,mHungConfigEnable = 1
08-16 10:12:43.849  7774  7850 D mali_winsys: EGLint new_window_surface(egl_winsys_display *, void *, EGLSurface, EGLConfig, egl_winsys_surface **, EGLBoolean) returns 0x3000
08-16 10:12:43.855  1636  5869 D InputDispatcher: Window handle WindowManager has no registered input channel
08-16 10:12:43.862  7774  7774 D DecorView: showOrHideHighlightView: hasFocus=true; winMode=1; isMrgNull=true
08-16 10:12:43.863  7774  7774 W InputMethodManager: startInputReason = 1
08-16 10:12:43.863  7774  7774 W HwRemoteInputMethodManager: isCasting false because IHwDistributedWindowManager is invalid.
08-16 10:12:43.869  1636  1963 D ZrHung.AppEyeFocusWindow: FocusWindowErrorScene CheckFreezeScreen
08-16 10:12:43.869  1636  1963 D ZrHung.AppEyeTransparentWindow: TransparentWindow cancelCheckFreezeScreen
08-16 10:12:43.871  2730  2730 W HwLauncher: RotationHelper hideAdjacentScreen, launcher is not transposed. RotationMode = com.huawei.android.launcher.graphics.RotationMode$1{293d90b surfaceRotation = 0.0,isTransposed = false}
08-16 10:12:43.872  2690  3310 I ScenarioService: app focus change from: com.example.dogglers to:com.huawei.android.launcher
08-16 10:12:43.872  2690  3310 I ScenarioService: add focus on app:com.huawei.android.launcher to visiblePkgs
08-16 10:12:43.872  1636  6691 D InputDispatcher: Window handle WindowManager has no registered input channel
08-16 10:12:43.873  6225  9809 I CAWARENESS_AppUsageManager: onEvent, packageName=com.huawei.android.launcher, activityName=com.huawei.android.launcher.unihome.UniHomeLauncher
08-16 10:12:43.873  6225  9809 I CAWARENESS_AppUsageManager: fuse currently and delay publish
08-16 10:12:43.874  2661 29501 I AssistantService-11.2.1.200: registerHwActivityNotifier call fromPackage:com.example.dogglers, toPackage:com.huawei.android.launcher
08-16 10:12:43.874  2661  6711 D AssistantService-11.2.1.200: handleMessage app switch fromPackage:com.example.dogglers, toPackage:com.huawei.android.launcher
08-16 10:12:43.874  2730  4111 W HwLauncher: ExitAppAnimationManager getAnimationInfoMyself, mAnimationInfo = com.huawei.android.launcher.exitapp.ExitAppAnimationManager$AnimationInfo@2235f54
08-16 10:12:43.875   757  1624 W BufferQueueProducer: [com.example.dogglers/androidx.test.core.app.InstrumentationActivityInvoker$EmptyActivity#0]:1390: disconnect: not connected (req=1)
08-16 10:12:43.875  7774  7850 W libEGL  : EGLNativeWindowType 0x76da5331d0 disconnect failed
08-16 10:12:43.876  9407  9544 W eddit.frontpag: ClassLoaderContext type mismatch. expected=PCL, found=DLC (PCL[] | DLC[];PCL[/data/app/com.reddit.frontpage-DtwbK-PD9xutpj6OpNhDcg==/base.apk*3141798124:/data/app/com.reddit.frontpage-DtwbK-PD9xutpj6OpNhDcg==/base.apk!classes2.dex*3597545229:/data/app/com.reddit.frontpage-DtwbK-PD9xutpj6OpNhDcg==/base.apk!classes3.dex*830905072:/data/app/com.reddit.frontpage-DtwbK-PD9xutpj6OpNhDcg==/base.apk!classes4.dex*2600314558:/data/app/com.reddit.frontpage-DtwbK-PD9xutpj6OpNhDcg==/base.apk!classes5.dex*2081976287:/data/app/com.reddit.frontpage-DtwbK-PD9xutpj6OpNhDcg==/base.apk!classes6.dex*777295972:/data/app/com.reddit.frontpage-DtwbK-PD9xutpj6OpNhDcg==/base.apk!classes7.dex*2356770860:/data/app/com.reddit.frontpage-DtwbK-PD9xutpj6OpNhDcg==/base.apk!classes8.dex*1984418838])
08-16 10:12:43.876  2661 29501 I Hicom_Monitor: mAppSwitchNotifierEx. uid: 10065, foreground app: com.huawei.android.launcher, foreground activity: com.huawei.android.launcher.unihome.UniHomeLauncher
08-16 10:12:43.876  2624 10575 I iconnect:BluetoothApi: adapter status 12
08-16 10:12:43.876  2624 10575 I iconnect:NearbyDeviceDetect: isPropEnable=true, isBluetoothEnabled=true, isScreenOn=true, isNotSpecialAppOnTop=true, scanCondition=0
08-16 10:12:43.877  3386  7832 I HiAdKit.DC.PersistentMessageCenter:  notifyMessage com.huawei.hwid_app_switch_from_to_intent
08-16 10:12:43.878  2624 10575 I iconnect:DeviceStateMachineManager: report:NOT_SPECIAL_APP_ON_TOP device:D
08-16 10:12:43.878  2661  3353 W Hicom_XEngineProc: handleForegroundAppChanged. Feature is not enable.
08-16 10:12:43.878  2624 10575 I iconnect:DeviceStateMachineManager: Return exist stateMachine
08-16 10:12:43.880  7774  7774 D LifecycleMonitor: Lifecycle status change: androidx.test.core.app.InstrumentationActivityInvoker$EmptyActivity@fa90656 in: PAUSED
08-16 10:12:43.880  7774  7774 V ActivityScenario: Activity lifecycle changed event received but ignored because the intent does not match. startActivityIntent=Intent { act=android.intent.action.MAIN cat=[android.intent.category.LAUNCHER] cmp=com.example.dogglers/.GridListActivity }, activity.getIntent()=Intent { act=android.intent.action.MAIN cat=[android.intent.category.LAUNCHER] flg=0x10000000 cmp=com.example.dogglers/androidx.test.core.app.InstrumentationActivityInvoker$EmptyActivity }, activity=androidx.test.core.app.InstrumentationActivityInvoker$EmptyActivity@fa90656
08-16 10:12:43.888  1636  1963 D InputDispatcher: Window handle WindowManager has no registered input channel
08-16 10:12:43.888 26909 26909 I HiBoard_22.0.8.300_Workspace: onWindowVisibilityChanged：0 isOverlayClosed:true
08-16 10:12:43.888 26909 26909 I HiBoard_22.0.8.300_ShareCodeClipboardHelper: removeClipboardView is executed!
08-16 10:12:43.890 26909 27127 I HiBoard_22.0.8.300_ShareCodeClipboardHelper: handleMsg 5
08-16 10:12:43.890  7774  7836 I TestRunner: finished: grid_list_content_at_last_position(com.example.dogglers.GridListTests)
