08-16 10:12:39.780  8696  8909 W NetworkKit_f: 	at com.android.okhttp.Dns$1.lookup(Dns.java:41)
08-16 10:12:39.780  8696  8909 W NetworkKit_f: 	at com.android.okhttp.internal.http.RouteSelector.resetNextInetSocketAddress(RouteSelector.java:178)
08-16 10:12:39.780  8696  8909 W NetworkKit_f: 	at com.android.okhttp.internal.http.RouteSelector.nextProxy(RouteSelector.java:144)
08-16 10:12:39.780  8696  8909 W NetworkKit_f: 	at com.android.okhttp.internal.http.RouteSelector.next(RouteSelector.java:86)
08-16 10:12:39.780  8696  8909 W NetworkKit_f: 	at com.android.okhttp.internal.http.StreamAllocation.findConnection(StreamAllocation.java:176)
08-16 10:12:39.780  8696  8909 W NetworkKit_f: Caused by: android.system.GaiException: a*d*o*d*g*t*d*r*n*o*f*i*e*:*E*I*N*D*T* *N* *d*r*s* *s*o*i*t*d*w*t* *o*t*a*e*
08-16 10:12:39.780  8696  8909 W NetworkKit_f: 	at libcore.io.Linux.android_getaddrinfo(Native Method)
08-16 10:12:39.780  8696  8909 W NetworkKit_f: 	at libcore.io.ForwardingOs.android_getaddrinfo(ForwardingOs.java:74)
08-16 10:12:39.780  8696  8909 W NetworkKit_f: 	at libcore.io.BlockGuardOs.android_getaddrinfo(BlockGuardOs.java:200)
08-16 10:12:39.780  8696  8909 W NetworkKit_f: 	at libcore.io.ForwardingOs.android_getaddrinfo(ForwardingOs.java:74)
08-16 10:12:39.780  8696  8909 W NetworkKit_f: 	at java.net.Inet6AddressImpl.lookupHostByName(Inet6AddressImpl.java:135)
08-16 10:12:39.780  8696  8909 W NetworkKit_f: 	at java.net.Inet6AddressImpl.lookupAllHostAddr(Inet6AddressImpl.java:103)
08-16 10:12:39.780  8696  8909 W NetworkKit_f: 	at java.net.InetAddress.getAllByName(InetAddress.java:1152)
08-16 10:12:39.780  8696  8909 W NetworkKit_f: 	at com.android.okhttp.Dns$1.lookup(Dns.java:41)
08-16 10:12:39.780  8696  8909 W NetworkKit_f: 	at com.android.okhttp.internal.http.RouteSelector.resetNextInetSocketAddress(RouteSelector.java:178)
08-16 10:12:39.780  8696  8909 W NetworkKit_f: 	at com.android.okhttp.internal.http.RouteSelector.nextProxy(RouteSelector.java:144)
08-16 10:12:39.780  8696  8909 W NetworkKit_f: 	at com.android.okhttp.internal.http.RouteSelector.next(RouteSelector.java:86)
08-16 10:12:39.780  8696  8909 W NetworkKit_f: 	at com.android.okhttp.internal.http.StreamAllocation.findConnection(StreamAllocation.java:176)
08-16 10:12:39.780  8696  8909 W NetworkKit_f: 	at com.android.okhttp.internal.http.StreamAllocation.findHealthyConnection(StreamAllocation.java:128)
08-16 10:12:39.780  8696  8909 W NetworkKit_f: 	at com.android.okhttp.internal.http.StreamAllocation.newStream(StreamAllocation.java:97)
08-16 10:12:39.780  8696  8909 W NetworkKit_f: 	at com.android.okhttp.internal.http.HttpEngine.connect(HttpEngine.java:289)
08-16 10:12:39.780  8696  8909 W NetworkKit_f: 	at com.android.okhttp.internal.http.HttpEngine.sendRequest(HttpEngine.java:232)
08-16 10:12:39.780  8696  8909 W NetworkKit_f: 	at com.android.okhttp.internal.huc.HttpURLConnectionImpl.execute(HttpURLConnectionImpl.java:465)
08-16 10:12:39.780  8696  8909 W NetworkKit_f: 	at com.android.okhttp.internal.huc.HttpURLConnectionImpl.connect(HttpURLConnectionImpl.java:131)
08-16 10:12:39.780  8696  8909 W NetworkKit_f: 	at com.android.okhttp.internal.huc.DelegatingHttpsURLConnection.connect(DelegatingHttpsURLConnection.java:90)
08-16 10:12:39.780  8696  8909 W NetworkKit_f: 	at com.android.okhttp.internal.huc.HttpsURLConnectionImpl.connect(HttpsURLConnectionImpl.java:30)
08-16 10:12:39.780  8083  8315 I CloudAlbumSDK[11.1.0.303].CommonUtil: getHiCloudSyncVersion: 1105
08-16 10:12:39.781  1636  1636 D HwConnectivityManagerImpl:  sendIntentPsSlowDnsFail mSendDnsFailFlag = truemDnsFailQ.size() = 5
08-16 10:12:39.784  8174  8678 I Cloud[13.2.0.303]Sync.CloudBackupAppDataUtil: initDefaultFileInfoList
08-16 10:12:39.784  1040  1040 E Thermal-daemon:hw_thermal: [charger_ic] tempNew :28  tempOld :27
08-16 10:12:39.784  1040  1040 E Thermal-daemon:hw_thermal: Report temperature: [charger_ic] temp :28  reportThreshold:1
08-16 10:12:39.784  1040  1040 E Thermal-daemon:hw_thermal: [pa_0] tempNew :35  tempOld :32
08-16 10:12:39.785  8174  8678 I Cloud[13.2.0.303]Sync.CloudBackupAppDataUtil: end init appDataUtil
08-16 10:12:39.785  8174  8678 I Cloud[13.2.0.303]Sync.CloudBackupAppDataUtil: appId: com.google.android.apps.subscriptions.red, isAppDataAble: false
08-16 10:12:39.785  1040  1040 E Thermal-daemon:hw_thermal: Report temperature: [pa_0] temp :35  reportThreshold:1
08-16 10:12:39.785  1040  1040 E Thermal-daemon:hw_thermal: [ap] tempNew :31  tempOld :29
08-16 10:12:39.786  1040  1040 E Thermal-daemon:hw_thermal: Report temperature: [ap] temp :31  reportThreshold:1
08-16 10:12:39.790  8083  8315 I CloudAlbumSDK[11.1.0.303].CommonUtil: getNMDVersionFromSettings: 0
08-16 10:12:39.794  8102  8687 I Bugle   : DatabaseHelperBasic: sqlite version is 3.22.0
08-16 10:12:39.796  7774  7774 D LifecycleMonitor: Lifecycle status change: androidx.test.core.app.InstrumentationActivityInvoker$BootstrapActivity@44a2655 in: STOPPED
08-16 10:12:39.797  7774  7774 V ActivityScenario: Activity lifecycle changed event received but ignored because the intent does not match. startActivityIntent=Intent { act=android.intent.action.MAIN cat=[android.intent.category.LAUNCHER] cmp=com.example.dogglers/.GridListActivity }, activity.getIntent()=Intent { act=android.intent.action.MAIN cat=[android.intent.category.LAUNCHER] flg=0x10008000 cmp=com.example.dogglers/androidx.test.core.app.InstrumentationActivityInvoker$BootstrapActivity (has extras) }, activity=androidx.test.core.app.InstrumentationActivityInvoker$BootstrapActivity@44a2655
08-16 10:12:39.803  7774  7774 D DecorView: showOrHideHighlightView: hasFocus=true; winMode=1; isMrgNull=true
08-16 10:12:39.803  7774  7774 W InputMethodManager: startInputReason = 1
08-16 10:12:39.803  7774  7774 W HwRemoteInputMethodManager: isCasting false because IHwDistributedWindowManager is invalid.
08-16 10:12:39.804  1636  1963 D InputDispatcher: Window handle WindowManager has no registered input channel
08-16 10:12:39.807  1636  1677 I ActivityTaskManager: Displayed com.example.dogglers/.GridListActivity: +217ms
08-16 10:12:39.815  1636  1963 D InputDispatcher: Window handle WindowManager has no registered input channel
08-16 10:12:39.821  7774  7774 I ViewInteraction: Checking 'com.example.dogglers.BaseTest$DrawableMatcher$RecyclerViewAssertion@4f8d74c' assertion on view view.getId() is <2131230933/com.example.dogglers:id/grid_recycler_view>
08-16 10:12:39.822  1636  2012 W Process : Unable to open /proc/-1/status
08-16 10:12:39.823  2730  2730 I RmeSchedManager: init Rme, version is: v1.0
08-16 10:12:39.823  2315  2315 E FullInputEventModel: onStartInput event aborted: fk.c0: could not obtain extracted text (class fk.c0)
08-16 10:12:39.832  1636  2504 D InputDispatcher: Window handle WindowManager has no registered input channel
08-16 10:12:39.835  1046  1070 D AwareLog: iawared: WorkingsetProcessCommand subCmd = 352, userId=10431, pid=7774, com.example.dogglers/.GridListActivity
08-16 10:12:39.836  1046  1070 D AwareLog: iawared: WorkingsetStop com.example.dogglers/.GridListActivity
08-16 10:12:39.836  1046  1070 D AwareLog: iawared: WorkingsetProcessCommand subCmd = 350, userId=10431, pid=7774, com.example.dogglers/androidx.test.core.app.InstrumentationActivityInvoker$EmptyActivity
08-16 10:12:39.836  1046  1070 D AwareLog: iawared: WorkingsetSendPrereadMsg com.example.dogglers/androidx.test.core.app.InstrumentationActivityInvoker$EmptyActivity
08-16 10:12:39.836  1046  1070 D AwareLog: iawared: WorkingsetStart com.example.dogglers/androidx.test.core.app.InstrumentationActivityInvoker$EmptyActivity in monitor0
08-16 10:12:39.837  7774  7774 D LifecycleMonitor: Lifecycle status change: com.example.dogglers.GridListActivity@526b1a4 in: PAUSED
08-16 10:12:39.838  7774  7774 V ActivityScenario: Update currentActivityStage to PAUSED, currentActivity=com.example.dogglers.GridListActivity@526b1a4
08-16 10:12:39.842  1636  2813 D ZrHung.AppEyeFocusWindow: FocusWindowErrorScene CheckFreezeScreen
08-16 10:12:39.842  1636  2813 D ZrHung.AppEyeTransparentWindow: TransparentWindow cancelCheckFreezeScreen
08-16 10:12:39.842  8174  8678 I Cloud[13.2.0.303]Sync.GetOptionsInfoFromCloneTask: appId: com.google.android.apps.subscriptions.red match om config, backup app data.
08-16 10:12:39.843  8174  8678 I Cloud[13.2.0.303]Sync.GetOptionsInfoFromCloneTask: getThirdAppOptionsInfo{"appId":"com.google.android.apps.subscriptions.red","appName":"Google One","appType":0,"backupData":true,"backupSwitch":false,"codeBytes":0,"data1":"","data2":"","data3":"","data4":"253231","data5":"","data6":"","dataBytes":0,"increase1":0,"increase2":0,"isDataEnable":0,"isDisable":false,"itemTotal":0,"operateTime":0,"operateType":0,"parent":"thirdApp","showType":0,"switchCount":0,"uid":0,"appApkSize":0,"appDataSize":0,"appSwitch":false,"isOmConfigAble":false}
08-16 10:12:39.845  7774  7774 W ActivityThread: handleWindowVisibility: no activity for token android.os.BinderProxy@1821c38
08-16 10:12:39.845  2661  3071 D DollieActivityManagerAdapter: [Paused] pid:7774 uid:10431 ComponentInfo{com.example.dogglers/com.example.dogglers.GridListActivity} uidState:2
08-16 10:12:39.847  3386  7832 I HiAdKit.DC.PageSwitchEvent:  switch is off
08-16 10:12:39.847  3386  7832 I HiAdKit.DC.PaymentPageSwitchEvent:  switch is off
08-16 10:12:39.847  3386  7832 I HiAdKit.DC.LiteAppPageSwitchEvent:  switch is off
08-16 10:12:39.848  7774  7774 D LifecycleMonitor: Lifecycle status change: androidx.test.core.app.InstrumentationActivityInvoker$EmptyActivity@44f4411 in: PRE_ON_CREATE
08-16 10:12:39.848  7774  7774 V ActivityScenario: Activity lifecycle changed event received but ignored because the intent does not match. startActivityIntent=Intent { act=android.intent.action.MAIN cat=[android.intent.category.LAUNCHER] cmp=com.example.dogglers/.GridListActivity }, activity.getIntent()=Intent { act=android.intent.action.MAIN cat=[android.intent.category.LAUNCHER] flg=0x10000000 cmp=com.example.dogglers/androidx.test.core.app.InstrumentationActivityInvoker$EmptyActivity }, activity=androidx.test.core.app.InstrumentationActivityInvoker$EmptyActivity@44f4411
08-16 10:12:39.849  1636  7411 D InputDispatcher: Window handle WindowManager has no registered input channel
08-16 10:12:39.856  7774  7774 I DecorView[]: pkgName:com.example.dogglers old windowMode:0 new windoMode:1, isFixedSize:false
08-16 10:12:39.857  7774  7774 D LifecycleMonitor: Lifecycle status change: androidx.test.core.app.InstrumentationActivityInvoker$EmptyActivity@44f4411 in: CREATED
08-16 10:12:39.857  7774  7774 V ActivityScenario: Activity lifecycle changed event received but ignored because the intent does not match. startActivityIntent=Intent { act=android.intent.action.MAIN cat=[android.intent.category.LAUNCHER] cmp=com.example.dogglers/.GridListActivity }, activity.getIntent()=Intent { act=android.intent.action.MAIN cat=[android.intent.category.LAUNCHER] flg=0x10000000 cmp=com.example.dogglers/androidx.test.core.app.InstrumentationActivityInvoker$EmptyActivity }, activity=androidx.test.core.app.InstrumentationActivityInvoker$EmptyActivity@44f4411
08-16 10:12:39.858  7774  7774 D LifecycleMonitor: Lifecycle status change: androidx.test.core.app.InstrumentationActivityInvoker$EmptyActivity@44f4411 in: STARTED
08-16 10:12:39.858  7774  7774 V ActivityScenario: Activity lifecycle changed event received but ignored because the intent does not match. startActivityIntent=Intent { act=android.intent.action.MAIN cat=[android.intent.category.LAUNCHER] cmp=com.example.dogglers/.GridListActivity }, activity.getIntent()=Intent { act=android.intent.action.MAIN cat=[android.intent.category.LAUNCHER] flg=0x10000000 cmp=com.example.dogglers/androidx.test.core.app.InstrumentationActivityInvoker$EmptyActivity }, activity=androidx.test.core.app.InstrumentationActivityInvoker$EmptyActivity@44f4411
08-16 10:12:39.860  7774  7774 D LifecycleMonitor: Lifecycle status change: androidx.test.core.app.InstrumentationActivityInvoker$EmptyActivity@44f4411 in: RESUMED
08-16 10:12:39.860  7774  7774 V ActivityScenario: Activity lifecycle changed event received but ignored because the intent does not match. startActivityIntent=Intent { act=android.intent.action.MAIN cat=[android.intent.category.LAUNCHER] cmp=com.example.dogglers/.GridListActivity }, activity.getIntent()=Intent { act=android.intent.action.MAIN cat=[android.intent.category.LAUNCHER] flg=0x10000000 cmp=com.example.dogglers/androidx.test.core.app.InstrumentationActivityInvoker$EmptyActivity }, activity=androidx.test.core.app.InstrumentationActivityInvoker$EmptyActivity@44f4411
08-16 10:12:39.861  8174  8678 I Cloud[13.2.0.303]Base.FileHelper: getICSStoragePath locationSdcard = null ,locationPcard = /storage/emulated/0 ,uDiskStoragePath = null, appClonePath = null
08-16 10:12:39.861  7774  7774 D MouseWheelSynthesizer: mMoveStepInDp: 64, mMoveStepInPixel: 192, mUpTimeDelayed: 100
08-16 10:12:39.861  8174  8678 I Cloud[13.2.0.303]Sync.CloudBackupAppDataUtil: begin init appDataUtil appId = com.google.android.youtube
08-16 10:12:39.861  7774  7774 D ViewRootImpl: ViewRootImpl mIsInProductivePCDisplay: false
08-16 10:12:39.862  1636  1964 I HwPCUtils#HwRioViewManager: check if rio enable, displayId = 0， packageName = com.example.dogglers
08-16 10:12:39.864   664 24580 I netd    : trafficSwapActiveStatsMap() <16.41ms>
08-16 10:12:39.865  1636  1964 D InputDispatcher: Window handle WindowManager has no registered input channel
08-16 10:12:39.866  7774  7774 D InputEventReceiver: dispatchInputInterval 1000000
08-16 10:12:39.868  8174  8678 I Cloud[13.2.0.303]Sync.CloudBackupAppDataUtil: initAppFileInfo
08-16 10:12:39.869  8174  8678 I Cloud[13.2.0.303]Sync.CloudBackupAppDataUtil: match appInfo by emui
08-16 10:12:39.869  2661  1440 I Hicom_Monitor: mActivityNotifierEx, className = androidx.test.core.app.InstrumentationActivityInvoker$EmptyActivity, uid = 10431
08-16 10:12:39.869  2661  3071 D DollieActivityManagerAdapter: [Resumed] bg:false pid:7774 uid:10431 ComponentInfo{com.example.dogglers/androidx.test.core.app.InstrumentationActivityInvoker$EmptyActivity}
08-16 10:12:39.869  2661  3071 E DollieAdapterService: notifyActivityState pkg:com.example.dogglers/androidx.test.core.app.InstrumentationActivityInvoker$EmptyActivity state:2 fg:true mUid:10431
08-16 10:12:39.869  2661  3071 I OllieMsgCenter: publishEvt=2130771985
08-16 10:12:39.870  8174  8678 I Cloud[13.2.0.303]Sync.CloudBackupAppDataUtil: initDefaultFileInfoList
08-16 10:12:39.870  6225  9809 I CAWARENESS_AppUsageManager: onEvent, packageName=com.example.dogglers, activityName=androidx.test.core.app.InstrumentationActivityInvoker$EmptyActivity
08-16 10:12:39.871  6225  9809 I CAWARENESS_AppUsageManager: fuse currently and delay publish
08-16 10:12:39.871  3386  7816 I HiAdKit.DC.PageSwitchEvent:  switch is off
08-16 10:12:39.872  3386  7816 I HiAdKit.DC.PaymentPageSwitchEvent:  switch is off
08-16 10:12:39.872  3386  7816 I HiAdKit.DC.LiteAppPageSwitchEvent:  switch is off
08-16 10:12:39.874  8174  8678 I Cloud[13.2.0.303]Sync.CloudBackupAppDataUtil: end init appDataUtil
08-16 10:12:39.874  8174  8678 I Cloud[13.2.0.303]Sync.CloudBackupAppDataUtil: appId: com.google.android.youtube, isAppDataAble: false
08-16 10:12:39.876  7774  9194 D HiTouch_PressGestureDetector: onAttached, package=com.example.dogglers, windowType=1, mIsHiTouchRestricted=false
08-16 10:12:39.877  1636  1660 D HwPhoneWindowManager: Transact:setSystemUIColor to status bar service
08-16 10:12:39.877  1636 15277 D ZrHung.AppEyeFocusWindow: FocusWindowErrorScene cancelCheckFreezeScreen
08-16 10:12:39.877  1636 15277 D ZrHung.AppEyeTransparentWindow: TransparentWindow mHungConfigStatus = 0,mHungConfigEnable = 1
08-16 10:12:39.878  9104  9146 W .android.chrom: ClassLoaderContext classpath element mismatch. expected=/data/app/com.android.chrome-LJ30oIqzzTucA4tN65c-0w==/split_chrome.apk, found=/data/app/com.android.chrome-ZkS5qLzTiO25nFNHEliLEQ==/split_chrome.apk (DLC[];PCL[/data/app/com.android.chrome-LJ30oIqzzTucA4tN65c-0w==/split_chrome.apk*2513508419];PCL[/data/app/com.android.chrome-LJ30oIqzzTucA4tN65c-0w==/base.apk*4002797406]{PCL[]} | DLC[];PCL[/data/app/com.android.chrome-ZkS5qLzTiO25nFNHEliLEQ==/split_chrome.apk*2909124422];PCL[/data/app/com.android.chrome-ZkS5qLzTiO25nFNHEliLEQ==/base.apk*1837129367]{PCL[]})
08-16 10:12:39.878  7774  7850 D mali_winsys: EGLint new_window_surface(egl_winsys_display *, void *, EGLSurface, EGLConfig, egl_winsys_surface **, EGLBoolean) returns 0x3000
08-16 10:12:39.880  2580 23377 I OPCollectLog: AppChangeImpl:call onAppChange.
08-16 10:12:39.880  2580  6962 I OPCollectLog: HwForegroundAppAction:handleMessage
08-16 10:12:39.880  2580  6962 D OPCollectLog: HwForegroundAppAction:FG executeWithArgs
08-16 10:12:39.880  2580  6962 I OPCollectLog: OPCollectUtils:ODMF Api Version:2.16.3
08-16 10:12:39.880  2580  6962 I OPCollectLog: Action:HwForegroundAppAction executed successfully
08-16 10:12:39.880  2580  6962 D OPCollectLog: OdmfCollectScheduler:handleMessage msg: 4
08-16 10:12:39.880  2580  6962 I OPCollectLog: OdmfHelper:opcollectCache 1
08-16 10:12:39.880  2580  6962 I OPCollectLog: OdmfHelper:opcollectCache curTime: 574933975, interval: 152
08-16 10:12:39.881  2580  6962 I OPCollectLog: OdmfHelper:isCharging: true
08-16 10:12:39.883  1636  2649 D InputDispatcher: Window handle WindowManager has no registered input channel
08-16 10:12:39.884  2580  6962 I OPCollectLog: OdmfHelper:insert database success
08-16 10:12:39.884  2580  6962 I OPCollectLog: OdmfHelper:opcollectCache size: 1
08-16 10:12:39.884  2580  6962 I OPCollectLog: OdmfHelper:opcollectCache lastTime: 574933979
08-16 10:12:39.885  9104  9146 W .android.chrom: Found duplicate classes, falling back to extracting from APK : /data/user_de/0/com.google.android.gms/app_chimera/m/000004a0/GoogleCertificates.apk
08-16 10:12:39.885  9104  9146 W .android.chrom: NOTE: This wastes RAM and hurts startup performance.
08-16 10:12:39.885  9104  9146 W .android.chrom: Found duplicated class when checking oat files: 'Landroid/support/annotation/Keep;' in /data/app/com.android.chrome-ZkS5qLzTiO25nFNHEliLEQ==/base.apk and /data/user_de/0/com.google.android.gms/app_chimera/m/000004a0/GoogleCertificates.apk
08-16 10:12:39.885  9104  9146 W .android.chrom:
08-16 10:12:39.888  7774  7774 D DecorView: showOrHideHighlightView: hasFocus=false; winMode=1; isMrgNull=true
08-16 10:12:39.889  7774  7774 D DecorView: showOrHideHighlightView: hasFocus=true; winMode=1; isMrgNull=true
08-16 10:12:39.889  7774  7774 W InputMethodManager: startInputReason = 1
08-16 10:12:39.889  7774  7774 W HwRemoteInputMethodManager: isCasting false because IHwDistributedWindowManager is invalid.
08-16 10:12:39.895   664 24580 I netd    : trafficSwapActiveStatsMap() <22.30ms>
08-16 10:12:39.898  1636  7403 D InputDispatcher: Window handle WindowManager has no registered input channel
08-16 10:12:39.907   757  1629 W BufferQueueProducer: [com.example.dogglers/com.example.dogglers.GridListActivity#0]:1390: disconnect: not connected (req=1)
08-16 10:12:39.908  7774  7850 W libEGL  : EGLNativeWindowType 0x76e4c263d0 disconnect failed
08-16 10:12:39.915  1636  1653 D InputDispatcher: Window handle WindowManager has no registered input channel
08-16 10:12:39.918  2315  2315 E FullInputEventModel: onStartInput event aborted: fk.c0: could not obtain extracted text (class fk.c0)
08-16 10:12:39.919  8174  8678 I Cloud[13.2.0.303]Sync.GetOptionsInfoFromCloneTask: appId: com.google.android.youtube match om config, backup app data.
08-16 10:12:39.922  8174  8678 I Cloud[13.2.0.303]Sync.GetOptionsInfoFromCloneTask: getThirdAppOptionsInfo{"appId":"com.google.android.youtube","appName":"YouTube","appType":0,"backupData":true,"backupSwitch":false,"codeBytes":0,"data1":"","data2":"","data3":"","data4":"1539304896","data5":"","data6":"","dataBytes":0,"increase1":0,"increase2":0,"isDataEnable":0,"isDisable":false,"itemTotal":0,"operateTime":0,"operateType":0,"parent":"thirdApp","showType":0,"switchCount":0,"uid":0,"appApkSize":0,"appDataSize":0,"appSwitch":false,"isOmConfigAble":false}
08-16 10:12:39.923  8102  8327 I CarrierServices: [43151] brzn.a: Initializing Carrier Services Logging.
08-16 10:12:39.926  7774  7774 D LifecycleMonitor: Lifecycle status change: com.example.dogglers.GridListActivity@526b1a4 in: STOPPED
08-16 10:12:39.926  7774  7774 V ActivityScenario: Update currentActivityStage to STOPPED, currentActivity=com.example.dogglers.GridListActivity@526b1a4
08-16 10:12:39.928  7774  7774 D LifecycleMonitor: Lifecycle status change: com.example.dogglers.GridListActivity@526b1a4 in: DESTROYED
08-16 10:12:39.928  7774  7774 V ActivityScenario: Update currentActivityStage to DESTROYED, currentActivity=null
08-16 10:12:39.933  1636  2918 D InputDispatcher: Window handle WindowManager has no registered input channel
08-16 10:12:39.933  1636  2918 D InputDispatcher: Window handle Window{6fbe63d u0 com.example.dogglers/com.example.dogglers.GridListActivity} has no registered input channel
08-16 10:12:39.942  8174  8678 I Cloud[13.2.0.303]Base.FileHelper: getICSStoragePath locationSdcard = null ,locationPcard = /storage/emulated/0 ,uDiskStoragePath = null, appClonePath = null
08-16 10:12:39.942  8174  8678 I Cloud[13.2.0.303]Sync.CloudBackupAppDataUtil: begin init appDataUtil appId = com.vsco.cam
08-16 10:12:39.948  8174  8678 I Cloud[13.2.0.303]Sync.CloudBackupAppDataUtil: initAppFileInfo
08-16 10:12:39.949  8174  8678 I Cloud[13.2.0.303]Sync.CloudBackupAppDataUtil: match appInfo by emui
08-16 10:12:39.950  8174  8678 I Cloud[13.2.0.303]Sync.CloudBackupAppDataUtil: initDefaultFileInfoList
08-16 10:12:39.951  8174  8678 I Cloud[13.2.0.303]Sync.CloudBackupAppDataUtil: end init appDataUtil
08-16 10:12:39.951  8174  8678 I Cloud[13.2.0.303]Sync.CloudBackupAppDataUtil: appId: com.vsco.cam, isAppDataAble: false
08-16 10:12:39.953  1636  2918 D InputDispatcher: Window handle WindowManager has no registered input channel
08-16 10:12:39.957  7774  7774 D LifecycleMonitor: Lifecycle status change: androidx.test.core.app.InstrumentationActivityInvoker$BootstrapActivity@44a2655 in: DESTROYED
08-16 10:12:39.958  7774  7774 V ActivityScenario: Activity lifecycle changed event received but ignored because the intent does not match. startActivityIntent=Intent { act=android.intent.action.MAIN cat=[android.intent.category.LAUNCHER] cmp=com.example.dogglers/.GridListActivity }, activity.getIntent()=Intent { act=android.intent.action.MAIN cat=[android.intent.category.LAUNCHER] flg=0x10008000 cmp=com.example.dogglers/androidx.test.core.app.InstrumentationActivityInvoker$BootstrapActivity (has extras) }, activity=androidx.test.core.app.InstrumentationActivityInvoker$BootstrapActivity@44a2655
08-16 10:12:39.959  7774  7774 D LifecycleMonitor: Lifecycle status change: androidx.test.core.app.InstrumentationActivityInvoker$EmptyActivity@44f4411 in: PAUSED
08-16 10:12:39.959  7774  7774 V ActivityScenario: Activity lifecycle changed event received but ignored because the intent does not match. startActivityIntent=Intent { act=android.intent.action.MAIN cat=[android.intent.category.LAUNCHER] cmp=com.example.dogglers/.GridListActivity }, activity.getIntent()=Intent { act=android.intent.action.MAIN cat=[android.intent.category.LAUNCHER] flg=0x10000000 cmp=com.example.dogglers/androidx.test.core.app.InstrumentationActivityInvoker$EmptyActivity }, activity=androidx.test.core.app.InstrumentationActivityInvoker$EmptyActivity@44f4411
08-16 10:12:39.962  1636  2127 D ZrHung.AppEyeFocusWindow: FocusWindowErrorScene CheckFreezeScreen
08-16 10:12:39.962  1636  2127 D ZrHung.AppEyeTransparentWindow: TransparentWindow cancelCheckFreezeScreen
08-16 10:12:39.964  1046  1070 D AwareLog: iawared: WorkingsetProcessCommand subCmd = 352, userId=10431, pid=7774, com.example.dogglers/androidx.test.core.app.InstrumentationActivityInvoker$EmptyActivity
08-16 10:12:39.964  1046  1070 D AwareLog: iawared: WorkingsetStop com.example.dogglers/androidx.test.core.app.InstrumentationActivityInvoker$EmptyActivity
08-16 10:12:39.965  1636  2813 D InputDispatcher: Window handle WindowManager has no registered input channel
08-16 10:12:39.965  1046  1070 D AwareLog: iawared: WorkingsetProcessCommand subCmd = 350, userId=10431, pid=7774, com.example.dogglers/androidx.test.core.app.InstrumentationActivityInvoker$EmptyActivity
08-16 10:12:39.965  7774  7774 W ActivityThread: handleWindowVisibility: no activity for token android.os.BinderProxy@536768b
08-16 10:12:39.965  1046  1070 D AwareLog: iawared: WorkingsetSendPrereadMsg com.example.dogglers/androidx.test.core.app.InstrumentationActivityInvoker$EmptyActivity
08-16 10:12:39.966  1046  1070 D AwareLog: iawared: WorkingsetStart com.example.dogglers/androidx.test.core.app.InstrumentationActivityInvoker$EmptyActivity in monitor0
08-16 10:12:39.966  2661  3071 D DollieActivityManagerAdapter: [Paused] pid:7774 uid:10431 ComponentInfo{com.example.dogglers/androidx.test.core.app.InstrumentationActivityInvoker$EmptyActivity} uidState:2
08-16 10:12:39.967  3386  7833 I HiAdKit.DC.PageSwitchEvent:  switch is off
08-16 10:12:39.967  3386  7833 I HiAdKit.DC.PaymentPageSwitchEvent:  switch is off
08-16 10:12:39.967  3386  7833 I HiAdKit.DC.LiteAppPageSwitchEvent:  switch is off
08-16 10:12:39.969  7774  7774 D LifecycleMonitor: Lifecycle status change: androidx.test.core.app.InstrumentationActivityInvoker$EmptyActivity@ad10368 in: PRE_ON_CREATE
08-16 10:12:39.969  7774  7774 V ActivityScenario: Activity lifecycle changed event received but ignored because the intent does not match. startActivityIntent=Intent { act=android.intent.action.MAIN cat=[android.intent.category.LAUNCHER] cmp=com.example.dogglers/.GridListActivity }, activity.getIntent()=Intent { act=android.intent.action.MAIN cat=[android.intent.category.LAUNCHER] flg=0x10000000 cmp=com.example.dogglers/androidx.test.core.app.InstrumentationActivityInvoker$EmptyActivity }, activity=androidx.test.core.app.InstrumentationActivityInvoker$EmptyActivity@ad10368
08-16 10:12:39.974  8174  8678 I Cloud[13.2.0.303]Sync.GetOptionsInfoFromCloneTask: appId: com.vsco.cam match om config, backup app data.
08-16 10:12:39.974  7774  7774 I DecorView[]: pkgName:com.example.dogglers old windowMode:0 new windoMode:1, isFixedSize:false
08-16 10:12:39.975  7774  7774 D LifecycleMonitor: Lifecycle status change: androidx.test.core.app.InstrumentationActivityInvoker$EmptyActivity@ad10368 in: CREATED
08-16 10:12:39.976  7774  7774 V ActivityScenario: Activity lifecycle changed event received but ignored because the intent does not match. startActivityIntent=Intent { act=android.intent.action.MAIN cat=[android.intent.category.LAUNCHER] cmp=com.example.dogglers/.GridListActivity }, activity.getIntent()=Intent { act=android.intent.action.MAIN cat=[android.intent.category.LAUNCHER] flg=0x10000000 cmp=com.example.dogglers/androidx.test.core.app.InstrumentationActivityInvoker$EmptyActivity }, activity=androidx.test.core.app.InstrumentationActivityInvoker$EmptyActivity@ad10368
08-16 10:12:39.976  8174  8678 I Cloud[13.2.0.303]Sync.GetOptionsInfoFromCloneTask: getThirdAppOptionsInfo{"appId":"com.vsco.cam","appName":"VSCO","appType":0,"backupData":true,"backupSwitch":false,"codeBytes":0,"data1":"","data2":"","data3":"","data4":"100023198","data5":"","data6":"","dataBytes":0,"increase1":0,"increase2":0,"isDataEnable":0,"isDisable":false,"itemTotal":0,"operateTime":0,"operateType":0,"parent":"thirdApp","showType":0,"switchCount":0,"uid":0,"appApkSize":0,"appDataSize":0,"appSwitch":false,"isOmConfigAble":false}
08-16 10:12:39.976  7774  7774 D LifecycleMonitor: Lifecycle status change: androidx.test.core.app.InstrumentationActivityInvoker$EmptyActivity@ad10368 in: STARTED
08-16 10:12:39.977  7774  7774 V ActivityScenario: Activity lifecycle changed event received but ignored because the intent does not match. startActivityIntent=Intent { act=android.intent.action.MAIN cat=[android.intent.category.LAUNCHER] cmp=com.example.dogglers/.GridListActivity }, activity.getIntent()=Intent { act=android.intent.action.MAIN cat=[android.intent.category.LAUNCHER] flg=0x10000000 cmp=com.example.dogglers/androidx.test.core.app.InstrumentationActivityInvoker$EmptyActivity }, activity=androidx.test.core.app.InstrumentationActivityInvoker$EmptyActivity@ad10368
08-16 10:12:39.978  7774  7774 D LifecycleMonitor: Lifecycle status change: androidx.test.core.app.InstrumentationActivityInvoker$EmptyActivity@ad10368 in: RESUMED
08-16 10:12:39.978  7774  7774 V ActivityScenario: Activity lifecycle changed event received but ignored because the intent does not match. startActivityIntent=Intent { act=android.intent.action.MAIN cat=[android.intent.category.LAUNCHER] cmp=com.example.dogglers/.GridListActivity }, activity.getIntent()=Intent { act=android.intent.action.MAIN cat=[android.intent.category.LAUNCHER] flg=0x10000000 cmp=com.example.dogglers/androidx.test.core.app.InstrumentationActivityInvoker$EmptyActivity }, activity=androidx.test.core.app.InstrumentationActivityInvoker$EmptyActivity@ad10368
08-16 10:12:39.979  7774  7774 D MouseWheelSynthesizer: mMoveStepInDp: 64, mMoveStepInPixel: 192, mUpTimeDelayed: 100
08-16 10:12:39.980  7774  7774 D ViewRootImpl: ViewRootImpl mIsInProductivePCDisplay: false
08-16 10:12:39.980  1636  2127 I HwPCUtils#HwRioViewManager: check if rio enable, displayId = 0， packageName = com.example.dogglers
08-16 10:12:39.981  1636  2813 D InputDispatcher: Window handle WindowManager has no registered input channel
08-16 10:12:39.984  7774  7774 D InputEventReceiver: dispatchInputInterval 1000000
08-16 10:12:39.986  7774  7774 D DecorView: showOrHideHighlightView: hasFocus=false; winMode=1; isMrgNull=true
08-16 10:12:39.986  2661  1440 I Hicom_Monitor: mActivityNotifierEx, className = androidx.test.core.app.InstrumentationActivityInvoker$EmptyActivity, uid = 10431
08-16 10:12:39.987  2661  3071 D DollieActivityManagerAdapter: [Resumed] bg:false pid:7774 uid:10431 ComponentInfo{com.example.dogglers/androidx.test.core.app.InstrumentationActivityInvoker$EmptyActivity}
08-16 10:12:39.987  2661  3071 E DollieAdapterService: notifyActivityState pkg:com.example.dogglers/androidx.test.core.app.InstrumentationActivityInvoker$EmptyActivity state:2 fg:true mUid:10431
08-16 10:12:39.987  2661  3071 I OllieMsgCenter: publishEvt=2130771985
08-16 10:12:39.987  6225  9809 I CAWARENESS_AppUsageManager: Repeat info, don't need publish
08-16 10:12:39.988  3386  7832 I HiAdKit.DC.PageSwitchEvent:  switch is off
08-16 10:12:39.988  3386  7832 I HiAdKit.DC.PaymentPageSwitchEvent:  switch is off
08-16 10:12:39.988  3386  7832 I HiAdKit.DC.LiteAppPageSwitchEvent:  switch is off
08-16 10:12:39.989  2580 23377 I OPCollectLog: AppChangeImpl:call onAppChange.
08-16 10:12:39.989  2580  6962 I OPCollectLog: HwForegroundAppAction:handleMessage
08-16 10:12:39.989  2580  6962 D OPCollectLog: HwForegroundAppAction:FG executeWithArgs
08-16 10:12:39.989  2580  6962 I OPCollectLog: OPCollectUtils:ODMF Api Version:2.16.3
08-16 10:12:39.990  2580  6962 I OPCollectLog: Action:HwForegroundAppAction executed successfully
08-16 10:12:39.990  2580  6962 D OPCollectLog: OdmfCollectScheduler:handleMessage msg: 4
08-16 10:12:39.990  2580  6962 I OPCollectLog: OdmfHelper:opcollectCache 1
08-16 10:12:39.990  2580  6962 I OPCollectLog: OdmfHelper:opcollectCache curTime: 574934085, interval: 106
08-16 10:12:39.990  2580  6962 I OPCollectLog: OdmfHelper:isCharging: true
08-16 10:12:39.990  8174  8678 I Cloud[13.2.0.303]Base.FileHelper: getICSStoragePath locationSdcard = null ,locationPcard = /storage/emulated/0 ,uDiskStoragePath = null, appClonePath = null
08-16 10:12:39.990  8174  8678 I Cloud[13.2.0.303]Sync.CloudBackupAppDataUtil: begin init appDataUtil appId = com.ea.game.pvz2_row
08-16 10:12:39.991  2580  6962 I OPCollectLog: OdmfHelper:insert database success
08-16 10:12:39.991  2580  6962 I OPCollectLog: OdmfHelper:opcollectCache size: 1
08-16 10:12:39.991  2580  6962 I OPCollectLog: OdmfHelper:opcollectCache lastTime: 574934086
08-16 10:12:39.992  8083  8315 I AppFeatureLoader: loadFeature entryClazz:com.huawei.gallery.photomore.featurelayer.PhotoMoreFeatureEntry clazz:com.huawei.gallery.feature.photomore.IPhotoMoreFeature
08-16 10:12:39.995  8174  8678 I Cloud[13.2.0.303]Sync.CloudBackupAppDataUtil: initAppFileInfo
08-16 10:12:39.996  8174  8678 I Cloud[13.2.0.303]Sync.CloudBackupAppDataUtil: match appInfo by emui
08-16 10:12:39.997  8174  8678 I Cloud[13.2.0.303]Sync.CloudBackupAppDataUtil: initDefaultFileInfoList
08-16 10:12:39.997  8174  8678 I Cloud[13.2.0.303]Sync.CloudBackupAppDataUtil: end init appDataUtil
08-16 10:12:39.997  8174  8678 I Cloud[13.2.0.303]Sync.CloudBackupAppDataUtil: appId: com.ea.game.pvz2_row, isAppDataAble: false
08-16 10:12:39.998  1636  2504 D InputDispatcher: Window handle WindowManager has no registered input channel
08-16 10:12:40.002  7774  9208 D HiTouch_PressGestureDetector: onAttached, package=com.example.dogglers, windowType=1, mIsHiTouchRestricted=false
08-16 10:12:40.003  1636  1963 D ZrHung.AppEyeFocusWindow: FocusWindowErrorScene cancelCheckFreezeScreen
08-16 10:12:40.003  1636  1963 D ZrHung.AppEyeTransparentWindow: TransparentWindow mHungConfigStatus = 0,mHungConfigEnable = 1
08-16 10:12:40.006  7774  7850 D mali_winsys: EGLint new_window_surface(egl_winsys_display *, void *, EGLSurface, EGLConfig, egl_winsys_surface **, EGLBoolean) returns 0x3000
08-16 10:12:40.007  1636  2813 I PackageManager: getInstalledPackages cost 4 ms, flags: 786432, userId: 0, callingUid: 10091, callingPid: 9104
08-16 10:12:40.014  1636 15277 D InputDispatcher: Window handle WindowManager has no registered input channel
08-16 10:12:40.019  7774  7774 D DecorView: showOrHideHighlightView: hasFocus=true; winMode=1; isMrgNull=true
08-16 10:12:40.020  7774  7774 W InputMethodManager: startInputReason = 1
08-16 10:12:40.020  7774  7774 W HwRemoteInputMethodManager: isCasting false because IHwDistributedWindowManager is invalid.
08-16 10:12:40.027  1636  2127 D ZrHung.AppEyeFocusWindow: FocusWindowErrorScene CheckFreezeScreen
08-16 10:12:40.027  1636  2127 D ZrHung.AppEyeTransparentWindow: TransparentWindow cancelCheckFreezeScreen
08-16 10:12:40.029  2690  3310 I ScenarioService: app focus change from: com.example.dogglers to:com.huawei.android.launcher
08-16 10:12:40.029  2690  3310 I ScenarioService: add focus on app:com.huawei.android.launcher to visiblePkgs
08-16 10:12:40.031  1636  2504 D InputDispatcher: Window handle WindowManager has no registered input channel
08-16 10:12:40.031  6225  9809 I CAWARENESS_AppUsageManager: onEvent, packageName=com.huawei.android.launcher, activityName=com.huawei.android.launcher.unihome.UniHomeLauncher
08-16 10:12:40.031  6225  9809 I CAWARENESS_AppUsageManager: fuse currently and delay publish
08-16 10:12:40.031  2661  1440 I AssistantService-11.2.1.200: registerHwActivityNotifier call fromPackage:com.example.dogglers, toPackage:com.huawei.android.launcher
08-16 10:12:40.031  2661  6711 D AssistantService-11.2.1.200: handleMessage app switch fromPackage:com.example.dogglers, toPackage:com.huawei.android.launcher
08-16 10:12:40.032  2661 11726 I Hicom_Monitor: mAppSwitchNotifierEx. uid: 10065, foreground app: com.huawei.android.launcher, foreground activity: com.huawei.android.launcher.unihome.UniHomeLauncher
08-16 10:12:40.032  2730  4111 W HwLauncher: ExitAppAnimationManager getAnimationInfoMyself, mAnimationInfo = com.huawei.android.launcher.exitapp.ExitAppAnimationManager$AnimationInfo@f3d067e
08-16 10:12:40.032  2730  2730 W HwLauncher: RotationHelper hideAdjacentScreen, launcher is not transposed. RotationMode = com.huawei.android.launcher.graphics.RotationMode$1{293d90b surfaceRotation = 0.0,isTransposed = false}
08-16 10:12:40.032  2661  3353 W Hicom_XEngineProc: handleForegroundAppChanged. Feature is not enable.
08-16 10:12:40.033   757  1724 W BufferQueueProducer: [com.example.dogglers/androidx.test.core.app.InstrumentationActivityInvoker$EmptyActivity#0]:1390: disconnect: not connected (req=1)
08-16 10:12:40.033  7774  7850 W libEGL  : EGLNativeWindowType 0x76e4c29e90 disconnect failed
08-16 10:12:40.034  3386  7816 I HiAdKit.DC.PersistentMessageCenter:  notifyMessage com.huawei.hwid_app_switch_from_to_intent
08-16 10:12:40.034  2624 10575 I iconnect:BluetoothApi: adapter status 12
08-16 10:12:40.034  2624 10575 I iconnect:NearbyDeviceDetect: isPropEnable=true, isBluetoothEnabled=true, isScreenOn=true, isNotSpecialAppOnTop=true, scanCondition=0
08-16 10:12:40.034  2624 10575 I iconnect:DeviceStateMachineManager: report:NOT_SPECIAL_APP_ON_TOP device:D
08-16 10:12:40.034  2624 10575 I iconnect:DeviceStateMachineManager: Return exist stateMachine
08-16 10:12:40.040  7774  7774 D LifecycleMonitor: Lifecycle status change: androidx.test.core.app.InstrumentationActivityInvoker$EmptyActivity@ad10368 in: PAUSED
08-16 10:12:40.040  7774  7774 V ActivityScenario: Activity lifecycle changed event received but ignored because the intent does not match. startActivityIntent=Intent { act=android.intent.action.MAIN cat=[android.intent.category.LAUNCHER] cmp=com.example.dogglers/.GridListActivity }, activity.getIntent()=Intent { act=android.intent.action.MAIN cat=[android.intent.category.LAUNCHER] flg=0x10000000 cmp=com.example.dogglers/androidx.test.core.app.InstrumentationActivityInvoker$EmptyActivity }, activity=androidx.test.core.app.InstrumentationActivityInvoker$EmptyActivity@ad10368
08-16 10:12:40.045  2690  3310 D ScenarioService: front pkg : com.huawei.android.launcher launcher: true
08-16 10:12:40.045  2690  3310 I AppsUsage: scnOff:false FgAPP:com.huawei.android.launcher BgAPP:com.example.dogglers
08-16 10:12:40.047  1636  2813 D InputDispatcher: Window handle WindowManager has no registered input channel
08-16 10:12:40.047 26909 26909 I HiBoard_22.0.8.300_Workspace: onWindowVisibilityChanged：0 isOverlayClosed:true
08-16 10:12:40.047 26909 26909 I HiBoard_22.0.8.300_ShareCodeClipboardHelper: removeClipboardView is executed!
08-16 10:12:40.048 26909 27127 I HiBoard_22.0.8.300_ShareCodeClipboardHelper: handleMsg 5
08-16 10:12:40.048  7774  7774 D DecorView: showOrHideHighlightView: hasFocus=false; winMode=1; isMrgNull=true
08-16 10:12:40.049  7774  7836 I TestRunner: finished: recycler_view_item_count(com.example.dogglers.GridListTests)
