08-16 10:12:54.532  8102  9467 D StrictMode: 	at aayz.e(PG:84)
08-16 10:12:54.532  8102  9467 D StrictMode: 	at aayz.b(PG:3)
08-16 10:12:54.532  8102  9467 D StrictMode: 	at ddix.b(PG:1)
08-16 10:12:54.532  8102  9467 D StrictMode: 	at bvch.a(PG:12)
08-16 10:12:54.532  8102  9467 D StrictMode: 	at cvmj.d(PG:2)
08-16 10:12:54.532  8102  9467 D StrictMode: 	at cvml.run(PG:9)
08-16 10:12:54.532  8102  9467 D StrictMode: 	at bzmd.run(PG:1)
08-16 10:12:54.532  8102  9467 D StrictMode: 	at java.util.concurrent.ThreadPoolExecutor.runWorker(ThreadPoolExecutor.java:1167)
08-16 10:12:54.532  8102  9467 D StrictMode: 	at java.util.concurrent.ThreadPoolExecutor$Worker.run(ThreadPoolExecutor.java:641)
08-16 10:12:54.532  8102  9467 D StrictMode: 	at bzok.run(PG:3)
08-16 10:12:54.532  8102  9467 D StrictMode: 	at bzlm.run(PG:2)
08-16 10:12:54.532  8102  9467 D StrictMode: 	at java.lang.Thread.run(Thread.java:929)
08-16 10:12:54.532  8102  9467 D StrictMode: 	at bzmg.run(PG:5)
08-16 10:12:54.534  8102  9467 D StrictMode: StrictMode policy violation: android.os.strictmode.DiskReadViolation
08-16 10:12:54.534  8102  9467 D StrictMode: 	at android.os.StrictMode$AndroidBlockGuardPolicy.onReadFromDisk(StrictMode.java:1556)
08-16 10:12:54.534  8102  9467 D StrictMode: 	at java.io.UnixFileSystem.getBooleanAttributes(UnixFileSystem.java:250)
08-16 10:12:54.534  8102  9467 D StrictMode: 	at java.io.File.isDirectory(File.java:845)
08-16 10:12:54.534  8102  9467 D StrictMode: 	at dalvik.system.DexPathList$Element.getDexPath(DexPathList.java:727)
08-16 10:12:54.534  8102  9467 D StrictMode: 	at dalvik.system.DexPathList$Element.access$000(DexPathList.java:660)
08-16 10:12:54.534  8102  9467 D StrictMode: 	at dalvik.system.DexPathList.getDexPaths(DexPathList.java:618)
08-16 10:12:54.534  8102  9467 D StrictMode: 	at dalvik.system.BaseDexClassLoader.reportClassLoaderChain(BaseDexClassLoader.java:155)
08-16 10:12:54.534  8102  9467 D StrictMode: 	at dalvik.system.BaseDexClassLoader.<init>(BaseDexClassLoader.java:134)
08-16 10:12:54.534  8102  9467 D StrictMode: 	at dalvik.system.BaseDexClassLoader.<init>(BaseDexClassLoader.java:89)
08-16 10:12:54.534  8102  9467 D StrictMode: 	at dalvik.system.PathClassLoader.<init>(PathClassLoader.java:64)
08-16 10:12:54.534  8102  9467 D StrictMode: 	at dalvik.system.DelegateLastClassLoader.<init>(DelegateLastClassLoader.java:102)
08-16 10:12:54.534  8102  9467 D StrictMode: 	at dalvik.system.DelegateLastClassLoader.<init>(DelegateLastClassLoader.java:52)
08-16 10:12:54.534  8102  9467 D StrictMode: 	at com.google.android.gms.dynamite.DynamiteModule.b(PG:17)
08-16 10:12:54.534  8102  9467 D StrictMode: 	at bpwz.b(PG:1)
08-16 10:12:54.534  8102  9467 D StrictMode: 	at bpxa.a(PG:1)
08-16 10:12:54.534  8102  9467 D StrictMode: 	at com.google.android.gms.dynamite.DynamiteModule.d(PG:8)
08-16 10:12:54.534  8102  9467 D StrictMode: 	at bqve.b(PG:12)
08-16 10:12:54.534  8102  9467 D StrictMode: 	at com.google.android.gms.net.PlayServicesCronetProvider.tryToInstallCronetProvider(PG:1)
08-16 10:12:54.534  8102  9467 D StrictMode: 	at com.google.android.gms.net.PlayServicesCronetProvider.isEnabled(PG:1)
08-16 10:12:54.534  8102  9467 D StrictMode: 	at org.chromium.net.CronetEngine$Builder.getEnabledCronetProviders(PG:5)
08-16 10:12:54.534  8102  9467 D StrictMode: 	at org.chromium.net.CronetEngine$Builder.createBuilderDelegate(PG:2)
08-16 10:12:54.534  8102  9467 D StrictMode: 	at org.chromium.net.CronetEngine$Builder.<init>(PG:1)
08-16 10:12:54.534  8102  9467 D StrictMode: 	at org.chromium.net.ExperimentalCronetEngine$Builder.<init>(PG:1)
08-16 10:12:54.534  8102  9467 D StrictMode: 	at aayk.c(PG:56)
08-16 10:12:54.534  8102  9467 D StrictMode: 	at aayk.b(PG:6)
08-16 10:12:54.534  8102  9467 D StrictMode: 	at ddix.b(PG:1)
08-16 10:12:54.534  8102  9467 D StrictMode: 	at aayu.c(Unknown Source:4935)
08-16 10:12:54.534  8102  9467 D StrictMode: 	at aayu.b(PG:1)
08-16 10:12:54.534  8102  9467 D StrictMode: 	at ddix.b(PG:1)
08-16 10:12:54.534  8102  9467 D StrictMode: 	at aabt.b(PG:1)
08-16 10:12:54.534  8102  9467 D StrictMode: 	at aabs.get(PG:1)
08-16 10:12:54.534  8102  9467 D StrictMode: 	at crmt.get(PG:1)
08-16 10:12:54.534  8102  9467 D StrictMode: 	at aabt.a(PG:1)
08-16 10:12:54.534  8102  9467 D StrictMode: 	at aayz.e(PG:84)
08-16 10:12:54.534  8102  9467 D StrictMode: 	at aayz.b(PG:3)
08-16 10:12:54.534  8102  9467 D StrictMode: 	at ddix.b(PG:1)
08-16 10:12:54.534  8102  9467 D StrictMode: 	at bvch.a(PG:12)
08-16 10:12:54.534  8102  9467 D StrictMode: 	at cvmj.d(PG:2)
08-16 10:12:54.534  8102  9467 D StrictMode: 	at cvml.run(PG:9)
08-16 10:12:54.534  8102  9467 D StrictMode: 	at bzmd.run(PG:1)
08-16 10:12:54.534  8102  9467 D StrictMode: 	at java.util.concurrent.ThreadPoolExecutor.runWorker(ThreadPoolExecutor.java:1167)
08-16 10:12:54.534  8102  9467 D StrictMode: 	at java.util.concurrent.ThreadPoolExecutor$Worker.run(ThreadPoolExecutor.java:641)
08-16 10:12:54.534  8102  9467 D StrictMode: 	at bzok.run(PG:3)
08-16 10:12:54.534  8102  9467 D StrictMode: 	at bzlm.run(PG:2)
08-16 10:12:54.534  8102  9467 D StrictMode: 	at java.lang.Thread.run(Thread.java:929)
08-16 10:12:54.534  8102  9467 D StrictMode: 	at bzmg.run(PG:5)
08-16 10:12:54.537  8102  9467 I .apps.messagin: Waiting for a blocking GC ClassLinker
08-16 10:12:54.543  8102  8129 I .apps.messagin: Background young concurrent copying GC freed 29504(1642KB) AllocSpace objects, 4(144KB) LOS objects, 0% free, 5894KB/5894KB, paused 31.352ms total 404.341ms
08-16 10:12:54.543  8102  9467 I .apps.messagin: WaitForGcToComplete blocked ClassLinker on HeapTrim for 7.555ms
08-16 10:12:54.544  8102  9467 I DynamiteModule: Considering local module com.google.android.gms.cronet_dynamite:0 and remote module com.google.android.gms.cronet_dynamite:2411
08-16 10:12:54.544  8102  9467 I DynamiteModule: Selected remote version of com.google.android.gms.cronet_dynamite, version >= 2411
08-16 10:12:54.545  8102  9467 V DynamiteModule: Dynamite loader version >= 2, using loadModule2NoCrashUtils
08-16 10:12:54.548  1636  2127 D InputDispatcher: Window handle WindowManager has no registered input channel
08-16 10:12:54.554   757  1629 W BufferQueueProducer: [com.example.dogglers/com.example.dogglers.VerticalListActivity#0]:1390: disconnect: not connected (req=1)
08-16 10:12:54.554  7774  7850 W libEGL  : EGLNativeWindowType 0x76e4c263d0 disconnect failed
08-16 10:12:54.564  1636  1964 D InputDispatcher: Window handle WindowManager has no registered input channel
08-16 10:12:54.566  7774  7774 D LifecycleMonitor: Lifecycle status change: androidx.test.core.app.InstrumentationActivityInvoker$BootstrapActivity@7b30bae in: DESTROYED
08-16 10:12:54.566  7774  7774 V ActivityScenario: Activity lifecycle changed event received but ignored because the intent does not match. startActivityIntent=Intent { act=android.intent.action.MAIN cat=[android.intent.category.LAUNCHER] cmp=com.example.dogglers/.VerticalListActivity }, activity.getIntent()=Intent { act=android.intent.action.MAIN cat=[android.intent.category.LAUNCHER] flg=0x10008000 cmp=com.example.dogglers/androidx.test.core.app.InstrumentationActivityInvoker$BootstrapActivity (has extras) }, activity=androidx.test.core.app.InstrumentationActivityInvoker$BootstrapActivity@7b30bae
08-16 10:12:54.566  2661  3071 I OllieMsgCenter: publishEvt=2135097345
08-16 10:12:54.568  7774  7774 D LifecycleMonitor: Lifecycle status change: androidx.test.core.app.InstrumentationActivityInvoker$EmptyActivity@702f908 in: PAUSED
08-16 10:12:54.569  7774  7774 V ActivityScenario: Activity lifecycle changed event received but ignored because the intent does not match. startActivityIntent=Intent { act=android.intent.action.MAIN cat=[android.intent.category.LAUNCHER] cmp=com.example.dogglers/.VerticalListActivity }, activity.getIntent()=Intent { act=android.intent.action.MAIN cat=[android.intent.category.LAUNCHER] flg=0x10000000 cmp=com.example.dogglers/androidx.test.core.app.InstrumentationActivityInvoker$EmptyActivity }, activity=androidx.test.core.app.InstrumentationActivityInvoker$EmptyActivity@702f908
08-16 10:12:54.572  1636  1964 D ZrHung.AppEyeFocusWindow: FocusWindowErrorScene CheckFreezeScreen
08-16 10:12:54.572  1636  1964 D ZrHung.AppEyeTransparentWindow: TransparentWindow cancelCheckFreezeScreen
08-16 10:12:54.573  1046 12149 I Pged-IPgedBinderService: ****action is 2, pid num is 9***
08-16 10:12:54.573  1046 12149 I Pged-Freezer: thawPids
08-16 10:12:54.573  1046 12149 I Pged-Freezer: Pid 19712 is not exist in vector
08-16 10:12:54.573  1046 12149 I Pged-Freezer: Pid 21002 is not exist in vector
08-16 10:12:54.573  1046 12149 I Pged-Freezer: Pid 21360 is not exist in vector
08-16 10:12:54.573  1046 12149 I Pged-Freezer: Pid 10119 is not exist in vector
08-16 10:12:54.573  1046 12149 I Pged-Freezer: Pid 18777 is not exist in vector
08-16 10:12:54.573  1046 12149 I Pged-Freezer: Pid 20784 is not exist in vector
08-16 10:12:54.573  1046 12149 I Pged-Freezer: Pid 10033 is not exist in vector
08-16 10:12:54.573  1046 12149 I Pged-Freezer: Pid 9407 is not exist in vector
08-16 10:12:54.573  2690  3436 D PgedBinderAdapter: unF_Z ok, pid: [19712, 21002, 21360, 10119, 18777, 20784, 10033, 9407]
08-16 10:12:54.574  1046  1070 D AwareLog: iawared: WorkingsetProcessCommand subCmd = 352, userId=10431, pid=7774, com.example.dogglers/androidx.test.core.app.InstrumentationActivityInvoker$EmptyActivity
08-16 10:12:54.574  1046  1070 D AwareLog: iawared: WorkingsetStop com.example.dogglers/androidx.test.core.app.InstrumentationActivityInvoker$EmptyActivity
08-16 10:12:54.575  1046  1070 D AwareLog: iawared: WorkingsetProcessCommand subCmd = 350, userId=10431, pid=7774, com.example.dogglers/androidx.test.core.app.InstrumentationActivityInvoker$EmptyActivity
08-16 10:12:54.575  8102  9467 I .apps.messagin: The ClassLoaderContext is a special shared library.
08-16 10:12:54.575  1046  1070 D AwareLog: iawared: WorkingsetSendPrereadMsg com.example.dogglers/androidx.test.core.app.InstrumentationActivityInvoker$EmptyActivity
08-16 10:12:54.575  1046  1070 D AwareLog: iawared: WorkingsetStart com.example.dogglers/androidx.test.core.app.InstrumentationActivityInvoker$EmptyActivity in monitor0
08-16 10:12:54.576  7774  7774 W ActivityThread: handleWindowVisibility: no activity for token android.os.BinderProxy@c87ef4c
08-16 10:12:54.578  2661  3071 D DollieActivityManagerAdapter: [Paused] pid:7774 uid:10431 ComponentInfo{com.example.dogglers/androidx.test.core.app.InstrumentationActivityInvoker$EmptyActivity} uidState:2
08-16 10:12:54.578  7774  7774 D LifecycleMonitor: Lifecycle status change: androidx.test.core.app.InstrumentationActivityInvoker$EmptyActivity@1923b95 in: PRE_ON_CREATE
08-16 10:12:54.578  7774  7774 V ActivityScenario: Activity lifecycle changed event received but ignored because the intent does not match. startActivityIntent=Intent { act=android.intent.action.MAIN cat=[android.intent.category.LAUNCHER] cmp=com.example.dogglers/.VerticalListActivity }, activity.getIntent()=Intent { act=android.intent.action.MAIN cat=[android.intent.category.LAUNCHER] flg=0x10000000 cmp=com.example.dogglers/androidx.test.core.app.InstrumentationActivityInvoker$EmptyActivity }, activity=androidx.test.core.app.InstrumentationActivityInvoker$EmptyActivity@1923b95
08-16 10:12:54.579  8102  9467 I .apps.messagin: Waiting for a blocking GC ClassLinker
08-16 10:12:54.581  1636  1964 D InputDispatcher: Window handle WindowManager has no registered input channel
08-16 10:12:54.582  3386  7832 I HiAdKit.DC.PageSwitchEvent:  switch is off
08-16 10:12:54.582  3386  7832 I HiAdKit.DC.PaymentPageSwitchEvent:  switch is off
08-16 10:12:54.582  3386  7832 I HiAdKit.DC.LiteAppPageSwitchEvent:  switch is off
08-16 10:12:54.586  7774  7774 I DecorView[]: pkgName:com.example.dogglers old windowMode:0 new windoMode:1, isFixedSize:false
08-16 10:12:54.587  7774  7774 D LifecycleMonitor: Lifecycle status change: androidx.test.core.app.InstrumentationActivityInvoker$EmptyActivity@1923b95 in: CREATED
08-16 10:12:54.587  7774  7774 V ActivityScenario: Activity lifecycle changed event received but ignored because the intent does not match. startActivityIntent=Intent { act=android.intent.action.MAIN cat=[android.intent.category.LAUNCHER] cmp=com.example.dogglers/.VerticalListActivity }, activity.getIntent()=Intent { act=android.intent.action.MAIN cat=[android.intent.category.LAUNCHER] flg=0x10000000 cmp=com.example.dogglers/androidx.test.core.app.InstrumentationActivityInvoker$EmptyActivity }, activity=androidx.test.core.app.InstrumentationActivityInvoker$EmptyActivity@1923b95
08-16 10:12:54.588  7774  7774 D LifecycleMonitor: Lifecycle status change: androidx.test.core.app.InstrumentationActivityInvoker$EmptyActivity@1923b95 in: STARTED
08-16 10:12:54.588  7774  7774 V ActivityScenario: Activity lifecycle changed event received but ignored because the intent does not match. startActivityIntent=Intent { act=android.intent.action.MAIN cat=[android.intent.category.LAUNCHER] cmp=com.example.dogglers/.VerticalListActivity }, activity.getIntent()=Intent { act=android.intent.action.MAIN cat=[android.intent.category.LAUNCHER] flg=0x10000000 cmp=com.example.dogglers/androidx.test.core.app.InstrumentationActivityInvoker$EmptyActivity }, activity=androidx.test.core.app.InstrumentationActivityInvoker$EmptyActivity@1923b95
08-16 10:12:54.590  7774  7774 D LifecycleMonitor: Lifecycle status change: androidx.test.core.app.InstrumentationActivityInvoker$EmptyActivity@1923b95 in: RESUMED
08-16 10:12:54.590  7774  7774 V ActivityScenario: Activity lifecycle changed event received but ignored because the intent does not match. startActivityIntent=Intent { act=android.intent.action.MAIN cat=[android.intent.category.LAUNCHER] cmp=com.example.dogglers/.VerticalListActivity }, activity.getIntent()=Intent { act=android.intent.action.MAIN cat=[android.intent.category.LAUNCHER] flg=0x10000000 cmp=com.example.dogglers/androidx.test.core.app.InstrumentationActivityInvoker$EmptyActivity }, activity=androidx.test.core.app.InstrumentationActivityInvoker$EmptyActivity@1923b95
08-16 10:12:54.591  7774  7774 D MouseWheelSynthesizer: mMoveStepInDp: 64, mMoveStepInPixel: 192, mUpTimeDelayed: 100
08-16 10:12:54.591  7774  7774 D ViewRootImpl: ViewRootImpl mIsInProductivePCDisplay: false
08-16 10:12:54.592  1636  2920 I HwPCUtils#HwRioViewManager: check if rio enable, displayId = 0， packageName = com.example.dogglers
08-16 10:12:54.596  7774  7774 D InputEventReceiver: dispatchInputInterval 1000000
08-16 10:12:54.599  2315  2315 E FullInputEventModel: onStartInput event aborted: fk.c0: could not obtain extracted text (class fk.c0)
08-16 10:12:54.599  7774  7774 D LifecycleMonitor: Lifecycle status change: com.example.dogglers.VerticalListActivity@6fc0761 in: STOPPED
08-16 10:12:54.599  7774  7774 V ActivityScenario: Update currentActivityStage to STOPPED, currentActivity=com.example.dogglers.VerticalListActivity@6fc0761
08-16 10:12:54.599  2661  2775 I Hicom_Monitor: mActivityNotifierEx, className = androidx.test.core.app.InstrumentationActivityInvoker$EmptyActivity, uid = 10431
08-16 10:12:54.600  2661  3071 D DollieActivityManagerAdapter: [Resumed] bg:false pid:7774 uid:10431 ComponentInfo{com.example.dogglers/androidx.test.core.app.InstrumentationActivityInvoker$EmptyActivity}
08-16 10:12:54.600  2661  3071 E DollieAdapterService: notifyActivityState pkg:com.example.dogglers/androidx.test.core.app.InstrumentationActivityInvoker$EmptyActivity state:2 fg:true mUid:10431
08-16 10:12:54.600  2661  3071 I OllieMsgCenter: publishEvt=2130771985
08-16 10:12:54.600  7774  7774 D LifecycleMonitor: Lifecycle status change: com.example.dogglers.VerticalListActivity@6fc0761 in: DESTROYED
08-16 10:12:54.600  7774  7774 V ActivityScenario: Update currentActivityStage to DESTROYED, currentActivity=null
08-16 10:12:54.601  6225  9809 I CAWARENESS_AppUsageManager: Repeat info, don't need publish
08-16 10:12:54.602  3386  7816 I HiAdKit.DC.PageSwitchEvent:  switch is off
08-16 10:12:54.602  1636  2920 D InputDispatcher: Window handle WindowManager has no registered input channel
08-16 10:12:54.602  1636  2920 D InputDispatcher: Window handle Window{455db0 u0 com.example.dogglers/com.example.dogglers.VerticalListActivity} has no registered input channel
08-16 10:12:54.602  3386  7816 I HiAdKit.DC.PaymentPageSwitchEvent:  switch is off
08-16 10:12:54.602  3386  7816 I HiAdKit.DC.LiteAppPageSwitchEvent:  switch is off
08-16 10:12:54.605  7774  7774 D DecorView: showOrHideHighlightView: hasFocus=false; winMode=1; isMrgNull=true
08-16 10:12:54.607  2580 21526 I OPCollectLog: AppChangeImpl:call onAppChange.
08-16 10:12:54.607  2580  6962 I OPCollectLog: HwForegroundAppAction:handleMessage
08-16 10:12:54.607  2580  6962 D OPCollectLog: HwForegroundAppAction:FG executeWithArgs
08-16 10:12:54.607  2580  6962 I OPCollectLog: OPCollectUtils:ODMF Api Version:2.16.3
08-16 10:12:54.607  2580  6962 I OPCollectLog: Action:HwForegroundAppAction executed successfully
08-16 10:12:54.607  2580  6962 D OPCollectLog: OdmfCollectScheduler:handleMessage msg: 4
08-16 10:12:54.607  2580  6962 I OPCollectLog: OdmfHelper:opcollectCache 1
08-16 10:12:54.607  2580  6962 I OPCollectLog: OdmfHelper:opcollectCache curTime: 574948702, interval: 88
08-16 10:12:54.607  2580  6962 I OPCollectLog: OdmfHelper:isCharging: true
08-16 10:12:54.611  7774 10425 D HiTouch_PressGestureDetector: onAttached, package=com.example.dogglers, windowType=1, mIsHiTouchRestricted=false
08-16 10:12:54.611  8102  9580 I BugleEtouffee: EtouffeeStateMachine: Ensuring state machine consistency
08-16 10:12:54.611  8102  9580 I BugleEtouffee: EtouffeeStateMachine: onRegistrationUpdate from Tachyon, previousState: REGISTERED_WITH_PREKEYS, newState: REGISTERED_WITH_PREKEYS, reason: STARTUP_ENSURE_CONSISTENCY
08-16 10:12:54.612  1636 15589 D ZrHung.AppEyeFocusWindow: FocusWindowErrorScene cancelCheckFreezeScreen
08-16 10:12:54.612  1636 15589 D ZrHung.AppEyeTransparentWindow: TransparentWindow mHungConfigStatus = 0,mHungConfigEnable = 1
08-16 10:12:54.613  7774  7850 D mali_winsys: EGLint new_window_surface(egl_winsys_display *, void *, EGLSurface, EGLConfig, egl_winsys_surface **, EGLBoolean) returns 0x3000
08-16 10:12:54.615  1636  2920 D InputDispatcher: Window handle WindowManager has no registered input channel
08-16 10:12:54.624  2580  6962 I OPCollectLog: OdmfHelper:insert database success
08-16 10:12:54.624  2580  6962 I OPCollectLog: OdmfHelper:opcollectCache size: 1
08-16 10:12:54.624  2580  6962 I OPCollectLog: OdmfHelper:opcollectCache lastTime: 574948719
08-16 10:12:54.630  8102  8796 I BugleEtouffee: EtouffeeStateMachine: E2EE provisioning state update, Previous Etouffee status: PROVISIONED, New Etouffee status: PROVISIONED
08-16 10:12:54.631  1636  2127 D InputDispatcher: Window handle WindowManager has no registered input channel
08-16 10:12:54.635   757  1624 W BufferQueueProducer: [com.example.dogglers/androidx.test.core.app.InstrumentationActivityInvoker$EmptyActivity#0]:1390: disconnect: not connected (req=1)
08-16 10:12:54.635  7774  7850 W libEGL  : EGLNativeWindowType 0x76da534e90 disconnect failed
08-16 10:12:54.641 10222 10222 I AGC_Instance: AGC SDK initialize end, default route:CN
08-16 10:12:54.643  6225  9809 I CAWARENESS_AppUsageManager: onEvent, packageName=com.huawei.android.launcher, activityName=com.huawei.android.launcher.unihome.UniHomeLauncher
08-16 10:12:54.644  6225  9809 I CAWARENESS_AbilityContext: [1692195179838] publishing {dataId=100000006, mode=0}
08-16 10:12:54.644  6225  9809 I CAWARENESS_AbilityContext: [1692195179838] deliver {dataId=100000006, mode=0} to 5 receivers
08-16 10:12:54.644  1636  2920 D ZrHung.AppEyeFocusWindow: FocusWindowErrorScene CheckFreezeScreen
08-16 10:12:54.644  1636  2920 D ZrHung.AppEyeTransparentWindow: TransparentWindow cancelCheckFreezeScreen
08-16 10:12:54.644  2661  2775 I AssistantService-11.2.1.200: registerHwActivityNotifier call fromPackage:com.example.dogglers, toPackage:com.huawei.android.launcher
08-16 10:12:54.645  2661 30856 I Hicom_Monitor: mAppSwitchNotifierEx. uid: 10065, foreground app: com.huawei.android.launcher, foreground activity: com.huawei.android.launcher.unihome.UniHomeLauncher
08-16 10:12:54.645  2690  3310 I ScenarioService: app focus change from: com.example.dogglers to:com.huawei.android.launcher
08-16 10:12:54.645  2690  3310 I ScenarioService: add focus on app:com.huawei.android.launcher to visiblePkgs
08-16 10:12:54.645  2661  6711 D AssistantService-11.2.1.200: handleMessage app switch fromPackage:com.example.dogglers, toPackage:com.huawei.android.launcher
08-16 10:12:54.645  2730  2730 W HwLauncher: RotationHelper hideAdjacentScreen, launcher is not transposed. RotationMode = com.huawei.android.launcher.graphics.RotationMode$1{293d90b surfaceRotation = 0.0,isTransposed = false}
08-16 10:12:54.645  2730  4111 W HwLauncher: ExitAppAnimationManager getAnimationInfoMyself, mAnimationInfo = com.huawei.android.launcher.exitapp.ExitAppAnimationManager$AnimationInfo@5d2eb6e
08-16 10:12:54.645  2661  3353 W Hicom_XEngineProc: handleForegroundAppChanged. Feature is not enable.
08-16 10:12:54.646  3386  7833 I HiAdKit.DC.PersistentMessageCenter:  notifyMessage com.huawei.hwid_app_switch_from_to_intent
08-16 10:12:54.647  2624 10575 I iconnect:BluetoothApi: adapter status 12
08-16 10:12:54.647  2624 10575 I iconnect:NearbyDeviceDetect: isPropEnable=true, isBluetoothEnabled=true, isScreenOn=true, isNotSpecialAppOnTop=true, scanCondition=0
08-16 10:12:54.647  2624 10575 I iconnect:DeviceStateMachineManager: report:NOT_SPECIAL_APP_ON_TOP device:D
08-16 10:12:54.647  2624 10575 I iconnect:DeviceStateMachineManager: Return exist stateMachine
08-16 10:12:54.648  1636  2920 D InputDispatcher: Window handle WindowManager has no registered input channel
08-16 10:12:54.648  7774  7774 D DecorView: showOrHideHighlightView: hasFocus=true; winMode=1; isMrgNull=true
08-16 10:12:54.648  7774  7774 W InputMethodManager: startInputReason = 1
08-16 10:12:54.648  7774  7774 W HwRemoteInputMethodManager: isCasting false because IHwDistributedWindowManager is invalid.
08-16 10:12:54.650  7774  7774 D LifecycleMonitor: Lifecycle status change: androidx.test.core.app.InstrumentationActivityInvoker$EmptyActivity@702f908 in: STOPPED
08-16 10:12:54.650  7774  7774 V ActivityScenario: Activity lifecycle changed event received but ignored because the intent does not match. startActivityIntent=Intent { act=android.intent.action.MAIN cat=[android.intent.category.LAUNCHER] cmp=com.example.dogglers/.VerticalListActivity }, activity.getIntent()=Intent { act=android.intent.action.MAIN cat=[android.intent.category.LAUNCHER] flg=0x10000000 cmp=com.example.dogglers/androidx.test.core.app.InstrumentationActivityInvoker$EmptyActivity }, activity=androidx.test.core.app.InstrumentationActivityInvoker$EmptyActivity@702f908
08-16 10:12:54.651  7774  7774 D LifecycleMonitor: Lifecycle status change: androidx.test.core.app.InstrumentationActivityInvoker$EmptyActivity@702f908 in: DESTROYED
08-16 10:12:54.651  7774  7774 V ActivityScenario: Activity lifecycle changed event received but ignored because the intent does not match. startActivityIntent=Intent { act=android.intent.action.MAIN cat=[android.intent.category.LAUNCHER] cmp=com.example.dogglers/.VerticalListActivity }, activity.getIntent()=Intent { act=android.intent.action.MAIN cat=[android.intent.category.LAUNCHER] flg=0x10000000 cmp=com.example.dogglers/androidx.test.core.app.InstrumentationActivityInvoker$EmptyActivity }, activity=androidx.test.core.app.InstrumentationActivityInvoker$EmptyActivity@702f908
08-16 10:12:54.656  7774  7774 D LifecycleMonitor: Lifecycle status change: androidx.test.core.app.InstrumentationActivityInvoker$EmptyActivity@1923b95 in: PAUSED
08-16 10:12:54.656  7774  7774 V ActivityScenario: Activity lifecycle changed event received but ignored because the intent does not match. startActivityIntent=Intent { act=android.intent.action.MAIN cat=[android.intent.category.LAUNCHER] cmp=com.example.dogglers/.VerticalListActivity }, activity.getIntent()=Intent { act=android.intent.action.MAIN cat=[android.intent.category.LAUNCHER] flg=0x10000000 cmp=com.example.dogglers/androidx.test.core.app.InstrumentationActivityInvoker$EmptyActivity }, activity=androidx.test.core.app.InstrumentationActivityInvoker$EmptyActivity@1923b95
08-16 10:12:54.656  8102  8343 I FirebaseApp: Device unlocked: initializing all Firebase APIs for app [DEFAULT]
08-16 10:12:54.662  7774  7836 I TestRunner: finished: vertical_scrolling(com.example.dogglers.VerticalListTests)
