08-16 10:12:54.494  8102  9467 D StrictMode: 	at abdx.query(:com.google.android.gms@232617028@23.26.17 (100400-551657477):20)
08-16 10:12:54.494  8102  9467 D StrictMode: 	at android.content.ContentProvider.query(ContentProvider.java:1311)
08-16 10:12:54.494  8102  9467 D StrictMode: 	at hov.superQuery(:com.google.android.gms@232617028@23.26.17 (100400-551657477):1)
08-16 10:12:54.494  8102  9467 D StrictMode: 	at com.google.android.chimera.ContentProvider.query(:com.google.android.gms@232617028@23.26.17 (100400-551657477):1)
08-16 10:12:54.494  8102  9467 D StrictMode: 	at hov.query(:com.google.android.gms@232617028@23.26.17 (100400-551657477):2)
08-16 10:12:54.494  8102  9467 D StrictMode: 	at android.content.ContentProvider$Transport.query(ContentProvider.java:271)
08-16 10:12:54.494  8102  9467 D StrictMode: 	at android.content.ContentProviderNative.onTransact(ContentProviderNative.java:104)
08-16 10:12:54.494  8102  9467 D StrictMode: 	at android.os.Binder.execTransactInternal(Binder.java:1028)
08-16 10:12:54.494  8102  9467 D StrictMode: 	at android.os.Binder.execTransact(Binder.java:1001)
08-16 10:12:54.494  8102  9467 D StrictMode: # via Binder call with stack:
08-16 10:12:54.494  8102  9467 D StrictMode: 	at android.os.StrictMode.readAndHandleBinderCallViolations(StrictMode.java:2274)
08-16 10:12:54.494  8102  9467 D StrictMode: 	at android.os.Parcel.readExceptionCode(Parcel.java:2036)
08-16 10:12:54.494  8102  9467 D StrictMode: 	at android.database.DatabaseUtils.readExceptionFromParcel(DatabaseUtils.java:137)
08-16 10:12:54.494  8102  9467 D StrictMode: 	at android.content.ContentProviderProxy.query(ContentProviderNative.java:423)
08-16 10:12:54.494  8102  9467 D StrictMode: 	at android.content.ContentResolver.query(ContentResolver.java:955)
08-16 10:12:54.494  8102  9467 D StrictMode: 	at android.content.ContentResolver.query(ContentResolver.java:891)
08-16 10:12:54.494  8102  9467 D StrictMode: 	at android.content.ContentResolver.query(ContentResolver.java:840)
08-16 10:12:54.494  8102  9467 D StrictMode: 	at com.google.android.gms.dynamite.DynamiteModule.e(PG:10)
08-16 10:12:54.494  8102  9467 D StrictMode: 	at com.google.android.gms.dynamite.DynamiteModule.b(PG:12)
08-16 10:12:54.494  8102  9467 D StrictMode: 	at bpwz.b(PG:1)
08-16 10:12:54.494  8102  9467 D StrictMode: 	at bpxa.a(PG:1)
08-16 10:12:54.494  8102  9467 D StrictMode: 	at com.google.android.gms.dynamite.DynamiteModule.d(PG:8)
08-16 10:12:54.494  8102  9467 D StrictMode: 	at bqve.b(PG:12)
08-16 10:12:54.494  8102  9467 D StrictMode: 	at com.google.android.gms.net.PlayServicesCronetProvider.tryToInstallCronetProvider(PG:1)
08-16 10:12:54.494  8102  9467 D StrictMode: 	at com.google.android.gms.net.PlayServicesCronetProvider.isEnabled(PG:1)
08-16 10:12:54.494  8102  9467 D StrictMode: 	at org.chromium.net.CronetEngine$Builder.getEnabledCronetProviders(PG:5)
08-16 10:12:54.494  8102  9467 D StrictMode: 	at org.chromium.net.CronetEngine$Builder.createBuilderDelegate(PG:2)
08-16 10:12:54.494  8102  9467 D StrictMode: 	at org.chromium.net.CronetEngine$Builder.<init>(PG:1)
08-16 10:12:54.494  8102  9467 D StrictMode: 	at org.chromium.net.ExperimentalCronetEngine$Builder.<init>(PG:1)
08-16 10:12:54.494  8102  9467 D StrictMode: 	at aayk.c(PG:56)
08-16 10:12:54.494  8102  9467 D StrictMode: 	at aayk.b(PG:6)
08-16 10:12:54.494  8102  9467 D StrictMode: 	at ddix.b(PG:1)
08-16 10:12:54.494  8102  9467 D StrictMode: 	at aayu.c(Unknown Source:4935)
08-16 10:12:54.494  8102  9467 D StrictMode: 	at aayu.b(PG:1)
08-16 10:12:54.494  8102  9467 D StrictMode: 	at ddix.b(PG:1)
08-16 10:12:54.494  8102  9467 D StrictMode: 	at aabt.b(PG:1)
08-16 10:12:54.494  8102  9467 D StrictMode: 	at aabs.get(PG:1)
08-16 10:12:54.494  8102  9467 D StrictMode: 	at crmt.get(PG:1)
08-16 10:12:54.494  8102  9467 D StrictMode: 	at aabt.a(PG:1)
08-16 10:12:54.494  8102  9467 D StrictMode: 	at aayz.e(PG:84)
08-16 10:12:54.494  8102  9467 D StrictMode: 	at aayz.b(PG:3)
08-16 10:12:54.494  8102  9467 D StrictMode: 	at ddix.b(PG:1)
08-16 10:12:54.494  8102  9467 D StrictMode: 	at bvch.a(PG:12)
08-16 10:12:54.494  8102  9467 D StrictMode: 	at cvmj.d(PG:2)
08-16 10:12:54.494  8102  9467 D StrictMode: 	at cvml.run(PG:9)
08-16 10:12:54.494  8102  9467 D StrictMode: 	at bzmd.run(PG:1)
08-16 10:12:54.494  8102  9467 D StrictMode: 	at java.util.concurrent.ThreadPoolExecutor.runWorker(ThreadPoolExecutor.java:1167)
08-16 10:12:54.494  8102  9467 D StrictMode: 	at java.util.concurrent.ThreadPoolExecutor$Worker.run(ThreadPoolExecutor.java:641)
08-16 10:12:54.494  8102  9467 D StrictMode: 	at bzok.run(PG:3)
08-16 10:12:54.494  8102  9467 D StrictMode: 	at bzlm.run(PG:2)
08-16 10:12:54.494  8102  9467 D StrictMode: 	at java.lang.Thread.run(Thread.java:929)
08-16 10:12:54.494  8102  9467 D StrictMode: 	at bzmg.run(PG:5)
08-16 10:12:54.494  7774  7774 D LifecycleMonitor: Lifecycle status change: androidx.test.core.app.InstrumentationActivityInvoker$EmptyActivity@702f908 in: RESUMED
08-16 10:12:54.495  7774  7774 V ActivityScenario: Activity lifecycle changed event received but ignored because the intent does not match. startActivityIntent=Intent { act=android.intent.action.MAIN cat=[android.intent.category.LAUNCHER] cmp=com.example.dogglers/.VerticalListActivity }, activity.getIntent()=Intent { act=android.intent.action.MAIN cat=[android.intent.category.LAUNCHER] flg=0x10000000 cmp=com.example.dogglers/androidx.test.core.app.InstrumentationActivityInvoker$EmptyActivity }, activity=androidx.test.core.app.InstrumentationActivityInvoker$EmptyActivity@702f908
08-16 10:12:54.495  7774  7774 D MouseWheelSynthesizer: mMoveStepInDp: 64, mMoveStepInPixel: 192, mUpTimeDelayed: 100
08-16 10:12:54.496  7774  7774 D ViewRootImpl: ViewRootImpl mIsInProductivePCDisplay: false
08-16 10:12:54.496  1636  2920 I HwPCUtils#HwRioViewManager: check if rio enable, displayId = 0， packageName = com.example.dogglers
08-16 10:12:54.498  1636  2127 D InputDispatcher: Window handle WindowManager has no registered input channel
08-16 10:12:54.499  8102  9511 I Forking : Starting analysis.
08-16 10:12:54.500  7774  7774 D InputEventReceiver: dispatchInputInterval 1000000
08-16 10:12:54.502  7774  7774 D DecorView: showOrHideHighlightView: hasFocus=false; winMode=1; isMrgNull=true
08-16 10:12:54.502  2661  3071 D DollieActivityManagerAdapter: [Resumed] bg:false pid:7774 uid:10431 ComponentInfo{com.example.dogglers/androidx.test.core.app.InstrumentationActivityInvoker$EmptyActivity}
08-16 10:12:54.502  2661  3071 E DollieAdapterService: notifyActivityState pkg:com.example.dogglers/androidx.test.core.app.InstrumentationActivityInvoker$EmptyActivity state:2 fg:true mUid:10431
08-16 10:12:54.502  2661  3071 I OllieMsgCenter: publishEvt=2130771985
08-16 10:12:54.503  2661 21890 I Hicom_Monitor: mActivityNotifierEx, className = androidx.test.core.app.InstrumentationActivityInvoker$EmptyActivity, uid = 10431
08-16 10:12:54.503  6225  9809 I CAWARENESS_AppUsageManager: onEvent, packageName=com.example.dogglers, activityName=androidx.test.core.app.InstrumentationActivityInvoker$EmptyActivity
08-16 10:12:54.503  6225  9809 I CAWARENESS_AppUsageManager: fuse currently and delay publish
08-16 10:12:54.504  3386  7833 I HiAdKit.DC.PageSwitchEvent:  switch is off
08-16 10:12:54.504  3386  7833 I HiAdKit.DC.PaymentPageSwitchEvent:  switch is off
08-16 10:12:54.504  3386  7833 I HiAdKit.DC.LiteAppPageSwitchEvent:  switch is off
08-16 10:12:54.505  6225  9809 I CAWARENESS_FuseProcessor: count >= 3 in Non Fuse
08-16 10:12:54.508  8102  9511 I Misthreading: Starting analysis.
08-16 10:12:54.509  1636  2920 D ZrHung.AppEyeFocusWindow: FocusWindowErrorScene cancelCheckFreezeScreen
08-16 10:12:54.509  1636  1660 D HwPhoneWindowManager: Transact:setSystemUIColor to status bar service
08-16 10:12:54.509  1636  2920 D ZrHung.AppEyeTransparentWindow: TransparentWindow mHungConfigStatus = 0,mHungConfigEnable = 1
08-16 10:12:54.511  7774  7850 D mali_winsys: EGLint new_window_surface(egl_winsys_display *, void *, EGLSurface, EGLConfig, egl_winsys_surface **, EGLBoolean) returns 0x3000
08-16 10:12:54.512  2580 21526 I OPCollectLog: AppChangeImpl:call onAppChange.
08-16 10:12:54.512  2580  6962 I OPCollectLog: HwForegroundAppAction:handleMessage
08-16 10:12:54.512  2580  6962 D OPCollectLog: HwForegroundAppAction:FG executeWithArgs
08-16 10:12:54.512  2580  6962 I OPCollectLog: OPCollectUtils:ODMF Api Version:2.16.3
08-16 10:12:54.512  2580  6962 I OPCollectLog: Action:HwForegroundAppAction executed successfully
08-16 10:12:54.512  2580  6962 D OPCollectLog: OdmfCollectScheduler:handleMessage msg: 4
08-16 10:12:54.512  2580  6962 I OPCollectLog: OdmfHelper:opcollectCache 1
08-16 10:12:54.512  2580  6962 I OPCollectLog: OdmfHelper:opcollectCache curTime: 574948607, interval: 1313
08-16 10:12:54.513  2580  6962 I OPCollectLog: OdmfHelper:isCharging: true
08-16 10:12:54.515  1636  2127 D InputDispatcher: Window handle WindowManager has no registered input channel
08-16 10:12:54.516  8102  9467 D StrictMode: StrictMode policy violation: android.os.strictmode.DiskReadViolation
08-16 10:12:54.516  8102  9467 D StrictMode: 	at android.os.StrictMode$AndroidBlockGuardPolicy.onReadFromDisk(StrictMode.java:1556)
08-16 10:12:54.516  8102  9467 D StrictMode: 	at java.io.UnixFileSystem.getBooleanAttributes(UnixFileSystem.java:250)
08-16 10:12:54.516  8102  9467 D StrictMode: 	at java.io.File.isDirectory(File.java:845)
08-16 10:12:54.516  8102  9467 D StrictMode: 	at dalvik.system.DexPathList.makeDexElements(DexPathList.java:383)
08-16 10:12:54.516  8102  9467 D StrictMode: 	at dalvik.system.DexPathList.<init>(DexPathList.java:164)
08-16 10:12:54.516  8102  9467 D StrictMode: 	at dalvik.system.BaseDexClassLoader.<init>(BaseDexClassLoader.java:131)
08-16 10:12:54.516  8102  9467 D StrictMode: 	at dalvik.system.BaseDexClassLoader.<init>(BaseDexClassLoader.java:89)
08-16 10:12:54.516  8102  9467 D StrictMode: 	at dalvik.system.PathClassLoader.<init>(PathClassLoader.java:64)
08-16 10:12:54.516  8102  9467 D StrictMode: 	at dalvik.system.DelegateLastClassLoader.<init>(DelegateLastClassLoader.java:102)
08-16 10:12:54.516  8102  9467 D StrictMode: 	at dalvik.system.DelegateLastClassLoader.<init>(DelegateLastClassLoader.java:52)
08-16 10:12:54.516  8102  9467 D StrictMode: 	at com.google.android.gms.dynamite.DynamiteModule.b(PG:17)
08-16 10:12:54.516  8102  9467 D StrictMode: 	at bpwz.b(PG:1)
08-16 10:12:54.516  8102  9467 D StrictMode: 	at bpxa.a(PG:1)
08-16 10:12:54.516  8102  9467 D StrictMode: 	at com.google.android.gms.dynamite.DynamiteModule.d(PG:8)
08-16 10:12:54.516  8102  9467 D StrictMode: 	at bqve.b(PG:12)
08-16 10:12:54.516  8102  9467 D StrictMode: 	at com.google.android.gms.net.PlayServicesCronetProvider.tryToInstallCronetProvider(PG:1)
08-16 10:12:54.516  8102  9467 D StrictMode: 	at com.google.android.gms.net.PlayServicesCronetProvider.isEnabled(PG:1)
08-16 10:12:54.516  8102  9467 D StrictMode: 	at org.chromium.net.CronetEngine$Builder.getEnabledCronetProviders(PG:5)
08-16 10:12:54.516  8102  9467 D StrictMode: 	at org.chromium.net.CronetEngine$Builder.createBuilderDelegate(PG:2)
08-16 10:12:54.516  8102  9467 D StrictMode: 	at org.chromium.net.CronetEngine$Builder.<init>(PG:1)
08-16 10:12:54.516  8102  9467 D StrictMode: 	at org.chromium.net.ExperimentalCronetEngine$Builder.<init>(PG:1)
08-16 10:12:54.516  8102  9467 D StrictMode: 	at aayk.c(PG:56)
08-16 10:12:54.516  8102  9467 D StrictMode: 	at aayk.b(PG:6)
08-16 10:12:54.516  8102  9467 D StrictMode: 	at ddix.b(PG:1)
08-16 10:12:54.516  8102  9467 D StrictMode: 	at aayu.c(Unknown Source:4935)
08-16 10:12:54.516  8102  9467 D StrictMode: 	at aayu.b(PG:1)
08-16 10:12:54.516  8102  9467 D StrictMode: 	at ddix.b(PG:1)
08-16 10:12:54.516  8102  9467 D StrictMode: 	at aabt.b(PG:1)
08-16 10:12:54.516  8102  9467 D StrictMode: 	at aabs.get(PG:1)
08-16 10:12:54.516  8102  9467 D StrictMode: 	at crmt.get(PG:1)
08-16 10:12:54.516  8102  9467 D StrictMode: 	at aabt.a(PG:1)
08-16 10:12:54.516  8102  9467 D StrictMode: 	at aayz.e(PG:84)
08-16 10:12:54.516  8102  9467 D StrictMode: 	at aayz.b(PG:3)
08-16 10:12:54.516  8102  9467 D StrictMode: 	at ddix.b(PG:1)
08-16 10:12:54.516  8102  9467 D StrictMode: 	at bvch.a(PG:12)
08-16 10:12:54.516  8102  9467 D StrictMode: 	at cvmj.d(PG:2)
08-16 10:12:54.516  8102  9467 D StrictMode: 	at cvml.run(PG:9)
08-16 10:12:54.516  8102  9467 D StrictMode: 	at bzmd.run(PG:1)
08-16 10:12:54.516  8102  9467 D StrictMode: 	at java.util.concurrent.ThreadPoolExecutor.runWorker(ThreadPoolExecutor.java:1167)
08-16 10:12:54.516  8102  9467 D StrictMode: 	at java.util.concurrent.ThreadPoolExecutor$Worker.run(ThreadPoolExecutor.java:641)
08-16 10:12:54.516  8102  9467 D StrictMode: 	at bzok.run(PG:3)
08-16 10:12:54.516  8102  9467 D StrictMode: 	at bzlm.run(PG:2)
08-16 10:12:54.516  8102  9467 D StrictMode: 	at java.lang.Thread.run(Thread.java:929)
08-16 10:12:54.516  8102  9467 D StrictMode: 	at bzmg.run(PG:5)
08-16 10:12:54.516  8102  9467 D StrictMode: StrictMode policy violation: android.os.strictmode.DiskReadViolation
08-16 10:12:54.516  8102  9467 D StrictMode: 	at android.os.StrictMode$AndroidBlockGuardPolicy.onReadFromDisk(StrictMode.java:1556)
08-16 10:12:54.516  8102  9467 D StrictMode: 	at java.io.UnixFileSystem.getBooleanAttributes(UnixFileSystem.java:250)
08-16 10:12:54.516  8102  9467 D StrictMode: 	at java.io.File.isFile(File.java:878)
08-16 10:12:54.516  8102  9467 D StrictMode: 	at dalvik.system.DexPathList.makeDexElements(DexPathList.java:387)
08-16 10:12:54.516  8102  9467 D StrictMode: 	at dalvik.system.DexPathList.<init>(DexPathList.java:164)
08-16 10:12:54.516  8102  9467 D StrictMode: 	at dalvik.system.BaseDexClassLoader.<init>(BaseDexClassLoader.java:131)
08-16 10:12:54.516  8102  9467 D StrictMode: 	at dalvik.system.BaseDexClassLoader.<init>(BaseDexClassLoader.java:89)
08-16 10:12:54.516  8102  9467 D StrictMode: 	at dalvik.system.PathClassLoader.<init>(PathClassLoader.java:64)
08-16 10:12:54.516  8102  9467 D StrictMode: 	at dalvik.system.DelegateLastClassLoader.<init>(DelegateLastClassLoader.java:102)
08-16 10:12:54.516  8102  9467 D StrictMode: 	at dalvik.system.DelegateLastClassLoader.<init>(DelegateLastClassLoader.java:52)
08-16 10:12:54.516  8102  9467 D StrictMode: 	at com.google.android.gms.dynamite.DynamiteModule.b(PG:17)
08-16 10:12:54.516  8102  9467 D StrictMode: 	at bpwz.b(PG:1)
08-16 10:12:54.516  8102  9467 D StrictMode: 	at bpxa.a(PG:1)
08-16 10:12:54.516  8102  9467 D StrictMode: 	at com.google.android.gms.dynamite.DynamiteModule.d(PG:8)
08-16 10:12:54.516  8102  9467 D StrictMode: 	at bqve.b(PG:12)
08-16 10:12:54.516  8102  9467 D StrictMode: 	at com.google.android.gms.net.PlayServicesCronetProvider.tryToInstallCronetProvider(PG:1)
08-16 10:12:54.516  8102  9467 D StrictMode: 	at com.google.android.gms.net.PlayServicesCronetProvider.isEnabled(PG:1)
08-16 10:12:54.516  8102  9467 D StrictMode: 	at org.chromium.net.CronetEngine$Builder.getEnabledCronetProviders(PG:5)
08-16 10:12:54.516  8102  9467 D StrictMode: 	at org.chromium.net.CronetEngine$Builder.createBuilderDelegate(PG:2)
08-16 10:12:54.516  8102  9467 D StrictMode: 	at org.chromium.net.CronetEngine$Builder.<init>(PG:1)
08-16 10:12:54.516  8102  9467 D StrictMode: 	at org.chromium.net.ExperimentalCronetEngine$Builder.<init>(PG:1)
08-16 10:12:54.516  8102  9467 D StrictMode: 	at aayk.c(PG:56)
08-16 10:12:54.516  8102  9467 D StrictMode: 	at aayk.b(PG:6)
08-16 10:12:54.516  8102  9467 D StrictMode: 	at ddix.b(PG:1)
08-16 10:12:54.516  8102  9467 D StrictMode: 	at aayu.c(Unknown Source:4935)
08-16 10:12:54.516  8102  9467 D StrictMode: 	at aayu.b(PG:1)
08-16 10:12:54.516  8102  9467 D StrictMode: 	at ddix.b(PG:1)
08-16 10:12:54.516  8102  9467 D StrictMode: 	at aabt.b(PG:1)
08-16 10:12:54.516  8102  9467 D StrictMode: 	at aabs.get(PG:1)
08-16 10:12:54.516  8102  9467 D StrictMode: 	at crmt.get(PG:1)
08-16 10:12:54.516  8102  9467 D StrictMode: 	at aabt.a(PG:1)
08-16 10:12:54.516  8102  9467 D StrictMode: 	at aayz.e(PG:84)
08-16 10:12:54.516  8102  9467 D StrictMode: 	at aayz.b(PG:3)
08-16 10:12:54.516  8102  9467 D StrictMode: 	at ddix.b(PG:1)
08-16 10:12:54.516  8102  9467 D StrictMode: 	at bvch.a(PG:12)
08-16 10:12:54.516  8102  9467 D StrictMode: 	at cvmj.d(PG:2)
08-16 10:12:54.516  8102  9467 D StrictMode: 	at cvml.run(PG:9)
08-16 10:12:54.516  8102  9467 D StrictMode: 	at bzmd.run(PG:1)
08-16 10:12:54.516  8102  9467 D StrictMode: 	at java.util.concurrent.ThreadPoolExecutor.runWorker(ThreadPoolExecutor.java:1167)
08-16 10:12:54.516  8102  9467 D StrictMode: 	at java.util.concurrent.ThreadPoolExecutor$Worker.run(ThreadPoolExecutor.java:641)
08-16 10:12:54.516  8102  9467 D StrictMode: 	at bzok.run(PG:3)
08-16 10:12:54.516  8102  9467 D StrictMode: 	at bzlm.run(PG:2)
08-16 10:12:54.516  8102  9467 D StrictMode: 	at java.lang.Thread.run(Thread.java:929)
08-16 10:12:54.516  8102  9467 D StrictMode: 	at bzmg.run(PG:5)
08-16 10:12:54.519  2580  6962 I OPCollectLog: OdmfHelper:insert database success
08-16 10:12:54.519  2580  6962 I OPCollectLog: OdmfHelper:opcollectCache size: 1
08-16 10:12:54.519  2580  6962 I OPCollectLog: OdmfHelper:opcollectCache lastTime: 574948614
08-16 10:12:54.522  8102  9467 D StrictMode: StrictMode policy violation: android.os.strictmode.DiskReadViolation
08-16 10:12:54.522  8102  9467 D StrictMode: 	at android.os.StrictMode$AndroidBlockGuardPolicy.onReadFromDisk(StrictMode.java:1556)
08-16 10:12:54.522  8102  9467 D StrictMode: 	at java.io.UnixFileSystem.getBooleanAttributes(UnixFileSystem.java:250)
08-16 10:12:54.522  8102  9467 D StrictMode: 	at java.io.File.isDirectory(File.java:845)
08-16 10:12:54.522  8102  9467 D StrictMode: 	at dalvik.system.DexPathList$Element.<init>(DexPathList.java:688)
08-16 10:12:54.522  8102  9467 D StrictMode: 	at dalvik.system.DexPathList.makeDexElements(DexPathList.java:419)
08-16 10:12:54.522  8102  9467 D StrictMode: 	at dalvik.system.DexPathList.<init>(DexPathList.java:164)
08-16 10:12:54.522  8102  9467 D StrictMode: 	at dalvik.system.BaseDexClassLoader.<init>(BaseDexClassLoader.java:131)
08-16 10:12:54.522  8102  9467 D StrictMode: 	at dalvik.system.BaseDexClassLoader.<init>(BaseDexClassLoader.java:89)
08-16 10:12:54.522  8102  9467 D StrictMode: 	at dalvik.system.PathClassLoader.<init>(PathClassLoader.java:64)
08-16 10:12:54.522  8102  9467 D StrictMode: 	at dalvik.system.DelegateLastClassLoader.<init>(DelegateLastClassLoader.java:102)
08-16 10:12:54.522  8102  9467 D StrictMode: 	at dalvik.system.DelegateLastClassLoader.<init>(DelegateLastClassLoader.java:52)
08-16 10:12:54.522  8102  9467 D StrictMode: 	at com.google.android.gms.dynamite.DynamiteModule.b(PG:17)
08-16 10:12:54.522  8102  9467 D StrictMode: 	at bpwz.b(PG:1)
08-16 10:12:54.522  8102  9467 D StrictMode: 	at bpxa.a(PG:1)
08-16 10:12:54.522  8102  9467 D StrictMode: 	at com.google.android.gms.dynamite.DynamiteModule.d(PG:8)
08-16 10:12:54.522  8102  9467 D StrictMode: 	at bqve.b(PG:12)
08-16 10:12:54.522  8102  9467 D StrictMode: 	at com.google.android.gms.net.PlayServicesCronetProvider.tryToInstallCronetProvider(PG:1)
08-16 10:12:54.522  8102  9467 D StrictMode: 	at com.google.android.gms.net.PlayServicesCronetProvider.isEnabled(PG:1)
08-16 10:12:54.522  8102  9467 D StrictMode: 	at org.chromium.net.CronetEngine$Builder.getEnabledCronetProviders(PG:5)
08-16 10:12:54.522  8102  9467 D StrictMode: 	at org.chromium.net.CronetEngine$Builder.createBuilderDelegate(PG:2)
08-16 10:12:54.522  8102  9467 D StrictMode: 	at org.chromium.net.CronetEngine$Builder.<init>(PG:1)
08-16 10:12:54.522  8102  9467 D StrictMode: 	at org.chromium.net.ExperimentalCronetEngine$Builder.<init>(PG:1)
08-16 10:12:54.522  8102  9467 D StrictMode: 	at aayk.c(PG:56)
08-16 10:12:54.522  8102  9467 D StrictMode: 	at aayk.b(PG:6)
08-16 10:12:54.522  8102  9467 D StrictMode: 	at ddix.b(PG:1)
08-16 10:12:54.522  8102  9467 D StrictMode: 	at aayu.c(Unknown Source:4935)
08-16 10:12:54.522  8102  9467 D StrictMode: 	at aayu.b(PG:1)
08-16 10:12:54.522  8102  9467 D StrictMode: 	at ddix.b(PG:1)
08-16 10:12:54.522  8102  9467 D StrictMode: 	at aabt.b(PG:1)
08-16 10:12:54.522  8102  9467 D StrictMode: 	at aabs.get(PG:1)
08-16 10:12:54.522  8102  9467 D StrictMode: 	at crmt.get(PG:1)
08-16 10:12:54.522  8102  9467 D StrictMode: 	at aabt.a(PG:1)
08-16 10:12:54.522  8102  9467 D StrictMode: 	at aayz.e(PG:84)
08-16 10:12:54.522  8102  9467 D StrictMode: 	at aayz.b(PG:3)
08-16 10:12:54.522  8102  9467 D StrictMode: 	at ddix.b(PG:1)
08-16 10:12:54.522  8102  9467 D StrictMode: 	at bvch.a(PG:12)
08-16 10:12:54.522  8102  9467 D StrictMode: 	at cvmj.d(PG:2)
08-16 10:12:54.522  8102  9467 D StrictMode: 	at cvml.run(PG:9)
08-16 10:12:54.522  8102  9467 D StrictMode: 	at bzmd.run(PG:1)
08-16 10:12:54.522  8102  9467 D StrictMode: 	at java.util.concurrent.ThreadPoolExecutor.runWorker(ThreadPoolExecutor.java:1167)
08-16 10:12:54.522  8102  9467 D StrictMode: 	at java.util.concurrent.ThreadPoolExecutor$Worker.run(ThreadPoolExecutor.java:641)
08-16 10:12:54.522  8102  9467 D StrictMode: 	at bzok.run(PG:3)
08-16 10:12:54.522  8102  9467 D StrictMode: 	at bzlm.run(PG:2)
08-16 10:12:54.522  8102  9467 D StrictMode: 	at java.lang.Thread.run(Thread.java:929)
08-16 10:12:54.522  8102  9467 D StrictMode: 	at bzmg.run(PG:5)
08-16 10:12:54.523  2661  3071 I OllieMsgCenter: publishEvt=2135097345
08-16 10:12:54.523  8102  9467 D StrictMode: StrictMode policy violation: android.os.strictmode.DiskReadViolation
08-16 10:12:54.523  8102  9467 D StrictMode: 	at android.os.StrictMode$AndroidBlockGuardPolicy.onReadFromDisk(StrictMode.java:1556)
08-16 10:12:54.523  8102  9467 D StrictMode: 	at libcore.io.BlockGuardOs.stat(BlockGuardOs.java:387)
08-16 10:12:54.523  8102  9467 D StrictMode: 	at libcore.io.ForwardingOs.stat(ForwardingOs.java:222)
08-16 10:12:54.523  8102  9467 D StrictMode: 	at android.app.ActivityThread$AndroidOs.stat(ActivityThread.java:8478)
08-16 10:12:54.523  8102  9467 D StrictMode: 	at dalvik.system.DexPathList.splitPaths(DexPathList.java:326)
08-16 10:12:54.523  8102  9467 D StrictMode: 	at dalvik.system.DexPathList.<init>(DexPathList.java:179)
08-16 10:12:54.523  8102  9467 D StrictMode: 	at dalvik.system.BaseDexClassLoader.<init>(BaseDexClassLoader.java:131)
08-16 10:12:54.523  8102  9467 D StrictMode: 	at dalvik.system.BaseDexClassLoader.<init>(BaseDexClassLoader.java:89)
08-16 10:12:54.523  8102  9467 D StrictMode: 	at dalvik.system.PathClassLoader.<init>(PathClassLoader.java:64)
08-16 10:12:54.523  8102  9467 D StrictMode: 	at dalvik.system.DelegateLastClassLoader.<init>(DelegateLastClassLoader.java:102)
08-16 10:12:54.523  8102  9467 D StrictMode: 	at dalvik.system.DelegateLastClassLoader.<init>(DelegateLastClassLoader.java:52)
08-16 10:12:54.523  8102  9467 D StrictMode: 	at com.google.android.gms.dynamite.DynamiteModule.b(PG:17)
08-16 10:12:54.523  8102  9467 D StrictMode: 	at bpwz.b(PG:1)
08-16 10:12:54.523  8102  9467 D StrictMode: 	at bpxa.a(PG:1)
08-16 10:12:54.523  8102  9467 D StrictMode: 	at com.google.android.gms.dynamite.DynamiteModule.d(PG:8)
08-16 10:12:54.523  8102  9467 D StrictMode: 	at bqve.b(PG:12)
08-16 10:12:54.523  8102  9467 D StrictMode: 	at com.google.android.gms.net.PlayServicesCronetProvider.tryToInstallCronetProvider(PG:1)
08-16 10:12:54.523  8102  9467 D StrictMode: 	at com.google.android.gms.net.PlayServicesCronetProvider.isEnabled(PG:1)
08-16 10:12:54.523  8102  9467 D StrictMode: 	at org.chromium.net.CronetEngine$Builder.getEnabledCronetProviders(PG:5)
08-16 10:12:54.523  8102  9467 D StrictMode: 	at org.chromium.net.CronetEngine$Builder.createBuilderDelegate(PG:2)
08-16 10:12:54.523  8102  9467 D StrictMode: 	at org.chromium.net.CronetEngine$Builder.<init>(PG:1)
08-16 10:12:54.523  8102  9467 D StrictMode: 	at org.chromium.net.ExperimentalCronetEngine$Builder.<init>(PG:1)
08-16 10:12:54.523  8102  9467 D StrictMode: 	at aayk.c(PG:56)
08-16 10:12:54.523  8102  9467 D StrictMode: 	at aayk.b(PG:6)
08-16 10:12:54.523  8102  9467 D StrictMode: 	at ddix.b(PG:1)
08-16 10:12:54.523  8102  9467 D StrictMode: 	at aayu.c(Unknown Source:4935)
08-16 10:12:54.523  8102  9467 D StrictMode: 	at aayu.b(PG:1)
08-16 10:12:54.523  8102  9467 D StrictMode: 	at ddix.b(PG:1)
08-16 10:12:54.523  8102  9467 D StrictMode: 	at aabt.b(PG:1)
08-16 10:12:54.523  8102  9467 D StrictMode: 	at aabs.get(PG:1)
08-16 10:12:54.523  8102  9467 D StrictMode: 	at crmt.get(PG:1)
08-16 10:12:54.523  8102  9467 D StrictMode: 	at aabt.a(PG:1)
08-16 10:12:54.523  8102  9467 D StrictMode: 	at aayz.e(PG:84)
08-16 10:12:54.523  8102  9467 D StrictMode: 	at aayz.b(PG:3)
08-16 10:12:54.523  8102  9467 D StrictMode: 	at ddix.b(PG:1)
08-16 10:12:54.523  8102  9467 D StrictMode: 	at bvch.a(PG:12)
08-16 10:12:54.523  8102  9467 D StrictMode: 	at cvmj.d(PG:2)
08-16 10:12:54.523  8102  9467 D StrictMode: 	at cvml.run(PG:9)
08-16 10:12:54.523  8102  9467 D StrictMode: 	at bzmd.run(PG:1)
08-16 10:12:54.523  8102  9467 D StrictMode: 	at java.util.concurrent.ThreadPoolExecutor.runWorker(ThreadPoolExecutor.java:1167)
08-16 10:12:54.523  8102  9467 D StrictMode: 	at java.util.concurrent.ThreadPoolExecutor$Worker.run(ThreadPoolExecutor.java:641)
08-16 10:12:54.523  8102  9467 D StrictMode: 	at bzok.run(PG:3)
08-16 10:12:54.523  8102  9467 D StrictMode: 	at bzlm.run(PG:2)
08-16 10:12:54.523  8102  9467 D StrictMode: 	at java.lang.Thread.run(Thread.java:929)
08-16 10:12:54.523  8102  9467 D StrictMode: 	at bzmg.run(PG:5)
08-16 10:12:54.524  8102  9467 I chatty  : uid=10107(com.google.android.apps.messaging) Lite Thread #1 identical 2 lines
08-16 10:12:54.524  8102  9467 D StrictMode: StrictMode policy violation: android.os.strictmode.DiskReadViolation
08-16 10:12:54.524  8102  9467 D StrictMode: 	at android.os.StrictMode$AndroidBlockGuardPolicy.onReadFromDisk(StrictMode.java:1556)
08-16 10:12:54.524  8102  9467 D StrictMode: 	at libcore.io.BlockGuardOs.stat(BlockGuardOs.java:387)
08-16 10:12:54.524  8102  9467 D StrictMode: 	at libcore.io.ForwardingOs.stat(ForwardingOs.java:222)
08-16 10:12:54.524  8102  9467 D StrictMode: 	at android.app.ActivityThread$AndroidOs.stat(ActivityThread.java:8478)
08-16 10:12:54.524  8102  9467 D StrictMode: 	at dalvik.system.DexPathList.splitPaths(DexPathList.java:326)
08-16 10:12:54.524  8102  9467 D StrictMode: 	at dalvik.system.DexPathList.<init>(DexPathList.java:179)
08-16 10:12:54.524  8102  9467 D StrictMode: 	at dalvik.system.BaseDexClassLoader.<init>(BaseDexClassLoader.java:131)
08-16 10:12:54.524  8102  9467 D StrictMode: 	at dalvik.system.BaseDexClassLoader.<init>(BaseDexClassLoader.java:89)
08-16 10:12:54.524  8102  9467 D StrictMode: 	at dalvik.system.PathClassLoader.<init>(PathClassLoader.java:64)
08-16 10:12:54.524  8102  9467 D StrictMode: 	at dalvik.system.DelegateLastClassLoader.<init>(DelegateLastClassLoader.java:102)
08-16 10:12:54.524  8102  9467 D StrictMode: 	at dalvik.system.DelegateLastClassLoader.<init>(DelegateLastClassLoader.java:52)
08-16 10:12:54.524  8102  9467 D StrictMode: 	at com.google.android.gms.dynamite.DynamiteModule.b(PG:17)
08-16 10:12:54.524  8102  9467 D StrictMode: 	at bpwz.b(PG:1)
08-16 10:12:54.524  8102  9467 D StrictMode: 	at bpxa.a(PG:1)
08-16 10:12:54.524  8102  9467 D StrictMode: 	at com.google.android.gms.dynamite.DynamiteModule.d(PG:8)
08-16 10:12:54.524  8102  9467 D StrictMode: 	at bqve.b(PG:12)
08-16 10:12:54.524  8102  9467 D StrictMode: 	at com.google.android.gms.net.PlayServicesCronetProvider.tryToInstallCronetProvider(PG:1)
08-16 10:12:54.524  8102  9467 D StrictMode: 	at com.google.android.gms.net.PlayServicesCronetProvider.isEnabled(PG:1)
08-16 10:12:54.524  8102  9467 D StrictMode: 	at org.chromium.net.CronetEngine$Builder.getEnabledCronetProviders(PG:5)
08-16 10:12:54.524  8102  9467 D StrictMode: 	at org.chromium.net.CronetEngine$Builder.createBuilderDelegate(PG:2)
08-16 10:12:54.524  8102  9467 D StrictMode: 	at org.chromium.net.CronetEngine$Builder.<init>(PG:1)
08-16 10:12:54.524  8102  9467 D StrictMode: 	at org.chromium.net.ExperimentalCronetEngine$Builder.<init>(PG:1)
08-16 10:12:54.524  8102  9467 D StrictMode: 	at aayk.c(PG:56)
08-16 10:12:54.524  8102  9467 D StrictMode: 	at aayk.b(PG:6)
08-16 10:12:54.524  8102  9467 D StrictMode: 	at ddix.b(PG:1)
08-16 10:12:54.524  8102  9467 D StrictMode: 	at aayu.c(Unknown Source:4935)
08-16 10:12:54.524  8102  9467 D StrictMode: 	at aayu.b(PG:1)
08-16 10:12:54.524  8102  9467 D StrictMode: 	at ddix.b(PG:1)
08-16 10:12:54.524  8102  9467 D StrictMode: 	at aabt.b(PG:1)
08-16 10:12:54.524  8102  9467 D StrictMode: 	at aabs.get(PG:1)
08-16 10:12:54.524  8102  9467 D StrictMode: 	at crmt.get(PG:1)
08-16 10:12:54.524  8102  9467 D StrictMode: 	at aabt.a(PG:1)
08-16 10:12:54.524  8102  9467 D StrictMode: 	at aayz.e(PG:84)
08-16 10:12:54.524  8102  9467 D StrictMode: 	at aayz.b(PG:3)
08-16 10:12:54.524  8102  9467 D StrictMode: 	at ddix.b(PG:1)
08-16 10:12:54.524  8102  9467 D StrictMode: 	at bvch.a(PG:12)
08-16 10:12:54.524  8102  9467 D StrictMode: 	at cvmj.d(PG:2)
08-16 10:12:54.524  8102  9467 D StrictMode: 	at cvml.run(PG:9)
08-16 10:12:54.524  8102  9467 D StrictMode: 	at bzmd.run(PG:1)
08-16 10:12:54.524  8102  9467 D StrictMode: 	at java.util.concurrent.ThreadPoolExecutor.runWorker(ThreadPoolExecutor.java:1167)
08-16 10:12:54.524  8102  9467 D StrictMode: 	at java.util.concurrent.ThreadPoolExecutor$Worker.run(ThreadPoolExecutor.java:641)
08-16 10:12:54.524  8102  9467 D StrictMode: 	at bzok.run(PG:3)
08-16 10:12:54.524  8102  9467 D StrictMode: 	at bzlm.run(PG:2)
08-16 10:12:54.524  8102  9467 D StrictMode: 	at java.lang.Thread.run(Thread.java:929)
08-16 10:12:54.524  8102  9467 D StrictMode: 	at bzmg.run(PG:5)
08-16 10:12:54.524  8102  9467 D StrictMode: StrictMode policy violation: android.os.strictmode.DiskReadViolation
08-16 10:12:54.524  8102  9467 D StrictMode: 	at android.os.StrictMode$AndroidBlockGuardPolicy.onReadFromDisk(StrictMode.java:1556)
08-16 10:12:54.524  8102  9467 D StrictMode: 	at java.io.UnixFileSystem.getBooleanAttributes(UnixFileSystem.java:250)
08-16 10:12:54.524  8102  9467 D StrictMode: 	at java.io.File.isDirectory(File.java:845)
08-16 10:12:54.524  8102  9467 D StrictMode: 	at dalvik.system.DexPathList.makePathElements(DexPathList.java:514)
08-16 10:12:54.524  8102  9467 D StrictMode: 	at dalvik.system.DexPathList.<init>(DexPathList.java:180)
08-16 10:12:54.524  8102  9467 D StrictMode: 	at dalvik.system.BaseDexClassLoader.<init>(BaseDexClassLoader.java:131)
08-16 10:12:54.524  8102  9467 D StrictMode: 	at dalvik.system.BaseDexClassLoader.<init>(BaseDexClassLoader.java:89)
08-16 10:12:54.524  8102  9467 D StrictMode: 	at dalvik.system.PathClassLoader.<init>(PathClassLoader.java:64)
08-16 10:12:54.524  8102  9467 D StrictMode: 	at dalvik.system.DelegateLastClassLoader.<init>(DelegateLastClassLoader.java:102)
08-16 10:12:54.524  8102  9467 D StrictMode: 	at dalvik.system.DelegateLastClassLoader.<init>(DelegateLastClassLoader.java:52)
08-16 10:12:54.524  8102  9467 D StrictMode: 	at com.google.android.gms.dynamite.DynamiteModule.b(PG:17)
08-16 10:12:54.524  8102  9467 D StrictMode: 	at bpwz.b(PG:1)
08-16 10:12:54.524  8102  9467 D StrictMode: 	at bpxa.a(PG:1)
08-16 10:12:54.524  8102  9467 D StrictMode: 	at com.google.android.gms.dynamite.DynamiteModule.d(PG:8)
08-16 10:12:54.524  8102  9467 D StrictMode: 	at bqve.b(PG:12)
08-16 10:12:54.524  8102  9467 D StrictMode: 	at com.google.android.gms.net.PlayServicesCronetProvider.tryToInstallCronetProvider(PG:1)
08-16 10:12:54.524  8102  9467 D StrictMode: 	at com.google.android.gms.net.PlayServicesCronetProvider.isEnabled(PG:1)
08-16 10:12:54.524  8102  9467 D StrictMode: 	at org.chromium.net.CronetEngine$Builder.getEnabledCronetProviders(PG:5)
08-16 10:12:54.524  8102  9467 D StrictMode: 	at org.chromium.net.CronetEngine$Builder.createBuilderDelegate(PG:2)
08-16 10:12:54.524  8102  9467 D StrictMode: 	at org.chromium.net.CronetEngine$Builder.<init>(PG:1)
08-16 10:12:54.524  8102  9467 D StrictMode: 	at org.chromium.net.ExperimentalCronetEngine$Builder.<init>(PG:1)
08-16 10:12:54.524  8102  9467 D StrictMode: 	at aayk.c(PG:56)
08-16 10:12:54.524  8102  9467 D StrictMode: 	at aayk.b(PG:6)
08-16 10:12:54.524  8102  9467 D StrictMode: 	at ddix.b(PG:1)
08-16 10:12:54.524  8102  9467 D StrictMode: 	at aayu.c(Unknown Source:4935)
08-16 10:12:54.524  8102  9467 D StrictMode: 	at aayu.b(PG:1)
08-16 10:12:54.524  8102  9467 D StrictMode: 	at ddix.b(PG:1)
08-16 10:12:54.524  8102  9467 D StrictMode: 	at aabt.b(PG:1)
08-16 10:12:54.524  8102  9467 D StrictMode: 	at aabs.get(PG:1)
08-16 10:12:54.524  8102  9467 D StrictMode: 	at crmt.get(PG:1)
08-16 10:12:54.524  8102  9467 D StrictMode: 	at aabt.a(PG:1)
08-16 10:12:54.524  8102  9467 D StrictMode: 	at aayz.e(PG:84)
08-16 10:12:54.524  8102  9467 D StrictMode: 	at aayz.b(PG:3)
08-16 10:12:54.524  8102  9467 D StrictMode: 	at ddix.b(PG:1)
08-16 10:12:54.524  8102  9467 D StrictMode: 	at bvch.a(PG:12)
08-16 10:12:54.524  8102  9467 D StrictMode: 	at cvmj.d(PG:2)
08-16 10:12:54.524  8102  9467 D StrictMode: 	at cvml.run(PG:9)
08-16 10:12:54.524  8102  9467 D StrictMode: 	at bzmd.run(PG:1)
08-16 10:12:54.524  8102  9467 D StrictMode: 	at java.util.concurrent.ThreadPoolExecutor.runWorker(ThreadPoolExecutor.java:1167)
08-16 10:12:54.524  8102  9467 D StrictMode: 	at java.util.concurrent.ThreadPoolExecutor$Worker.run(ThreadPoolExecutor.java:641)
08-16 10:12:54.524  8102  9467 D StrictMode: 	at bzok.run(PG:3)
08-16 10:12:54.524  8102  9467 D StrictMode: 	at bzlm.run(PG:2)
08-16 10:12:54.524  8102  9467 D StrictMode: 	at java.lang.Thread.run(Thread.java:929)
08-16 10:12:54.524  8102  9467 D StrictMode: 	at bzmg.run(PG:5)
08-16 10:12:54.526  7774 10420 D HiTouch_PressGestureDetector: onAttached, package=com.example.dogglers, windowType=1, mIsHiTouchRestricted=false
08-16 10:12:54.526  2208  2208 D BarTransitions.HwPhoneStatusBarView: MODE_TRANSPARENT -> MODE_OPAQUE animate=false
08-16 10:12:54.526  2208  2208 D BarTransitions.HwPhoneStatusBarView: applyModeBackground oldMode=MODE_TRANSPARENT newMode=MODE_OPAQUE animate=false
08-16 10:12:54.526  2208  2208 D BarTransitions.HwNavigationBarView: MODE_TRANSPARENT -> MODE_OPAQUE animate=false
08-16 10:12:54.526  2208  2208 D BarTransitions.HwNavigationBarView: applyModeBackground oldMode=MODE_TRANSPARENT newMode=MODE_OPAQUE animate=false
08-16 10:12:54.527  8102  9467 D StrictMode: StrictMode policy violation: android.os.strictmode.DiskReadViolation
08-16 10:12:54.527  8102  9467 D StrictMode: 	at android.os.StrictMode$AndroidBlockGuardPolicy.onReadFromDisk(StrictMode.java:1556)
08-16 10:12:54.527  8102  9467 D StrictMode: 	at java.io.UnixFileSystem.getBooleanAttributes(UnixFileSystem.java:250)
08-16 10:12:54.527  8102  9467 D StrictMode: 	at java.io.File.isDirectory(File.java:845)
08-16 10:12:54.527  8102  9467 D StrictMode: 	at dalvik.system.DexPathList.makePathElements(DexPathList.java:514)
08-16 10:12:54.527  8102  9467 D StrictMode: 	at dalvik.system.DexPathList.<init>(DexPathList.java:180)
08-16 10:12:54.527  8102  9467 D StrictMode: 	at dalvik.system.BaseDexClassLoader.<init>(BaseDexClassLoader.java:131)
08-16 10:12:54.527  8102  9467 D StrictMode: 	at dalvik.system.BaseDexClassLoader.<init>(BaseDexClassLoader.java:89)
08-16 10:12:54.527  8102  9467 D StrictMode: 	at dalvik.system.PathClassLoader.<init>(PathClassLoader.java:64)
08-16 10:12:54.527  8102  9467 D StrictMode: 	at dalvik.system.DelegateLastClassLoader.<init>(DelegateLastClassLoader.java:102)
08-16 10:12:54.527  8102  9467 D StrictMode: 	at dalvik.system.DelegateLastClassLoader.<init>(DelegateLastClassLoader.java:52)
08-16 10:12:54.527  8102  9467 D StrictMode: 	at com.google.android.gms.dynamite.DynamiteModule.b(PG:17)
08-16 10:12:54.527  8102  9467 D StrictMode: 	at bpwz.b(PG:1)
08-16 10:12:54.527  8102  9467 D StrictMode: 	at bpxa.a(PG:1)
08-16 10:12:54.527  8102  9467 D StrictMode: 	at com.google.android.gms.dynamite.DynamiteModule.d(PG:8)
08-16 10:12:54.527  8102  9467 D StrictMode: 	at bqve.b(PG:12)
08-16 10:12:54.527  8102  9467 D StrictMode: 	at com.google.android.gms.net.PlayServicesCronetProvider.tryToInstallCronetProvider(PG:1)
08-16 10:12:54.527  8102  9467 D StrictMode: 	at com.google.android.gms.net.PlayServicesCronetProvider.isEnabled(PG:1)
08-16 10:12:54.527  8102  9467 D StrictMode: 	at org.chromium.net.CronetEngine$Builder.getEnabledCronetProviders(PG:5)
08-16 10:12:54.527  8102  9467 D StrictMode: 	at org.chromium.net.CronetEngine$Builder.createBuilderDelegate(PG:2)
08-16 10:12:54.527  8102  9467 D StrictMode: 	at org.chromium.net.CronetEngine$Builder.<init>(PG:1)
08-16 10:12:54.527  8102  9467 D StrictMode: 	at org.chromium.net.ExperimentalCronetEngine$Builder.<init>(PG:1)
08-16 10:12:54.527  8102  9467 D StrictMode: 	at aayk.c(PG:56)
08-16 10:12:54.527  8102  9467 D StrictMode: 	at aayk.b(PG:6)
08-16 10:12:54.527  8102  9467 D StrictMode: 	at ddix.b(PG:1)
08-16 10:12:54.527  8102  9467 D StrictMode: 	at aayu.c(Unknown Source:4935)
08-16 10:12:54.527  8102  9467 D StrictMode: 	at aayu.b(PG:1)
08-16 10:12:54.527  8102  9467 D StrictMode: 	at ddix.b(PG:1)
08-16 10:12:54.527  8102  9467 D StrictMode: 	at aabt.b(PG:1)
08-16 10:12:54.527  8102  9467 D StrictMode: 	at aabs.get(PG:1)
08-16 10:12:54.527  8102  9467 D StrictMode: 	at crmt.get(PG:1)
08-16 10:12:54.527  8102  9467 D StrictMode: 	at aabt.a(PG:1)
08-16 10:12:54.527  8102  9467 D StrictMode: 	at aayz.e(PG:84)
08-16 10:12:54.527  8102  9467 D StrictMode: 	at aayz.b(PG:3)
08-16 10:12:54.527  8102  9467 D StrictMode: 	at ddix.b(PG:1)
08-16 10:12:54.527  8102  9467 D StrictMode: 	at bvch.a(PG:12)
08-16 10:12:54.527  8102  9467 D StrictMode: 	at cvmj.d(PG:2)
08-16 10:12:54.527  8102  9467 D StrictMode: 	at cvml.run(PG:9)
08-16 10:12:54.527  8102  9467 D StrictMode: 	at bzmd.run(PG:1)
08-16 10:12:54.527  8102  9467 D StrictMode: 	at java.util.concurrent.ThreadPoolExecutor.runWorker(ThreadPoolExecutor.java:1167)
08-16 10:12:54.527  8102  9467 D StrictMode: 	at java.util.concurrent.ThreadPoolExecutor$Worker.run(ThreadPoolExecutor.java:641)
08-16 10:12:54.527  8102  9467 D StrictMode: 	at bzok.run(PG:3)
08-16 10:12:54.527  8102  9467 D StrictMode: 	at bzlm.run(PG:2)
08-16 10:12:54.527  8102  9467 D StrictMode: 	at java.lang.Thread.run(Thread.java:929)
08-16 10:12:54.527  8102  9467 D StrictMode: 	at bzmg.run(PG:5)
08-16 10:12:54.527  8102  9467 D StrictMode: StrictMode policy violation: android.os.strictmode.DiskReadViolation
08-16 10:12:54.527  8102  9467 D StrictMode: 	at android.os.StrictMode$AndroidBlockGuardPolicy.onReadFromDisk(StrictMode.java:1556)
08-16 10:12:54.527  8102  9467 D StrictMode: 	at java.io.UnixFileSystem.getBooleanAttributes(UnixFileSystem.java:250)
08-16 10:12:54.527  8102  9467 D StrictMode: 	at java.io.File.isDirectory(File.java:845)
08-16 10:12:54.527  8102  9467 D StrictMode: 	at dalvik.system.DexPathList.makePathElements(DexPathList.java:514)
08-16 10:12:54.527  8102  9467 D StrictMode: 	at dalvik.system.DexPathList.<init>(DexPathList.java:180)
08-16 10:12:54.527  8102  9467 D StrictMode: 	at dalvik.system.BaseDexClassLoader.<init>(BaseDexClassLoader.java:131)
08-16 10:12:54.527  8102  9467 D StrictMode: 	at dalvik.system.BaseDexClassLoader.<init>(BaseDexClassLoader.java:89)
08-16 10:12:54.527  8102  9467 D StrictMode: 	at dalvik.system.PathClassLoader.<init>(PathClassLoader.java:64)
08-16 10:12:54.527  8102  9467 D StrictMode: 	at dalvik.system.DelegateLastClassLoader.<init>(DelegateLastClassLoader.java:102)
08-16 10:12:54.527  8102  9467 D StrictMode: 	at dalvik.system.DelegateLastClassLoader.<init>(DelegateLastClassLoader.java:52)
08-16 10:12:54.527  8102  9467 D StrictMode: 	at com.google.android.gms.dynamite.DynamiteModule.b(PG:17)
08-16 10:12:54.527  8102  9467 D StrictMode: 	at bpwz.b(PG:1)
08-16 10:12:54.527  8102  9467 D StrictMode: 	at bpxa.a(PG:1)
08-16 10:12:54.527  8102  9467 D StrictMode: 	at com.google.android.gms.dynamite.DynamiteModule.d(PG:8)
08-16 10:12:54.527  8102  9467 D StrictMode: 	at bqve.b(PG:12)
08-16 10:12:54.527  8102  9467 D StrictMode: 	at com.google.android.gms.net.PlayServicesCronetProvider.tryToInstallCronetProvider(PG:1)
08-16 10:12:54.527  8102  9467 D StrictMode: 	at com.google.android.gms.net.PlayServicesCronetProvider.isEnabled(PG:1)
08-16 10:12:54.527  8102  9467 D StrictMode: 	at org.chromium.net.CronetEngine$Builder.getEnabledCronetProviders(PG:5)
08-16 10:12:54.527  8102  9467 D StrictMode: 	at org.chromium.net.CronetEngine$Builder.createBuilderDelegate(PG:2)
08-16 10:12:54.527  8102  9467 D StrictMode: 	at org.chromium.net.CronetEngine$Builder.<init>(PG:1)
08-16 10:12:54.527  8102  9467 D StrictMode: 	at org.chromium.net.ExperimentalCronetEngine$Builder.<init>(PG:1)
08-16 10:12:54.527  8102  9467 D StrictMode: 	at aayk.c(PG:56)
08-16 10:12:54.527  8102  9467 D StrictMode: 	at aayk.b(PG:6)
08-16 10:12:54.527  8102  9467 D StrictMode: 	at ddix.b(PG:1)
08-16 10:12:54.527  8102  9467 D StrictMode: 	at aayu.c(Unknown Source:4935)
08-16 10:12:54.527  8102  9467 D StrictMode: 	at aayu.b(PG:1)
08-16 10:12:54.527  8102  9467 D StrictMode: 	at ddix.b(PG:1)
08-16 10:12:54.527  8102  9467 D StrictMode: 	at aabt.b(PG:1)
08-16 10:12:54.527  8102  9467 D StrictMode: 	at aabs.get(PG:1)
08-16 10:12:54.527  8102  9467 D StrictMode: 	at crmt.get(PG:1)
08-16 10:12:54.527  8102  9467 D StrictMode: 	at aabt.a(PG:1)
08-16 10:12:54.527  8102  9467 D StrictMode: 	at aayz.e(PG:84)
08-16 10:12:54.527  8102  9467 D StrictMode: 	at aayz.b(PG:3)
08-16 10:12:54.527  8102  9467 D StrictMode: 	at ddix.b(PG:1)
08-16 10:12:54.527  8102  9467 D StrictMode: 	at bvch.a(PG:12)
08-16 10:12:54.527  8102  9467 D StrictMode: 	at cvmj.d(PG:2)
08-16 10:12:54.527  8102  9467 D StrictMode: 	at cvml.run(PG:9)
08-16 10:12:54.527  8102  9467 D StrictMode: 	at bzmd.run(PG:1)
08-16 10:12:54.527  8102  9467 D StrictMode: 	at java.util.concurrent.ThreadPoolExecutor.runWorker(ThreadPoolExecutor.java:1167)
08-16 10:12:54.527  8102  9467 D StrictMode: 	at java.util.concurrent.ThreadPoolExecutor$Worker.run(ThreadPoolExecutor.java:641)
08-16 10:12:54.527  8102  9467 D StrictMode: 	at bzok.run(PG:3)
08-16 10:12:54.527  8102  9467 D StrictMode: 	at bzlm.run(PG:2)
08-16 10:12:54.527  8102  9467 D StrictMode: 	at java.lang.Thread.run(Thread.java:929)
08-16 10:12:54.527  8102  9467 D StrictMode: 	at bzmg.run(PG:5)
08-16 10:12:54.528  7774  7774 D DecorView: showOrHideHighlightView: hasFocus=true; winMode=1; isMrgNull=true
08-16 10:12:54.529  7774  7774 W InputMethodManager: startInputReason = 1
08-16 10:12:54.529  7774  7774 W HwRemoteInputMethodManager: isCasting false because IHwDistributedWindowManager is invalid.
08-16 10:12:54.529  8102  9467 D StrictMode: StrictMode policy violation: android.os.strictmode.DiskReadViolation
08-16 10:12:54.529  8102  9467 D StrictMode: 	at android.os.StrictMode$AndroidBlockGuardPolicy.onReadFromDisk(StrictMode.java:1556)
08-16 10:12:54.529  8102  9467 D StrictMode: 	at java.io.UnixFileSystem.getBooleanAttributes(UnixFileSystem.java:250)
08-16 10:12:54.529  8102  9467 D StrictMode: 	at java.io.File.isDirectory(File.java:845)
08-16 10:12:54.529  8102  9467 D StrictMode: 	at dalvik.system.DexPathList.makePathElements(DexPathList.java:514)
08-16 10:12:54.529  8102  9467 D StrictMode: 	at dalvik.system.DexPathList.<init>(DexPathList.java:180)
08-16 10:12:54.529  8102  9467 D StrictMode: 	at dalvik.system.BaseDexClassLoader.<init>(BaseDexClassLoader.java:131)
08-16 10:12:54.529  8102  9467 D StrictMode: 	at dalvik.system.BaseDexClassLoader.<init>(BaseDexClassLoader.java:89)
08-16 10:12:54.529  8102  9467 D StrictMode: 	at dalvik.system.PathClassLoader.<init>(PathClassLoader.java:64)
08-16 10:12:54.529  8102  9467 D StrictMode: 	at dalvik.system.DelegateLastClassLoader.<init>(DelegateLastClassLoader.java:102)
08-16 10:12:54.529  8102  9467 D StrictMode: 	at dalvik.system.DelegateLastClassLoader.<init>(DelegateLastClassLoader.java:52)
08-16 10:12:54.529  8102  9467 D StrictMode: 	at com.google.android.gms.dynamite.DynamiteModule.b(PG:17)
08-16 10:12:54.529  8102  9467 D StrictMode: 	at bpwz.b(PG:1)
08-16 10:12:54.529  8102  9467 D StrictMode: 	at bpxa.a(PG:1)
08-16 10:12:54.529  8102  9467 D StrictMode: 	at com.google.android.gms.dynamite.DynamiteModule.d(PG:8)
08-16 10:12:54.529  8102  9467 D StrictMode: 	at bqve.b(PG:12)
08-16 10:12:54.529  8102  9467 D StrictMode: 	at com.google.android.gms.net.PlayServicesCronetProvider.tryToInstallCronetProvider(PG:1)
08-16 10:12:54.529  8102  9467 D StrictMode: 	at com.google.android.gms.net.PlayServicesCronetProvider.isEnabled(PG:1)
08-16 10:12:54.529  8102  9467 D StrictMode: 	at org.chromium.net.CronetEngine$Builder.getEnabledCronetProviders(PG:5)
08-16 10:12:54.529  8102  9467 D StrictMode: 	at org.chromium.net.CronetEngine$Builder.createBuilderDelegate(PG:2)
08-16 10:12:54.529  8102  9467 D StrictMode: 	at org.chromium.net.CronetEngine$Builder.<init>(PG:1)
08-16 10:12:54.529  8102  9467 D StrictMode: 	at org.chromium.net.ExperimentalCronetEngine$Builder.<init>(PG:1)
08-16 10:12:54.529  8102  9467 D StrictMode: 	at aayk.c(PG:56)
08-16 10:12:54.529  8102  9467 D StrictMode: 	at aayk.b(PG:6)
08-16 10:12:54.529  8102  9467 D StrictMode: 	at ddix.b(PG:1)
08-16 10:12:54.529  8102  9467 D StrictMode: 	at aayu.c(Unknown Source:4935)
08-16 10:12:54.529  8102  9467 D StrictMode: 	at aayu.b(PG:1)
08-16 10:12:54.529  8102  9467 D StrictMode: 	at ddix.b(PG:1)
08-16 10:12:54.529  8102  9467 D StrictMode: 	at aabt.b(PG:1)
08-16 10:12:54.529  8102  9467 D StrictMode: 	at aabs.get(PG:1)
08-16 10:12:54.529  8102  9467 D StrictMode: 	at crmt.get(PG:1)
08-16 10:12:54.529  8102  9467 D StrictMode: 	at aabt.a(PG:1)
08-16 10:12:54.529  8102  9467 D StrictMode: 	at aayz.e(PG:84)
08-16 10:12:54.529  8102  9467 D StrictMode: 	at aayz.b(PG:3)
08-16 10:12:54.529  8102  9467 D StrictMode: 	at ddix.b(PG:1)
08-16 10:12:54.529  8102  9467 D StrictMode: 	at bvch.a(PG:12)
08-16 10:12:54.529  8102  9467 D StrictMode: 	at cvmj.d(PG:2)
08-16 10:12:54.529  8102  9467 D StrictMode: 	at cvml.run(PG:9)
08-16 10:12:54.529  8102  9467 D StrictMode: 	at bzmd.run(PG:1)
08-16 10:12:54.529  8102  9467 D StrictMode: 	at java.util.concurrent.ThreadPoolExecutor.runWorker(ThreadPoolExecutor.java:1167)
08-16 10:12:54.529  8102  9467 D StrictMode: 	at java.util.concurrent.ThreadPoolExecutor$Worker.run(ThreadPoolExecutor.java:641)
08-16 10:12:54.529  8102  9467 D StrictMode: 	at bzok.run(PG:3)
08-16 10:12:54.529  8102  9467 D StrictMode: 	at bzlm.run(PG:2)
08-16 10:12:54.529  8102  9467 D StrictMode: 	at java.lang.Thread.run(Thread.java:929)
08-16 10:12:54.529  8102  9467 D StrictMode: 	at bzmg.run(PG:5)
08-16 10:12:54.531  1636 15589 D InputDispatcher: Window handle WindowManager has no registered input channel
08-16 10:12:54.532  8102  9467 D StrictMode: StrictMode policy violation: android.os.strictmode.DiskReadViolation
08-16 10:12:54.532  8102  9467 D StrictMode: 	at android.os.StrictMode$AndroidBlockGuardPolicy.onReadFromDisk(StrictMode.java:1556)
08-16 10:12:54.532  8102  9467 D StrictMode: 	at java.io.UnixFileSystem.getBooleanAttributes(UnixFileSystem.java:250)
08-16 10:12:54.532  8102  9467 D StrictMode: 	at java.io.File.isDirectory(File.java:845)
08-16 10:12:54.532  8102  9467 D StrictMode: 	at dalvik.system.DexPathList$Element.getDexPath(DexPathList.java:727)
08-16 10:12:54.532  8102  9467 D StrictMode: 	at dalvik.system.DexPathList$Element.access$000(DexPathList.java:660)
08-16 10:12:54.532  8102  9467 D StrictMode: 	at dalvik.system.DexPathList.getDexPaths(DexPathList.java:618)
08-16 10:12:54.532  8102  9467 D StrictMode: 	at dalvik.system.BaseDexClassLoader.reportClassLoaderChain(BaseDexClassLoader.java:146)
08-16 10:12:54.532  8102  9467 D StrictMode: 	at dalvik.system.BaseDexClassLoader.<init>(BaseDexClassLoader.java:134)
08-16 10:12:54.532  8102  9467 D StrictMode: 	at dalvik.system.BaseDexClassLoader.<init>(BaseDexClassLoader.java:89)
08-16 10:12:54.532  8102  9467 D StrictMode: 	at dalvik.system.PathClassLoader.<init>(PathClassLoader.java:64)
08-16 10:12:54.532  8102  9467 D StrictMode: 	at dalvik.system.DelegateLastClassLoader.<init>(DelegateLastClassLoader.java:102)
08-16 10:12:54.532  8102  9467 D StrictMode: 	at dalvik.system.DelegateLastClassLoader.<init>(DelegateLastClassLoader.java:52)
08-16 10:12:54.532  8102  9467 D StrictMode: 	at com.google.android.gms.dynamite.DynamiteModule.b(PG:17)
08-16 10:12:54.532  8102  9467 D StrictMode: 	at bpwz.b(PG:1)
08-16 10:12:54.532  8102  9467 D StrictMode: 	at bpxa.a(PG:1)
08-16 10:12:54.532  8102  9467 D StrictMode: 	at com.google.android.gms.dynamite.DynamiteModule.d(PG:8)
08-16 10:12:54.532  8102  9467 D StrictMode: 	at bqve.b(PG:12)
08-16 10:12:54.532  8102  9467 D StrictMode: 	at com.google.android.gms.net.PlayServicesCronetProvider.tryToInstallCronetProvider(PG:1)
08-16 10:12:54.532  8102  9467 D StrictMode: 	at com.google.android.gms.net.PlayServicesCronetProvider.isEnabled(PG:1)
08-16 10:12:54.532  8102  9467 D StrictMode: 	at org.chromium.net.CronetEngine$Builder.getEnabledCronetProviders(PG:5)
08-16 10:12:54.532  8102  9467 D StrictMode: 	at org.chromium.net.CronetEngine$Builder.createBuilderDelegate(PG:2)
08-16 10:12:54.532  8102  9467 D StrictMode: 	at org.chromium.net.CronetEngine$Builder.<init>(PG:1)
08-16 10:12:54.532  8102  9467 D StrictMode: 	at org.chromium.net.ExperimentalCronetEngine$Builder.<init>(PG:1)
08-16 10:12:54.532  8102  9467 D StrictMode: 	at aayk.c(PG:56)
08-16 10:12:54.532  8102  9467 D StrictMode: 	at aayk.b(PG:6)
08-16 10:12:54.532  8102  9467 D StrictMode: 	at ddix.b(PG:1)
08-16 10:12:54.532  8102  9467 D StrictMode: 	at aayu.c(Unknown Source:4935)
08-16 10:12:54.532  8102  9467 D StrictMode: 	at aayu.b(PG:1)
08-16 10:12:54.532  8102  9467 D StrictMode: 	at ddix.b(PG:1)
08-16 10:12:54.532  8102  9467 D StrictMode: 	at aabt.b(PG:1)
08-16 10:12:54.532  8102  9467 D StrictMode: 	at aabs.get(PG:1)
08-16 10:12:54.532  8102  9467 D StrictMode: 	at crmt.get(PG:1)
08-16 10:12:54.532  8102  9467 D StrictMode: 	at aabt.a(PG:1)
