08-16 10:12:36.070  7774  7836 I TestRunner: started: clicking_vertical_list_button_displays_vertical_list(com.example.dogglers.ButtonTests)
08-16 10:12:36.075  7774  7836 W Settings: Setting always_finish_activities has moved from android.provider.Settings.System to android.provider.Settings.Global, returning read-only value.
08-16 10:12:36.075  1636  1653 D InputDispatcher: Window handle WindowManager has no registered input channel
08-16 10:12:36.077  8174  8174 D ApplicationLoaders: createClassLoader zip: /data/app/com.huawei.hidisk-N-BeAadWhfDbE6xgzV3cDQ==/base.apk librarySearchPath: /data/app/com.huawei.hidisk-N-BeAadWhfDbE6xgzV3cDQ==/lib/arm64:/data/app/com.huawei.hidisk-N-BeAadWhfDbE6xgzV3cDQ==/base.apk!/lib/arm64-v8a:/system/lib64:/hw_product/lib64:/system/product/lib64:/prets/lib64 libraryPermittedPath: /data/user/0/com.huawei.hidisk:/data/app/com.huawei.hidisk-N-BeAadWhfDbE6xgzV3cDQ==:/system/lib64:/hw_product/lib64:/system/product/lib64:/prets/lib64 parent: java.lang.BootClassLoader@c9fb617 targetSdkVersion: 29 isBundled: true classLoaderName: null sharedLibraries: [dalvik.system.PathClassLoader[DexPathList[[zip file "/system/framework/org.apache.http.legacy.jar"],nativeLibraryDirectories=[/data/app/com.huawei.hidisk-N-BeAadWhfDbE6xgzV3cDQ==/lib/arm64, /data/app/com.huawei.hidisk-N-BeAadWhfDbE6xgzV3cDQ==/base.apk!/lib/arm64-v8a, /system/lib64, /hw_product/lib64, /system/product/lib64, /prets/lib64, /system/lib64, /hw_product/lib64, /system/product/lib64, /prets/lib64]]]]
08-16 10:12:36.080  1636  1653 I HWRME LIBHWRME_CLIENT: ResMngMmEvent interface arg 0, 10431
08-16 10:12:36.087  8057  8081 I HwPartIawareFactory: add android.common.HwPartIawareFactoryImpl to memory.
08-16 10:12:36.087  8057  8081 I AwareBitmapCacher: init processName:com.google.android.youtube pid=8057 uid=10104
08-16 10:12:36.089  6784  6822 I soft.macrodroi: Background concurrent copying GC freed 54575(1832KB) AllocSpace objects, 80(4160KB) LOS objects, 63% free, 3579KB/9723KB, paused 69us total 136.058ms
08-16 10:12:36.090  1046  1070 D AwareLog: iawared: WorkingsetProcessCommand subCmd = 352, userId=10431, pid=7774, com.example.dogglers/androidx.test.core.app.InstrumentationActivityInvoker$EmptyActivity
08-16 10:12:36.090  8102  8102 I .apps.messagin: QarthPatchMonintor::Run
08-16 10:12:36.090  1046  1070 D AwareLog: iawared: WorkingsetStop com.example.dogglers/androidx.test.core.app.InstrumentationActivityInvoker$EmptyActivity
08-16 10:12:36.091  1636  3594 D InputDispatcher: Window handle WindowManager has no registered input channel
08-16 10:12:36.091  2661  1440 E DollieActivityManagerAdapter: HwActivityNotifierEx null uid
08-16 10:12:36.091  1046  1070 D AwareLog: iawared: WorkingsetProcessCommand subCmd = 350, userId=10431, pid=7774, com.example.dogglers/androidx.test.core.app.InstrumentationActivityInvoker$BootstrapActivity
08-16 10:12:36.092  1046  1070 D AwareLog: iawared: WorkingsetSendPrereadMsg com.example.dogglers/androidx.test.core.app.InstrumentationActivityInvoker$BootstrapActivity
08-16 10:12:36.092  1046  1070 D AwareLog: iawared: WorkingsetStart com.example.dogglers/androidx.test.core.app.InstrumentationActivityInvoker$BootstrapActivity in monitor0
08-16 10:12:36.092  3386  7833 I HiAdKit.DC.PageSwitchEvent:  switch is off
08-16 10:12:36.092  3386  7833 I HiAdKit.DC.PaymentPageSwitchEvent:  switch is off
08-16 10:12:36.092  3386  7833 I HiAdKit.DC.LiteAppPageSwitchEvent:  switch is off
08-16 10:12:36.096  8102  8137 I HwApiCacheMangerEx: apicache path=/storage/emulated/0 state=mounted key=com.google.android.apps.messaging#10107#256
08-16 10:12:36.096  2690  3438 I AppFastHibernation: rev F_Z exception for visible pkg: com.example.dogglers
08-16 10:12:36.096  8102  8137 I HwApiCacheMangerEx: need clear apicache,because volumes changed,oldCnt=0 newCnt=1
08-16 10:12:36.097  8102  8137 I HwApiCacheMangerEx: apicache path=/storage/emulated/0 state=mounted key=com.google.android.apps.messaging#10107#0
08-16 10:12:36.097  8102  8137 I HwApiCacheMangerEx: need clear apicache,because volumes changed,oldCnt=1 newCnt=1
08-16 10:12:36.098  1636  2813 D ZrHung.AppEyeFocusWindow: FocusWindowErrorScene CheckFreezeScreen
08-16 10:12:36.098  1636  2813 D ZrHung.AppEyeTransparentWindow: TransparentWindow cancelCheckFreezeScreen
08-16 10:12:36.099  2661 21890 I Hicom_Monitor: mAppSwitchNotifierEx. uid: 10431, foreground app: com.example.dogglers, foreground activity: androidx.test.core.app.InstrumentationActivityInvoker$BootstrapActivity
08-16 10:12:36.099  3386  7832 I HiAdKit.DC.PersistentMessageCenter:  notifyMessage com.huawei.hwid_app_switch_from_to_intent
08-16 10:12:36.099  2661  3353 W Hicom_XEngineProc: handleForegroundAppChanged. Feature is not enable.
08-16 10:12:36.100  2690  3310 D ScenarioService: front pkg : com.example.dogglers launcher: false
08-16 10:12:36.100  2690  3310 D ScenarioService: new above launcher front pkgs: [com.example.dogglers]
08-16 10:12:36.100  2690  3310 I AppsUsage: scnOff:false FgAPP:com.example.dogglers BgAPP:com.huawei.android.launcher
08-16 10:12:36.100  2690  3438 I PG_ash  : front pkg : com.example.dogglers
08-16 10:12:36.100  2690  3646 I PGServer: report state:10010 event type:2 pid:0 uid:0 pkg:com.huawei.android.launcher to pid: 2690
08-16 10:12:36.100  2690  3646 I SceneReceiver: state type: 10010 eventType:2 pid:0 uid:0 pkg:com.huawei.android.launcher
08-16 10:12:36.100  2690  3646 I PGServer: report state:10010 event type:2 pid:0 uid:0 pkg:com.huawei.android.launcher to pid: 1636
08-16 10:12:36.100  2690  3646 I PGServer: report state:10000 event type:1 pid:0 uid:0 pkg:com.example.dogglers to pid: 2690
08-16 10:12:36.100  2690  3646 I SceneReceiver: state type: 10000 eventType:1 pid:0 uid:0 pkg:com.example.dogglers
08-16 10:12:36.100  2690  3646 I ApsAppsTypeHandler: APS: APK: ApsAppsTypeHandler.getInstance, sInstance = com.huawei.android.hwaps.o@92bda0
08-16 10:12:36.100  2690  3646 I PGServer: report state:10000 event type:1 pid:0 uid:0 pkg:com.example.dogglers to pid: 1636
08-16 10:12:36.101  2661  1440 I AssistantService-11.2.1.200: registerHwActivityNotifier call fromPackage:com.huawei.android.launcher, toPackage:com.example.dogglers
08-16 10:12:36.101  2661  6711 D AssistantService-11.2.1.200: handleMessage app switch fromPackage:com.huawei.android.launcher, toPackage:com.example.dogglers
08-16 10:12:36.101  7774  7774 W ActivityThread: handleWindowVisibility: no activity for token android.os.BinderProxy@ad2ae7f
08-16 10:12:36.102  2661  3071 D DollieActivityManagerAdapter: [Paused] pid:2730 uid:10065 ComponentInfo{com.huawei.android.launcher/com.huawei.android.launcher.unihome.UniHomeLauncher} uidState:2
08-16 10:12:36.103  1636  1663 I DecorView[dogglers]: pkgName:com.example.dogglers old windowMode:0 new windoMode:1, isFixedSize:false
08-16 10:12:36.103  3386  7833 I HiAdKit.DC.PageSwitchEvent:  switch is off
08-16 10:12:36.103  3386  7833 I HiAdKit.DC.PaymentPageSwitchEvent:  switch is off
08-16 10:12:36.104  2690 26664 I PGServer: checkPkgType. calling pkg: android
08-16 10:12:36.104  3386  7833 I HiAdKit.DC.LiteAppPageSwitchEvent:  switch is off
08-16 10:12:36.104  2624 10575 I iconnect:BluetoothApi: adapter status 12
08-16 10:12:36.104  2624 10575 I iconnect:NearbyDeviceDetect: isPropEnable=true, isBluetoothEnabled=true, isScreenOn=true, isNotSpecialAppOnTop=true, scanCondition=0
08-16 10:12:36.104  2624 10575 I iconnect:DeviceStateMachineManager: report:NOT_SPECIAL_APP_ON_TOP device:D
08-16 10:12:36.104  2624 10575 I iconnect:DeviceStateMachineManager: Return exist stateMachine
08-16 10:12:36.104  1636  1663 D MouseWheelSynthesizer: mMoveStepInDp: 64, mMoveStepInPixel: 192, mUpTimeDelayed: 100
08-16 10:12:36.104  1636  1663 D ViewRootImpl: ViewRootImpl mIsInProductivePCDisplay: false
08-16 10:12:36.104  1636  1663 I HwPCUtils#HwRioViewManager: check if rio enable, displayId = 0， packageName = com.example.dogglers
08-16 10:12:36.104  2690 26664 I PGServer: checkPkgType. calling pkg: android
08-16 10:12:36.107  1636  1663 D InputEventReceiver: dispatchInputInterval 1000000
08-16 10:12:36.107  7774  7774 D LifecycleMonitor: Lifecycle status change: androidx.test.core.app.InstrumentationActivityInvoker$BootstrapActivity@2192e4c in: PRE_ON_CREATE
08-16 10:12:36.107  7774  7774 V ActivityScenario: Activity lifecycle changed event received but ignored because the intent does not match. startActivityIntent=Intent { act=android.intent.action.MAIN cat=[android.intent.category.LAUNCHER] cmp=com.example.dogglers/.MainActivity }, activity.getIntent()=Intent { act=android.intent.action.MAIN cat=[android.intent.category.LAUNCHER] flg=0x10008000 cmp=com.example.dogglers/androidx.test.core.app.InstrumentationActivityInvoker$BootstrapActivity (has extras) }, activity=androidx.test.core.app.InstrumentationActivityInvoker$BootstrapActivity@2192e4c
08-16 10:12:36.108  2690  3310 I ScenarioService: app focus change from: com.huawei.android.launcher to:com.example.dogglers
08-16 10:12:36.108  2690  3310 I ScenarioService: add focus on app:com.example.dogglers to visiblePkgs
08-16 10:12:36.108  1636  2813 D InputDispatcher: Window handle WindowManager has no registered input channel
08-16 10:12:36.110  2690  4739 I PGServer: getTopFrontApp. calling pkg: android
08-16 10:12:36.110  1636  8203 D HiTouch_PressGestureDetector: onAttached, package=com.example.dogglers, windowType=3, mIsHiTouchRestricted=false
08-16 10:12:36.117  8148  8148 I HwTypeface: updateFont: scale=0.95
08-16 10:12:36.117  8148  8148 D SystemFonts: areFontsVariable: script=Latn
08-16 10:12:36.119  1636  2012 W AwareLog: SchedLevelBoost: onFgActivitiesChanged config not set!
08-16 10:12:36.121   664 24580 I OemNetd : setChrAppUid(10, 10431)
08-16 10:12:36.121  1021 21809 D ITouchService: itouch stylusCurrentPkgName = com.example.dogglers lastOneFramePkgName =
08-16 10:12:36.121  1021 21809 D ITouchService: itouch currentPackageName = com.example.dogglers
08-16 10:12:36.121  1021 21809 D ITouchService: itouch appType=-1 appState=1 gameMode=2
08-16 10:12:36.121  1021 21809 D ITouchService: itouchReaderMonitor empty
08-16 10:12:36.121  1021 21809 D ITouchService: g_itouch_reader_monitor Monitor::IsReaderMonitorEnable()=0
08-16 10:12:36.121  1021 21809 D ITouchService: itouch getCurrentParmID tempPkg=com.example.xxx
08-16 10:12:36.121  1021 21809 D ITouchService: itouch:app com.example.dogglers is  not game app
08-16 10:12:36.121  1021 21809 D ITouchService: itouch:app com.example.dogglers is  not in StylusPenList
08-16 10:12:36.121  1021 21809 D ITouchService: itouch:styluspen_switch is disable
08-16 10:12:36.121  1021 21809 D ITouchService: itouch:currentAppTypeName =|UNKNOWN|
08-16 10:12:36.124  1636  1653 D InputDispatcher: Window handle WindowManager has no registered input channel
08-16 10:12:36.124  2730  2730 D DecorView: showOrHideHighlightView: hasFocus=false; winMode=1; isMrgNull=true
08-16 10:12:36.133  8083  8128 I HwApiCacheMangerEx: apicache path=/storage/emulated/0 state=mounted key=com.android.gallery3d#10028#256
08-16 10:12:36.133  8083  8128 I HwApiCacheMangerEx: need clear apicache,because volumes changed,oldCnt=0 newCnt=1
08-16 10:12:36.134  8083  8128 I HwApiCacheMangerEx: apicache path=/storage/emulated/0 state=mounted key=com.android.gallery3d#10028#0
08-16 10:12:36.134  8083  8128 I HwApiCacheMangerEx: need clear apicache,because volumes changed,oldCnt=1 newCnt=1
08-16 10:12:36.134  8083  8083 I droid.gallery3: QarthPatchMonintor::Run
08-16 10:12:36.138   753 14063 D AudioPolicyService: getUidState(10431) cacheIter->second.first, return cacheIter->second.second(5)
08-16 10:12:36.139  8174  8174 W m.huawei.hidis: JIT profile information will not be recorded: profile file does not exits.
08-16 10:12:36.141  1636 15277 D InputDispatcher: Window handle WindowManager has no registered input channel
08-16 10:12:36.143  7774  7774 I DecorView[]: pkgName:com.example.dogglers old windowMode:0 new windoMode:1, isFixedSize:false
08-16 10:12:36.143  7774  7774 I RmeSchedManager: init Rme, version is: v1.0
08-16 10:12:36.145  2208  2208 D BarTransitions.HwPhoneStatusBarView: MODE_TRANSPARENT -> MODE_OPAQUE animate=false
08-16 10:12:36.145  2208  2208 D BarTransitions.HwPhoneStatusBarView: applyModeBackground oldMode=MODE_TRANSPARENT newMode=MODE_OPAQUE animate=false
08-16 10:12:36.145  7774  7774 D LifecycleMonitor: Lifecycle status change: androidx.test.core.app.InstrumentationActivityInvoker$BootstrapActivity@2192e4c in: CREATED
08-16 10:12:36.146  2208  2208 D BarTransitions.HwNavigationBarView: MODE_TRANSPARENT -> MODE_OPAQUE animate=false
08-16 10:12:36.146  7774  7774 V ActivityScenario: Activity lifecycle changed event received but ignored because the intent does not match. startActivityIntent=Intent { act=android.intent.action.MAIN cat=[android.intent.category.LAUNCHER] cmp=com.example.dogglers/.MainActivity }, activity.getIntent()=Intent { act=android.intent.action.MAIN cat=[android.intent.category.LAUNCHER] flg=0x10008000 cmp=com.example.dogglers/androidx.test.core.app.InstrumentationActivityInvoker$BootstrapActivity (has extras) }, activity=androidx.test.core.app.InstrumentationActivityInvoker$BootstrapActivity@2192e4c
08-16 10:12:36.146  2208  2208 D BarTransitions.HwNavigationBarView: applyModeBackground oldMode=MODE_TRANSPARENT newMode=MODE_OPAQUE animate=false
08-16 10:12:36.146  7774  7774 D LifecycleMonitor: Lifecycle status change: androidx.test.core.app.InstrumentationActivityInvoker$BootstrapActivity@2192e4c in: STARTED
08-16 10:12:36.147  7774  7774 V ActivityScenario: Activity lifecycle changed event received but ignored because the intent does not match. startActivityIntent=Intent { act=android.intent.action.MAIN cat=[android.intent.category.LAUNCHER] cmp=com.example.dogglers/.MainActivity }, activity.getIntent()=Intent { act=android.intent.action.MAIN cat=[android.intent.category.LAUNCHER] flg=0x10008000 cmp=com.example.dogglers/androidx.test.core.app.InstrumentationActivityInvoker$BootstrapActivity (has extras) }, activity=androidx.test.core.app.InstrumentationActivityInvoker$BootstrapActivity@2192e4c
08-16 10:12:36.153  2661 21890 E DollieActivityManagerAdapter: HwActivityNotifierEx null uid
08-16 10:12:36.154  3386  7816 I HiAdKit.DC.PageSwitchEvent:  switch is off
08-16 10:12:36.154  3386  7816 I HiAdKit.DC.PaymentPageSwitchEvent:  switch is off
08-16 10:12:36.154  3386  7816 I HiAdKit.DC.LiteAppPageSwitchEvent:  switch is off
08-16 10:12:36.155  7774  7774 D LifecycleMonitor: Lifecycle status change: androidx.test.core.app.InstrumentationActivityInvoker$BootstrapActivity@2192e4c in: RESUMED
08-16 10:12:36.155  7774  7774 V ActivityScenario: Activity lifecycle changed event received but ignored because the intent does not match. startActivityIntent=Intent { act=android.intent.action.MAIN cat=[android.intent.category.LAUNCHER] cmp=com.example.dogglers/.MainActivity }, activity.getIntent()=Intent { act=android.intent.action.MAIN cat=[android.intent.category.LAUNCHER] flg=0x10008000 cmp=com.example.dogglers/androidx.test.core.app.InstrumentationActivityInvoker$BootstrapActivity (has extras) }, activity=androidx.test.core.app.InstrumentationActivityInvoker$BootstrapActivity@2192e4c
08-16 10:12:36.157  1636  1963 D InputDispatcher: Window handle WindowManager has no registered input channel
08-16 10:12:36.158  2661 21890 I Hicom_Monitor: mActivityNotifierEx, className = androidx.test.core.app.InstrumentationActivityInvoker$BootstrapActivity, uid = 10431
08-16 10:12:36.158  2661  3071 D DollieActivityManagerAdapter: [Resumed] bg:true pid:7774 uid:10431 ComponentInfo{com.example.dogglers/androidx.test.core.app.InstrumentationActivityInvoker$BootstrapActivity}
08-16 10:12:36.158  2661  3071 E DollieAdapterService: notifyActivityState pkg:com.example.dogglers/androidx.test.core.app.InstrumentationActivityInvoker$BootstrapActivity state:2 fg:true mUid:10431
08-16 10:12:36.159  1046  1070 D AwareLog: iawared: WorkingsetProcessCommand subCmd = 352, userId=10431, pid=7774, com.example.dogglers/androidx.test.core.app.InstrumentationActivityInvoker$BootstrapActivity
08-16 10:12:36.160  1046  1070 D AwareLog: iawared: WorkingsetStop com.example.dogglers/androidx.test.core.app.InstrumentationActivityInvoker$BootstrapActivity
08-16 10:12:36.160  3386  7832 I HiAdKit.DC.PageSwitchEvent:  switch is off
08-16 10:12:36.160  3386  7832 I HiAdKit.DC.PaymentPageSwitchEvent:  switch is off
08-16 10:12:36.160  3386  7832 I HiAdKit.DC.LiteAppPageSwitchEvent:  switch is off
08-16 10:12:36.160  7774  7774 D LifecycleMonitor: Lifecycle status change: androidx.test.core.app.InstrumentationActivityInvoker$BootstrapActivity@2192e4c in: PAUSED
08-16 10:12:36.160  1046  1070 D AwareLog: iawared: WorkingsetProcessCommand subCmd = 350, userId=10431, pid=7774, com.example.dogglers/.MainActivity
08-16 10:12:36.160  6225  9809 I CAWARENESS_AppUsageManager: onEvent, packageName=com.example.dogglers, activityName=androidx.test.core.app.InstrumentationActivityInvoker$BootstrapActivity
08-16 10:12:36.160  6225  9809 I CAWARENESS_AppUsageManager: fuse currently and delay publish
08-16 10:12:36.160  7774  7774 V ActivityScenario: Activity lifecycle changed event received but ignored because the intent does not match. startActivityIntent=Intent { act=android.intent.action.MAIN cat=[android.intent.category.LAUNCHER] cmp=com.example.dogglers/.MainActivity }, activity.getIntent()=Intent { act=android.intent.action.MAIN cat=[android.intent.category.LAUNCHER] flg=0x10008000 cmp=com.example.dogglers/androidx.test.core.app.InstrumentationActivityInvoker$BootstrapActivity (has extras) }, activity=androidx.test.core.app.InstrumentationActivityInvoker$BootstrapActivity@2192e4c
08-16 10:12:36.161  1046  1070 D AwareLog: iawared: WorkingsetSendPrereadMsg com.example.dogglers/.MainActivity
08-16 10:12:36.161  1046  1070 D AwareLog: iawared: WorkingsetStart com.example.dogglers/.MainActivity in monitor0
08-16 10:12:36.161  2661  3071 I ConnCureStateMonitor: handleMessage: msg[2]
08-16 10:12:36.161  2661  3071 I HwPacketFilterBypass: handleActivityUidStateChanged uid:10431 -1 foreground:1
08-16 10:12:36.161  2580 23377 I OPCollectLog: AppChangeImpl:call onAppChange.
08-16 10:12:36.161  2661  3071 I OllieMsgCenter: publishEvt=2135097351
08-16 10:12:36.161  2580  6962 I OPCollectLog: HwForegroundAppAction:handleMessage
08-16 10:12:36.161  2580  6962 D OPCollectLog: HwForegroundAppAction:FG executeWithArgs
08-16 10:12:36.161  2580  6962 I OPCollectLog: OPCollectUtils:ODMF Api Version:2.16.3
08-16 10:12:36.161  2580  6962 I OPCollectLog: Action:HwForegroundAppAction executed successfully
08-16 10:12:36.161  2580  6962 D OPCollectLog: OdmfCollectScheduler:handleMessage msg: 4
08-16 10:12:36.161  2580  6962 I OPCollectLog: OdmfHelper:opcollectCache 1
08-16 10:12:36.161  2580  6962 I OPCollectLog: OdmfHelper:opcollectCache curTime: 574930256, interval: 554
08-16 10:12:36.161   720   720 W hwcomposer: setGpuFreqBoost:154: boostGpuFreq succ !
08-16 10:12:36.162  2580  6962 I OPCollectLog: OdmfHelper:isCharging: true
08-16 10:12:36.162  2661  3071 I OllieMsgCenter: publishEvt=2130771969
08-16 10:12:36.162  2661  3071 I OllieMsgCenter: publishEvt=2130771985
08-16 10:12:36.162  1636  1653 D HwConnectivityManagerImpl: startappqoednscollection action =0timer =1000
08-16 10:12:36.162   664 24580 I OemNetd : setNetBoosterAppUid(10431, 2000)
08-16 10:12:36.163  2661  3071 I SpeedTestNotifier: Speed test app is back Activity
08-16 10:12:36.164  2580  6962 I OPCollectLog: OdmfHelper:insert database success
08-16 10:12:36.164  2580  6962 I OPCollectLog: OdmfHelper:opcollectCache size: 1
08-16 10:12:36.164  2580  6962 I OPCollectLog: OdmfHelper:opcollectCache lastTime: 574930259
08-16 10:12:36.164  1046  1070 D AwareLog: iawared: fg_hl_ctl update fgUid=10431 g_isGame=0
08-16 10:12:36.164  2580  6831 I HwNaturalBase: [CommonHandler]: dsCollectEncrypt's size is 0M.
08-16 10:12:36.166  2661  3071 I OllieMsgCenter: publishEvt=2134966274
08-16 10:12:36.166  2661  3071 I OllieMsgCenter: publishEvt=2135097350
08-16 10:12:36.169  7774  7774 W ActivityThread: handleWindowVisibility: no activity for token android.os.BinderProxy@bedb39b
08-16 10:12:36.169  2661  3071 D DsduChr : uid=10431, isTrafficFree=false, isUsingFreeTraffic=false
08-16 10:12:36.170  2661  3071 D DollieActivityManagerAdapter: [Paused] pid:7774 uid:10431 ComponentInfo{com.example.dogglers/androidx.test.core.app.InstrumentationActivityInvoker$BootstrapActivity} uidState:2
08-16 10:12:36.170  3386  7833 I HiAdKit.DC.PageSwitchEvent:  switch is off
08-16 10:12:36.171  3386  7833 I HiAdKit.DC.PaymentPageSwitchEvent:  switch is off
08-16 10:12:36.171  3386  7833 I HiAdKit.DC.LiteAppPageSwitchEvent:  switch is off
08-16 10:12:36.173  7774  7774 D LifecycleMonitor: Lifecycle status change: com.example.dogglers.MainActivity@ce9ee77 in: PRE_ON_CREATE
08-16 10:12:36.174  7774  7774 V ActivityScenario: Activity lifecycle changed event received but ignored because the reported transition was not ON_CREATE while the last known transition was PRE_ON_CREATE
08-16 10:12:36.174  1636  1963 D InputDispatcher: Window handle WindowManager has no registered input channel
08-16 10:12:36.180  8102  8102 I MultiDex: Installing application
08-16 10:12:36.182 25853 25853 D BoundBrokerSvc: onBind: Intent { act=com.google.android.gms.common.BIND_SHARED_PREFS pkg=com.google.android.gms }
08-16 10:12:36.182 25853 25853 D BoundBrokerSvc: Loading bound service for intent: Intent { act=com.google.android.gms.common.BIND_SHARED_PREFS pkg=com.google.android.gms }
08-16 10:12:36.184 25853 25853 D BoundBrokerSvc: onUnbind: Intent { act=com.google.android.gms.common.BIND_SHARED_PREFS pkg=com.google.android.gms }
08-16 10:12:36.188  7774  7774 I DecorView[]: pkgName:com.example.dogglers old windowMode:0 new windoMode:1, isFixedSize:false
08-16 10:12:36.189  8102  8102 I MultiDex: VM with version 2.1.0 has multidex support
08-16 10:12:36.189 25853 25853 D BoundBrokerSvc: onBind: Intent { act=com.google.android.gms.common.BIND_SHARED_PREFS pkg=com.google.android.gms }
08-16 10:12:36.189 25853 25853 D BoundBrokerSvc: Loading bound service for intent: Intent { act=com.google.android.gms.common.BIND_SHARED_PREFS pkg=com.google.android.gms }
08-16 10:12:36.189  8102  8102 I MultiDex: VM has multidex support, MultiDex support library is disabled.
08-16 10:12:36.190  1636  1653 D InputDispatcher: Window handle WindowManager has no registered input channel
08-16 10:12:36.192 25853 25853 D BoundBrokerSvc: onUnbind: Intent { act=com.google.android.gms.common.BIND_SHARED_PREFS pkg=com.google.android.gms }
08-16 10:12:36.197  7774  7774 D LifecycleMonitor: Lifecycle status change: com.example.dogglers.MainActivity@ce9ee77 in: CREATED
08-16 10:12:36.197  7774  7774 V ActivityScenario: Update currentActivityStage to CREATED, currentActivity=com.example.dogglers.MainActivity@ce9ee77
08-16 10:12:36.198  7774  7774 D LifecycleMonitor: Lifecycle status change: com.example.dogglers.MainActivity@ce9ee77 in: STARTED
08-16 10:12:36.198  7774  7774 V ActivityScenario: Update currentActivityStage to STARTED, currentActivity=com.example.dogglers.MainActivity@ce9ee77
08-16 10:12:36.200  7774  7774 D LifecycleMonitor: Lifecycle status change: com.example.dogglers.MainActivity@ce9ee77 in: RESUMED
08-16 10:12:36.200  7774  7774 V ActivityScenario: Update currentActivityStage to RESUMED, currentActivity=com.example.dogglers.MainActivity@ce9ee77
08-16 10:12:36.201  7774  7774 D MouseWheelSynthesizer: mMoveStepInDp: 64, mMoveStepInPixel: 192, mUpTimeDelayed: 100
08-16 10:12:36.201  7774  7774 D ViewRootImpl: ViewRootImpl mIsInProductivePCDisplay: false
08-16 10:12:36.202  1636  1653 I HwPCUtils#HwRioViewManager: check if rio enable, displayId = 0， packageName = com.example.dogglers
08-16 10:12:36.204  7774  7774 D InputEventReceiver: dispatchInputInterval 1000000
08-16 10:12:36.206  7774  7774 D LifecycleMonitor: Lifecycle status change: androidx.test.core.app.InstrumentationActivityInvoker$BootstrapActivity@2192e4c in: STOPPED
08-16 10:12:36.206  1636  1963 D InputDispatcher: Window handle WindowManager has no registered input channel
08-16 10:12:36.207  7774  7774 V ActivityScenario: Activity lifecycle changed event received but ignored because the intent does not match. startActivityIntent=Intent { act=android.intent.action.MAIN cat=[android.intent.category.LAUNCHER] cmp=com.example.dogglers/.MainActivity }, activity.getIntent()=Intent { act=android.intent.action.MAIN cat=[android.intent.category.LAUNCHER] flg=0x10008000 cmp=com.example.dogglers/androidx.test.core.app.InstrumentationActivityInvoker$BootstrapActivity (has extras) }, activity=androidx.test.core.app.InstrumentationActivityInvoker$BootstrapActivity@2192e4c
08-16 10:12:36.207  2661  3071 D DollieActivityManagerAdapter: [Resumed] bg:false pid:7774 uid:10431 ComponentInfo{com.example.dogglers/com.example.dogglers.MainActivity}
08-16 10:12:36.207  2661 21890 I Hicom_Monitor: mActivityNotifierEx, className = com.example.dogglers.MainActivity, uid = 10431
08-16 10:12:36.207  2661  3071 E DollieAdapterService: notifyActivityState pkg:com.example.dogglers/com.example.dogglers.MainActivity state:2 fg:true mUid:10431
08-16 10:12:36.207  2661  3071 I OllieMsgCenter: publishEvt=2130771985
08-16 10:12:36.210  6225  9809 I CAWARENESS_AppUsageManager: onEvent, packageName=com.example.dogglers, activityName=com.example.dogglers.MainActivity
08-16 10:12:36.210  6225  9809 I CAWARENESS_AppUsageManager: fuse currently and delay publish
08-16 10:12:36.210  2690  3310 I ScenarioService: refresh visibleApp:[com.example.dogglers]
08-16 10:12:36.210  2690  3310 I PGServer: report state:14 event type:1 pid:-1 uid:-1 pkg:com.example.dogglers to pid: 2690
08-16 10:12:36.210  2690  3310 I ApsAppsTypeHandler: APS: APK: ApsAppsTypeHandler.getInstance, sInstance = com.huawei.android.hwaps.o@92bda0
08-16 10:12:36.210  2690  3310 I PF_API_JNI: ACCKIT_APS_NotifyInfo 3: com.example.dogglers
08-16 10:12:36.210  2690  3438 I PG_ash  : com.huawei.android.launcher become invisible
08-16 10:12:36.211   754  2646 D ACCKIT_ : pack:"com.example.dogglers"
08-16 10:12:36.212  2580 23377 I OPCollectLog: AppChangeImpl:call onAppChange.
08-16 10:12:36.212  2580  6962 I OPCollectLog: HwForegroundAppAction:handleMessage
08-16 10:12:36.212  2580  6962 D OPCollectLog: HwForegroundAppAction:FG executeWithArgs
08-16 10:12:36.212  2580  6962 I OPCollectLog: OPCollectUtils:ODMF Api Version:2.16.3
08-16 10:12:36.212  2580  6962 I OPCollectLog: Action:HwForegroundAppAction executed successfully
08-16 10:12:36.212  2580  6962 D OPCollectLog: OdmfCollectScheduler:handleMessage msg: 4
08-16 10:12:36.212  2580  6962 I OPCollectLog: OdmfHelper:opcollectCache 1
08-16 10:12:36.212  2580  6962 I OPCollectLog: OdmfHelper:opcollectCache curTime: 574930307, interval: 48
08-16 10:12:36.213  2580  6962 I OPCollectLog: OdmfHelper:isCharging: true
08-16 10:12:36.214  3386  7816 I HiAdKit.DC.PageSwitchEvent:  switch is off
08-16 10:12:36.214  3386  7816 I HiAdKit.DC.PaymentPageSwitchEvent:  switch is off
08-16 10:12:36.214  3386  7816 I HiAdKit.DC.LiteAppPageSwitchEvent:  switch is off
08-16 10:12:36.215  7774  8208 D HiTouch_PressGestureDetector: onAttached, package=com.example.dogglers, windowType=1, mIsHiTouchRestricted=false
08-16 10:12:36.218  1636  1653 D ZrHung.AppEyeFocusWindow: FocusWindowErrorScene cancelCheckFreezeScreen
08-16 10:12:36.218  1636  1653 D ZrHung.AppEyeTransparentWindow: TransparentWindow mHungConfigStatus = 0,mHungConfigEnable = 1
08-16 10:12:36.218  1636  1660 D HwPhoneWindowManager: Transact:setSystemUIColor to status bar service
08-16 10:12:36.220  7774  7850 D mali_winsys: EGLint new_window_surface(egl_winsys_display *, void *, EGLSurface, EGLConfig, egl_winsys_surface **, EGLBoolean) returns 0x3000
08-16 10:12:36.223  1636  1963 D InputDispatcher: Window handle WindowManager has no registered input channel
08-16 10:12:36.226  1046 12149 I Pged-IPgedBinderService: ****action is 2, pid num is 11***
08-16 10:12:36.226  1046 12149 I Pged-Freezer: thawPids
08-16 10:12:36.228  2690  3436 D PgedBinderAdapter: unF_Z ok, pid: [19712, 21002, 21360, 18777, 27605, 31206, 20784, 7318, 7416, 4680]
08-16 10:12:36.231  8174  8193 I HwApiCacheMangerEx: apicache path=/storage/emulated/0 state=mounted key=com.huawei.hidisk#5513#256
08-16 10:12:36.231  8174  8193 I HwApiCacheMangerEx: need clear apicache,because volumes changed,oldCnt=0 newCnt=1
08-16 10:12:36.231   753 14063 I APM_AudioPolicyManager: getOutputsForDevices, openOutputs size is 2, outputs size is 2
08-16 10:12:36.232  8174  8174 I m.huawei.hidis: QarthPatchMonintor::Run
08-16 10:12:36.232 20784  7584 I NetworkKit_NetDetectAndPolicy: the time count will reset!
08-16 10:12:36.236  8174  8193 I HwApiCacheMangerEx: apicache path=/storage/emulated/0 state=mounted key=com.huawei.hidisk#5513#0
08-16 10:12:36.236  8174  8193 I HwApiCacheMangerEx: need clear apicache,because volumes changed,oldCnt=1 newCnt=1
08-16 10:12:36.237  4680  4772 V AudioManager: getStreamVolume streamType: 3 volume: 5
08-16 10:12:36.237  4680  4772 V AudioManager: getStreamMaxVolume  treamType: 3
08-16 10:12:36.240  1636  3594 D InputDispatcher: Window handle WindowManager has no registered input channel
08-16 10:12:36.245  7774  7774 D DecorView: showOrHideHighlightView: hasFocus=true; winMode=1; isMrgNull=true
08-16 10:12:36.245  7774  7774 W InputMethodManager: startInputReason = 1
08-16 10:12:36.246  7774  7774 W HwRemoteInputMethodManager: isCasting false because IHwDistributedWindowManager is invalid.
08-16 10:12:36.252  8435  8435 I PackageChangeReceiver: [HMSCore PackageChangeReceiver.java:3] oripackageName = package:com.example.dogglers.test
08-16 10:12:36.253  8435  8435 I PackageChangeReceiver: [HMSCore PackageChangeReceiver.java:5] packageName = com.example.dogglers.test
08-16 10:12:36.254  8435 30426 I fwkit_kbct_dsp: [fwkit KitBroadcastDispatcher.java:946] dispInBro:all kit,action:INNER_PACKAGE_CHANGED
08-16 10:12:36.254  8435 30426 I fwkit_sec_breaker: [fwkit SecBreaker.java:74] Process is empty
08-16 10:12:36.254  8435 30426 W fwkit_kit_breaker: [fwkit KitBreaker.java:343] infos invalid
08-16 10:12:36.254  8435 30426 I FwKamsCompat: dispatchInnerBroadcast success
08-16 10:12:36.255  8435  8718 I fwkit_kams_stubmanager: [fwkit StubManagerService.java:449] getSPNByComponent:com.huawei.hms.kitstore, com.huawei.hms.kitstore, true
08-16 10:12:36.255  8435  8718 I fwkit_kams_scheduler: [fwkit ProcessScheduler.java:411] RC:com.huawei.hwid.container3
08-16 10:12:36.255  8435  8718 I fwkit_kbct_dsp: [fwkit KitBroadcastDispatcher.java:640] action:com.huawei.hms.action.INNER_PACKAGE_CHANGED,receiver:com.huawei.hms.kitstore.broadcast.PackageChangedInnerReceiver|com.huawei.hwid.container3
08-16 10:12:36.255  8435  8718 I fwkit_kbct_dsp: [fwkit KitBroadcastDispatcher.java:703] proc not run
08-16 10:12:36.257  1636  1653 D InputDispatcher: Window handle WindowManager has no registered input channel
08-16 10:12:36.257 30341 30494 I fwkit_kac_kitloader: [fwkit KitLoaderManager.java:210] kit loaded kitstore_61100301 already exits, cost :0 ms
08-16 10:12:36.258  8435  8210 I ScopeUtil: [HMSCore ScopeUtil.java:2] hms is system app
08-16 10:12:36.258  8435  8210 I ScopeUtil: [HMSCore ScopeUtil.java:3] load AppPermission for app packageName = com.example.dogglers.test
08-16 10:12:36.260 30341  8037 I fwkit_kitstore_PackageAdde: Package:com.example.dogglers.test added or updated
08-16 10:12:36.260 30341  8037 I fwkit_kpms_apppkg: [fwkit KitPackageManagerImpl.java:212]  queryDependAndCheckUpgradeByKit
08-16 10:12:36.261  8435  8978 W fwkit_kpms_parser: [fwkit DependencyParser.java:49] Parse dependency failed, meta-data is null.
08-16 10:12:36.261  7774  7774 I ViewInteraction: Performing 'single click' action on view view.getId() is <2131231204/com.example.dogglers:id/vertical_btn>
08-16 10:12:36.262  8435  8978 W fwkit_kpms_parser: [fwkit ApkParser.java:370] Parse callerPkg dependency failed, dependencies is null.
08-16 10:12:36.264  7774  7774 W Settings: Setting device_provisioned has moved from android.provider.Settings.Secure to android.provider.Settings.Global.
08-16 10:12:36.264  7774  7774 V HiTouch_HiTouchSensor: User setup is finished.
08-16 10:12:36.267  1636  2034 I InputDispatcher: stylus touch down, set lcd event 1
08-16 10:12:36.267  1636  2034 I chatty  : uid=1000(system) InputDispatcher identical 1 line
08-16 10:12:36.267  1636  2034 I InputDispatcher: stylus touch down, set lcd event 1
08-16 10:12:36.267  1636  1660 I NavigationBarPolicy: pointY:1147.5realSize.y:2340HIT_REGION_TO_MAX:36
08-16 10:12:36.268  2730  3203 I HwLauncher: LocalTaskList loadTasksInBackground:3 numTasks:3 currentUserId:0
08-16 10:12:36.271   753 14063 D AudioPolicyService: getUidState(1010120) cacheIter->second.first, return cacheIter->second.second(20)
08-16 10:12:36.271   753 14063 D AudioPolicyService: getUidState(10120) cacheIter->second.first, return cacheIter->second.second(5)
08-16 10:12:36.274  1636  1963 D InputDispatcher: Window handle WindowManager has no registered input channel
08-16 10:12:36.276  2315  2315 E FullInputEventModel: onStartInput event aborted: fk.c0: could not obtain extracted text (class fk.c0)
08-16 10:12:36.277  1636  1677 I ActivityTaskManager: Displayed com.example.dogglers/.MainActivity: +158ms
08-16 10:12:36.278  8435  8978 W fwkit_kpms_depChecker: [fwkit DependencySearcher.java:417] search dependency kitList is empty.
08-16 10:12:36.278  8435  8978 I fwkit_kpms_depChecker: [fwkit DependencyChecker.java:188] Missing dependent pkg is []
08-16 10:12:36.278  8435  8978 I fwkit_kpms_depChecker: [fwkit DependencyChecker.java:189] Collect dependent pkg is []
08-16 10:12:36.278  8435  8978 I fwkit_kmds_sc: [fwkit KMDSServiceController.java:553] getDependencyByKit,,depMap:{}
08-16 10:12:36.278  8435  8978 E fwkit_kmds_sc: [fwkit KMDSServiceController.java:673] convertMapToList pkgsMap error.
08-16 10:12:36.279 30341  8037 E fwkit_kitstore_PackageAdde: queryDependAndCheckUpgradeByApk is null or empty
08-16 10:12:36.290  1636  1653 D InputDispatcher: Window handle WindowManager has no registered input channel
08-16 10:12:36.306  1636  1653 D InputDispatcher: Window handle WindowManager has no registered input channel
08-16 10:12:36.309  1636  2034 I InputDispatcher: stylus touch up, set lcd event 0
08-16 10:12:36.309  1636  2034 I chatty  : uid=1000(system) InputDispatcher identical 1 line
08-16 10:12:36.309  1636  2034 I InputDispatcher: stylus touch up, set lcd event 0
08-16 10:12:36.310  7774  7774 V AudioManager: querySoundEffectsEnabled...
08-16 10:12:36.319  1046  1070 D AwareLog: iawared: WorkingsetProcessCommand subCmd = 352, userId=10431, pid=7774, com.example.dogglers/.MainActivity
08-16 10:12:36.319  1046  1070 D AwareLog: iawared: WorkingsetStop com.example.dogglers/.MainActivity
08-16 10:12:36.320  1046  1070 D AwareLog: iawared: WorkingsetProcessCommand subCmd = 350, userId=10431, pid=7774, com.example.dogglers/.VerticalListActivity
08-16 10:12:36.320  7774  7774 D LifecycleMonitor: Lifecycle status change: com.example.dogglers.MainActivity@ce9ee77 in: PAUSED
08-16 10:12:36.321  1046  1070 D AwareLog: iawared: WorkingsetSendPrereadMsg com.example.dogglers/.VerticalListActivity
08-16 10:12:36.321  7774  7774 V ActivityScenario: Update currentActivityStage to PAUSED, currentActivity=com.example.dogglers.MainActivity@ce9ee77
08-16 10:12:36.321  1636  2012 W Process : Unable to open /proc/-1/status
08-16 10:12:36.322  2730  2730 I RmeSchedManager: init Rme, version is: v1.0
08-16 10:12:36.322  1046  1070 D AwareLog: iawared: WorkingsetStart com.example.dogglers/.VerticalListActivity in monitor0
08-16 10:12:36.323 25853 31252 I Backup  : [GmsBackupTransport] Performing encrypted kv backup: @pm@
08-16 10:12:36.324  1636  1963 D ZrHung.AppEyeFocusWindow: FocusWindowErrorScene CheckFreezeScreen
08-16 10:12:36.324  1636  1963 D ZrHung.AppEyeTransparentWindow: TransparentWindow cancelCheckFreezeScreen
08-16 10:12:36.324  1636  3594 D InputDispatcher: Window handle WindowManager has no registered input channel
08-16 10:12:36.326 20784  7997 I FormalHASDK: SendTask==> events PostRequest sendevent TYPE: maint, TAG: _default_config_tag, resultCode: 200, reqID: 3439408e4cc2e455ec2996f2d11bd4d4
08-16 10:12:36.331  2661  3071 D DollieActivityManagerAdapter: [Paused] pid:7774 uid:10431 ComponentInfo{com.example.dogglers/com.example.dogglers.MainActivity} uidState:2
08-16 10:12:36.332  3386  7832 I HiAdKit.DC.PageSwitchEvent:  switch is off
08-16 10:12:36.332  3386  7832 I HiAdKit.DC.PaymentPageSwitchEvent:  switch is off
08-16 10:12:36.332  3386  7832 I HiAdKit.DC.LiteAppPageSwitchEvent:  switch is off
08-16 10:12:36.332  7774  7774 W ActivityThread: handleWindowVisibility: no activity for token android.os.BinderProxy@bfc6d07
08-16 10:12:36.337  2580  6962 I OPCollectLog: OdmfHelper:insert database success
08-16 10:12:36.337  2580  6962 I OPCollectLog: OdmfHelper:opcollectCache size: 1
08-16 10:12:36.337  2580  6962 I OPCollectLog: OdmfHelper:opcollectCache lastTime: 574930432
08-16 10:12:36.338   664 24580 I netd    : trafficSwapActiveStatsMap() <19.65ms>
08-16 10:12:36.338  7774  7774 D LifecycleMonitor: Lifecycle status change: com.example.dogglers.VerticalListActivity@ab68959 in: PRE_ON_CREATE
08-16 10:12:36.338  7774  7774 V ActivityScenario: Activity lifecycle changed event received but ignored because the intent does not match. startActivityIntent=Intent { act=android.intent.action.MAIN cat=[android.intent.category.LAUNCHER] cmp=com.example.dogglers/.MainActivity }, activity.getIntent()=Intent { cmp=com.example.dogglers/.VerticalListActivity }, activity=com.example.dogglers.VerticalListActivity@ab68959
08-16 10:12:36.339  1636  2813 D InputDispatcher: Window handle WindowManager has no registered input channel
08-16 10:12:36.346  7774  7774 I DecorView[]: pkgName:com.example.dogglers old windowMode:0 new windoMode:1, isFixedSize:false
08-16 10:12:36.353 25853 25853 D BoundBrokerSvc: onBind: Intent { act=com.google.android.gms.common.BIND_SHARED_PREFS pkg=com.google.android.gms }
08-16 10:12:36.353 25853 25853 D BoundBrokerSvc: Loading bound service for intent: Intent { act=com.google.android.gms.common.BIND_SHARED_PREFS pkg=com.google.android.gms }
08-16 10:12:36.356  1636 15277 D InputDispatcher: Window handle WindowManager has no registered input channel
08-16 10:12:36.356  7774  7774 D LifecycleMonitor: Lifecycle status change: com.example.dogglers.VerticalListActivity@ab68959 in: CREATED
08-16 10:12:36.357  7774  7774 V ActivityScenario: Activity lifecycle changed event received but ignored because the intent does not match. startActivityIntent=Intent { act=android.intent.action.MAIN cat=[android.intent.category.LAUNCHER] cmp=com.example.dogglers/.MainActivity }, activity.getIntent()=Intent { cmp=com.example.dogglers/.VerticalListActivity }, activity=com.example.dogglers.VerticalListActivity@ab68959
08-16 10:12:36.358  7774  7774 D LifecycleMonitor: Lifecycle status change: com.example.dogglers.VerticalListActivity@ab68959 in: STARTED
08-16 10:12:36.358  7774  7774 V ActivityScenario: Activity lifecycle changed event received but ignored because the intent does not match. startActivityIntent=Intent { act=android.intent.action.MAIN cat=[android.intent.category.LAUNCHER] cmp=com.example.dogglers/.MainActivity }, activity.getIntent()=Intent { cmp=com.example.dogglers/.VerticalListActivity }, activity=com.example.dogglers.VerticalListActivity@ab68959
08-16 10:12:36.359  7774  7774 D LifecycleMonitor: Lifecycle status change: com.example.dogglers.VerticalListActivity@ab68959 in: RESUMED
08-16 10:12:36.360  7774  7774 V ActivityScenario: Activity lifecycle changed event received but ignored because the intent does not match. startActivityIntent=Intent { act=android.intent.action.MAIN cat=[android.intent.category.LAUNCHER] cmp=com.example.dogglers/.MainActivity }, activity.getIntent()=Intent { cmp=com.example.dogglers/.VerticalListActivity }, activity=com.example.dogglers.VerticalListActivity@ab68959
08-16 10:12:36.361  7774  7774 D MouseWheelSynthesizer: mMoveStepInDp: 64, mMoveStepInPixel: 192, mUpTimeDelayed: 100
08-16 10:12:36.362  7774  7774 D ViewRootImpl: ViewRootImpl mIsInProductivePCDisplay: false
08-16 10:12:36.363  1636  1652 I HwPCUtils#HwRioViewManager: check if rio enable, displayId = 0， packageName = com.example.dogglers
08-16 10:12:36.365   664 24580 I netd    : trafficSwapActiveStatsMap() <19.35ms>
08-16 10:12:36.366  7774  7774 D InputEventReceiver: dispatchInputInterval 1000000
08-16 10:12:36.367 25853 25853 D BoundBrokerSvc: onUnbind: Intent { act=com.google.android.gms.common.BIND_SHARED_PREFS pkg=com.google.android.gms }
08-16 10:12:36.369  2661 30856 I Hicom_Monitor: mActivityNotifierEx, className = com.example.dogglers.VerticalListActivity, uid = 10431
08-16 10:12:36.370  8435  8435 I HiAdKit.DC.SystemUtil:  isDeviceProvisioned: true
08-16 10:12:36.371  6225  9809 I CAWARENESS_AppUsageManager: onEvent, packageName=com.example.dogglers, activityName=com.example.dogglers.VerticalListActivity
08-16 10:12:36.371  6225  9809 I CAWARENESS_AppUsageManager: fuse currently and delay publish
08-16 10:12:36.372  2661  3071 D DollieActivityManagerAdapter: [Resumed] bg:false pid:7774 uid:10431 ComponentInfo{com.example.dogglers/com.example.dogglers.VerticalListActivity}
08-16 10:12:36.372  2661  3071 E DollieAdapterService: notifyActivityState pkg:com.example.dogglers/com.example.dogglers.VerticalListActivity state:2 fg:true mUid:10431
08-16 10:12:36.372  2661  3071 I OllieMsgCenter: publishEvt=2130771985
08-16 10:12:36.372  1636  1653 D InputDispatcher: Window handle WindowManager has no registered input channel
08-16 10:12:36.373  3386  7833 I HiAdKit.DC.PageSwitchEvent:  switch is off
08-16 10:12:36.374  3386  7833 I HiAdKit.DC.PaymentPageSwitchEvent:  switch is off
08-16 10:12:36.374  3386  7833 I HiAdKit.DC.LiteAppPageSwitchEvent:  switch is off
08-16 10:12:36.378  2208  2208 D BarTransitions.HwPhoneStatusBarView: MODE_OPAQUE -> MODE_TRANSPARENT animate=false
08-16 10:12:36.378  2208  2208 D BarTransitions.HwPhoneStatusBarView: applyModeBackground oldMode=MODE_OPAQUE newMode=MODE_TRANSPARENT animate=false
08-16 10:12:36.379  8435  8435 I HiAdKit.DC.ACREntry:  oobe: false
08-16 10:12:36.379  2208  2208 D BarTransitions.HwNavigationBarView: MODE_OPAQUE -> MODE_TRANSPARENT animate=false
08-16 10:12:36.379  2208  2208 D BarTransitions.HwNavigationBarView: applyModeBackground oldMode=MODE_OPAQUE newMode=MODE_TRANSPARENT animate=false
08-16 10:12:36.380  8435  7260 I HiAdKit.DC.AppDataCollectionProvider:  execute cmd: 3
08-16 10:12:36.380  8435  7260 I HiAdKit.DC.AppDataCollectionManager:  report other
08-16 10:12:36.380  1636  1963 D ZrHung.AppEyeFocusWindow: FocusWindowErrorScene cancelCheckFreezeScreen
08-16 10:12:36.381  1636  1963 D ZrHung.AppEyeTransparentWindow: TransparentWindow mHungConfigStatus = 0,mHungConfigEnable = 1
08-16 10:12:36.381  8174  8174 I Cloud[13.2.0.303]Sync.MainApplication: attachBaseContext
08-16 10:12:36.383 26651  8217 I HiAdKit.PpsCoreService:  isCmdAllowAccess rom: false permitRegion: 1
08-16 10:12:36.383 26651  8217 I HiAdKit.PpsCoreService:  call method: reportConsent
08-16 10:12:36.383 26651  8217 I HiAdKit.PpsCoreService:  callerPkg: com.huawei.hwid
08-16 10:12:36.383  7774  7850 D mali_winsys: EGLint new_window_surface(egl_winsys_display *, void *, EGLSurface, EGLConfig, egl_winsys_surface **, EGLBoolean) returns 0x3000
08-16 10:12:36.383  2580 23377 I OPCollectLog: AppChangeImpl:call onAppChange.
08-16 10:12:36.383  2580  6962 I OPCollectLog: HwForegroundAppAction:handleMessage
08-16 10:12:36.383  2580  6962 D OPCollectLog: HwForegroundAppAction:FG executeWithArgs
08-16 10:12:36.383  2580  6962 I OPCollectLog: OPCollectUtils:ODMF Api Version:2.16.3
08-16 10:12:36.384  2580  6962 I OPCollectLog: Action:HwForegroundAppAction executed successfully
08-16 10:12:36.384  2580  6962 D OPCollectLog: OdmfCollectScheduler:handleMessage msg: 4
08-16 10:12:36.384  2580  6962 I OPCollectLog: OdmfHelper:opcollectCache 1
08-16 10:12:36.384  2580  6962 I OPCollectLog: OdmfHelper:opcollectCache curTime: 574930479, interval: 47
08-16 10:12:36.386  2580  6962 I OPCollectLog: OdmfHelper:isCharging: true
08-16 10:12:36.388  8435  7260 I NetworkSdk_CountryCodeBean: [HMSCore NetworkLog.java:1] PPS-DC-Cal-pool-thread-218|null|com.huawei.hms.framework.network.grs.local.model.CountryCodeBean|init|18|get issue_country code from VENDOR_COUNTRY
08-16 10:12:36.389  1636  1652 D InputDispatcher: Window handle WindowManager has no registered input channel
08-16 10:12:36.390  2580  6962 I OPCollectLog: OdmfHelper:insert database success
08-16 10:12:36.390  2580  6962 I OPCollectLog: OdmfHelper:opcollectCache size: 1
08-16 10:12:36.390  2580  6962 I OPCollectLog: OdmfHelper:opcollectCache lastTime: 574930485
08-16 10:12:36.393  1636  1963 E WifiService: enforceCanAccessScanResults: hiding ssid and bssidUID 1010063 has no location permission
08-16 10:12:36.396  8435  7260 I HiAdKit.DC.AIDCP:  clctDyncData is off
08-16 10:12:36.396  8435  7260 I HiAdKit.DC.AIDCP:  clctStatData is off
08-16 10:12:36.398   664 24580 I netd    : trafficSwapActiveStatsMap() <25.04ms>
08-16 10:12:36.401  8435  7260 I HiAdKit.DC.SystemUtil:  process: com.huawei.hwid.core
08-16 10:12:36.401  8174  8193 I HwPartIawareFactory: add android.common.HwPartIawareFactoryImpl to memory.
08-16 10:12:36.404  8174  8193 I AwareBitmapCacher: init processName:com.huawei.hidisk pid=8174 uid=5513
08-16 10:12:36.404  8435  7260 I HiAdKit.DC.SystemUtil:  hasPermissions true
08-16 10:12:36.407  1636  2813 D InputDispatcher: Window handle WindowManager has no registered input channel
08-16 10:12:36.410  8083  8083 I LoadedApk: No resource references to update in package com.huawei.camerakit.impl
08-16 10:12:36.411  8083  8083 I LoadedApk: No resource references to update in package com.android.gallery3d.Collages
08-16 10:12:36.411  2208  2208 D ImageWallpaper: wallpaper visibility changes to: false
08-16 10:12:36.411  8083  8083 I LoadedApk: No resource references to update in package com.android.gallery3d.Maps
08-16 10:12:36.411  8083  8083 I LoadedApk: No resource references to update in package com.android.gallery3d.Highlight
08-16 10:12:36.412  8435  7260 I HiAdKit.DC.OaidSettingsUtil:  Current Used UserId is different from Current Process UserId.
08-16 10:12:36.414  8435  7260 I HiAdKit.DC.SystemUtil:  hasPermissions true
08-16 10:12:36.414  8435  7260 I HiAdKit.DC.OaidSettingsUtil:  Current Used UserId is different from Current Process UserId.
08-16 10:12:36.415  8083  8083 I LoadedApk: No resource references to update in package com.android.gallery3d.Search
08-16 10:12:36.415  8435  7260 I HiAdKit.DC.SystemUtil:  process: com.huawei.hwid.core
08-16 10:12:36.416  8435  7260 I HiAdKit.DC.SystemUtil:  isDeviceProvisioned: true
08-16 10:12:36.416  8083  8083 I LoadedApk: No resource references to update in package com.android.gallery3d.Editor
08-16 10:12:36.419  1636  1963 I DeviceIdentifiers: udid has been read success, return!
08-16 10:12:36.419  8083  8128 I HwPartIawareFactory: add android.common.HwPartIawareFactoryImpl to memory.
08-16 10:12:36.419  8083  8128 I AwareBitmapCacher: init processName:com.android.gallery3d pid=8083 uid=10028
08-16 10:12:36.422  1636  2813 D InputDispatcher: Window handle WindowManager has no registered input channel
08-16 10:12:36.422 26909 26909 I HiBoard_22.0.8.300_Workspace: onWindowVisibilityChanged：8 isOverlayClosed:true
08-16 10:12:36.425   720   720 W hwcomposer: setGpuFreqBoost:159: boostGpuFreq release !
08-16 10:12:36.427  8435  7260 I HiAdKit.DC.SystemUtil:  process: com.huawei.hwid.core
08-16 10:12:36.427  2730  3203 I HwLauncher: LocalTaskList loadTasksInBackground:3 numTasks:3 currentUserId:0
08-16 10:12:36.427  7774  8216 D HiTouch_PressGestureDetector: onAttached, package=com.example.dogglers, windowType=1, mIsHiTouchRestricted=false
08-16 10:12:36.429   757   992 W BufferQueueProducer: [com.huawei.intelligent.Workspace#0]:1390: disconnect: not connected (req=1)
08-16 10:12:36.429   757   992 W BufferQueueProducer: [com.huawei.android.launcher/com.huawei.android.launcher.unihome.UniHomeLauncher#0]:1390: disconnect: not connected (req=1)
08-16 10:12:36.429  8435  8225 I HiAdKit.DC.AIDCP:  addAppDataCollectionToCache - cache valide time: 7200 expireTime: 1691763156429
08-16 10:12:36.429  2730  3112 W libEGL  : EGLNativeWindowType 0x766bce6450 disconnect failed
08-16 10:12:36.431  7774  7774 D DecorView: showOrHideHighlightView: hasFocus=false; winMode=1; isMrgNull=true
08-16 10:12:36.431 26909 27098 W libEGL  : EGLNativeWindowType 0x7637d99f90 disconnect failed
08-16 10:12:36.439  1636 15277 D InputDispatcher: Window handle WindowManager has no registered input channel
08-16 10:12:36.442  7774  7774 D DecorView: showOrHideHighlightView: hasFocus=true; winMode=1; isMrgNull=true
08-16 10:12:36.443  7774  7774 W InputMethodManager: startInputReason = 1
08-16 10:12:36.443  7774  7774 W HwRemoteInputMethodManager: isCasting false because IHwDistributedWindowManager is invalid.
08-16 10:12:36.443  7774  7829 I xample.doggler: Waiting for a blocking GC ProfileSaver
08-16 10:12:36.455  1636  2813 D InputDispatcher: Window handle WindowManager has no registered input channel
08-16 10:12:36.458  1033  8228 D keymaster_worker: Keystore begin
08-16 10:12:36.458  1033  8228 D keymaster_worker: Keystore begin hidl
08-16 10:12:36.459   576   576 I HisiKeyMaster: HisiKmBegin start
08-16 10:12:36.459   576   576 I HisiKeyMaster: Disable the enhanced crypto!
08-16 10:12:36.463  2315  2315 E FullInputEventModel: onStartInput event aborted: fk.c0: could not obtain extracted text (class fk.c0)
08-16 10:12:36.463  2730  2730 W HwLauncher: StateManager Launcher in state:NormalState{9d6631 ordinal = 0,mContainerType = 1,mIsOverviewUi = false}, mConfig.mCurrentAnimationSet == null
