08-16 10:12:53.669 10033 10356 I LogWriter: appendLogFile
08-16 10:12:53.672  1636  2012 W AwareLog: SchedLevelBoost: onProcessDied config not set!
08-16 10:12:53.672   730 15688 I AudioModuleManager: [AudioModuleGetParameters:71]: list size: 12
08-16 10:12:53.672   730 15688 I audio_hw_usbaudio_hw: [get_typec_parameters:587]: check show hires (false)
08-16 10:12:53.672  2661  2775 E HsmCoreServiceImpl: onTransact in code is: 102
08-16 10:12:53.672  2661  2775 I MediaProcessHandler: processOp opType: 1, uid: 1010120, pid: 26789
08-16 10:12:53.672  2661  2775 W MediaProcessHandler: only the process it self can do this operation: 1010120, 1001000, 26789, 8726
08-16 10:12:53.672  2661  2775 I MediaProcessHandler: executedCallBack opType: 1 mMediaStatusObservers.size=0
08-16 10:12:53.674  2661  2775 E HsmCoreServiceImpl: onTransact in code is: 102
08-16 10:12:53.674  2661  2775 I MediaProcessHandler: processOp opType: 1, uid: 1010120, pid: 26789
08-16 10:12:53.674  2661  2775 W MediaProcessHandler: only the process it self can do this operation: 1010120, 1000, 26789, 2383
08-16 10:12:53.674  2661  2775 I MediaProcessHandler: executedCallBack opType: 1 mMediaStatusObservers.size=0
08-16 10:12:53.674  1636  8140 I WifiService: retrieveBackupData uid=1000
08-16 10:12:53.675   753  2232 D AudioPolicyService: getUidState(1010120) cacheIter->second.first, return cacheIter->second.second(20)
08-16 10:12:53.675   753  2232 D AudioPolicyService: getUidState(1010120) !cacheIter->second.first, return PROCESS_STATE_UNKNOWN
08-16 10:12:53.685  1636  1682 I libprocessgroup: Successfully killed process cgroup uid 1010120 pid 26789 in 41ms
08-16 10:12:53.687  8102  8687 W Bugle   : BuglePhoneNumberUtils: canonicalizeMccMnc: invalid mccmnc. mcc: null, mnc: null
08-16 10:12:53.690  1021 21809 I AGPService: aps-info: focus pkgName - com.example.dogglers, with 0 more apps
08-16 10:12:53.692 10033 10198 D NetworkSecurityConfig: Using Network Security Config from resource network_security_config debugBuild: false
08-16 10:12:53.695  8102  8687 W Bugle   : BuglePhoneNumberUtils: canonicalizeMccMnc: invalid mccmnc. mcc: null, mnc: null
08-16 10:12:53.703 10033 10360 I HwApiCacheMangerEx: apicache path=/storage/emulated/0 state=mounted key=com.huawei.browser#10224#256
08-16 10:12:53.703 10033 10360 I HwApiCacheMangerEx: need clear apicache,because volumes changed,oldCnt=1 newCnt=1
08-16 10:12:53.705  1636  1636 D HwConnectivityManagerImpl: getNetworkPolicyFlag flagStr null
08-16 10:12:53.707 10304 10321 I SandboxedProcessService: sandbox initialize and DexFileClassLoader:dalvik.system.DelegateLastClassLoader[DexPathList[[zip file "/data/app/com.huawei.browser-rkZiIxKEY_zt53XsI1z6CA==/lib/arm64/libhwwv.so"],nativeLibraryDirectories=[/data/app/com.huawei.browser-rkZiIxKEY_zt53XsI1z6CA==/lib/arm64, /system/lib64, /hw_product/lib64, /system/product/lib64, /prets/lib64]]]
08-16 10:12:53.708 10033 10360 I HwApiCacheMangerEx: apicache path=/storage/emulated/0 state=mounted key=com.huawei.browser#10224#0
08-16 10:12:53.708 10033 10360 I HwApiCacheMangerEx: need clear apicache,because volumes changed,oldCnt=1 newCnt=1
08-16 10:12:53.710 10304 10321 I hwbr_engine_ChildProcessService: Creating new ChildProcessService pid=10304
08-16 10:12:53.721 10200 10335 I EventRecordTask: [2023-08-16 10:12:53.720 I/HiAnalytics/EventRecordTask 10200:43230 null:4] event record task running
08-16 10:12:53.722 10200 10335 I HiAnalyticsSharedPreference: [2023-08-16 10:12:53.721 I/HiAnalytics/HiAnalyticsSharedPreference 10200:43230 null:35] check file size : 0 limitedSize : 5242880
08-16 10:12:53.723  8102  8334 I BugleRcsEngine: [43153] bubp.c: SIM state event delay enabled: attempts 0, maxAttempts 3, delaySeconds 90 MSIM delayseconds 90, effective delay seconds 90
08-16 10:12:53.723  8102  8334 I BugleRcsEngine: [43153] bubp.c: posted simEventProcessTask to handler with delay 90
08-16 10:12:53.724  8102  8334 I BugleRcsEngine: [43153] bubm.d: (Sim): delay SIM event: android.intent.action.SIM_STATE_CHANGED, LOADED
08-16 10:12:53.727  8102 10206 I BugleRcsEngine: [43186] bubm.o: (Sim): Processing an intent
08-16 10:12:53.728  8102 10206 I BugleRcsEngine: [43186] bubm.z: (Sim): SIM state LOADED
08-16 10:12:53.732 25853 25853 D BoundBrokerSvc: onBind: Intent { act=com.google.android.gms.common.BIND_SHARED_PREFS pkg=com.google.android.gms }
08-16 10:12:53.732 25853 25853 D BoundBrokerSvc: Loading bound service for intent: Intent { act=com.google.android.gms.common.BIND_SHARED_PREFS pkg=com.google.android.gms }
08-16 10:12:53.734 25853 25853 D BoundBrokerSvc: onUnbind: Intent { act=com.google.android.gms.common.BIND_SHARED_PREFS pkg=com.google.android.gms }
08-16 10:12:53.739  8102  8687 I Bugle   : BugleStartup: Initializing RCS availability...
08-16 10:12:53.740 25853 25853 D BoundBrokerSvc: onBind: Intent { act=com.google.android.gms.common.BIND_SHARED_PREFS pkg=com.google.android.gms }
08-16 10:12:53.740 25853 25853 D BoundBrokerSvc: Loading bound service for intent: Intent { act=com.google.android.gms.common.BIND_SHARED_PREFS pkg=com.google.android.gms }
08-16 10:12:53.741 10200 10335 I EventRecordTask: [2023-08-16 10:12:53.741 I/HiAnalytics/EventRecordTask 10200:43230 null:4] event record task running
08-16 10:12:53.742 10200 10335 I HiAnalyticsSharedPreference: [2023-08-16 10:12:53.741 I/HiAnalytics/HiAnalyticsSharedPreference 10200:43230 null:35] check file size : 0 limitedSize : 5242880
08-16 10:12:53.743  8102  8687 I Bugle   : RcsAvailabilityUtilForProvisioningEngineV2: updateAvailabilityAsync, hint: NO_HINT
08-16 10:12:53.743  8102  8687 I BugleRcsProvisioning: RcsAvailabilityUpdaterLocal: updateAvailabilityAsync: scheduling updateRcsAvailability call, hint: NO_HINT, enableWelcomePopupWithoutGoogleTos: false, reshowSuccessPopup: false
08-16 10:12:53.744  8102  8687 I Bugle   : BugleStartup: Done with RCS availability.
08-16 10:12:53.744  8102  8334 W BugleRcsEngine: [43153] bubm.d: (Sim): Unexpected action: android.intent.action.ACTION_DEFAULT_VOICE_SUBSCRIPTION_CHANGED
08-16 10:12:53.744  8102 10206 I BugleRcsEngine: [43186] bubm.z: (Sim): SIM changed: false. current id: redacted-pii:sim_id[chars:20,last3:121]; stored id: redacted-pii:sim_id[chars:20,last3:121]; isFiDevice: false; subId: 1; slotIndex: 0
08-16 10:12:53.745  8102  8687 I Bugle   : BugleStartup: Done initializing with enabled individual init failures.
08-16 10:12:53.745 25853 25853 D BoundBrokerSvc: onUnbind: Intent { act=com.google.android.gms.common.BIND_SHARED_PREFS pkg=com.google.android.gms }
08-16 10:12:53.751 10033 10325 I HwApiCacheMangerEx: apicache path=/storage/emulated/0 state=mounted key=com.huawei.browser#10224#256
08-16 10:12:53.751 10033 10325 I HwApiCacheMangerEx: need clear apicache,because volumes changed,oldCnt=1 newCnt=1
08-16 10:12:53.752 25853  2122 I Backup  : [GmsBackupTransport] Performing encrypted kv backup: com.android.providers.settings
08-16 10:12:53.753  8102  8102 W SimStateTracker: type=1400 audit(0.0:909317): avc: denied { read } for pid=8102 name="u:object_r:vowifi_prop:s0" dev="tmpfs" ino=15367 scontext=u:r:untrusted_app:s0:c107,c256,c512,c768 tcontext=u:object_r:vowifi_prop:s0 tclass=file permissive=0
08-16 10:12:53.754  8102 10206 E libc    : Access denied finding property "ro.vendor.config.hw_vowifi"
08-16 10:12:53.756  8102 10206 I BugleRcsEngine: [43186] bubm.z: (Sim): Skipping writing subId because this is main bugle process.
08-16 10:12:53.760  8102  9580 W BugleRcsEngine: [43179] btbv.d: [SR]: Single Registration is disabled. Skipping Single Registration capability check for subId: 1, OS.isAtLeastS:[false], enableSingleRegistrationProvisioning:[false]
08-16 10:12:53.763  8102  9580 I BugleRcsProvisioning: RcsAvailabilityUpdaterLocal: RcsAvailability configuration availability and enabled status: simId: redacted-pii:sim_id[chars:20,last3:121], SipConnectionType: DUAL_REG, isConfigurationAvailableAndEnabled: true
08-16 10:12:53.765  2730  2814 D ZrHung.AppEyeUiProbe: not watching, wait.
08-16 10:12:53.769  8102  9580 I BugleRcsProvisioning: RcsAvailabilityUpdaterLocal: RcsAvailability subscription{id:1}, simId: redacted-pii:sim_id[chars:20,last3:121], sipConnectionType: DUAL_REG, isRcsAvailable: true
08-16 10:12:53.769  8102  9580 I BugleRcsProvisioning: RcsAvailabilityUpdaterLocal: updateRcsAvailability, currentAvailability: 7, newAvailability: 7, hint: NO_HINT
08-16 10:12:53.771  8102 10206 I BugleRcsEngine: [43186] bubm.z: (Sim): Updated SIM info: currentSimId: redacted-pii:sim_id[chars:20,last3:121]; imsi: redacted-pii:imsi[chars:15]; rawMsisdn: redacted-pii:phone_number[chars:0,last2:]; formattedMsisdn: redacted-pii:phone_number[chars:0,last2:]; mccmnc: redacted-pii:sim_operator[chars:5]; gid1: redacted-pii:sim_gid[chars:10]; isFiDevice: false; subId: 1; slotIndex: 0
08-16 10:12:53.780 10033 10110 I GroupIdUtils: init
08-16 10:12:53.780 10033 10110 D GroupIdUtils: update groupId too quick
08-16 10:12:53.782 10033 10366 I QuicNetworkKit: setUp
08-16 10:12:53.783 10033 10366 I QuicNetworkKit: networkkit configure:0
08-16 10:12:53.783 10033 10366 I HiAd    : prerequest.
08-16 10:12:53.784 10033 10110 I HiAd    : HiAd init end
08-16 10:12:53.787 10033 10367 I FWK-NetworkSdk_NetworkKit: PPS-Net-pool-thread-2|null|com.huawei.hms.network.NetworkKit|init|35|init  Version:7.0.1.300  BuildTime:2023-04-14
08-16 10:12:53.788 10033 10177 I FWK-NetworkSdk_NetworkKit: PPS-Net-pool-thread-2 -->NetworkKit_NetworkKit_0|null|com.huawei.hms.network.NetworkKit|a|13|init success
08-16 10:12:53.788  8102 10206 I BugleRcsEngine: [43186] bubm.I: (Sim): Broadcasting Intent { act=com.google.android.ims.SIM_LOADED (has extras) }
08-16 10:12:53.789 10033 10299 I ppsuiengineloader.DynamicModule: Load start in new-version-policy.
08-16 10:12:53.789 10033 10299 I ppsuiengineloader.DynamicModule: new DynamicLoader.
08-16 10:12:53.789 10033 10299 I ppsuiengineloader.DynamicLoader: versionType=1
08-16 10:12:53.789 10033 10299 I ppsuiengineloader.DynamicLoader: the moduleName is:adsuiengine, versionStrategyType:1 loaderVersionType : v1
08-16 10:12:53.791 10033 10367 W FWK-NetworkSdk_BaseConfig: PPS-Net-pool-thread-2|null|com.huawei.hms.network.embedded.e|a|87|Set value error, value of core_call_timeout is out of range.
08-16 10:12:53.794  8102  8102 I Bugle   : SimChangeReceiver: action: com.google.android.ims.SIM_LOADED
08-16 10:12:53.798  9978 10027 I FLTAG_VC: deleteOldVersions
08-16 10:12:53.799 10033 10299 I ppsuiengineloader.DecompressedLdStrategy: Get module info from decompressed asset path success: ModuleName:adsuiengine, ModuleVersion:30464301
08-16 10:12:53.799 10033 10299 I ppsuiengineloader.dl_PreferDecompress: Choose the decompressedModuleVersion
08-16 10:12:53.800 10033 10299 I ppsuiengineloader.DecompressedLdStrategy: Get module info from decompressed asset path success: ModuleName:adsuiengine, ModuleVersion:30464301
08-16 10:12:53.800 10033 10299 I ppsuiengineloader.DecompressedLdStrategy: Successfully get module info from decompressed asset path.
08-16 10:12:53.800 10033 10299 I ppsuiengineloader.DecompressedLdStrategy: loaderVersionType is : v1
08-16 10:12:53.805  3386  4842 I ModuleQueryProvider: [HMSCore ModuleQueryProvider.java:1] Enter call, method: adsuiengine
08-16 10:12:53.808 10033 10110 I HwApiCacheMangerEx: apicache path=/storage/emulated/0 state=mounted key=com.huawei.browser#10224#0
08-16 10:12:53.808 10033 10110 I HwApiCacheMangerEx: need clear apicache,because volumes changed,oldCnt=1 newCnt=1
08-16 10:12:53.809 10033 10110 I HwApiCacheMangerEx: apicache path=/storage/emulated/0 state=mounted key=com.huawei.browser#10224#256
08-16 10:12:53.809 10033 10110 I HwApiCacheMangerEx: need clear apicache,because volumes changed,oldCnt=1 newCnt=1
08-16 10:12:53.809 10033 10110 I HiAd    :
08-16 10:12:53.809 10033 10110 I HiAd    : ============================================================================
08-16 10:12:53.809 10033 10110 I HiAd    : ====== HiAd-3.4.64.303
08-16 10:12:53.809 10033 10110 I HiAd    : ====== Brand: HUAWEI Model: ELE-L04 Release: 10 API: 29
08-16 10:12:53.809 10033 10110 I HiAd    : ============================================================================
08-16 10:12:53.810  3386  4842 I fwkit_kims: [fwkit KIMSServiceController.java:1373] getAPIBundle: adsuiengine,null
08-16 10:12:53.811  3386  4842 I fwkit_kims: [fwkit KIMSServiceController.java:1405] caller:com.huawei.browser targetSdk:31
08-16 10:12:53.812 10033 10298 W HiAdSDK.HMSConnectProcessor:  check hms sdk available error
08-16 10:12:53.812 10033 10298 W HiAdSDK.HiAd:  ppskit api is not included
08-16 10:12:53.813 10033 10363 W HiAdSDK.ReflectAPI:  class not found for com.huawei.hag.abilitykit.api.KitSdkManager
08-16 10:12:53.813 10033 10110 I HiAdSDK.ServerConfig:  init
08-16 10:12:53.814 10033 10110 I FWK-PpsInitHelper: pps initPpsSdk end
08-16 10:12:53.821 10200 10335 I EventRecordTask: [2023-08-16 10:12:53.821 I/HiAnalytics/EventRecordTask 10200:43230 null:4] event record task running
08-16 10:12:53.821 10200 10335 I HiAnalyticsSharedPreference: [2023-08-16 10:12:53.821 I/HiAnalytics/HiAnalyticsSharedPreference 10200:43230 null:35] check file size : 0 limitedSize : 5242880
08-16 10:12:53.827 25853 25853 D BoundBrokerSvc: onBind: Intent { act=com.google.android.gms.common.BIND_SHARED_PREFS pkg=com.google.android.gms }
08-16 10:12:53.827 25853 25853 D BoundBrokerSvc: Loading bound service for intent: Intent { act=com.google.android.gms.common.BIND_SHARED_PREFS pkg=com.google.android.gms }
08-16 10:12:53.828  3386  4842 I fwkit_kims: [fwkit KIMSServiceController.java:1599] localLevel:1, apiLevel:1
08-16 10:12:53.829  3386  4842 I fwkit_kims: [fwkit KIMSServiceController.java:1604] kitName: adsuiengine, version 30464301, type 2
08-16 10:12:53.829  3386  4842 E fwkit_hsf_bundle_builder: [fwkit BundleResultBuilder.java:61] Empty armeabiType.
08-16 10:12:53.830 10033 10372 I ppsuiengineloader.ads_HMSLoadStrategy: Query module info result code:0
08-16 10:12:53.830 10033 10372 I ppsuiengineloader.ads_HMSLoadStrategy: remoteVersion:30464301 localModuleVersion:30464301
08-16 10:12:53.830 25853 25853 D BoundBrokerSvc: onUnbind: Intent { act=com.google.android.gms.common.BIND_SHARED_PREFS pkg=com.google.android.gms }
08-16 10:12:53.840 10200 10335 I EventRecordTask: [2023-08-16 10:12:53.840 I/HiAnalytics/EventRecordTask 10200:43230 null:4] event record task running
08-16 10:12:53.840 25853 25853 D BoundBrokerSvc: onBind: Intent { act=com.google.android.gms.common.BIND_SHARED_PREFS pkg=com.google.android.gms }
08-16 10:12:53.840 25853 25853 D BoundBrokerSvc: Loading bound service for intent: Intent { act=com.google.android.gms.common.BIND_SHARED_PREFS pkg=com.google.android.gms }
08-16 10:12:53.840 10200 10335 I HiAnalyticsSharedPreference: [2023-08-16 10:12:53.840 I/HiAnalytics/HiAnalyticsSharedPreference 10200:43230 null:35] check file size : 0 limitedSize : 5242880
08-16 10:12:53.841 10033 10377 I FWK-NetworkSdk_CountryCodeBean: PPS-Net-pool-thread-3|null|com.huawei.hms.framework.network.grs.local.model.CountryCodeBean|init|18|get issue_country code from VENDOR_COUNTRY
08-16 10:12:53.841 10033 10377 I HiAdSDK.ServerConfig:  country:CL
08-16 10:12:53.841 10033 10377 I FWK-NetworkSdk_GrsClientManager: PPS-Net-pool-thread-3|null|com.huawei.hms.framework.network.grs.d|a|89|grsClientImpl == null, and new GrsClientImpl
08-16 10:12:53.842 10033 10377 I FWK-NetworkSdk_c: PPS-Net-pool-thread-3|null|com.huawei.hms.framework.network.grs.c|<init>|96|GrsClient Instance is init, GRS SDK version: 7.0.1.300, GrsBaseInfoParam: app_name=browser, reg_country=null, ser_country=CL, issue_country=null ,queryTimeout=-1
08-16 10:12:53.842 25853 25853 D BoundBrokerSvc: onUnbind: Intent { act=com.google.android.gms.common.BIND_SHARED_PREFS pkg=com.google.android.gms }
08-16 10:12:53.845 10033 10379 I FWK-NetworkSdk_c: PPS-Net-pool-thread-3 -->NetworkKit_GRS_GrsClient-Init_0|null|com.huawei.hms.framework.network.grs.e.c|a|23|ContextHolder.getAppContext() from GRS is:com.huawei.browser.BrowserApplication@2d29d1c
08-16 10:12:53.846 25853 25853 D BoundBrokerSvc: onBind: Intent { act=com.google.android.gms.common.BIND_SHARED_PREFS pkg=com.google.android.gms }
08-16 10:12:53.846 25853 25853 D BoundBrokerSvc: Loading bound service for intent: Intent { act=com.google.android.gms.common.BIND_SHARED_PREFS pkg=com.google.android.gms }
08-16 10:12:53.848 25853 25853 D BoundBrokerSvc: onUnbind: Intent { act=com.google.android.gms.common.BIND_SHARED_PREFS pkg=com.google.android.gms }
08-16 10:12:53.853 25853 25853 D BoundBrokerSvc: onBind: Intent { act=com.google.android.gms.common.BIND_SHARED_PREFS pkg=com.google.android.gms }
08-16 10:12:53.853 25853 25853 D BoundBrokerSvc: Loading bound service for intent: Intent { act=com.google.android.gms.common.BIND_SHARED_PREFS pkg=com.google.android.gms }
08-16 10:12:53.855 25853 25853 D BoundBrokerSvc: onUnbind: Intent { act=com.google.android.gms.common.BIND_SHARED_PREFS pkg=com.google.android.gms }
08-16 10:12:53.856  1636  8140 I RecoverableAppKeyStore: Get 0/10120/com.google.android.gms.backup/folsom/617F11EA7D15BECAF1A7F585D6DEDFC7
08-16 10:12:53.857  1033 10382 D keymaster_worker: Keystore getKey
08-16 10:12:53.857  1033 10382 D keymaster_worker: Keystore getKey end
08-16 10:12:53.865 25853  2122 I Backup  : [TertiaryKeyManager] Tertiary key rotation was required for com.android.providers.settings
08-16 10:12:53.866  1033 10383 D keymaster_worker: Keystore begin
08-16 10:12:53.866  1033 10383 D keymaster_worker: Keystore begin hidl
08-16 10:12:53.866   576   576 I HisiKeyMaster: HisiKmBegin start
08-16 10:12:53.866   576   576 I HisiKeyMaster: Disable the enhanced crypto!
08-16 10:12:53.870   576   576 I HisiKeyMaster: out_params_buffer_len = 32
08-16 10:12:53.870   576   576 I HisiKeyMaster: HisiKmBegin success
08-16 10:12:53.870  1033 10383 D keymaster_worker: Keystore begin hidl end
08-16 10:12:53.870  1033 10383 D keymaster_worker: Keystore begin end
08-16 10:12:53.871  1033 10384 D keymaster_worker: Keystore update
08-16 10:12:53.871  1033 10384 D keymaster_worker: Keystore update hidl
08-16 10:12:53.871   576   576 I HisiKeyMaster: HisiKmUpdate start
08-16 10:12:53.871   576   576 I HisiKeyMaster: Disable the enhanced crypto!
08-16 10:12:53.874   576   576 I HisiKeyMaster: HisiKmUpdate success
08-16 10:12:53.874  1033 10384 D keymaster_worker: Keystore update hidl end
08-16 10:12:53.874  1033 10384 D keymaster_worker: Keystore update end
08-16 10:12:53.874  1033 10385 D keymaster_worker: Keystore finish
08-16 10:12:53.874  1033 10385 D keymaster_worker: Keystore finish hidl
08-16 10:12:53.874   576   576 I HisiKeyMaster: HisiKmFinish start
08-16 10:12:53.874   576   576 I HisiKeyMaster: Disable the enhanced crypto!
08-16 10:12:53.876   576   576 I HisiKeyMaster: output data size=16
08-16 10:12:53.876   576   576 I HisiKeyMaster: HisiKmFinish success
08-16 10:12:53.876  1033 10385 D keymaster_worker: Keystore finish hidl end
08-16 10:12:53.876  1033 10385 D keymaster_worker: Keystore finish end
08-16 10:12:53.886 10033 10379 I FWK-NetworkSdk_c: PPS-Net-pool-thread-3 -->NetworkKit_GRS_GrsClient-Init_0|null|com.huawei.hms.framework.network.grs.e.c|a|23|ContextHolder.getAppContext() from GRS is:com.huawei.browser.BrowserApplication@2d29d1c
08-16 10:12:53.895 10033 10379 W FWK-NetworkSdk_c: PPS-Net-pool-thread-3 -->NetworkKit_GRS_GrsClient-Init_0|null|com.huawei.hms.framework.network.grs.h.c|a|106|local config file is not exist.filename is {grs_route_config_files_list.txt}
08-16 10:12:53.895 10033 10379 W FWK-NetworkSdk_IOUtil: PPS-Net-pool-thread-3 -->NetworkKit_GRS_GrsClient-Init_0|IoUtils.java|com.huawei.hms.framework.common.IoUtils|closeSecure|7|closeable is null
08-16 10:12:53.895 10033 10379 I FWK-NetworkSdk_LocalManagerProxy: PPS-Net-pool-thread-3 -->NetworkKit_GRS_GrsClient-Init_0|null|com.huawei.hms.framework.network.grs.f.b|a|32|initLocalManager configFileListContent TimeCost:1  Content:
08-16 10:12:53.902 10222 10222 W id.thememanage: ClassLoaderContext classpath size mismatch. expected=11, found=14 (PCL[base.apk*4123096132:base.apk!classes2.dex*99336886:base.apk!classes3.dex*2782042422:base.apk!classes4.dex*3958906072:base.apk!classes5.dex*1250623877:base.apk!classes6.dex*1929848705:base.apk!classes7.dex*3854292319:base.apk!classes8.dex*46301689:base.apk!classes9.dex*1985729680:base.apk!classes10.dex*2612011905:base.apk!classes11.dex*1442082783]{PCL[/system/framework/org.apache.http.legacy.jar*4017483120]} | PCL[/data/app/com.huawei.android.thememanager-vaDpby4aPNwYgh5HIs1YcA==/base.apk*4123096132:/data/app/com.huawei.android.thememanager-vaDpby4aPNwYgh5HIs1YcA==/base.apk!classes2.dex*99336886:/data/app/com.huawei.android.thememanager-vaDpby4aPNwYgh5HIs1YcA==/base.apk!classes3.dex*2782042422:/data/app/com.huawei.android.thememanager-vaDpby4aPNwYgh5HIs1YcA==/base.apk!classes4.dex*3958906072:/data/app/com.huawei.android.thememanager-vaDpby4aPNwYgh5HIs1YcA==/base.apk!classes5.dex*1250623877:/data/app/com.huawei.android.thememanager-vaDpby4a
08-16 10:12:53.915  2661  3071 I OllieMsgCenter: publishEvt=2135097345
08-16 10:12:53.919 10200 10335 I EventRecordTask: [2023-08-16 10:12:53.919 I/HiAnalytics/EventRecordTask 10200:43230 null:4] event record task running
08-16 10:12:53.920 10200 10335 I HiAnalyticsSharedPreference: [2023-08-16 10:12:53.920 I/HiAnalytics/HiAnalyticsSharedPreference 10200:43230 null:35] check file size : 0 limitedSize : 5242880
08-16 10:12:53.990 10033 10299 W ppsuiengineloader.DecompressedLdStrategy: The moduleType is:sdk
08-16 10:12:53.990 10033 10299 I ppsuiengineloader.h: createModuleContext
08-16 10:12:54.031  8102  9513 I Bugle   : RcsAvailabilityUtilForProvisioningEngineV2: updateAvailabilityAsync, hint: NO_HINT
08-16 10:12:54.031  8102  9513 I BugleRcsProvisioning: RcsAvailabilityUpdaterLocal: updateAvailabilityAsync: scheduling updateRcsAvailability call, hint: NO_HINT, enableWelcomePopupWithoutGoogleTos: false, reshowSuccessPopup: false
08-16 10:12:54.033  8102  8687 W BugleRcsEngine: [43161] btbv.d: [SR]: Single Registration is disabled. Skipping Single Registration capability check for subId: 1, OS.isAtLeastS:[false], enableSingleRegistrationProvisioning:[false]
08-16 10:12:54.040 25853  2122 W Backup  : [GmsBackupTransport] Non-incremental backup required, requesting retry.
08-16 10:12:54.040  8102  8687 I BugleRcsProvisioning: RcsAvailabilityUpdaterLocal: RcsAvailability configuration availability and enabled status: simId: redacted-pii:sim_id[chars:20,last3:121], SipConnectionType: DUAL_REG, isConfigurationAvailableAndEnabled: true
08-16 10:12:54.058 10033 10299 I ppsuiengineloader.h: loaderType :  v1
08-16 10:12:54.073   753  2232 D AudioPolicyService: getUidState(10011) !cacheIter->second.first, return PROCESS_STATE_UNKNOWN
08-16 10:12:54.080 10033 10379 I FWK-NetworkSdk_LocalManagerProxy: PPS-Net-pool-thread-3 -->NetworkKit_GRS_GrsClient-Init_0|null|com.huawei.hms.framework.network.grs.f.b|a|81|list by AssetsManager, timeCost:185
08-16 10:12:54.080 10033 10379 I FWK-NetworkSdk_LocalManagerProxy: PPS-Net-pool-thread-3 -->NetworkKit_GRS_GrsClient-Init_0|null|com.huawei.hms.framework.network.grs.f.b|a|128|appConfigName is: null
08-16 10:12:54.094  9944 10389 E BroadcastReceiver: BroadcastReceiver trying to return result during a non-ordered broadcast
08-16 10:12:54.094  9944 10389 E BroadcastReceiver: java.lang.RuntimeException: BroadcastReceiver trying to return result during a non-ordered broadcast
08-16 10:12:54.094  9944 10389 E BroadcastReceiver: 	at android.content.BroadcastReceiver$PendingResult.checkSynchronousHint(BroadcastReceiver.java:298)
08-16 10:12:54.094  9944 10389 E BroadcastReceiver: 	at android.content.BroadcastReceiver$PendingResult.setResultCode(BroadcastReceiver.java:120)
08-16 10:12:54.094  9944 10389 E BroadcastReceiver: 	at com.android.providers.calendar.HiAiBroadcastReceiver.setResult(HiAiBroadcastReceiver.java:92)
08-16 10:12:54.094  9944 10389 E BroadcastReceiver: 	at com.android.providers.calendar.HiAiBroadcastReceiver.lambda$onReceive$0$HiAiBroadcastReceiver(HiAiBroadcastReceiver.java:56)
08-16 10:12:54.094  9944 10389 E BroadcastReceiver: 	at com.android.providers.calendar.HiAiBroadcastReceiver$$Lambda$0.run(Unknown Source:10)
08-16 10:12:54.094  9944 10389 E BroadcastReceiver: 	at java.lang.Thread.run(Thread.java:929)
08-16 10:12:54.097   753  2232 D AudioPolicyService: getUidState(10011) !cacheIter->second.first, return PROCESS_STATE_UNKNOWN
08-16 10:12:54.100 10033 10379 I FWK-NetworkSdk_AbstractLocalManager: PPS-Net-pool-thread-3 -->NetworkKit_GRS_GrsClient-Init_0|null|com.huawei.hms.framework.network.grs.f.a|b|20|load APP_CONFIG_FILE success{grs_app_global_route_config.json}.
08-16 10:12:54.102  1636  8140 I WifiService: getWifiApConfiguration uid=1000
08-16 10:12:54.102  1636  8140 I WifiService: getWifiApConfiguration, uid=1000
08-16 10:12:54.103  1636  8140 I WifiService: retrieveBackupData uid=1000
08-16 10:12:54.106 10033 10299 I ppsuiengineloader.EmuiUtil: getEmuiType emuiVersionCode=27
08-16 10:12:54.106 10033 10299 I ppsuiengineloader.PathClassLoaderStrategy: begin to new classloader, armeabiType:0
08-16 10:12:54.107 10033 10299 I ppsuiengineloader.n: No metadata: presplits found.
08-16 10:12:54.107 10033 10299 I ppsuiengineloader.ClassLoaderPathManager: No HFF split path need to add to classloader.
08-16 10:12:54.107 10033 10299 I ppsuiengineloader.ClassLoaderPathManager: No split apk required, continue.
08-16 10:12:54.107 10033 10299 I ppsuiengineloader.n: No metadata: presplits found.
08-16 10:12:54.107 10033 10299 I ppsuiengineloader.ClassLoaderPathManager: No HFF split path need to add to classloader.
08-16 10:12:54.116  8102  8687 I BugleRcsProvisioning: RcsAvailabilityUpdaterLocal: RcsAvailability subscription{id:1}, simId: redacted-pii:sim_id[chars:20,last3:121], sipConnectionType: DUAL_REG, isRcsAvailable: true
08-16 10:12:54.116  8102  8687 I BugleRcsProvisioning: RcsAvailabilityUpdaterLocal: updateRcsAvailability, currentAvailability: 7, newAvailability: 7, hint: NO_HINT
08-16 10:12:54.120  2661  3071 I HwPacketFilterBypass: kernelAddTrackUid uid:10431 allowed:true
08-16 10:12:54.137 25853 25853 D BoundBrokerSvc: onBind: Intent { act=com.google.android.gms.common.BIND_SHARED_PREFS pkg=com.google.android.gms }
08-16 10:12:54.137 25853 25853 D BoundBrokerSvc: Loading bound service for intent: Intent { act=com.google.android.gms.common.BIND_SHARED_PREFS pkg=com.google.android.gms }
08-16 10:12:54.139 25853 25853 D BoundBrokerSvc: onUnbind: Intent { act=com.google.android.gms.common.BIND_SHARED_PREFS pkg=com.google.android.gms }
08-16 10:12:54.143 25853 25853 D BoundBrokerSvc: onBind: Intent { act=com.google.android.gms.common.BIND_SHARED_PREFS pkg=com.google.android.gms }
08-16 10:12:54.143 25853 25853 D BoundBrokerSvc: Loading bound service for intent: Intent { act=com.google.android.gms.common.BIND_SHARED_PREFS pkg=com.google.android.gms }
08-16 10:12:54.144 25853 25853 D BoundBrokerSvc: onUnbind: Intent { act=com.google.android.gms.common.BIND_SHARED_PREFS pkg=com.google.android.gms }
08-16 10:12:54.160 25853  1841 I Backup  : [GmsBackupTransport] Performing encrypted kv backup: com.android.providers.settings
08-16 10:12:54.162 10033 10299 W ppsuiengineloader.u: cannot get a valid native path, return null.
08-16 10:12:54.162 10033 10299 I ppsuiengineloader._multiKitLoadNative:  generaNewNativePath
08-16 10:12:54.163 10033 10299 I ppsuiengineloader._multiKitLoadNative: The cp is not hms kit.
08-16 10:12:54.163 10033 10299 I ppsuiengineloader.ClassLoaderPathManager: No split apk required, continue.
08-16 10:12:54.163 10033 10299 W .huawei.browse: Unsupported class loader
08-16 10:12:54.172 10033 10299 W .huawei.browse: Skipping duplicate class check due to unsupported classloader
08-16 10:12:54.172   730 15688 I AudioModuleManager: [AudioModuleGetParameters:71]: list size: 12
08-16 10:12:54.172   730 15688 I audio_hw_usbaudio_hw: [get_typec_parameters:587]: check show hires (false)
08-16 10:12:54.175  6225 10391 I CAWARENESS_AbilityContext: [1692195610967] publishing {dataId=100000006, mode=0}
08-16 10:12:54.175  6225 10391 I CAWARENESS_AbilityContext: [1692195610967] deliver {dataId=100000006, mode=0} to 5 receivers
08-16 10:12:54.177 10222 10249 I HwPartIawareFactory: add android.common.HwPartIawareFactoryImpl to memory.
08-16 10:12:54.177 10222 10249 I AwareBitmapCacher: init processName:com.huawei.android.thememanager pid=10222 uid=10073
08-16 10:12:54.177 25853 25853 D BoundBrokerSvc: onBind: Intent { act=com.google.android.gms.common.BIND_SHARED_PREFS pkg=com.google.android.gms }
08-16 10:12:54.177 25853 25853 D BoundBrokerSvc: Loading bound service for intent: Intent { act=com.google.android.gms.common.BIND_SHARED_PREFS pkg=com.google.android.gms }
08-16 10:12:54.179 25853 25853 D BoundBrokerSvc: onUnbind: Intent { act=com.google.android.gms.common.BIND_SHARED_PREFS pkg=com.google.android.gms }
08-16 10:12:54.179  2661  3071 I HwPacketFilterBypass: kernelAddTrackUid uid:10431 allowed:true
08-16 10:12:54.180 10033 10299 I ppsuiengineloader.DynamicContext: Create dynamicContext success.
08-16 10:12:54.184 10033 10299 I .huawei.browse: Waiting for a blocking GC ClassLinker
08-16 10:12:54.188 25853 25853 D BoundBrokerSvc: onBind: Intent { act=com.google.android.gms.common.BIND_SHARED_PREFS pkg=com.google.android.gms }
08-16 10:12:54.188 25853 25853 D BoundBrokerSvc: Loading bound service for intent: Intent { act=com.google.android.gms.common.BIND_SHARED_PREFS pkg=com.google.android.gms }
08-16 10:12:54.190 25853 25853 D BoundBrokerSvc: onUnbind: Intent { act=com.google.android.gms.common.BIND_SHARED_PREFS pkg=com.google.android.gms }
08-16 10:12:54.193 25853 25853 D BoundBrokerSvc: onBind: Intent { act=com.google.android.gms.common.BIND_SHARED_PREFS pkg=com.google.android.gms }
08-16 10:12:54.193 25853 25853 D BoundBrokerSvc: Loading bound service for intent: Intent { act=com.google.android.gms.common.BIND_SHARED_PREFS pkg=com.google.android.gms }
08-16 10:12:54.195 25853 25853 D BoundBrokerSvc: onUnbind: Intent { act=com.google.android.gms.common.BIND_SHARED_PREFS pkg=com.google.android.gms }
08-16 10:12:54.198 25853 25853 D BoundBrokerSvc: onBind: Intent { act=com.google.android.gms.common.BIND_SHARED_PREFS pkg=com.google.android.gms }
08-16 10:12:54.198 25853 25853 D BoundBrokerSvc: Loading bound service for intent: Intent { act=com.google.android.gms.common.BIND_SHARED_PREFS pkg=com.google.android.gms }
08-16 10:12:54.199  9944 10398 I HiAiRecommend: updateAction start, isFromActionTrigger:false
08-16 10:12:54.201 10033 10379 I FWK-NetworkSdk_LocalManagerProxy: PPS-Net-pool-thread-3 -->NetworkKit_GRS_GrsClient-Init_0|null|com.huawei.hms.framework.network.grs.f.b|a|211|on initLocalManager finish, check appGrs: false
08-16 10:12:54.201 10033 10379 I FWK-NetworkSdk_c: PPS-Net-pool-thread-3 -->NetworkKit_GRS_GrsClient-Init_0|null|com.huawei.hms.framework.network.grs.c$a|call|259|postList is:{*s*r*i*e*"*[*u*i*i*d*c*e*s*e*v*c*"*"*o*.*u*w*i*c*o*d*h*s*o*e*n*t*l*e*S*K*,*c*m*h*a*e*.*l*u*.*l*i*f*e*b*c*"*"*o*.*u*w*i*c*o*d*a*d*d*"*"*i*n*i*e*a*e*d*t*c*"*"*o*.*u*w*i*c*o*d*q*i*k*a*d*,*c*m*h*a*e*.*s*s*,*c*m*h*a*e*.*m*.*p*n*e*i*e*d*"*"*i*n*i*e*r*n*S*r*i*e*"*"*o*.*u*w*i*c*o*d*m*k*t*i*n*l*t*c*"*"*o*.*u*w*i*w*s*m*o*s*m*d*l*c*e*s*,*c*m*h*a*e*.*r*w*e*"*"*o*.*u*w*i*c*o*d*h*i*"*"*o*.*u*w*i*a*p*o*c*.*p*a*e*d*"*"*o*.*u*w*i*c*o*d*m*k*t*e*v*c*"*"*o*.*u*w*i*c*o*d*n*t*o*k*h*c*"*"*o*.*u*w*i*u*d*t*"*"*o*.*u*w*i*c*o*d*o*e*s*k*i*n*l*t*c*"*"*c*e*n*h*t*c*S*r*i*e*,*c*m*h*a*e*.*i*s*i*t*n*"*"*o*.*u*w*i*u*d*t*s*k*,*c*m*h*a*e*.*n*e*p*r*,*c*m*h*a*e*.*l*u*.*u*c*a*p*s*k*,*c*m*h*a*e*.*l*u*.*e*d*a*k*,*c*m*h*a*e*.*l*u*.*p*"*"*i*n*i*e*c*S*r*i*e*,*c*m*h*a*e*.*h*n*s*r*i*e*d*"*"*o*.*u*w*i*c*o*d*a*d*d*V*2*,*c*m*h*a*e*.*l*u*.*o*s*r*i*e*]*
08-16 10:12:54.202 10033 10379 I FWK-NetworkSdk_c: PPS-Net-pool-thread-3 -->NetworkKit_GRS_GrsClient-Init_0|null|com.huawei.hms.framework.network.grs.c$a|call|390|Try to clear unUsed sp data.
08-16 10:12:54.202 25853 25853 D BoundBrokerSvc: onUnbind: Intent { act=com.google.android.gms.common.BIND_SHARED_PREFS pkg=com.google.android.gms }
08-16 10:12:54.202 10033 10379 I FWK-NetworkSdk_PLSharedPreferences: PPS-Net-pool-thread-3 -->NetworkKit_GRS_GrsClient-Init_0|PLSharedPreferences.java|com.huawei.hms.framework.common.PLSharedPreferences|getAll|3|sp size 3
08-16 10:12:54.202 10033 10379 I FWK-NetworkSdk_c: PPS-Net-pool-thread-3 -->NetworkKit_GRS_GrsClient-Init_0|null|com.huawei.hms.framework.network.grs.c|a|161|init interface auto clear some invalid sp's data: app_name=browser&ser_country=CL&package_name=com.huawei.browsertime
08-16 10:12:54.203  1636  8140 I RecoverableAppKeyStore: Get 0/10120/com.google.android.gms.backup/folsom/617F11EA7D15BECAF1A7F585D6DEDFC7
08-16 10:12:54.204 10033 10377 I FWK-NetworkSdk_e: PPS-Net-pool-thread-3|null|com.huawei.hms.framework.network.grs.f.e|a|81|current route_by is serCountry and routerCountry is: CL
08-16 10:12:54.204 10033 10377 I FWK-NetworkSdk_a: PPS-Net-pool-thread-3|null|com.huawei.hms.framework.network.grs.a|a|47|GrsClientManager.getUrlsLocal: Get URL from Local JSON File
08-16 10:12:54.204  1033 10404 D keymaster_worker: Keystore getKey
08-16 10:12:54.205  1033 10404 D keymaster_worker: Keystore getKey end
08-16 10:12:54.205 10033 10377 W FWK-NetworkSdk_a: PPS-Net-pool-thread-3|null|com.huawei.hms.framework.network.grs.a|a|15|isSpExpire jsonValue from server is null.
08-16 10:12:54.205 10033 10377 I FWK-NetworkSdk_a: PPS-Net-pool-thread-3|null|com.huawei.hms.framework.network.grs.a|a|186|GrsClientManager.synGetGrsUrls: Return [com.huawei.cloud.pps] Urls: {*a*x*a*e*r*"*"*t*p*:*/*/*d*-*r*.*p*h*c*o*d*c*m*,*a*a*y*i*s*e*v*r*:*h*t*s*\*\*e*e*t*-*r*.*p*h*c*o*d*c*m*/*o*t*e*v*r*/*e*o*t*x*e*t*o*\*a*t*o*"*"*m*B*s*U*l*:*h*t*s*\*\*c*p*d*a*k*d*.*o*"*"*s*a*e*r*T*"*"*t*p*:*/*/*v*n*s*d*a*o*.*b*n*c*o*d*c*m*,*s*k*e*v*r*a*e*r*T*"*"*t*p*:*/*/*d*s*r*e*-*r*.*p*d*a*k*l*u*.*o*"*"*m*S*r*e*"*"*t*p*:*/*/*r*v*c*.*o*s*m*r*h*a*e*.*o*"*"*d*S*r*e*"*"*t*p*:*/*/*d*-*r*.*p*h*c*o*d*c*m*/*e*u*t*a*"*"*v*n*S*r*e*"*"*t*p*:*/*/*v*n*s*d*a*o*.*i*l*u*.*o*\*c*n*s*r*e*\*n*w*o*t*n*\*a*t*o*"*"*m*S*r*e*T*"*"*t*p*:*/*/*r*v*c*.*o*s*m*r*h*a*e*.*o*"*"*o*f*g*e*v*r*:*h*t*s*\*\*s*k*e*v*r*d*a*o*.*i*l*u*.*o*\*s*k*e*v*r*/*u*r*"*"*d*B*s*U*l*v*:*h*t*s*\*\*a*x*d*a*o*.*b*n*c*o*d*c*m*,*p*i*a*y*e*v*r*:*h*t*s*\*\*c*n*u*e*.*u*w*i*c*m*,*h*S*r*e*"*"*t*p*:*/*/*5*o*t*n*-*r*.*b*n*c*n*c*m*,*e*B*s*U*l*:*h*t*s*\*\*e*e*t*-*r*.*p*h*c*o*d*c*m*,*h*S*r*e*T*"*"*t*p*:*/*/*5*o*t*n*-*r*.*b*n*c*n*c*m*,*s*k*e*v*r*a*e*r*"*"*t*p*:*/*/*d*s*r*e*-*r*.*p*h*c*o*d*c*m*}
08-16 10:12:54.205 10033 10377 I HiAdSDK.ServerConfig:  url:https://adx******
08-16 10:12:54.206 10033 10377 I HiAdSDK.ServerConfig:  url:https://******/act******
08-16 10:12:54.206 10033 10377 I HiAdSDK.ServerConfig:  url:https://cmp******
08-16 10:12:54.206 10033 10377 I HiAdSDK.ServerConfig:  url:https://eve******
08-16 10:12:54.206 10033 10377 I HiAdSDK.ServerConfig:  url:https://sdk******
08-16 10:12:54.206 10033 10377 I HiAdSDK.ServerConfig:  url:https://pri******
08-16 10:12:54.206 10033 10377 I HiAdSDK.ServerConfig:  url:https://******/res******
08-16 10:12:54.206  2661  3920 I Booster_Qoe: AdaBoostPredict rlt,index:4,NisPsSlow:0,NProba:425,rsrp(rssi):-95,rsrq(noise):-9,rtt(chload):0,buffhigh(uldelay):0,buffcomm(rtt):0
08-16 10:12:54.206  2661  3920 I Booster_Qoe: AdaBoostPredict rlt,index:0,NisPsSlow:0,NProba:398,rsrp(rssi):-95,rsrq(noise):-9,rtt(chload):32,buffhigh(uldelay):0,buffcomm(rtt):0
08-16 10:12:54.206 10033 10377 I HiAdSDK.ServerConfig:  url:https://******/act******
08-16 10:12:54.206 10033 10377 I HiAdSDK.ServerConfig:  url:https://pri******
08-16 10:12:54.206 10033 10377 I HiAdSDK.ServerConfig:  url:https://******/que******
08-16 10:12:54.206 10033 10377 I HiAdSDK.ServerConfig:  url:https://adx******
08-16 10:12:54.206 10033 10377 I HiAdSDK.ServerConfig:  url:https://con******
08-16 10:12:54.206 10033 10377 I HiAdSDK.ServerConfig:  url:https://h5h******
08-16 10:12:54.206 10033 10377 I HiAdSDK.ServerConfig:  url:https://eve******
08-16 10:12:54.206 10033 10377 I HiAdSDK.ServerConfig:  url:https://h5h******
08-16 10:12:54.206 10033 10377 I HiAdSDK.ServerConfig:  url:https://sdk******
08-16 10:12:54.207  2661  3353 I Hicom_Monitor: handleNetworkQoeReport. foregroundAppTcpRtt: 0, maxRatioChannelId: 0
08-16 10:12:54.207  2661  3353 I Hicom_Monitor: handleNetworkQoeReport. qoeString: 10431,4,0,425,1,0,4,0,398,7958,19895,10,0,0,0,0,0
08-16 10:12:54.207 10200 10284 I QoeServiceManager: [WirelessKit null:58] callBackDataType12
08-16 10:12:54.209 10033 10377 I HiAdSDK.SpHandler:  save result: true
08-16 10:12:54.209 10033 10377 I HiAdSDK.DNSUtil:  init dnkeeper
08-16 10:12:54.209 10033 10377 I FWK-NetworkSdk_NetworkKit: PPS-Net-pool-thread-3|null|com.huawei.hms.network.NetworkKit|init|35|init  Version:7.0.1.300  BuildTime:2023-04-14
08-16 10:12:54.209 10033 10177 I FWK-NetworkSdk_NetworkKit: PPS-Net-pool-thread-3 -->NetworkKit_NetworkKit_0|null|com.huawei.hms.network.NetworkKit|a|13|init success
08-16 10:12:54.211  1033 10405 D keymaster_worker: Keystore begin
08-16 10:12:54.211  1033 10405 D keymaster_worker: Keystore begin hidl
08-16 10:12:54.211   576   576 I HisiKeyMaster: HisiKmBegin start
08-16 10:12:54.211   576   576 I HisiKeyMaster: Disable the enhanced crypto!
08-16 10:12:54.215   576   576 I HisiKeyMaster: out_params_buffer_len = 4096
08-16 10:12:54.215   576   576 I HisiKeyMaster: HisiKmBegin success
08-16 10:12:54.215  1033 10405 D keymaster_worker: Keystore begin hidl end
08-16 10:12:54.215  1033 10405 D keymaster_worker: Keystore begin end
08-16 10:12:54.215  1033 10406 D keymaster_worker: Keystore update
08-16 10:12:54.215  1033 10406 D keymaster_worker: Keystore update hidl
08-16 10:12:54.215   576   576 I HisiKeyMaster: HisiKmUpdate start
08-16 10:12:54.215   576   576 I HisiKeyMaster: Disable the enhanced crypto!
08-16 10:12:54.219   576   576 I HisiKeyMaster: HisiKmUpdate success
08-16 10:12:54.219  1033 10406 D keymaster_worker: Keystore update hidl end
08-16 10:12:54.219  1033 10406 D keymaster_worker: Keystore update end
08-16 10:12:54.220  1033 10407 D keymaster_worker: Keystore finish
08-16 10:12:54.220  1033 10407 D keymaster_worker: Keystore finish hidl
08-16 10:12:54.220   576   576 I HisiKeyMaster: HisiKmFinish start
08-16 10:12:54.220   576   576 I HisiKeyMaster: Disable the enhanced crypto!
08-16 10:12:54.222   576   576 I HisiKeyMaster: output data size=0
08-16 10:12:54.222   576   576 I HisiKeyMaster: HisiKmFinish success
08-16 10:12:54.222  1033 10407 D keymaster_worker: Keystore finish hidl end
08-16 10:12:54.222  1033 10407 D keymaster_worker: Keystore finish end
08-16 10:12:54.223  9944 10398 I HiAiRecommend: updateNextAction start, type:2
08-16 10:12:54.227 25853 25853 D BoundBrokerSvc: onBind: Intent { act=com.google.android.gms.common.BIND_SHARED_PREFS pkg=com.google.android.gms }
08-16 10:12:54.227 25853 25853 D BoundBrokerSvc: Loading bound service for intent: Intent { act=com.google.android.gms.common.BIND_SHARED_PREFS pkg=com.google.android.gms }
08-16 10:12:54.228 25853 25853 D BoundBrokerSvc: onUnbind: Intent { act=com.google.android.gms.common.BIND_SHARED_PREFS pkg=com.google.android.gms }
08-16 10:12:54.235  2690  3310 I AppManager: dependence has been existed:1636 -> 26474
08-16 10:12:54.245  9944 10398 I HiAiRecommend: queryForLatestStart get null
08-16 10:12:54.246  9944 10398 I CalendarProvider: CalendarAlarmManager info:cancelAlarmForHiAiRecommend start
08-16 10:12:54.246  1033 10409 D keymaster_worker: Keystore begin
08-16 10:12:54.246  9944 10398 I CalendarProvider: CalendarAlarmManager info:cancelAlarmForHiAiRecommend canceled
08-16 10:12:54.246  1033 10409 D keymaster_worker: Keystore begin hidl
08-16 10:12:54.246   576   576 I HisiKeyMaster: HisiKmBegin start
08-16 10:12:54.246   576   576 I HisiKeyMaster: Disable the enhanced crypto!
08-16 10:12:54.252   576   576 I HisiKeyMaster: out_params_buffer_len = 32
08-16 10:12:54.252   576   576 I HisiKeyMaster: HisiKmBegin success
08-16 10:12:54.252  1033 10409 D keymaster_worker: Keystore begin hidl end
08-16 10:12:54.252  1033 10409 D keymaster_worker: Keystore begin end
08-16 10:12:54.253  1033 10410 D keymaster_worker: Keystore update
08-16 10:12:54.253  1033 10410 D keymaster_worker: Keystore update hidl
08-16 10:12:54.253   576   576 I HisiKeyMaster: HisiKmUpdate start
08-16 10:12:54.253   576   576 I HisiKeyMaster: Disable the enhanced crypto!
08-16 10:12:54.254  9944 10398 I HiAiRecommend: updateForEndAction has next start
08-16 10:12:54.254  9944 10398 I CalendarProvider: CalendarAlarmManager info:scheduleAlarmForHiAiRecommend start alarmTime:1692805800000
08-16 10:12:54.256   576   576 I HisiKeyMaster: HisiKmUpdate success
08-16 10:12:54.256  1033 10410 D keymaster_worker: Keystore update hidl end
08-16 10:12:54.256  1033 10410 D keymaster_worker: Keystore update end
08-16 10:12:54.257  1033 10411 D keymaster_worker: Keystore finish
08-16 10:12:54.257  1033 10411 D keymaster_worker: Keystore finish hidl
08-16 10:12:54.257   576   576 I HisiKeyMaster: HisiKmFinish start
08-16 10:12:54.257   576   576 I HisiKeyMaster: Disable the enhanced crypto!
08-16 10:12:54.259   576   576 I HisiKeyMaster: output data size=16
08-16 10:12:54.259   576   576 I HisiKeyMaster: HisiKmFinish success
08-16 10:12:54.259  1033 10411 D keymaster_worker: Keystore finish hidl end
08-16 10:12:54.259  1033 10411 D keymaster_worker: Keystore finish end
08-16 10:12:54.282   753  2232 D AudioPolicyService: getUidState(10107) cacheIter->second.first, return cacheIter->second.second(16)
08-16 10:12:54.285   664  1311 W /system/bin/netd: A binder object at 0x7903947f40 is being transacted on, however, this object is in the same process as its proxy. Transacting with this binder is expensive compared to just calling the corresponding functionality in the same process.
08-16 10:12:54.288  8102  9580 I BugleJobs: Starts to observe table change.
08-16 10:12:54.289  1636  1636 D HwConnectivityManagerImpl: getNetworkPolicyFlag flagStr null
08-16 10:12:54.328 10222 10222 I com.huawei.agc.apms: APMS has been disabled.
08-16 10:12:54.341 10222 10222 I AGConnectProvider: AGConnectInitializeProvider#onCreate
08-16 10:12:54.342 10222 10222 I AGConnectInstance: AGConnectInstance#initialize
08-16 10:12:54.343 10222 10222 I ServiceRegistrarParser: getServices
08-16 10:12:54.349 10222 10222 I ServiceRegistrarParser: services:0
08-16 10:12:54.353 10222 10415 I com.huawei.hms.qoes: init hms qoes api successful.
08-16 10:12:54.385 26474 26474 D BoundBrokerSvc: onBind: Intent { act=com.google.android.gms.pseudonymous.service.START pkg=com.google.android.gms }
08-16 10:12:54.385 26474 26474 D BoundBrokerSvc: Loading bound service for intent: Intent { act=com.google.android.gms.pseudonymous.service.START pkg=com.google.android.gms }
08-16 10:12:54.388  2690  3310 I AppManager: dependence has been existed:8102 -> 26474
08-16 10:12:54.436  8102  8334 I Bugle   : RcsAvailabilityUtilForProvisioningEngineV2: onCsLibPhenotypeUpdated
08-16 10:12:54.441  8102  8273 I BugleRcsEngine: [43148] brry.run: SystemBindingManager: SystemBinding enabled: false
08-16 10:12:54.447  8102  8343 I BugleJobs: Icing index repair service is not scheduled. [CONTEXT class_name="IcingMonitoringUtils" ]
08-16 10:12:54.453  7774  7774 I ViewInteraction: Checking 'MatchesViewAssertion{viewMatcher=(view has effective visibility <VISIBLE> and view.getGlobalVisibleRect() to return non-empty rectangle)}' assertion on view an instance of android.widget.TextView and view.getText() with or without transformation to match: is "Faye"
08-16 10:12:54.455  8102  8273 I BugleRcsEngine: [43148] brrz.b: System Binding updated
08-16 10:12:54.456  3864  4052 I CarrierServices: [32838] gmx.b: Using MCC based URL
08-16 10:12:54.456  1636  1963 D StubTelephonyRegistry: uid:10107 pid:8102 PhoneStateListener.LISTEN_CELL_LOCATION:16 events:256
08-16 10:12:54.458  8102  9513 I BugleRcsEngine: [43177] btof.b: Using MCC based URL
08-16 10:12:54.459  3864  4052 I CarrierServices: [32838] gft.r: ProvisioningEngineManager: onCsLibPhenotypeUpdated, provisioningTaskInBugleEnabled = true, disableProvisioningInCsapk = true, currentProvisioningStrategy = gjr
08-16 10:12:54.473  7774  7774 D LifecycleMonitor: Lifecycle status change: com.example.dogglers.VerticalListActivity@6fc0761 in: PAUSED
08-16 10:12:54.473  7774  7774 V ActivityScenario: Update currentActivityStage to PAUSED, currentActivity=com.example.dogglers.VerticalListActivity@6fc0761
08-16 10:12:54.477  1636  1964 D ZrHung.AppEyeFocusWindow: FocusWindowErrorScene CheckFreezeScreen
08-16 10:12:54.477  1636  1964 D ZrHung.AppEyeTransparentWindow: TransparentWindow cancelCheckFreezeScreen
08-16 10:12:54.481  7774  7774 W ActivityThread: handleWindowVisibility: no activity for token android.os.BinderProxy@2063eab
08-16 10:12:54.482  1636  2920 D InputDispatcher: Window handle WindowManager has no registered input channel
08-16 10:12:54.484  1046  1070 D AwareLog: iawared: WorkingsetProcessCommand subCmd = 352, userId=10431, pid=7774, com.example.dogglers/.VerticalListActivity
08-16 10:12:54.485  1046  1070 D AwareLog: iawared: WorkingsetStop com.example.dogglers/.VerticalListActivity
08-16 10:12:54.486  1046  1070 D AwareLog: iawared: WorkingsetProcessCommand subCmd = 350, userId=10431, pid=7774, com.example.dogglers/androidx.test.core.app.InstrumentationActivityInvoker$EmptyActivity
08-16 10:12:54.486  3386  7816 I HiAdKit.DC.PageSwitchEvent:  switch is off
08-16 10:12:54.486  3386  7816 I HiAdKit.DC.PaymentPageSwitchEvent:  switch is off
08-16 10:12:54.486  3386  7816 I HiAdKit.DC.LiteAppPageSwitchEvent:  switch is off
08-16 10:12:54.486  1046  1070 D AwareLog: iawared: WorkingsetSendPrereadMsg com.example.dogglers/androidx.test.core.app.InstrumentationActivityInvoker$EmptyActivity
08-16 10:12:54.486  1046  1070 D AwareLog: iawared: WorkingsetStart com.example.dogglers/androidx.test.core.app.InstrumentationActivityInvoker$EmptyActivity in monitor0
08-16 10:12:54.487  7774  7774 D LifecycleMonitor: Lifecycle status change: androidx.test.core.app.InstrumentationActivityInvoker$EmptyActivity@702f908 in: PRE_ON_CREATE
08-16 10:12:54.487  2661  3071 D DollieActivityManagerAdapter: [Paused] pid:7774 uid:10431 ComponentInfo{com.example.dogglers/com.example.dogglers.VerticalListActivity} uidState:2
08-16 10:12:54.487  7774  7774 V ActivityScenario: Activity lifecycle changed event received but ignored because the intent does not match. startActivityIntent=Intent { act=android.intent.action.MAIN cat=[android.intent.category.LAUNCHER] cmp=com.example.dogglers/.VerticalListActivity }, activity.getIntent()=Intent { act=android.intent.action.MAIN cat=[android.intent.category.LAUNCHER] flg=0x10000000 cmp=com.example.dogglers/androidx.test.core.app.InstrumentationActivityInvoker$EmptyActivity }, activity=androidx.test.core.app.InstrumentationActivityInvoker$EmptyActivity@702f908
08-16 10:12:54.489   753  2232 D AudioPolicyService: getUidState(10107) cacheIter->second.first, return cacheIter->second.second(9)
08-16 10:12:54.491  7774  7774 I DecorView[]: pkgName:com.example.dogglers old windowMode:0 new windoMode:1, isFixedSize:false
08-16 10:12:54.492  7774  7774 D LifecycleMonitor: Lifecycle status change: androidx.test.core.app.InstrumentationActivityInvoker$EmptyActivity@702f908 in: CREATED
08-16 10:12:54.492  7774  7774 V ActivityScenario: Activity lifecycle changed event received but ignored because the intent does not match. startActivityIntent=Intent { act=android.intent.action.MAIN cat=[android.intent.category.LAUNCHER] cmp=com.example.dogglers/.VerticalListActivity }, activity.getIntent()=Intent { act=android.intent.action.MAIN cat=[android.intent.category.LAUNCHER] flg=0x10000000 cmp=com.example.dogglers/androidx.test.core.app.InstrumentationActivityInvoker$EmptyActivity }, activity=androidx.test.core.app.InstrumentationActivityInvoker$EmptyActivity@702f908
08-16 10:12:54.493 10033 10033 I SecurityComp10200303: ActivityProtect: handleMessage: >= 28
08-16 10:12:54.493  7774  7774 D LifecycleMonitor: Lifecycle status change: androidx.test.core.app.InstrumentationActivityInvoker$EmptyActivity@702f908 in: STARTED
08-16 10:12:54.493  7774  7774 V ActivityScenario: Activity lifecycle changed event received but ignored because the intent does not match. startActivityIntent=Intent { act=android.intent.action.MAIN cat=[android.intent.category.LAUNCHER] cmp=com.example.dogglers/.VerticalListActivity }, activity.getIntent()=Intent { act=android.intent.action.MAIN cat=[android.intent.category.LAUNCHER] flg=0x10000000 cmp=com.example.dogglers/androidx.test.core.app.InstrumentationActivityInvoker$EmptyActivity }, activity=androidx.test.core.app.InstrumentationActivityInvoker$EmptyActivity@702f908
08-16 10:12:54.494  8102  9467 D StrictMode: StrictMode policy violation: android.os.strictmode.CustomViolation: gcore.dynamite
08-16 10:12:54.494  8102  9467 D StrictMode: 	at android.os.StrictMode$AndroidBlockGuardPolicy.onCustomSlowCall(StrictMode.java:1523)
08-16 10:12:54.494  8102  9467 D StrictMode: 	at android.os.StrictMode.noteSlowCall(StrictMode.java:2471)
08-16 10:12:54.494  8102  9467 D StrictMode: 	at aeir.a(:com.google.android.gms@232617028@23.26.17 (100400-551657477):3)
08-16 10:12:54.494  8102  9467 D StrictMode: 	at com.google.android.gms.chimera.container.GmsModuleChimeraProvider.query(:com.google.android.gms@232617028@23.26.17 (100400-551657477):89)
08-16 10:12:54.494  8102  9467 D StrictMode: 	at abdx.query(:com.google.android.gms@232617028@23.26.17 (100400-551657477):3)
08-16 10:12:54.494  8102  9467 D StrictMode: 	at android.content.ContentProvider.query(ContentProvider.java:1218)
08-16 10:12:54.494  8102  9467 D StrictMode: 	at hov.superQuery(:com.google.android.gms@232617028@23.26.17 (100400-551657477):2)
08-16 10:12:54.494  8102  9467 D StrictMode: 	at com.google.android.chimera.ContentProvider.query(:com.google.android.gms@232617028@23.26.17 (100400-551657477):2)
