08-16 10:12:37.700  8057  8723 I ConnectivityManager: requestNetwork and the calling app is: com.google.android.youtube
08-16 10:12:37.700  2661  3071 D DollieActivityManagerAdapter: [UidStateChanged]  uid:10065 uidState:6
08-16 10:12:37.700  2661  3071 E DollieAdapterService: notifyActivityState pkg:com.huawei.android.launcher/com.huawei.android.launcher.unihome.UniHomeLauncher state:6 fg:false mUid:10065
08-16 10:12:37.701  7774  7774 D LifecycleMonitor: Lifecycle status change: com.example.dogglers.MainActivity@4e41a7b in: RESUMED
08-16 10:12:37.701  7774  7774 V ActivityScenario: Update currentActivityStage to RESUMED, currentActivity=com.example.dogglers.MainActivity@4e41a7b
08-16 10:12:37.701  2661  3071 I OllieMsgCenter: publishEvt=2130771969
08-16 10:12:37.702  7774  7774 D MouseWheelSynthesizer: mMoveStepInDp: 64, mMoveStepInPixel: 192, mUpTimeDelayed: 100
08-16 10:12:37.703  7774  7774 D ViewRootImpl: ViewRootImpl mIsInProductivePCDisplay: false
08-16 10:12:37.703  1636  2504 I HwPCUtils#HwRioViewManager: check if rio enable, displayId = 0， packageName = com.example.dogglers
08-16 10:12:37.703  2208  2208 D BarTransitions.HwPhoneStatusBarView: MODE_TRANSPARENT -> MODE_OPAQUE animate=false
08-16 10:12:37.703  1636  2147 D Ethernet: got request NetworkRequest [ TRACK_DEFAULT id=8185, [ Capabilities: INTERNET&NOT_RESTRICTED&TRUSTED Uid: 10104 DNN:  SSCMODE: 0 SNSSAI:  PduSessionType: 0 RouteBitmap: 0] ] with score 50 and serial 4
08-16 10:12:37.703  2208  2208 D BarTransitions.HwPhoneStatusBarView: applyModeBackground oldMode=MODE_TRANSPARENT newMode=MODE_OPAQUE animate=false
08-16 10:12:37.704  2661  3071 I OllieMsgCenter: publishEvt=2134966274
08-16 10:12:37.704  2208  2208 D BarTransitions.HwNavigationBarView: MODE_TRANSPARENT -> MODE_OPAQUE animate=false
08-16 10:12:37.704  2208  2208 D BarTransitions.HwNavigationBarView: applyModeBackground oldMode=MODE_TRANSPARENT newMode=MODE_OPAQUE animate=false
08-16 10:12:37.704  1636  2056 D WifiNetworkFactory: got request NetworkRequest [ TRACK_DEFAULT id=8185, [ Capabilities: INTERNET&NOT_RESTRICTED&TRUSTED Uid: 10104 DNN:  SSCMODE: 0 SNSSAI:  PduSessionType: 0 RouteBitmap: 0] ] with score 50 and serial 4
08-16 10:12:37.704  1636  2056 D UntrustedWifiNetworkFactory: got request NetworkRequest [ TRACK_DEFAULT id=8185, [ Capabilities: INTERNET&NOT_RESTRICTED&TRUSTED Uid: 10104 DNN:  SSCMODE: 0 SNSSAI:  PduSessionType: 0 RouteBitmap: 0] ] with score 50 and serial 4
08-16 10:12:37.705  2713  2713 D PhoneSwitcherNetworkRequstListener: got request NetworkRequest [ TRACK_DEFAULT id=8185, [ Capabilities: INTERNET&NOT_RESTRICTED&TRUSTED Uid: 10104 DNN:  SSCMODE: 0 SNSSAI:  PduSessionType: 0 RouteBitmap: 0] ] with score 50 and serial 4
08-16 10:12:37.705  2713  2713 D PhoneSwitcherNetworkRequstListener: got request NetworkRequest [ TRACK_DEFAULT id=8185, [ Capabilities: INTERNET&NOT_RESTRICTED&TRUSTED Uid: 10104 DNN:  SSCMODE: 0 SNSSAI:  PduSessionType: 0 RouteBitmap: 0] ] with score 50 and serial 4
08-16 10:12:37.706  8696  8717 D HwFrameworkSecurityPartsFactory: HwFrameworkSecurityPartsFactory in.
08-16 10:12:37.706  8696  8717 I HwFrameworkSecurityPartsFactory: add HwFrameworkSecurityPartsFactory to memory.
08-16 10:12:37.708  7774  7774 D InputEventReceiver: dispatchInputInterval 1000000
08-16 10:12:37.709  2690  3310 I ScenarioService: refresh visibleApp:[com.example.dogglers]
08-16 10:12:37.709  2690  3310 I PGServer: report state:14 event type:1 pid:-1 uid:-1 pkg:com.example.dogglers to pid: 2690
08-16 10:12:37.709  2690  3310 I ApsAppsTypeHandler: APS: APK: ApsAppsTypeHandler.getInstance, sInstance = com.huawei.android.hwaps.o@92bda0
08-16 10:12:37.709  2690  3310 I PF_API_JNI: ACCKIT_APS_NotifyInfo 3: com.example.dogglers
08-16 10:12:37.709  2690  3438 I PG_ash  : com.huawei.android.launcher become invisible
08-16 10:12:37.710   754  2646 D ACCKIT_ : pack:"com.example.dogglers"
08-16 10:12:37.710  1636  2012 W AwareLog: SchedLevelBoost: onFgActivitiesChanged config not set!
08-16 10:12:37.710  2661  5454 I Hicom_Monitor: mActivityNotifierEx, className = com.example.dogglers.MainActivity, uid = 10431
08-16 10:12:37.710  2661  3071 D DollieActivityManagerAdapter: [Resumed] bg:false pid:7774 uid:10431 ComponentInfo{com.example.dogglers/com.example.dogglers.MainActivity}
08-16 10:12:37.711  2661  3071 E DollieAdapterService: notifyActivityState pkg:com.example.dogglers/com.example.dogglers.MainActivity state:2 fg:true mUid:10431
08-16 10:12:37.710  6225  9809 I CAWARENESS_AppUsageManager: onEvent, packageName=com.example.dogglers, activityName=com.example.dogglers.MainActivity
08-16 10:12:37.711  2661  3071 I OllieMsgCenter: publishEvt=2130771985
08-16 10:12:37.711  6225  9809 I CAWARENESS_AppUsageManager: fuse currently and delay publish
08-16 10:12:37.712  3386  7833 I HiAdKit.DC.PageSwitchEvent:  switch is off
08-16 10:12:37.712  3386  7833 I HiAdKit.DC.PaymentPageSwitchEvent:  switch is off
08-16 10:12:37.713  1636 15589 D InputDispatcher: Window handle WindowManager has no registered input channel
08-16 10:12:37.714  3386  7833 I HiAdKit.DC.LiteAppPageSwitchEvent:  switch is off
08-16 10:12:37.715  2580 23377 I OPCollectLog: AppChangeImpl:call onAppChange.
08-16 10:12:37.715  2580  6962 I OPCollectLog: HwForegroundAppAction:handleMessage
08-16 10:12:37.715  2580  6962 D OPCollectLog: HwForegroundAppAction:FG executeWithArgs
08-16 10:12:37.715  2580  6962 I OPCollectLog: OPCollectUtils:ODMF Api Version:2.16.3
08-16 10:12:37.716  2580  6962 I OPCollectLog: Action:HwForegroundAppAction executed successfully
08-16 10:12:37.716  2580  6962 D OPCollectLog: OdmfCollectScheduler:handleMessage msg: 4
08-16 10:12:37.716  2580  6962 I OPCollectLog: OdmfHelper:opcollectCache 1
08-16 10:12:37.716  2580  6962 I OPCollectLog: OdmfHelper:opcollectCache curTime: 574931811, interval: 27
08-16 10:12:37.716  8057  8543 D NetworkSecurityConfig: Using Network Security Config from resource network_security_config debugBuild: false
08-16 10:12:37.717  2580  6962 I OPCollectLog: OdmfHelper:isCharging: true
08-16 10:12:37.720  7774  8769 D HiTouch_PressGestureDetector: onAttached, package=com.example.dogglers, windowType=1, mIsHiTouchRestricted=false
08-16 10:12:37.724  8696  8696 D ApplicationLoaders: createClassLoader zip: /system/framework/org.apache.http.legacy.jar librarySearchPath: /data/app/com.huawei.hidisk-N-BeAadWhfDbE6xgzV3cDQ==/lib/arm64:/data/app/com.huawei.hidisk-N-BeAadWhfDbE6xgzV3cDQ==/base.apk!/lib/arm64-v8a:/system/lib64:/hw_product/lib64:/system/product/lib64:/prets/lib64 libraryPermittedPath: /data/user/0/com.huawei.hidisk:/data/app/com.huawei.hidisk-N-BeAadWhfDbE6xgzV3cDQ==:/system/lib64:/hw_product/lib64:/system/product/lib64:/prets/lib64 parent: java.lang.BootClassLoader@c9fb617 targetSdkVersion: 29 isBundled: true classLoaderName: null sharedLibraries: null
08-16 10:12:37.725  1636  1660 D HwPhoneWindowManager: Transact:setSystemUIColor to status bar service
08-16 10:12:37.725  1636  2813 D ZrHung.AppEyeFocusWindow: FocusWindowErrorScene cancelCheckFreezeScreen
08-16 10:12:37.725  1636  2813 D ZrHung.AppEyeTransparentWindow: TransparentWindow mHungConfigStatus = 0,mHungConfigEnable = 1
08-16 10:12:37.726  8696  8696 I i.hidisk:remot: The ClassLoaderContext is a special shared library.
08-16 10:12:37.727  7774  7850 D mali_winsys: EGLint new_window_surface(egl_winsys_display *, void *, EGLSurface, EGLConfig, egl_winsys_surface **, EGLBoolean) returns 0x3000
08-16 10:12:37.729  1636 15589 D InputDispatcher: Window handle WindowManager has no registered input channel
08-16 10:12:37.733  8696  8696 D ApplicationLoaders: createClassLoader zip: /data/app/com.huawei.hidisk-N-BeAadWhfDbE6xgzV3cDQ==/base.apk librarySearchPath: /data/app/com.huawei.hidisk-N-BeAadWhfDbE6xgzV3cDQ==/lib/arm64:/data/app/com.huawei.hidisk-N-BeAadWhfDbE6xgzV3cDQ==/base.apk!/lib/arm64-v8a:/system/lib64:/hw_product/lib64:/system/product/lib64:/prets/lib64 libraryPermittedPath: /data/user/0/com.huawei.hidisk:/data/app/com.huawei.hidisk-N-BeAadWhfDbE6xgzV3cDQ==:/system/lib64:/hw_product/lib64:/system/product/lib64:/prets/lib64 parent: java.lang.BootClassLoader@c9fb617 targetSdkVersion: 29 isBundled: true classLoaderName: null sharedLibraries: [dalvik.system.PathClassLoader[DexPathList[[zip file "/system/framework/org.apache.http.legacy.jar"],nativeLibraryDirectories=[/data/app/com.huawei.hidisk-N-BeAadWhfDbE6xgzV3cDQ==/lib/arm64, /data/app/com.huawei.hidisk-N-BeAadWhfDbE6xgzV3cDQ==/base.apk!/lib/arm64-v8a, /system/lib64, /hw_product/lib64, /system/product/lib64, /prets/lib64, /system/lib64, /hw_product/lib64, /system/product/lib64, /prets/lib64]]]]
08-16 10:12:37.743  8174  8174 I Cloud[13.2.0.303]Base.BaseUtil: Application.getProcessName:com.huawei.hidisk
08-16 10:12:37.744  1636  1677 I ActivityTaskManager: Displayed com.example.dogglers/.MainActivity: +168ms
08-16 10:12:37.746  7774  7774 D DecorView: showOrHideHighlightView: hasFocus=true; winMode=1; isMrgNull=true
08-16 10:12:37.746  1636  1653 D InputDispatcher: Window handle WindowManager has no registered input channel
08-16 10:12:37.746  7774  7774 W InputMethodManager: startInputReason = 1
08-16 10:12:37.746  7774  7774 W HwRemoteInputMethodManager: isCasting false because IHwDistributedWindowManager is invalid.
08-16 10:12:37.749  2580  6962 I OPCollectLog: OdmfHelper:insert database success
08-16 10:12:37.749  2580  6962 I OPCollectLog: OdmfHelper:opcollectCache size: 1
08-16 10:12:37.749  2580  6962 I OPCollectLog: OdmfHelper:opcollectCache lastTime: 574931844
08-16 10:12:37.749  8696  8696 W i.hidisk:remot: JIT profile information will not be recorded: profile file does not exits.
08-16 10:12:37.750  8360  8360 I Cloud[13.2.0.303]Base.BaseUtil: Application.getProcessName:com.huawei.android.ds
08-16 10:12:37.752  7774  7774 I ViewInteraction: Checking 'MatchesViewAssertion{viewMatcher=(view has effective visibility <VISIBLE> and view.getGlobalVisibleRect() to return non-empty rectangle)}' assertion on view view.getId() is <2131230943/com.example.dogglers:id/horizontal_btn>
08-16 10:12:37.752  8174  8174 I Cloud[13.2.0.303]Album.CloudAlbumSettings: isEnableCPULoadReductionPlus false
08-16 10:12:37.754  8174  8525 I Cloud[13.2.0.303]Album.AlbumUtil: begin isSupportDisableAndResumeV2
08-16 10:12:37.754  2315  2315 E FullInputEventModel: onStartInput event aborted: fk.c0: could not obtain extracted text (class fk.c0)
08-16 10:12:37.755  8174  8525 E Cloud[13.2.0.303]Base.BaseUtil: isAppInstalled exception: android.content.pm.PackageManager$NameNotFoundException: com.huawei.photos
08-16 10:12:37.755  2713  2713 D VoWifiFactory: got request NetworkRequest [ TRACK_DEFAULT id=8185, [ Capabilities: INTERNET&NOT_RESTRICTED&TRUSTED Uid: 10104 DNN:  SSCMODE: 0 SNSSAI:  PduSessionType: 0 RouteBitmap: 0] ] with score 50 and serial 4
08-16 10:12:37.755  8174  8775 I Cloud[13.2.0.303]Finder.AntiTheftInf: isAntiTheftSupported  = true
08-16 10:12:37.755  8174  8776 I HwApiCacheMangerEx: apicache path=/storage/emulated/0 state=mounted key=com.huawei.hidisk#5513#256
08-16 10:12:37.756  8174  8776 I HwApiCacheMangerEx: need clear apicache,because volumes changed,oldCnt=1 newCnt=1
08-16 10:12:37.757  8174  8525 I Cloud[13.2.0.303]Album.AlbumUtil: albumFeatureSwitch obj null
08-16 10:12:37.758  8174  8525 I Cloud[13.2.0.303]Album.AlbumUtil: begin isSupportDisableAndResume
08-16 10:12:37.758  2730  3203 I HwLauncher: LocalTaskList loadTasksInBackground:3 numTasks:3 currentUserId:0
08-16 10:12:37.758  8174  8525 I Cloud[13.2.0.303]Album.AlbumUtil: currentGalleryVersion: 11.0.19.400
08-16 10:12:37.760  8174  8776 I HwApiCacheMangerEx: apicache path=/storage/emulated/0 state=mounted key=com.huawei.hidisk#5513#0
08-16 10:12:37.760  8174  8776 I HwApiCacheMangerEx: need clear apicache,because volumes changed,oldCnt=1 newCnt=1
08-16 10:12:37.760  8696  8696 I i.hidisk:remot: QarthPatchMonintor::Run
08-16 10:12:37.761  2661  5454 D HwAntiTheftService_jni: NativeRead enter!
08-16 10:12:37.761  2661  5454 D HwAntiTheftService_jni: enter NativeRead, type is 2!
08-16 10:12:37.761  8174  8776 E Cloud[13.2.0.303]Album.FileHelper: uuid is null
08-16 10:12:37.763  1636  1963 D InputDispatcher: Window handle WindowManager has no registered input channel
08-16 10:12:37.763  8174  8776 E Cloud[13.2.0.303]Album.FileHelper: uuid is null
08-16 10:12:37.764  8696  8717 I HwApiCacheMangerEx: apicache path=/storage/emulated/0 state=mounted key=com.huawei.hidisk#5513#256
08-16 10:12:37.764  8696  8717 I HwApiCacheMangerEx: need clear apicache,because volumes changed,oldCnt=0 newCnt=1
08-16 10:12:37.765  8696  8717 I HwApiCacheMangerEx: apicache path=/storage/emulated/0 state=mounted key=com.huawei.hidisk#5513#0
08-16 10:12:37.765  8696  8717 I HwApiCacheMangerEx: need clear apicache,because volumes changed,oldCnt=1 newCnt=1
08-16 10:12:37.769  8174  8525 I Cloud[13.2.0.303]Album.AlbumUtil: galleryDisableVersion: 11.0.19.400
08-16 10:12:37.769  8174  8525 I Cloud[13.2.0.303]Album.AlbumUtil: galleryDisableVersion not change, galleryDisableSupport: true
08-16 10:12:37.770  8696  8696 I Cloud[13.2.0.303]Sync.MainApplication: attachBaseContext
08-16 10:12:37.771  8174  8174 I Cloud[13.2.0.303]Album.CallbackHelper: init
08-16 10:12:37.771  1046  1070 D AwareLog: iawared: WorkingsetProcessCommand subCmd = 352, userId=10431, pid=7774, com.example.dogglers/.MainActivity
08-16 10:12:37.771  1046  1070 D AwareLog: iawared: WorkingsetStop com.example.dogglers/.MainActivity
08-16 10:12:37.772  1046  1070 D AwareLog: iawared: WorkingsetProcessCommand subCmd = 350, userId=10431, pid=7774, com.example.dogglers/androidx.test.core.app.InstrumentationActivityInvoker$EmptyActivity
08-16 10:12:37.772  1046  1070 D AwareLog: iawared: WorkingsetSendPrereadMsg com.example.dogglers/androidx.test.core.app.InstrumentationActivityInvoker$EmptyActivity
08-16 10:12:37.772  1046  1070 D AwareLog: iawared: WorkingsetStart com.example.dogglers/androidx.test.core.app.InstrumentationActivityInvoker$EmptyActivity in monitor0
08-16 10:12:37.773  7774  7774 D LifecycleMonitor: Lifecycle status change: com.example.dogglers.MainActivity@4e41a7b in: PAUSED
08-16 10:12:37.774  8174  8174 I Cloud[13.2.0.303]Base.BaseUtil: Application.getProcessName:com.huawei.hidisk
08-16 10:12:37.774  7774  7774 V ActivityScenario: Update currentActivityStage to PAUSED, currentActivity=com.example.dogglers.MainActivity@4e41a7b
08-16 10:12:37.775   741   782 D huawei_antiTheft: AntitheftManagerInit enter!
08-16 10:12:37.777  1636  2918 D StubTelephonyRegistry: uid:10104 pid:8057 PhoneStateListener.LISTEN_CELL_LOCATION:16 events:1
08-16 10:12:37.777  1636  1653 D ZrHung.AppEyeFocusWindow: FocusWindowErrorScene CheckFreezeScreen
08-16 10:12:37.777  1636  1653 D ZrHung.AppEyeTransparentWindow: TransparentWindow cancelCheckFreezeScreen
08-16 10:12:37.779  8174  8174 I Cloud[13.2.0.303]Base.BaseUtil: current device mScreenMode: -1
08-16 10:12:37.779  8174  8174 I Cloud[13.2.0.303]Sync.CloudBackupOperator: cloud backup checked change, result = true
08-16 10:12:37.779  1636  2504 D InputDispatcher: Window handle WindowManager has no registered input channel
08-16 10:12:37.780  8174  8174 I Cloud[13.2.0.303]Sync.CloudBackupManager: currentVersionCode = 130200303 lastVersionCode = 130200303, dsSpContainsValue: true
08-16 10:12:37.781  7774  7774 W ActivityThread: handleWindowVisibility: no activity for token android.os.BinderProxy@603180b
08-16 10:12:37.781  2661  3071 D DollieActivityManagerAdapter: [Paused] pid:7774 uid:10431 ComponentInfo{com.example.dogglers/com.example.dogglers.MainActivity} uidState:2
08-16 10:12:37.780  8174  8174 I Cloud[13.2.0.303]Sync.CloudBackupJobManager: stop cloud backup observer service.
08-16 10:12:37.783   741   782 D huawei_antiTheft: TEEC_InitializeContext end!
08-16 10:12:37.784  3386  7816 I HiAdKit.DC.PageSwitchEvent:  switch is off
08-16 10:12:37.784  3386  7816 I HiAdKit.DC.PaymentPageSwitchEvent:  switch is off
08-16 10:12:37.784  3386  7816 I HiAdKit.DC.LiteAppPageSwitchEvent:  switch is off
08-16 10:12:37.785  7774  7774 D LifecycleMonitor: Lifecycle status change: androidx.test.core.app.InstrumentationActivityInvoker$EmptyActivity@426c6e8 in: PRE_ON_CREATE
08-16 10:12:37.785  7774  7774 V ActivityScenario: Activity lifecycle changed event received but ignored because the intent does not match. startActivityIntent=Intent { act=android.intent.action.MAIN cat=[android.intent.category.LAUNCHER] cmp=com.example.dogglers/.MainActivity }, activity.getIntent()=Intent { act=android.intent.action.MAIN cat=[android.intent.category.LAUNCHER] flg=0x10000000 cmp=com.example.dogglers/androidx.test.core.app.InstrumentationActivityInvoker$EmptyActivity }, activity=androidx.test.core.app.InstrumentationActivityInvoker$EmptyActivity@426c6e8
08-16 10:12:37.786   741   782 D huawei_antiTheft: TEEC_OpenSession start
08-16 10:12:37.789   753  5802 D AudioPolicyService: getUidState(99581) cacheIter->second.first, return cacheIter->second.second(5)
08-16 10:12:37.791  8174  8174 I Cloud[13.2.0.303]Sync.ICBUtil: com.huawei.android.ds : true
08-16 10:12:37.792  7774  7774 I DecorView[]: pkgName:com.example.dogglers old windowMode:0 new windoMode:1, isFixedSize:false
08-16 10:12:37.791  8174  8174 I Cloud[13.2.0.303]Sync.CloudBackupDsProviderManager: notifyDsRestoreTimer main
08-16 10:12:37.793  8696  8717 I HwPartIawareFactory: add android.common.HwPartIawareFactoryImpl to memory.
08-16 10:12:37.793  2690  3310 I AppManager: dependence has been existed:8057 -> 25853
08-16 10:12:37.793  8696  8717 I AwareBitmapCacher: init processName:com.huawei.hidisk:remote pid=8696 uid=5513
08-16 10:12:37.793  7774  7774 D LifecycleMonitor: Lifecycle status change: androidx.test.core.app.InstrumentationActivityInvoker$EmptyActivity@426c6e8 in: CREATED
08-16 10:12:37.791  8174  8526 I Cloud[13.2.0.303]Sync.CloudBackupDsProviderManager: notifyDsRestoreTimer isRegister: false ,delaytime: 0
08-16 10:12:37.793  7774  7774 V ActivityScenario: Activity lifecycle changed event received but ignored because the intent does not match. startActivityIntent=Intent { act=android.intent.action.MAIN cat=[android.intent.category.LAUNCHER] cmp=com.example.dogglers/.MainActivity }, activity.getIntent()=Intent { act=android.intent.action.MAIN cat=[android.intent.category.LAUNCHER] flg=0x10000000 cmp=com.example.dogglers/androidx.test.core.app.InstrumentationActivityInvoker$EmptyActivity }, activity=androidx.test.core.app.InstrumentationActivityInvoker$EmptyActivity@426c6e8
08-16 10:12:37.794  8174  8526 I Cloud[13.2.0.303]Base.BaseUtil: provider packageName is: com.huawei.hidisk
08-16 10:12:37.794  7774  7774 D LifecycleMonitor: Lifecycle status change: androidx.test.core.app.InstrumentationActivityInvoker$EmptyActivity@426c6e8 in: STARTED
08-16 10:12:37.794  7774  7774 V ActivityScenario: Activity lifecycle changed event received but ignored because the intent does not match. startActivityIntent=Intent { act=android.intent.action.MAIN cat=[android.intent.category.LAUNCHER] cmp=com.example.dogglers/.MainActivity }, activity.getIntent()=Intent { act=android.intent.action.MAIN cat=[android.intent.category.LAUNCHER] flg=0x10000000 cmp=com.example.dogglers/androidx.test.core.app.InstrumentationActivityInvoker$EmptyActivity }, activity=androidx.test.core.app.InstrumentationActivityInvoker$EmptyActivity@426c6e8
08-16 10:12:37.796  8174  8174 I Cloud[13.2.0.303]Base.BaseUtil: current device mScreenMode: -1
08-16 10:12:37.797  7774  7774 D LifecycleMonitor: Lifecycle status change: androidx.test.core.app.InstrumentationActivityInvoker$EmptyActivity@426c6e8 in: RESUMED
08-16 10:12:37.797  7774  7774 V ActivityScenario: Activity lifecycle changed event received but ignored because the intent does not match. startActivityIntent=Intent { act=android.intent.action.MAIN cat=[android.intent.category.LAUNCHER] cmp=com.example.dogglers/.MainActivity }, activity.getIntent()=Intent { act=android.intent.action.MAIN cat=[android.intent.category.LAUNCHER] flg=0x10000000 cmp=com.example.dogglers/androidx.test.core.app.InstrumentationActivityInvoker$EmptyActivity }, activity=androidx.test.core.app.InstrumentationActivityInvoker$EmptyActivity@426c6e8
08-16 10:12:37.798  8360  8360 I Cloud[13.2.0.303]Sync.OriginCycleChecker: backup interval millis = 1692195157750, lastSuccessTime: 0, backupCycle: 7
08-16 10:12:37.798  8360  8360 I Cloud[13.2.0.303]Base.BaseUtil: Application.getProcessName:com.huawei.android.ds
08-16 10:12:37.798  8174  8663 I Cloud[13.2.0.303]Base.HiAnalyticsUtil: hiAnalyticsURL or useID is empty
08-16 10:12:37.798  8360  8360 I Cloud[13.2.0.303]Sync.CloudBackupConditionsUtil: isMainProcess is false, nextBackupTime = 86400000, lastFailedTime = 1691614649509, lastSuccessTime: 0, retryInterval: 40
08-16 10:12:37.798  7774  7774 D MouseWheelSynthesizer: mMoveStepInDp: 64, mMoveStepInPixel: 192, mUpTimeDelayed: 100
08-16 10:12:37.799  8360  8360 I Cloud[13.2.0.303]Base.BaseUtil: Application.getProcessName:com.huawei.android.ds
08-16 10:12:37.799  7774  7774 D ViewRootImpl: ViewRootImpl mIsInProductivePCDisplay: false
08-16 10:12:37.799  8360  8360 I Cloud[13.2.0.303]Sync.CloudBackupConditionsUtil: isMainProcess is false, nextBackupTime = 86400000, lastFailedTime = 1691614649509, lastSuccessTime: 0
08-16 10:12:37.799  8360  8360 I Cloud[13.2.0.303]Base.BaseUtil: Application.getProcessName:com.huawei.android.ds
08-16 10:12:37.799  8360  8360 I Cloud[13.2.0.303]Sync.CloudBackupConditionsUtil: isMainProcess is false, getTargetBackupTime, isCycleSatisfy: true, isRetryIntervalSatisfy: false, isNextBackupTimeSatisfy: true, nextBackupTime: 86400000, targetBackupTime: 1691617049509
08-16 10:12:37.799  8360  8360 I Cloud[13.2.0.303]Sync.CloudBackupConditionsUtil: target backup time = 1691617049509, advancedDelayTime: -578108290
08-16 10:12:37.799  8174  8174 I Cloud[13.2.0.303]Sync.CloudBackupJobManager: registerAllBackupScheduler isAgreeTerms: true, isChecked: true
08-16 10:12:37.799  1636 15277 I HwPCUtils#HwRioViewManager: check if rio enable, displayId = 0， packageName = com.example.dogglers
08-16 10:12:37.799  8174  8174 I Cloud[13.2.0.303]Sync.CloudBackupJobManager: begin register all backup scheduler
08-16 10:12:37.799  8360  8360 I Cloud[13.2.0.303]Sync.CloudBackupJobManager: unRegisterBackupScheduler
08-16 10:12:37.799  8174  8174 I Cloud[13.2.0.303]Sync.CloudBackupJobManager: unRegisterPowerConnectScheduler
08-16 10:12:37.801  1636  1653 D InputDispatcher: Window handle WindowManager has no registered input channel
08-16 10:12:37.803  7774  7774 D InputEventReceiver: dispatchInputInterval 1000000
08-16 10:12:37.804  8696  8696 I Cloud[13.2.0.303]Sync.MainApplication: Rom Version: 27
08-16 10:12:37.805  2661 21890 I Hicom_Monitor: mActivityNotifierEx, className = androidx.test.core.app.InstrumentationActivityInvoker$EmptyActivity, uid = 10431
08-16 10:12:37.806  2661  3071 D DollieActivityManagerAdapter: [Resumed] bg:false pid:7774 uid:10431 ComponentInfo{com.example.dogglers/androidx.test.core.app.InstrumentationActivityInvoker$EmptyActivity}
08-16 10:12:37.806  2661  3071 E DollieAdapterService: notifyActivityState pkg:com.example.dogglers/androidx.test.core.app.InstrumentationActivityInvoker$EmptyActivity state:2 fg:true mUid:10431
08-16 10:12:37.806  2661  3071 I OllieMsgCenter: publishEvt=2130771985
08-16 10:12:37.807  8174  8174 I Cloud[13.2.0.303]Sync.CloudBackupJobManager: unRegisterNotifyScheduler
08-16 10:12:37.807  8360  8360 I Cloud[13.2.0.303]Base.BaseUtil: current device mScreenMode: -1
08-16 10:12:37.808  3386  7832 I HiAdKit.DC.PageSwitchEvent:  switch is off
08-16 10:12:37.808  3386  7832 I HiAdKit.DC.PaymentPageSwitchEvent:  switch is off
08-16 10:12:37.808  3386  7832 I HiAdKit.DC.LiteAppPageSwitchEvent:  switch is off
08-16 10:12:37.808  6225  9809 I CAWARENESS_AppUsageManager: onEvent, packageName=com.example.dogglers, activityName=androidx.test.core.app.InstrumentationActivityInvoker$EmptyActivity
08-16 10:12:37.808  6225  9809 I CAWARENESS_AppUsageManager: fuse currently and delay publish
08-16 10:12:37.810  7774  8792 D HiTouch_PressGestureDetector: onAttached, package=com.example.dogglers, windowType=1, mIsHiTouchRestricted=false
08-16 10:12:37.810  8174  8640 I SecurityComp10200303: SSLFNew: createSocket
08-16 10:12:37.810  8174  8640 I SecurityComp10200303: SSLFNew: set default protocols
08-16 10:12:37.810  8174  8640 I SecurityComp10200303: SSLFNew: set default cipher
08-16 10:12:37.811  8696  8696 I LanguagePlugin_b: com.huawei.hidisk is application
08-16 10:12:37.811  8696  8696 I LanguagePlugin_d: locale:es
08-16 10:12:37.811  8696  8696 I LanguagePlugin_InstallLanguageStrategy: start languageplugin. needAync=false
08-16 10:12:37.811  8696  8696 I LanguagePlugin_InstallLanguageStrategy: start try to decode package pressed by brotli
08-16 10:12:37.812  1636  1964 D ZrHung.AppEyeFocusWindow: FocusWindowErrorScene cancelCheckFreezeScreen
08-16 10:12:37.812  1636  1964 D ZrHung.AppEyeTransparentWindow: TransparentWindow mHungConfigStatus = 0,mHungConfigEnable = 1
08-16 10:12:37.812  1636  1963 D InputDispatcher: Window handle WindowManager has no registered input channel
08-16 10:12:37.813  1636  1660 D HwPhoneWindowManager: Transact:setSystemUIColor to status bar service
08-16 10:12:37.813  1636  2012 W Process : Unable to open /proc/-1/status
08-16 10:12:37.814  7774  7850 D mali_winsys: EGLint new_window_surface(egl_winsys_display *, void *, EGLSurface, EGLConfig, egl_winsys_surface **, EGLBoolean) returns 0x3000
08-16 10:12:37.815  2730  2730 I RmeSchedManager: init Rme, version is: v1.0
08-16 10:12:37.816  8696  8696 I LanguagePlugin_k: langsFile:base-langs.br
08-16 10:12:37.816  8696  8696 I LanguagePlugin_InstallLanguageStrategy: start install language, app is com.huawei.hidisk
08-16 10:12:37.817   741   782 D huawei_antiTheft: AntitheftManagerInit succeed!
08-16 10:12:37.818  8696  8696 I LanguagePlugin_LanguageInstaller: getDeviceLanguageTags context is:com.huawei.hidisk
08-16 10:12:37.818  8696  8696 I LanguagePlugin_LanguageInstaller: isRegionCompress is false, return Language only
08-16 10:12:37.818  8696  8696 I LanguagePlugin_LanguageInstaller: getDeviceLanguageTags languageTags:es SDK version is :29
08-16 10:12:37.818  8696  8696 I LanguagePlugin_LanguageInstaller: copy language option : single-lang
08-16 10:12:37.820  8696  8696 I LanguagePlugin_k: langsFile:base-langs.br
08-16 10:12:37.820  2580 23377 I OPCollectLog: AppChangeImpl:call onAppChange.
08-16 10:12:37.820  2580  6962 I OPCollectLog: HwForegroundAppAction:handleMessage
08-16 10:12:37.820  2580  6962 D OPCollectLog: HwForegroundAppAction:FG executeWithArgs
08-16 10:12:37.820  2580  6962 I OPCollectLog: OPCollectUtils:ODMF Api Version:2.16.3
08-16 10:12:37.820  2580  6962 I OPCollectLog: Action:HwForegroundAppAction executed successfully
08-16 10:12:37.820  2580  6962 D OPCollectLog: OdmfCollectScheduler:handleMessage msg: 4
08-16 10:12:37.820  8696  8696 I LanguagePlugin_LanguageInstaller: copyLanguageFromZip copy base-es .lpk
08-16 10:12:37.820  2580  6962 I OPCollectLog: OdmfHelper:opcollectCache 1
08-16 10:12:37.820  2580  6962 I OPCollectLog: OdmfHelper:opcollectCache curTime: 574931915, interval: 71
08-16 10:12:37.821  8696  8696 I LanguagePlugin_LanguageInstaller: base-es is installed
08-16 10:12:37.821  8696  8696 I LanguagePlugin_h: Set to preferred locale: es_CL
08-16 10:12:37.821  2580  6962 I OPCollectLog: OdmfHelper:isCharging: true
08-16 10:12:37.822  2580  6962 I OPCollectLog: OdmfHelper:insert database success
08-16 10:12:37.822  2580  6962 I OPCollectLog: OdmfHelper:opcollectCache size: 1
08-16 10:12:37.822  2580  6962 I OPCollectLog: OdmfHelper:opcollectCache lastTime: 574931917
08-16 10:12:37.823  8057  8733 D ApplicationLoaders: createClassLoader zip: /system/framework/com.android.media.remotedisplay.jar librarySearchPath: /data/app/com.google.android.gms-MDjz9f5QcIBRT9cQyafjgw==/lib/arm64:/data/app/com.google.android.gms-MDjz9f5QcIBRT9cQyafjgw==/base.apk!/lib/arm64-v8a:/data/app/com.google.android.gms-MDjz9f5QcIBRT9cQyafjgw==/split_config.es.apk!/lib/arm64-v8a:/data/app/com.google.android.gms-MDjz9f5QcIBRT9cQyafjgw==/split_config.xxhdpi.apk!/lib/arm64-v8a libraryPermittedPath: /data/user/0/com.google.android.gms parent: java.lang.BootClassLoader@c9fb617 targetSdkVersion: 33 isBundled: false classLoaderName: null sharedLibraries: null
08-16 10:12:37.823  8360  8622 I Cloud[13.2.0.303]Base.ContentValues: in N, migrate ok
08-16 10:12:37.824  8174  8174 I Cloud[13.2.0.303]Sync.CloudBackupJobManager: registerPowerConnectScheduler
08-16 10:12:37.825  8360  8360 I Cloud[13.2.0.303]Base.BaseUtil: Application.getProcessName:com.huawei.android.ds
08-16 10:12:37.825  8360  8360 I Cloud[13.2.0.303]Sync.CloudBackupConditionsUtil: getUserBackUpFrequency mainProcess: false , checkType: 0
08-16 10:12:37.825  8360  8360 I Cloud[13.2.0.303]Sync.CloudBackupJobManager: registerBackupScheduler delay time: 0, isAgreeTerms: true, satisfyCount: 0, disSatisfyCount: 0, cloudBackupFrequencyOnDeviceIdleType: 0
08-16 10:12:37.826  7774  7774 D DecorView: showOrHideHighlightView: hasFocus=false; winMode=1; isMrgNull=true
08-16 10:12:37.826  8174  8174 I Cloud[13.2.0.303]Base.BaseUtil: current device mScreenMode: -1
08-16 10:12:37.826  8057  8733 I android.youtub: The ClassLoaderContext is a special shared library.
08-16 10:12:37.826  8174  8174 I Cloud[13.2.0.303]Base.BaseUtil: Application.getProcessName:com.huawei.hidisk
08-16 10:12:37.828  7774  7774 D DecorView: showOrHideHighlightView: hasFocus=true; winMode=1; isMrgNull=true
08-16 10:12:37.829  7774  7774 W InputMethodManager: startInputReason = 1
08-16 10:12:37.829  7774  7774 W HwRemoteInputMethodManager: isCasting false because IHwDistributedWindowManager is invalid.
08-16 10:12:37.829  1636  2918 D InputDispatcher: Window handle WindowManager has no registered input channel
08-16 10:12:37.832  8174  8174 I Cloud[13.2.0.303]Sync.CloudBackupConditionsUtil: getOMBatteryCharge mainProcess: true ,batteryCharge: 70
08-16 10:12:37.833  8174  8174 I Cloud[13.2.0.303]Sync.CloudBackupConditionsUtil: isConfigureBatteryChanger result: true
08-16 10:12:37.834  8174  8174 I Cloud[13.2.0.303]Sync.CloudBackupConditionsUtil: battery status charging: true, status: 2, chargePlug: 2
08-16 10:12:37.834  8057  8733 D ApplicationLoaders: createClassLoader zip: /system/framework/com.android.location.provider.jar librarySearchPath: /data/app/com.google.android.gms-MDjz9f5QcIBRT9cQyafjgw==/lib/arm64:/data/app/com.google.android.gms-MDjz9f5QcIBRT9cQyafjgw==/base.apk!/lib/arm64-v8a:/data/app/com.google.android.gms-MDjz9f5QcIBRT9cQyafjgw==/split_config.es.apk!/lib/arm64-v8a:/data/app/com.google.android.gms-MDjz9f5QcIBRT9cQyafjgw==/split_config.xxhdpi.apk!/lib/arm64-v8a libraryPermittedPath: /data/user/0/com.google.android.gms parent: java.lang.BootClassLoader@c9fb617 targetSdkVersion: 33 isBundled: false classLoaderName: null sharedLibraries: null
08-16 10:12:37.834  8174  8174 I Cloud[13.2.0.303]Sync.CloudBackupJobManager: begin register power connect job scheduler, delayTime:0
08-16 10:12:37.834  8174  8174 I Cloud[13.2.0.303]Base.BaseUtil: Application.getProcessName:com.huawei.hidisk
08-16 10:12:37.835  8174  8174 I Cloud[13.2.0.303]Sync.CloudBackupConditionsUtil: getUserBackUpFrequency mainProcess: true , frequency: 7
08-16 10:12:37.835  8696  8696 D ApplicationLoaders: createClassLoader zip: /data/app/com.google.android.trichromelibrary_579016631-DGR1Vv-rUTeG8v9QLtDtnQ==/base.apk librarySearchPath: /data/app/com.google.android.webview-in5BznCMmGLzA31S1kjVNQ==/lib/arm64:/data/app/com.google.android.webview-in5BznCMmGLzA31S1kjVNQ==/base.apk!/lib/arm64-v8a:/data/app/com.google.android.webview-in5BznCMmGLzA31S1kjVNQ==/split_config.es.apk!/lib/arm64-v8a:/data/app/com.google.android.trichromelibrary_579016631-DGR1Vv-rUTeG8v9QLtDtnQ==/base.apk!/lib/arm64-v8a libraryPermittedPath:  parent: java.lang.BootClassLoader@c9fb617 targetSdkVersion: 34 isBundled: false classLoaderName: null sharedLibraries: null
08-16 10:12:37.837  8174  8174 I Cloud[13.2.0.303]Sync.CloudBackupJobManager: isCloudBackupFrequencyOnDeviceIdle frequency = 7, enableCloudBackupFrequencyOnDeviceIdle = false, cloudBackupFrequencyOnDeviceIdle = 0
08-16 10:12:37.837  8174  8174 I Cloud[13.2.0.303]Base.BaseUtil: Application.getProcessName:com.huawei.hidisk
08-16 10:12:37.837  8174  8174 I Cloud[13.2.0.303]Sync.CloudBackupConditionsUtil: getUserBackUpFrequency mainProcess: true , checkType: 0
08-16 10:12:37.839  8174  8174 I Cloud[13.2.0.303]Sync.CloudBackupJobManager: registerNotifyScheduler isDelay: false
08-16 10:12:37.840  8174  8574 I Cloud[13.2.0.303]Sync.CloudBackupNotifyJobTask: doNotifyCheck isOpen: true
08-16 10:12:37.840  8696  8696 D ApplicationLoaders: createClassLoader zip: /data/app/com.google.android.webview-in5BznCMmGLzA31S1kjVNQ==/base.apk librarySearchPath: /data/app/com.google.android.webview-in5BznCMmGLzA31S1kjVNQ==/lib/arm64:/data/app/com.google.android.webview-in5BznCMmGLzA31S1kjVNQ==/base.apk!/lib/arm64-v8a:/data/app/com.google.android.webview-in5BznCMmGLzA31S1kjVNQ==/split_config.es.apk!/lib/arm64-v8a:/data/app/com.google.android.trichromelibrary_579016631-DGR1Vv-rUTeG8v9QLtDtnQ==/base.apk!/lib/arm64-v8a libraryPermittedPath:  parent: java.lang.BootClassLoader@c9fb617 targetSdkVersion: 34 isBundled: false classLoaderName: null sharedLibraries: [dalvik.system.PathClassLoader[DexPathList[[zip file "/data/app/com.google.android.trichromelibrary_579016631-DGR1Vv-rUTeG8v9QLtDtnQ==/base.apk"],nativeLibraryDirectories=[/data/app/com.google.android.webview-in5BznCMmGLzA31S1kjVNQ==/lib/arm64, /data/app/com.google.android.webview-in5BznCMmGLzA31S1kjVNQ==/base.apk!/lib/arm64-v8a, /data/app/com.google.android.webview-in5BznCMmGLzA31S1kjVNQ==/split_config.es.apk!/lib/arm64-v8a, /data/app/com.google.android.trichromelibrary_579016631-DGR1Vv-rUTeG8v9QLtDtnQ==/base.apk!/lib/arm64-v8a, /system/lib64, /hw_product/lib64, /system/product/lib64, /prets/lib64]]]]
08-16 10:12:37.841  8174  8174 I Cloud[13.2.0.303]Sync.CBAccess: restore task not exist.
08-16 10:12:37.842  8174  8174 I Cloud[13.2.0.303]Sync.CloudBackupJobManager: registerTimeWindowScheduler isAgreeTerms: true, isChecked: true
08-16 10:12:37.844  8174  8663 I Cloud[13.2.0.303]Base.HiAnalyticsUtil: hiAnalyticsURL or useID is empty
08-16 10:12:37.845  1636  1964 D InputDispatcher: Window handle WindowManager has no registered input channel
08-16 10:12:37.848   757  1624 W BufferQueueProducer: [com.example.dogglers/com.example.dogglers.MainActivity#0]:1390: disconnect: not connected (req=1)
08-16 10:12:37.848  7774  7850 W libEGL  : EGLNativeWindowType 0x76e4c263d0 disconnect failed
08-16 10:12:37.849  8083  8341 I StubController: system app validUid:10028, isFriend:true
08-16 10:12:37.850   741   775 E libteec_vendor: invoke cmd failed(14), code=0xffff5002, origin=4
08-16 10:12:37.850   741   775 E libteec_vendor: InvokeCommand failed
08-16 10:12:37.850   741   775 E huawei_antiTheft: invoke failed, code=0xffff5002, origin=0x4 in AntitheftGetFileSize!
08-16 10:12:37.851  8696  8696 I WebViewFactory: Loading com.google.android.webview version 115.0.5790.166 (code 579016631)
08-16 10:12:37.851  2661  5454 E HwAntiTheftService_jni: NativeRead getFileSize fail!
08-16 10:12:37.852   741   775 D huawei_antiTheft: AntitheftManagerUninit succeed!
08-16 10:12:37.852  8174  8775 I Cloud[13.2.0.303]Finder.SharedPreferenceUtil: getPhoneFinderSwitch
08-16 10:12:37.852  8174  8775 I Cloud[13.2.0.303]Finder.AntiTheftInf: AntiTheftManagerEx getEnable = false from Anti
08-16 10:12:37.852  8174  8775 I Cloud[13.2.0.303]Finder.SharedPreferenceUtil: writePhoneFinderSwitch:false
08-16 10:12:37.853  8174  8174 W Cloud[13.2.0.303]Sync.CloudBackupConfigOperator: getBackupTimeWindowConfig, timeWindowBean is null.
08-16 10:12:37.853  8174  8574 I Cloud[13.2.0.303]Notify.UserSpaceUtil: getUserTagUseCache, userTags is UserTag{}
08-16 10:12:37.854  8057  8733 I android.youtub: The ClassLoaderContext is a special shared library.
08-16 10:12:37.857  8057  8733 D ApplicationLoaders: createClassLoader zip: /data/app/com.google.android.gms-MDjz9f5QcIBRT9cQyafjgw==/base.apk:/data/app/com.google.android.gms-MDjz9f5QcIBRT9cQyafjgw==/split_config.es.apk:/data/app/com.google.android.gms-MDjz9f5QcIBRT9cQyafjgw==/split_config.xxhdpi.apk librarySearchPath: /data/app/com.google.android.gms-MDjz9f5QcIBRT9cQyafjgw==/lib/arm64:/data/app/com.google.android.gms-MDjz9f5QcIBRT9cQyafjgw==/base.apk!/lib/arm64-v8a:/data/app/com.google.android.gms-MDjz9f5QcIBRT9cQyafjgw==/split_config.es.apk!/lib/arm64-v8a:/data/app/com.google.android.gms-MDjz9f5QcIBRT9cQyafjgw==/split_config.xxhdpi.apk!/lib/arm64-v8a libraryPermittedPath: /data/user/0/com.google.android.gms parent: java.lang.BootClassLoader@c9fb617 targetSdkVersion: 33 isBundled: false classLoaderName: null sharedLibraries: [dalvik.system.PathClassLoader[DexPathList[[zip file "/system/framework/org.apache.http.legacy.jar"],nativeLibraryDirectories=[/data/app/com.google.android.youtube-mDYAXU6dnLDlQIEz-XngYQ==/lib/arm64, /data/app/com.google.android.youtube-mDYAXU6dnLDlQIEz-XngYQ==/base.apk!/lib/arm64-v8a, /data/app/com.google.android.youtube-mDYAXU6dnLDlQIEz-XngYQ==/split_config.arm64_v8a.apk!/lib/arm64-v8a, /data/app/com.google.android.youtube-mDYAXU6dnLDlQIEz-XngYQ==/split_config.es.apk!/lib/arm64-v8a, /data/app/com.google.android.youtube-mDYAXU6dnLDlQIEz-XngYQ==/split_config.xxhdpi.apk!/lib/arm64-v8a, /system/lib64, /hw_product/lib64, /system/product/lib64, /prets/lib64]]], dalvik.system.PathClassLoader[DexPathList[[zip file "/system/framework/com.android.media.remotedisplay.jar"],nativeLibraryDirectories=[/data/app/com.google.android.gms-MDjz9f5QcIBRT9cQyafjgw==/lib/arm64, /data/app/com.google.android.gms-MDjz9f5QcIBRT9cQyafjgw==/base.apk!/lib/arm64-v8a, /data/app/com.google.android.gms-MDjz9f5QcIBRT9cQyafjgw==/split_config.es.apk!/lib/arm64-v8a, /data/app/com.google.android.gms-MDjz9f5QcIBRT9cQyafjgw==/split_config.xxhdpi.apk!/lib/arm64-v8a, /system/lib64, /hw_product/lib64, /system/product/lib64, /prets/lib64]]], dalvik.system.PathClassLoader[DexPathList[[zip file "/system/framework/com.android.location.provider.jar"],nativeLibraryDirectories=[/data/app/com.google.android.gms-MDjz9f5QcIBRT9cQyafjgw==/lib/arm64, /data/app/com.google.android.gms-MDjz9f5QcIBRT9cQyafjgw==/base.apk!/lib/arm64-v8a, /data/app/com.google.android.gms-MDjz9f5QcIBRT9cQyafjgw==/split_config.es.apk!/lib/arm64-v8a, /data/app/com.google.android.gms-MDjz9f5QcIBRT9cQyafjgw==/split_config.xxhdpi.apk!/lib/arm64-v8a, /system/lib64, /hw_product/lib64, /system/product/lib64, /prets/lib64]]]]
08-16 10:12:37.859  8696  8696 W linker  : Warning: "/data/app/com.google.android.webview-in5BznCMmGLzA31S1kjVNQ==/base.apk!/lib/arm64-v8a/libmonochrome.so" unused DT entry: unknown processor-specific (type 0x70000001 arg 0x0) (ignoring)
08-16 10:12:37.862  1636  1653 D InputDispatcher: Window handle WindowManager has no registered input channel
08-16 10:12:37.865  8360  8622 I Cloud[13.2.0.303]Sync.CloudSpaceProxyImp: isDsStartMainFrequencySatisfied:true,actionTimeRecords:[ActionTimeRecord{actionType=1,timeStamp=1691996176781}, ActionTimeRecord{actionType=1,timeStamp=1692044894052}, ActionTimeRecord{actionType=1,timeStamp=1692088695997}, ActionTimeRecord{actionType=1,timeStamp=1692128575458}, ActionTimeRecord{actionType=1,timeStamp=1692165193745}],count:0,dsStartMainProcessPolicy:DsStartMainProcessPolicy{periodInterval=8, times=1}
08-16 10:12:37.866  8174  8574 I Cloud[13.2.0.303]Notify.BaseNotificationConfig: getConfigFromFile
08-16 10:12:37.867  8360  8622 I Cloud[13.2.0.303]Base.ContentValues: in N, migrate ok
08-16 10:12:37.871  7774  7774 D LifecycleMonitor: Lifecycle status change: androidx.test.core.app.InstrumentationActivityInvoker$EmptyActivity@426c6e8 in: PAUSED
08-16 10:12:37.871  7774  7774 V ActivityScenario: Activity lifecycle changed event received but ignored because the intent does not match. startActivityIntent=Intent { act=android.intent.action.MAIN cat=[android.intent.category.LAUNCHER] cmp=com.example.dogglers/.MainActivity }, activity.getIntent()=Intent { act=android.intent.action.MAIN cat=[android.intent.category.LAUNCHER] flg=0x10000000 cmp=com.example.dogglers/androidx.test.core.app.InstrumentationActivityInvoker$EmptyActivity }, activity=androidx.test.core.app.InstrumentationActivityInvoker$EmptyActivity@426c6e8
08-16 10:12:37.871  8174  8574 I Cloud[13.2.0.303]Base.BaseUtil: read local config str success
08-16 10:12:37.874   664 24580 I netd    : trafficSwapActiveStatsMap() <33.88ms>
08-16 10:12:37.876  8696  8696 I cr_WVCFactoryProvider: Loaded version=115.0.5790.166 minSdkVersion=29 isBundle=true multiprocess=true packageId=3
08-16 10:12:37.878  1636 15589 D InputDispatcher: Window handle WindowManager has no registered input channel
08-16 10:12:37.880  1636  1963 D ZrHung.AppEyeFocusWindow: FocusWindowErrorScene CheckFreezeScreen
08-16 10:12:37.880  1636  1963 D ZrHung.AppEyeTransparentWindow: TransparentWindow cancelCheckFreezeScreen
08-16 10:12:37.884  1046  1070 D AwareLog: iawared: WorkingsetProcessCommand subCmd = 352, userId=10431, pid=7774, com.example.dogglers/androidx.test.core.app.InstrumentationActivityInvoker$EmptyActivity
08-16 10:12:37.885  1046  1070 D AwareLog: iawared: WorkingsetStop com.example.dogglers/androidx.test.core.app.InstrumentationActivityInvoker$EmptyActivity
08-16 10:12:37.885  7774  7774 D LifecycleMonitor: Lifecycle status change: androidx.test.core.app.InstrumentationActivityInvoker$BootstrapActivity@ec87180 in: STOPPED
08-16 10:12:37.885  7774  7774 V ActivityScenario: Activity lifecycle changed event received but ignored because the intent does not match. startActivityIntent=Intent { act=android.intent.action.MAIN cat=[android.intent.category.LAUNCHER] cmp=com.example.dogglers/.MainActivity }, activity.getIntent()=Intent { act=android.intent.action.MAIN cat=[android.intent.category.LAUNCHER] flg=0x10008000 cmp=com.example.dogglers/androidx.test.core.app.InstrumentationActivityInvoker$BootstrapActivity (has extras) }, activity=androidx.test.core.app.InstrumentationActivityInvoker$BootstrapActivity@ec87180
08-16 10:12:37.887  8360  8622 I Cloud[13.2.0.303]Notify.NotificationV2Util: noticeBeforeBackupTask notifyTime in sp is after current time,notifyTime is:1692219338579
08-16 10:12:37.888  1046  1070 D AwareLog: iawared: WorkingsetProcessCommand subCmd = 350, userId=10431, pid=7774, com.example.dogglers/androidx.test.core.app.InstrumentationActivityInvoker$EmptyActivity
08-16 10:12:37.888  2661  3071 D DollieActivityManagerAdapter: [Paused] pid:7774 uid:10431 ComponentInfo{com.example.dogglers/androidx.test.core.app.InstrumentationActivityInvoker$EmptyActivity} uidState:2
08-16 10:12:37.888  1046  1070 D AwareLog: iawared: WorkingsetSendPrereadMsg com.example.dogglers/androidx.test.core.app.InstrumentationActivityInvoker$EmptyActivity
08-16 10:12:37.888  1046  1070 D AwareLog: iawared: WorkingsetStart com.example.dogglers/androidx.test.core.app.InstrumentationActivityInvoker$EmptyActivity in monitor0
08-16 10:12:37.888  3386  7833 I HiAdKit.DC.PageSwitchEvent:  switch is off
08-16 10:12:37.888  3386  7833 I HiAdKit.DC.PaymentPageSwitchEvent:  switch is off
08-16 10:12:37.888  3386  7833 I HiAdKit.DC.LiteAppPageSwitchEvent:  switch is off
08-16 10:12:37.891  7774  7774 D LifecycleMonitor: Lifecycle status change: androidx.test.core.app.InstrumentationActivityInvoker$BootstrapActivity@ec87180 in: DESTROYED
08-16 10:12:37.892  7774  7774 V ActivityScenario: Activity lifecycle changed event received but ignored because the intent does not match. startActivityIntent=Intent { act=android.intent.action.MAIN cat=[android.intent.category.LAUNCHER] cmp=com.example.dogglers/.MainActivity }, activity.getIntent()=Intent { act=android.intent.action.MAIN cat=[android.intent.category.LAUNCHER] flg=0x10008000 cmp=com.example.dogglers/androidx.test.core.app.InstrumentationActivityInvoker$BootstrapActivity (has extras) }, activity=androidx.test.core.app.InstrumentationActivityInvoker$BootstrapActivity@ec87180
08-16 10:12:37.892  8360  8360 I Cloud[13.2.0.303]Sync.PowerConnectJobService: PowerConnectJobService onStopJob
08-16 10:12:37.892  7774  7774 W ActivityThread: handleWindowVisibility: no activity for token android.os.BinderProxy@6f76edf
08-16 10:12:37.892  8174  8775 I Cloud[13.2.0.303]Finder.AntiTheftInf: isAntiTheftSupported  = true
08-16 10:12:37.892  8174  8775 I Cloud[13.2.0.303]Finder.AntiTheftInf: AntiTheftManagerEx getEnable = false from cache
08-16 10:12:37.892  8174  8775 I Cloud[13.2.0.303]Finder.PhoneFinderManager: initAccountCheckTaKey
08-16 10:12:37.892  8174  8775 I Cloud[13.2.0.303]Finder.AntiTheftInf: AntiTheftManagerEx getEnable = false from cache
08-16 10:12:37.892  8174  8775 I Cloud[13.2.0.303]Finder.PhoneFinderManager: phoneFinderSwitch: false
08-16 10:12:37.892  8174  8775 I Cloud[13.2.0.303]Finder.SharedPreferenceUtil: getPhoneFinderSwitch
08-16 10:12:37.893  8174  8775 I Cloud[13.2.0.303]Finder.AntiTheftInf: AntiTheftManagerEx getEnable = false from cache
08-16 10:12:37.892  2315  2315 E FullInputEventModel: onStartInput event aborted: fk.c0: could not obtain extracted text (class fk.c0)
08-16 10:12:37.893  8174  8174 W Cloud[13.2.0.303]Sync.CloudBackupJobManager: isNewPeriod. timeWindowCollectSwitch is close.
08-16 10:12:37.896  1636  1964 D InputDispatcher: Window handle WindowManager has no registered input channel
08-16 10:12:37.896  8174  8174 I Cloud[13.2.0.303]Sync.CloudBackupManager: transferBackupSettingsRecord , isTransfer = true , return
08-16 10:12:37.898  8102  8327 I Bugle   : Initializing EmojiCompat
08-16 10:12:37.899  8174  8775 I Cloud[13.2.0.303]Finder.AntiTheftInf: AntiTheftManagerEx getEnable = false from cache
08-16 10:12:37.899  7774  7774 D LifecycleMonitor: Lifecycle status change: androidx.test.core.app.InstrumentationActivityInvoker$EmptyActivity@a9c572c in: PRE_ON_CREATE
08-16 10:12:37.899  7774  7774 V ActivityScenario: Activity lifecycle changed event received but ignored because the intent does not match. startActivityIntent=Intent { act=android.intent.action.MAIN cat=[android.intent.category.LAUNCHER] cmp=com.example.dogglers/.MainActivity }, activity.getIntent()=Intent { act=android.intent.action.MAIN cat=[android.intent.category.LAUNCHER] flg=0x10000000 cmp=com.example.dogglers/androidx.test.core.app.InstrumentationActivityInvoker$EmptyActivity }, activity=androidx.test.core.app.InstrumentationActivityInvoker$EmptyActivity@a9c572c
08-16 10:12:37.900  8174  8174 I Cloud[13.2.0.303]Sync.OMConfigureUtil: isMatchTwinAppControl twinAppControl is empty
08-16 10:12:37.900  8174  8174 I Cloud[13.2.0.303]Sync.OMConfigureUtil: initMatchV1OSVersRegex  initAppTwinStatus false
08-16 10:12:37.901  8174  8775 I Cloud[13.2.0.303]Finder.AntiTheftInf: AntiTheftManagerEx getEnable = false from cache
08-16 10:12:37.902  8174  8775 I Cloud[13.2.0.303]Finder.AntiTheftInf: AntiTheftManagerEx getEnable = false from cache
08-16 10:12:37.902  8174  8804 I Cloud[13.2.0.303]Sync.CloudBackupOperator: onDatabaseUpgradeForParse  upgrade: true
08-16 10:12:37.904  8174  8775 I Cloud[13.2.0.303]Finder.AntiTheftInf: AntiTheftManagerEx getEnable = false from cache
08-16 10:12:37.904  8174  8775 I chatty  : uid=5513(vendor_cloudservice) pool-7-thread-2 identical 2 lines
08-16 10:12:37.904  8174  8775 I Cloud[13.2.0.303]Finder.AntiTheftInf: AntiTheftManagerEx getEnable = false from cache
08-16 10:12:37.905  8174  8174 I Cloud[13.2.0.303]Sync.ICBBroadcastManager: registerBroadcastReceiver
08-16 10:12:37.905  8174  8174 I Cloud[13.2.0.303]Sync.CloudBackupManager: isPrivacyUser or Rom is not China region, disable BackupMainforSettingActivity
08-16 10:12:37.906  8174  8775 I Cloud[13.2.0.303]Finder.PhoneFinderManager: not harmony os three
08-16 10:12:37.906   664 24580 I netd    : trafficSwapActiveStatsMap() <21.65ms>
08-16 10:12:37.909  7774  7774 I DecorView[]: pkgName:com.example.dogglers old windowMode:0 new windoMode:1, isFixedSize:false
08-16 10:12:37.910  7774  7774 D LifecycleMonitor: Lifecycle status change: androidx.test.core.app.InstrumentationActivityInvoker$EmptyActivity@a9c572c in: CREATED
08-16 10:12:37.910  7774  7774 V ActivityScenario: Activity lifecycle changed event received but ignored because the intent does not match. startActivityIntent=Intent { act=android.intent.action.MAIN cat=[android.intent.category.LAUNCHER] cmp=com.example.dogglers/.MainActivity }, activity.getIntent()=Intent { act=android.intent.action.MAIN cat=[android.intent.category.LAUNCHER] flg=0x10000000 cmp=com.example.dogglers/androidx.test.core.app.InstrumentationActivityInvoker$EmptyActivity }, activity=androidx.test.core.app.InstrumentationActivityInvoker$EmptyActivity@a9c572c
08-16 10:12:37.912  1636  1653 D InputDispatcher: Window handle WindowManager has no registered input channel
08-16 10:12:37.914  7774  7774 D LifecycleMonitor: Lifecycle status change: androidx.test.core.app.InstrumentationActivityInvoker$EmptyActivity@a9c572c in: STARTED
08-16 10:12:37.914  8696  8696 I cr_LibraryLoader: Successfully loaded native library
08-16 10:12:37.914  7774  7774 V ActivityScenario: Activity lifecycle changed event received but ignored because the intent does not match. startActivityIntent=Intent { act=android.intent.action.MAIN cat=[android.intent.category.LAUNCHER] cmp=com.example.dogglers/.MainActivity }, activity.getIntent()=Intent { act=android.intent.action.MAIN cat=[android.intent.category.LAUNCHER] flg=0x10000000 cmp=com.example.dogglers/androidx.test.core.app.InstrumentationActivityInvoker$EmptyActivity }, activity=androidx.test.core.app.InstrumentationActivityInvoker$EmptyActivity@a9c572c
08-16 10:12:37.915  8696  8696 I cr_CachingUmaRecorder: Flushed 6 samples from 6 histograms, 0 samples were dropped.
08-16 10:12:37.916  7774  7774 D LifecycleMonitor: Lifecycle status change: androidx.test.core.app.InstrumentationActivityInvoker$EmptyActivity@a9c572c in: RESUMED
