08-16 10:12:46.855  1636  2034 V InputDispatcher: Asynchronous input event injection succeeded.
08-16 10:12:46.856 16029 16216 I Finsky  : [42823] yiv.accept(391): SCH: Scheduling phonesky job Id: 1-1337, CT: 1692164499873, Constraints: [{ L: 43189002, D: 86389002, C: 1, I: 1, N: 1 }]
08-16 10:12:46.856   664 24580 I netd    : trafficSwapActiveStatsMap() <14.55ms>
08-16 10:12:46.856 16029 16216 I Finsky  : [42823] yiv.accept(391): SCH: Scheduling phonesky job Id: 34-4774, CT: 1692164505765, Constraints: [{ L: 72884761, D: 1368884761, C: 1, I: 1, N: 1 }]
08-16 10:12:46.865  8174  8678 I Cloud[13.2.0.303]Sync.CloudBackupAppDataUtil: initAppFileInfo
08-16 10:12:46.866  8174  8678 I Cloud[13.2.0.303]Sync.CloudBackupAppDataUtil: match appInfo by emui
08-16 10:12:46.867  8174  8678 I Cloud[13.2.0.303]Sync.CloudBackupAppDataUtil: initDefaultFileInfoList
08-16 10:12:46.867  8174  8678 I Cloud[13.2.0.303]Sync.CloudBackupAppDataUtil: end init appDataUtil
08-16 10:12:46.867  1636  1963 D InputDispatcher: Window handle WindowManager has no registered input channel
08-16 10:12:46.867  8174  8678 I Cloud[13.2.0.303]Sync.CloudBackupAppDataUtil: appId: cl.bancochile.mipass, isAppDataAble: false
08-16 10:12:46.870  1636  2034 V InputDispatcher: Asynchronous input event injection succeeded.
08-16 10:12:46.872  8174  8678 I Cloud[13.2.0.303]Sync.GetOptionsInfoFromCloneTask: appId: cl.bancochile.mipass match om config, backup app data.
08-16 10:12:46.874  8174  8678 I Cloud[13.2.0.303]Sync.GetOptionsInfoFromCloneTask: getThirdAppOptionsInfo{"appId":"cl.bancochile.mipass","appName":"Mi Pass","appType":0,"backupData":true,"backupSwitch":false,"codeBytes":0,"data1":"","data2":"","data3":"","data4":"2300200","data5":"","data6":"","dataBytes":0,"increase1":0,"increase2":0,"isDataEnable":0,"isDisable":false,"itemTotal":0,"operateTime":0,"operateType":0,"parent":"thirdApp","showType":0,"switchCount":0,"uid":0,"appApkSize":0,"appDataSize":0,"appSwitch":false,"isOmConfigAble":false}
08-16 10:12:46.881 16029 16195 I Finsky  : [42811] yrr.apply(79): SCH: Scheduling 1 system job(s)
08-16 10:12:46.883 16029 16195 I Finsky  : [42811] zlc.d(263): SCH: Scheduling system job Id: 9711, L: 12521993, D: 55721993, C: false, I: false, N: 1
08-16 10:12:46.886  8174  8678 I Cloud[13.2.0.303]Base.FileHelper: getICSStoragePath locationSdcard = null ,locationPcard = /storage/emulated/0 ,uDiskStoragePath = null, appClonePath = null
08-16 10:12:46.886  1636  2034 I InputDispatcher: stylus touch up, set lcd event 0
08-16 10:12:46.886  1636  2034 I chatty  : uid=1000(system) InputDispatcher identical 1 line
08-16 10:12:46.886  1636  2034 I InputDispatcher: stylus touch up, set lcd event 0
08-16 10:12:46.886  8174  8678 I Cloud[13.2.0.303]Sync.CloudBackupAppDataUtil: begin init appDataUtil appId = com.fif.fpay.android
08-16 10:12:46.887  1636  1660 I NavigationBarPolicy: onFling::Gest_Navigation_Enable, return!
08-16 10:12:46.891  8174  8678 I Cloud[13.2.0.303]Sync.CloudBackupAppDataUtil: initAppFileInfo
08-16 10:12:46.891  8174  8678 I Cloud[13.2.0.303]Sync.CloudBackupAppDataUtil: match appInfo by emui
08-16 10:12:46.892 16029  9436 I Finsky  : [42952] zms.a(17): SCH: job service finished with id 9707.
08-16 10:12:46.893  8174  8678 I Cloud[13.2.0.303]Sync.CloudBackupAppDataUtil: initDefaultFileInfoList
08-16 10:12:46.894  8174  8678 I Cloud[13.2.0.303]Sync.CloudBackupAppDataUtil: end init appDataUtil
08-16 10:12:46.894  8174  8678 I Cloud[13.2.0.303]Sync.CloudBackupAppDataUtil: appId: com.fif.fpay.android, isAppDataAble: false
08-16 10:12:46.895   753   753 D AudioPolicyService: getUidState(10121) cacheIter->second.first, return cacheIter->second.second(9)
08-16 10:12:46.896  1046  1070 D AwareLog: iawared: WorkingsetProcessCommand subCmd = 351, userId=10431, pid=7774, com.example.dogglers/.HorizontalListActivity
08-16 10:12:46.896  1046  1070 D AwareLog: iawared: WorkingsetPause com.example.dogglers/.HorizontalListActivity
08-16 10:12:46.897  8174  8678 I Cloud[13.2.0.303]Sync.GetOptionsInfoFromCloneTask: appId: com.fif.fpay.android match om config, backup app data.
08-16 10:12:46.898  8174  8678 I Cloud[13.2.0.303]Sync.GetOptionsInfoFromCloneTask: getThirdAppOptionsInfo{"appId":"com.fif.fpay.android","appName":"Fpay","appType":0,"backupData":true,"backupSwitch":false,"codeBytes":0,"data1":"","data2":"","data3":"","data4":"13106","data5":"","data6":"","dataBytes":0,"increase1":0,"increase2":0,"isDataEnable":0,"isDisable":false,"itemTotal":0,"operateTime":0,"operateType":0,"parent":"thirdApp","showType":0,"switchCount":0,"uid":0,"appApkSize":0,"appDataSize":0,"appSwitch":false,"isOmConfigAble":false}
08-16 10:12:46.904  2690  3310 I AppManager: dependence has been existed:1636 -> 9407
08-16 10:12:46.905 16029 16029 I Finsky  : [1] tst.onTrimMemory(13): Memory trim requested to level 80
08-16 10:12:46.905   753   753 D AudioPolicyService: getUidState(10121) cacheIter->second.first, return cacheIter->second.second(11)
08-16 10:12:46.905 16029 16029 I Finsky  : [1] nej.accept(57): Flushing in-memory image cache
08-16 10:12:46.911  8174  8678 I Cloud[13.2.0.303]Base.FileHelper: getICSStoragePath locationSdcard = null ,locationPcard = /storage/emulated/0 ,uDiskStoragePath = null, appClonePath = null
08-16 10:12:46.911  8174  8678 I Cloud[13.2.0.303]Sync.CloudBackupAppDataUtil: begin init appDataUtil appId = com.example.lemonade
08-16 10:12:46.915  8174  8678 I Cloud[13.2.0.303]Sync.CloudBackupAppDataUtil: initAppFileInfo
08-16 10:12:46.916  8174  8678 I Cloud[13.2.0.303]Sync.CloudBackupAppDataUtil: match appInfo by emui
08-16 10:12:46.917  8174  8678 I Cloud[13.2.0.303]Sync.CloudBackupAppDataUtil: initDefaultFileInfoList
08-16 10:12:46.918  8174  8678 I Cloud[13.2.0.303]Sync.CloudBackupAppDataUtil: end init appDataUtil
08-16 10:12:46.918  8174  8678 I Cloud[13.2.0.303]Sync.CloudBackupAppDataUtil: appId: com.example.lemonade, isAppDataAble: false
08-16 10:12:46.938  8174  8678 I Cloud[13.2.0.303]Sync.GetOptionsInfoFromCloneTask: appId: com.example.lemonade match om config, backup app data.
08-16 10:12:46.939  8174  8678 I Cloud[13.2.0.303]Sync.GetOptionsInfoFromCloneTask: getThirdAppOptionsInfo{"appId":"com.example.lemonade","appName":"Lemonade","appType":0,"backupData":true,"backupSwitch":false,"codeBytes":0,"data1":"","data2":"","data3":"","data4":"1","data5":"","data6":"","dataBytes":0,"increase1":0,"increase2":0,"isDataEnable":0,"isDisable":false,"itemTotal":0,"operateTime":0,"operateType":0,"parent":"thirdApp","showType":0,"switchCount":0,"uid":0,"appApkSize":0,"appDataSize":0,"appSwitch":false,"isOmConfigAble":false}
08-16 10:12:46.950  8174  8678 I Cloud[13.2.0.303]Base.FileHelper: getICSStoragePath locationSdcard = null ,locationPcard = /storage/emulated/0 ,uDiskStoragePath = null, appClonePath = null
08-16 10:12:46.950  8174  8678 I Cloud[13.2.0.303]Sync.CloudBackupAppDataUtil: begin init appDataUtil appId = cl.bancochile.mi_banco
08-16 10:12:46.955  8174  8678 I Cloud[13.2.0.303]Sync.CloudBackupAppDataUtil: initAppFileInfo
08-16 10:12:46.956  8174  8678 I Cloud[13.2.0.303]Sync.CloudBackupAppDataUtil: match appInfo by emui
08-16 10:12:46.957  8174  8678 I Cloud[13.2.0.303]Sync.CloudBackupAppDataUtil: initDefaultFileInfoList
08-16 10:12:46.958  8174  8678 I Cloud[13.2.0.303]Sync.CloudBackupAppDataUtil: end init appDataUtil
08-16 10:12:46.959  8174  8678 I Cloud[13.2.0.303]Sync.CloudBackupAppDataUtil: appId: cl.bancochile.mi_banco, isAppDataAble: false
08-16 10:12:46.961  8174  8678 I Cloud[13.2.0.303]Sync.GetOptionsInfoFromCloneTask: appId: cl.bancochile.mi_banco match om config, backup app data.
08-16 10:12:46.963  8174  8678 I Cloud[13.2.0.303]Sync.GetOptionsInfoFromCloneTask: getThirdAppOptionsInfo{"appId":"cl.bancochile.mi_banco","appName":"Mi Banco","appType":0,"backupData":true,"backupSwitch":false,"codeBytes":0,"data1":"","data2":"","data3":"","data4":"230731221","data5":"","data6":"","dataBytes":0,"increase1":0,"increase2":0,"isDataEnable":0,"isDisable":false,"itemTotal":0,"operateTime":0,"operateType":0,"parent":"thirdApp","showType":0,"switchCount":0,"uid":0,"appApkSize":0,"appDataSize":0,"appSwitch":false,"isOmConfigAble":false}
08-16 10:12:46.964  9407  9720 I FA      : Tag Manager is not found and thus will not be used
08-16 10:12:46.964  9407  9720 E FA      : Name must consist of letters, digits or _ (underscores). Type, name: event, app.creating
08-16 10:12:46.965  9407  9720 E FA      : Invalid public event name. Event will not be logged (FE): app.creating
08-16 10:12:46.968  9407  9720 E FA      : Name must consist of letters, digits or _ (underscores). Type, name: event, app.created
08-16 10:12:46.969  9407  9720 E FA      : Invalid public event name. Event will not be logged (FE): app.created
08-16 10:12:46.977  8174  8678 I Cloud[13.2.0.303]Base.FileHelper: getICSStoragePath locationSdcard = null ,locationPcard = /storage/emulated/0 ,uDiskStoragePath = null, appClonePath = null
08-16 10:12:46.977  8174  8678 I Cloud[13.2.0.303]Sync.CloudBackupAppDataUtil: begin init appDataUtil appId = zombie.survival.craft.z
08-16 10:12:46.981  8174  8678 I Cloud[13.2.0.303]Sync.CloudBackupAppDataUtil: initAppFileInfo
08-16 10:12:46.982  8174  8678 I Cloud[13.2.0.303]Sync.CloudBackupAppDataUtil: match appInfo by emui
08-16 10:12:46.984  8174  8678 I Cloud[13.2.0.303]Sync.CloudBackupAppDataUtil: initDefaultFileInfoList
08-16 10:12:46.984  8174  8678 I Cloud[13.2.0.303]Sync.CloudBackupAppDataUtil: end init appDataUtil
08-16 10:12:46.985  8174  8678 I Cloud[13.2.0.303]Sync.CloudBackupAppDataUtil: appId: zombie.survival.craft.z, isAppDataAble: false
08-16 10:12:46.998  8174  8678 I Cloud[13.2.0.303]Sync.GetOptionsInfoFromCloneTask: appId: zombie.survival.craft.z match om config, backup app data.
08-16 10:12:46.999  8174  8678 I Cloud[13.2.0.303]Sync.GetOptionsInfoFromCloneTask: getThirdAppOptionsInfo{"appId":"zombie.survival.craft.z","appName":"Last Day On Earth: Survival","appType":0,"backupData":true,"backupSwitch":false,"codeBytes":0,"data1":"","data2":"","data3":"","data4":"600695","data5":"","data6":"","dataBytes":0,"increase1":0,"increase2":0,"isDataEnable":0,"isDisable":false,"itemTotal":0,"operateTime":0,"operateType":0,"parent":"thirdApp","showType":0,"switchCount":0,"uid":0,"appApkSize":0,"appDataSize":0,"appSwitch":false,"isOmConfigAble":false}
08-16 10:12:47.008  8174  8678 I Cloud[13.2.0.303]Base.FileHelper: getICSStoragePath locationSdcard = null ,locationPcard = /storage/emulated/0 ,uDiskStoragePath = null, appClonePath = null
08-16 10:12:47.008  8174  8678 I Cloud[13.2.0.303]Sync.CloudBackupAppDataUtil: begin init appDataUtil appId = com.instagram.android
08-16 10:12:47.012  8174  8678 I Cloud[13.2.0.303]Sync.CloudBackupAppDataUtil: initAppFileInfo
08-16 10:12:47.012  8174  8678 I Cloud[13.2.0.303]Sync.CloudBackupAppDataUtil: match appInfo by emui
08-16 10:12:47.013  8174  8678 I Cloud[13.2.0.303]Sync.CloudBackupAppDataUtil: initDefaultFileInfoList
08-16 10:12:47.014  8174  8678 I Cloud[13.2.0.303]Sync.CloudBackupAppDataUtil: end init appDataUtil
08-16 10:12:47.014  8174  8678 I Cloud[13.2.0.303]Sync.CloudBackupAppDataUtil: appId: com.instagram.android, isAppDataAble: false
08-16 10:12:47.039  8174  8678 I Cloud[13.2.0.303]Sync.GetOptionsInfoFromCloneTask: appId: com.instagram.android match om config, backup app data.
08-16 10:12:47.041  8174  8678 I Cloud[13.2.0.303]Sync.GetOptionsInfoFromCloneTask: getThirdAppOptionsInfo{"appId":"com.instagram.android","appName":"Instagram","appType":0,"backupData":true,"backupSwitch":false,"codeBytes":0,"data1":"","data2":"","data3":"","data4":"369510760","data5":"","data6":"","dataBytes":0,"increase1":0,"increase2":0,"isDataEnable":0,"isDisable":false,"itemTotal":0,"operateTime":0,"operateType":0,"parent":"thirdApp","showType":0,"switchCount":0,"uid":0,"appApkSize":0,"appDataSize":0,"appSwitch":false,"isOmConfigAble":false}
08-16 10:12:47.053  8174  8678 I Cloud[13.2.0.303]Base.FileHelper: getICSStoragePath locationSdcard = null ,locationPcard = /storage/emulated/0 ,uDiskStoragePath = null, appClonePath = null
08-16 10:12:47.053  8174  8678 I Cloud[13.2.0.303]Sync.CloudBackupAppDataUtil: begin init appDataUtil appId = com.waze
08-16 10:12:47.058  2730  2814 D ZrHung.AppEyeUiProbe: not watching, wait.
08-16 10:12:47.059  8174  8678 I Cloud[13.2.0.303]Sync.CloudBackupAppDataUtil: initAppFileInfo
08-16 10:12:47.060  8174  8678 I Cloud[13.2.0.303]Sync.CloudBackupAppDataUtil: match appInfo by emui
08-16 10:12:47.062  8174  8678 I Cloud[13.2.0.303]Sync.CloudBackupAppDataUtil: initDefaultFileInfoList
08-16 10:12:47.063  8174  8678 I Cloud[13.2.0.303]Sync.CloudBackupAppDataUtil: end init appDataUtil
08-16 10:12:47.063  8174  8678 I Cloud[13.2.0.303]Sync.CloudBackupAppDataUtil: appId: com.waze, isAppDataAble: false
08-16 10:12:47.068  8174  8678 I Cloud[13.2.0.303]Sync.GetOptionsInfoFromCloneTask: appId: com.waze match om config, backup app data.
08-16 10:12:47.070  8174  8678 I Cloud[13.2.0.303]Sync.GetOptionsInfoFromCloneTask: getThirdAppOptionsInfo{"appId":"com.waze","appName":"Waze","appType":0,"backupData":true,"backupSwitch":false,"codeBytes":0,"data1":"","data2":"","data3":"","data4":"1030410","data5":"","data6":"","dataBytes":0,"increase1":0,"increase2":0,"isDataEnable":0,"isDisable":false,"itemTotal":0,"operateTime":0,"operateType":0,"parent":"thirdApp","showType":0,"switchCount":0,"uid":0,"appApkSize":0,"appDataSize":0,"appSwitch":false,"isOmConfigAble":false}
08-16 10:12:47.087  8174  8678 I Cloud[13.2.0.303]Base.FileHelper: getICSStoragePath locationSdcard = null ,locationPcard = /storage/emulated/0 ,uDiskStoragePath = null, appClonePath = null
08-16 10:12:47.087  8174  8678 I Cloud[13.2.0.303]Sync.CloudBackupAppDataUtil: begin init appDataUtil appId = cl.copec.PagoClick
08-16 10:12:47.091  2661  3071 I OllieMsgCenter: publishEvt=2135097345
08-16 10:12:47.091  8174  8678 I Cloud[13.2.0.303]Sync.CloudBackupAppDataUtil: initAppFileInfo
08-16 10:12:47.091  8174  8678 I Cloud[13.2.0.303]Sync.CloudBackupAppDataUtil: match appInfo by emui
08-16 10:12:47.092  8174  8678 I Cloud[13.2.0.303]Sync.CloudBackupAppDataUtil: initDefaultFileInfoList
08-16 10:12:47.098  8174  8678 I Cloud[13.2.0.303]Sync.CloudBackupAppDataUtil: end init appDataUtil
08-16 10:12:47.098  8174  8678 I Cloud[13.2.0.303]Sync.CloudBackupAppDataUtil: appId: cl.copec.PagoClick, isAppDataAble: false
08-16 10:12:47.100  8174  8678 I Cloud[13.2.0.303]Sync.GetOptionsInfoFromCloneTask: appId: cl.copec.PagoClick match om config, backup app data.
08-16 10:12:47.102  8174  8678 I Cloud[13.2.0.303]Sync.GetOptionsInfoFromCloneTask: getThirdAppOptionsInfo{"appId":"cl.copec.PagoClick","appName":"Copec","appType":0,"backupData":true,"backupSwitch":false,"codeBytes":0,"data1":"","data2":"","data3":"","data4":"1311322001","data5":"","data6":"","dataBytes":0,"increase1":0,"increase2":0,"isDataEnable":0,"isDisable":false,"itemTotal":0,"operateTime":0,"operateType":0,"parent":"thirdApp","showType":0,"switchCount":0,"uid":0,"appApkSize":0,"appDataSize":0,"appSwitch":false,"isOmConfigAble":false}
08-16 10:12:47.114  8174  8678 I Cloud[13.2.0.303]Base.FileHelper: getICSStoragePath locationSdcard = null ,locationPcard = /storage/emulated/0 ,uDiskStoragePath = null, appClonePath = null
08-16 10:12:47.114  8174  8678 I Cloud[13.2.0.303]Sync.CloudBackupAppDataUtil: begin init appDataUtil appId = com.huawei.hwread.dz
08-16 10:12:47.121  8174  8678 I Cloud[13.2.0.303]Sync.CloudBackupAppDataUtil: initAppFileInfo
08-16 10:12:47.121  8174  8678 I Cloud[13.2.0.303]Sync.CloudBackupAppDataUtil: match appInfo by emui
08-16 10:12:47.122  8174  8678 I Cloud[13.2.0.303]Sync.CloudBackupAppDataUtil: initDefaultFileInfoList
08-16 10:12:47.123  8174  8678 I Cloud[13.2.0.303]Sync.CloudBackupAppDataUtil: end init appDataUtil
08-16 10:12:47.123  8174  8678 I Cloud[13.2.0.303]Sync.CloudBackupAppDataUtil: appId: com.huawei.hwread.dz, isAppDataAble: false
08-16 10:12:47.127  8174  8678 I Cloud[13.2.0.303]Sync.GetOptionsInfoFromCloneTask: appId: com.huawei.hwread.dz match om config, backup app data.
08-16 10:12:47.128  8174  8678 I Cloud[13.2.0.303]Sync.GetOptionsInfoFromCloneTask: getThirdAppOptionsInfo{"appId":"com.huawei.hwread.dz","appName":"Libros","appType":0,"backupData":true,"backupSwitch":false,"codeBytes":0,"data1":"","data2":"","data3":"","data4":"90126303","data5":"","data6":"","dataBytes":0,"increase1":0,"increase2":0,"isDataEnable":0,"isDisable":false,"itemTotal":0,"operateTime":0,"operateType":0,"parent":"thirdApp","showType":0,"switchCount":0,"uid":0,"appApkSize":0,"appDataSize":0,"appSwitch":false,"isOmConfigAble":false}
08-16 10:12:47.140  8174  8678 I Cloud[13.2.0.303]Base.FileHelper: getICSStoragePath locationSdcard = null ,locationPcard = /storage/emulated/0 ,uDiskStoragePath = null, appClonePath = null
08-16 10:12:47.140  8174  8678 I Cloud[13.2.0.303]Sync.CloudBackupAppDataUtil: begin init appDataUtil appId = com.google.android.apps.tachyon
08-16 10:12:47.144  8174  8678 I Cloud[13.2.0.303]Sync.CloudBackupAppDataUtil: initAppFileInfo
08-16 10:12:47.145  8174  8678 I Cloud[13.2.0.303]Sync.CloudBackupAppDataUtil: match appInfo by emui
08-16 10:12:47.146  8174  8678 I Cloud[13.2.0.303]Sync.CloudBackupAppDataUtil: initDefaultFileInfoList
08-16 10:12:47.146  8174  8678 I Cloud[13.2.0.303]Sync.CloudBackupAppDataUtil: end init appDataUtil
08-16 10:12:47.147  8174  8678 I Cloud[13.2.0.303]Sync.CloudBackupAppDataUtil: appId: com.google.android.apps.tachyon, isAppDataAble: false
08-16 10:12:47.149  8174  8678 I Cloud[13.2.0.303]Sync.GetOptionsInfoFromCloneTask: appId: com.google.android.apps.tachyon match om config, backup app data.
08-16 10:12:47.150  8174  8678 I Cloud[13.2.0.303]Sync.GetOptionsInfoFromCloneTask: getThirdAppOptionsInfo{"appId":"com.google.android.apps.tachyon","appName":"Meet","appType":0,"backupData":true,"backupSwitch":false,"codeBytes":0,"data1":"","data2":"","data3":"","data4":"4449652","data5":"","data6":"","dataBytes":0,"increase1":0,"increase2":0,"isDataEnable":0,"isDisable":false,"itemTotal":0,"operateTime":0,"operateType":0,"parent":"thirdApp","showType":0,"switchCount":0,"uid":0,"appApkSize":0,"appDataSize":0,"appSwitch":false,"isOmConfigAble":false}
08-16 10:12:47.151  1636  1677 I NetworkPolicy: upPwResUL:10173,idle:1,resPw:0,dIdle:0,fg=1,white=0,old=0,new=32,newUid=32,oldUid=0,resBg=0
08-16 10:12:47.167  8174  8678 I Cloud[13.2.0.303]Base.FileHelper: getICSStoragePath locationSdcard = null ,locationPcard = /storage/emulated/0 ,uDiskStoragePath = null, appClonePath = null
08-16 10:12:47.167  8174  8678 I Cloud[13.2.0.303]Sync.CloudBackupAppDataUtil: begin init appDataUtil appId = com.microsoft.office.outlook
08-16 10:12:47.171  8174  8678 I Cloud[13.2.0.303]Sync.CloudBackupAppDataUtil: initAppFileInfo
08-16 10:12:47.171  8174  8678 I Cloud[13.2.0.303]Sync.CloudBackupAppDataUtil: match appInfo by emui
08-16 10:12:47.172  8174  8678 I Cloud[13.2.0.303]Sync.CloudBackupAppDataUtil: initDefaultFileInfoList
08-16 10:12:47.173  8174  8678 I Cloud[13.2.0.303]Sync.CloudBackupAppDataUtil: end init appDataUtil
08-16 10:12:47.173  8174  8678 I Cloud[13.2.0.303]Sync.CloudBackupAppDataUtil: appId: com.microsoft.office.outlook, isAppDataAble: false
08-16 10:12:47.175  8174  8678 I Cloud[13.2.0.303]Sync.GetOptionsInfoFromCloneTask: appId: com.microsoft.office.outlook match om config, backup app data.
08-16 10:12:47.176  8174  8678 I Cloud[13.2.0.303]Sync.GetOptionsInfoFromCloneTask: getThirdAppOptionsInfo{"appId":"com.microsoft.office.outlook","appName":"Outlook","appType":0,"backupData":true,"backupSwitch":false,"codeBytes":0,"data1":"","data2":"","data3":"","data4":"42330820","data5":"","data6":"","dataBytes":0,"increase1":0,"increase2":0,"isDataEnable":0,"isDisable":false,"itemTotal":0,"operateTime":0,"operateType":0,"parent":"thirdApp","showType":0,"switchCount":0,"uid":0,"appApkSize":0,"appDataSize":0,"appSwitch":false,"isOmConfigAble":false}
08-16 10:12:47.178  8174  8678 I Cloud[13.2.0.303]Base.FileHelper: getICSStoragePath locationSdcard = null ,locationPcard = /storage/emulated/0 ,uDiskStoragePath = null, appClonePath = null
08-16 10:12:47.178  8174  8678 I Cloud[13.2.0.303]Sync.CloudBackupAppDataUtil: begin init appDataUtil appId = cl.bice.bicemovil
08-16 10:12:47.181  8174  8678 I Cloud[13.2.0.303]Sync.CloudBackupAppDataUtil: initAppFileInfo
08-16 10:12:47.182  8174  8678 I Cloud[13.2.0.303]Sync.CloudBackupAppDataUtil: match appInfo by emui
08-16 10:12:47.183  8174  8678 I Cloud[13.2.0.303]Sync.CloudBackupAppDataUtil: initDefaultFileInfoList
08-16 10:12:47.184  8174  8678 I Cloud[13.2.0.303]Sync.CloudBackupAppDataUtil: end init appDataUtil
08-16 10:12:47.184  8174  8678 I Cloud[13.2.0.303]Sync.CloudBackupAppDataUtil: appId: cl.bice.bicemovil, isAppDataAble: false
08-16 10:12:47.187  8174  8678 I Cloud[13.2.0.303]Sync.GetOptionsInfoFromCloneTask: appId: cl.bice.bicemovil match om config, backup app data.
08-16 10:12:47.188  8174  8678 I Cloud[13.2.0.303]Sync.GetOptionsInfoFromCloneTask: getThirdAppOptionsInfo{"appId":"cl.bice.bicemovil","appName":"Banco BICE","appType":0,"backupData":true,"backupSwitch":false,"codeBytes":0,"data1":"","data2":"","data3":"","data4":"486","data5":"","data6":"","dataBytes":0,"increase1":0,"increase2":0,"isDataEnable":0,"isDisable":false,"itemTotal":0,"operateTime":0,"operateType":0,"parent":"thirdApp","showType":0,"switchCount":0,"uid":0,"appApkSize":0,"appDataSize":0,"appSwitch":false,"isOmConfigAble":false}
08-16 10:12:47.192  1021 29289 I AGPService: aps-info: focus pkgName - com.example.dogglers, with 0 more apps
08-16 10:12:47.199  8174  8678 I Cloud[13.2.0.303]Base.FileHelper: getICSStoragePath locationSdcard = null ,locationPcard = /storage/emulated/0 ,uDiskStoragePath = null, appClonePath = null
08-16 10:12:47.199  8174  8678 I Cloud[13.2.0.303]Sync.CloudBackupAppDataUtil: begin init appDataUtil appId = com.google.android.music
08-16 10:12:47.203  8174  8678 I Cloud[13.2.0.303]Sync.CloudBackupAppDataUtil: initAppFileInfo
08-16 10:12:47.203  8174  8678 I Cloud[13.2.0.303]Sync.CloudBackupAppDataUtil: match appInfo by emui
08-16 10:12:47.204  8174  8678 I Cloud[13.2.0.303]Sync.CloudBackupAppDataUtil: initDefaultFileInfoList
08-16 10:12:47.205  8174  8678 I Cloud[13.2.0.303]Sync.CloudBackupAppDataUtil: end init appDataUtil
08-16 10:12:47.205  8174  8678 I Cloud[13.2.0.303]Sync.CloudBackupAppDataUtil: appId: com.google.android.music, isAppDataAble: false
08-16 10:12:47.207  8174  8678 I Cloud[13.2.0.303]Sync.GetOptionsInfoFromCloneTask: appId: com.google.android.music match om config, backup app data.
08-16 10:12:47.208  8174  8678 I Cloud[13.2.0.303]Sync.GetOptionsInfoFromCloneTask: getThirdAppOptionsInfo{"appId":"com.google.android.music","appName":"Google Play Música","appType":0,"backupData":true,"backupSwitch":false,"codeBytes":0,"data1":"","data2":"","data3":"","data4":"91131","data5":"","data6":"","dataBytes":0,"increase1":0,"increase2":0,"isDataEnable":0,"isDisable":false,"itemTotal":0,"operateTime":0,"operateType":0,"parent":"thirdApp","showType":0,"switchCount":0,"uid":0,"appApkSize":0,"appDataSize":0,"appSwitch":false,"isOmConfigAble":false}
08-16 10:12:47.217  8174  8678 I Cloud[13.2.0.303]Base.FileHelper: getICSStoragePath locationSdcard = null ,locationPcard = /storage/emulated/0 ,uDiskStoragePath = null, appClonePath = null
08-16 10:12:47.217  8174  8678 I Cloud[13.2.0.303]Sync.CloudBackupAppDataUtil: begin init appDataUtil appId = games.lightheart.mrautofire
08-16 10:12:47.221  8174  8678 I Cloud[13.2.0.303]Sync.CloudBackupAppDataUtil: initAppFileInfo
08-16 10:12:47.222  8174  8678 I Cloud[13.2.0.303]Sync.CloudBackupAppDataUtil: match appInfo by emui
08-16 10:12:47.223  8174  8678 I Cloud[13.2.0.303]Sync.CloudBackupAppDataUtil: initDefaultFileInfoList
08-16 10:12:47.224  8174  8678 I Cloud[13.2.0.303]Sync.CloudBackupAppDataUtil: end init appDataUtil
08-16 10:12:47.224  8174  8678 I Cloud[13.2.0.303]Sync.CloudBackupAppDataUtil: appId: games.lightheart.mrautofire, isAppDataAble: false
08-16 10:12:47.226  8174  8678 I Cloud[13.2.0.303]Sync.GetOptionsInfoFromCloneTask: appId: games.lightheart.mrautofire match om config, backup app data.
08-16 10:12:47.227  8174  8678 I Cloud[13.2.0.303]Sync.GetOptionsInfoFromCloneTask: getThirdAppOptionsInfo{"appId":"games.lightheart.mrautofire","appName":"Mr Autofire","appType":0,"backupData":true,"backupSwitch":false,"codeBytes":0,"data1":"","data2":"","data3":"","data4":"13110917","data5":"","data6":"","dataBytes":0,"increase1":0,"increase2":0,"isDataEnable":0,"isDisable":false,"itemTotal":0,"operateTime":0,"operateType":0,"parent":"thirdApp","showType":0,"switchCount":0,"uid":0,"appApkSize":0,"appDataSize":0,"appSwitch":false,"isOmConfigAble":false}
08-16 10:12:47.237  8174  8678 I Cloud[13.2.0.303]Base.FileHelper: getICSStoragePath locationSdcard = null ,locationPcard = /storage/emulated/0 ,uDiskStoragePath = null, appClonePath = null
08-16 10:12:47.237  8174  8678 I Cloud[13.2.0.303]Sync.CloudBackupAppDataUtil: begin init appDataUtil appId = com.huawei.maps.app
08-16 10:12:47.241  8174  8678 I Cloud[13.2.0.303]Sync.CloudBackupAppDataUtil: initAppFileInfo
08-16 10:12:47.241  8174  8678 I Cloud[13.2.0.303]Sync.CloudBackupAppDataUtil: match appInfo by emui
08-16 10:12:47.242  8174  8678 I Cloud[13.2.0.303]Sync.CloudBackupAppDataUtil: initDefaultFileInfoList
08-16 10:12:47.243  8174  8678 I Cloud[13.2.0.303]Sync.CloudBackupAppDataUtil: end init appDataUtil
08-16 10:12:47.243  8174  8678 I Cloud[13.2.0.303]Sync.CloudBackupAppDataUtil: appId: com.huawei.maps.app, isAppDataAble: false
08-16 10:12:47.245  8174  8678 I Cloud[13.2.0.303]Sync.GetOptionsInfoFromCloneTask: appId: com.huawei.maps.app match om config, backup app data.
08-16 10:12:47.247  8174  8678 I Cloud[13.2.0.303]Sync.GetOptionsInfoFromCloneTask: getThirdAppOptionsInfo{"appId":"com.huawei.maps.app","appName":"Petal Maps","appType":0,"backupData":true,"backupSwitch":false,"codeBytes":0,"data1":"","data2":"","data3":"","data4":"30700302","data5":"","data6":"","dataBytes":0,"increase1":0,"increase2":0,"isDataEnable":0,"isDisable":false,"itemTotal":0,"operateTime":0,"operateType":0,"parent":"thirdApp","showType":0,"switchCount":0,"uid":0,"appApkSize":0,"appDataSize":0,"appSwitch":false,"isOmConfigAble":false}
08-16 10:12:47.250  8174  8678 I Cloud[13.2.0.303]Base.FileHelper: getICSStoragePath locationSdcard = null ,locationPcard = /storage/emulated/0 ,uDiskStoragePath = null, appClonePath = null
08-16 10:12:47.250  8174  8678 I Cloud[13.2.0.303]Sync.CloudBackupAppDataUtil: begin init appDataUtil appId = com.project.affirmations.test
08-16 10:12:47.253  8174  8678 I Cloud[13.2.0.303]Sync.CloudBackupAppDataUtil: initAppFileInfo
08-16 10:12:47.254  8174  8678 I Cloud[13.2.0.303]Sync.CloudBackupAppDataUtil: match appInfo by emui
08-16 10:12:47.255  8174  8678 I Cloud[13.2.0.303]Sync.CloudBackupAppDataUtil: initDefaultFileInfoList
08-16 10:12:47.256  8174  8678 I Cloud[13.2.0.303]Sync.CloudBackupAppDataUtil: end init appDataUtil
08-16 10:12:47.256  8174  8678 I Cloud[13.2.0.303]Sync.CloudBackupAppDataUtil: appId: com.project.affirmations.test, isAppDataAble: false
08-16 10:12:47.259  8174  8678 I Cloud[13.2.0.303]Sync.GetOptionsInfoFromCloneTask: appId: com.project.affirmations.test match om config, backup app data.
08-16 10:12:47.261  8174  8678 I Cloud[13.2.0.303]Sync.GetOptionsInfoFromCloneTask: getThirdAppOptionsInfo{"appId":"com.project.affirmations.test","appName":"com.project.affirmations.test","appType":0,"backupData":true,"backupSwitch":false,"codeBytes":0,"data1":"","data2":"","data3":"","data4":"0","data5":"","data6":"","dataBytes":0,"increase1":0,"increase2":0,"isDataEnable":0,"isDisable":false,"itemTotal":0,"operateTime":0,"operateType":0,"parent":"thirdApp","showType":0,"switchCount":0,"uid":0,"appApkSize":0,"appDataSize":0,"appSwitch":false,"isOmConfigAble":false}
08-16 10:12:47.268  8174  8678 I Cloud[13.2.0.303]Base.FileHelper: getICSStoragePath locationSdcard = null ,locationPcard = /storage/emulated/0 ,uDiskStoragePath = null, appClonePath = null
08-16 10:12:47.268  8174  8678 I Cloud[13.2.0.303]Sync.CloudBackupAppDataUtil: begin init appDataUtil appId = cl.sosafe.panicbuttonandroid.app
08-16 10:12:47.272  8174  8678 I Cloud[13.2.0.303]Sync.CloudBackupAppDataUtil: initAppFileInfo
08-16 10:12:47.272  8174  8678 I Cloud[13.2.0.303]Sync.CloudBackupAppDataUtil: match appInfo by emui
08-16 10:12:47.273  8174  8678 I Cloud[13.2.0.303]Sync.CloudBackupAppDataUtil: initDefaultFileInfoList
08-16 10:12:47.274  8174  8678 I Cloud[13.2.0.303]Sync.CloudBackupAppDataUtil: end init appDataUtil
08-16 10:12:47.274  8174  8678 I Cloud[13.2.0.303]Sync.CloudBackupAppDataUtil: appId: cl.sosafe.panicbuttonandroid.app, isAppDataAble: false
08-16 10:12:47.276  8174  8678 I Cloud[13.2.0.303]Sync.GetOptionsInfoFromCloneTask: appId: cl.sosafe.panicbuttonandroid.app match om config, backup app data.
08-16 10:12:47.277  8174  8678 I Cloud[13.2.0.303]Sync.GetOptionsInfoFromCloneTask: getThirdAppOptionsInfo{"appId":"cl.sosafe.panicbuttonandroid.app","appName":"SOSAFE","appType":0,"backupData":true,"backupSwitch":false,"codeBytes":0,"data1":"","data2":"","data3":"","data4":"942","data5":"","data6":"","dataBytes":0,"increase1":0,"increase2":0,"isDataEnable":0,"isDisable":false,"itemTotal":0,"operateTime":0,"operateType":0,"parent":"thirdApp","showType":0,"switchCount":0,"uid":0,"appApkSize":0,"appDataSize":0,"appSwitch":false,"isOmConfigAble":false}
08-16 10:12:47.286  8174  8678 I Cloud[13.2.0.303]Base.FileHelper: getICSStoragePath locationSdcard = null ,locationPcard = /storage/emulated/0 ,uDiskStoragePath = null, appClonePath = null
08-16 10:12:47.286  8174  8678 I Cloud[13.2.0.303]Sync.CloudBackupAppDataUtil: begin init appDataUtil appId = com.sosmartlabs.momotabletpadres
08-16 10:12:47.290  8174  8678 I Cloud[13.2.0.303]Sync.CloudBackupAppDataUtil: initAppFileInfo
08-16 10:12:47.290  8174  8678 I Cloud[13.2.0.303]Sync.CloudBackupAppDataUtil: match appInfo by emui
08-16 10:12:47.291  8174  8678 I Cloud[13.2.0.303]Sync.CloudBackupAppDataUtil: initDefaultFileInfoList
08-16 10:12:47.292  8174  8678 I Cloud[13.2.0.303]Sync.CloudBackupAppDataUtil: end init appDataUtil
08-16 10:12:47.292  8174  8678 I Cloud[13.2.0.303]Sync.CloudBackupAppDataUtil: appId: com.sosmartlabs.momotabletpadres, isAppDataAble: false
08-16 10:12:47.294  8174  8678 I Cloud[13.2.0.303]Sync.GetOptionsInfoFromCloneTask: appId: com.sosmartlabs.momotabletpadres match om config, backup app data.
08-16 10:12:47.295  8174  8678 I Cloud[13.2.0.303]Sync.GetOptionsInfoFromCloneTask: getThirdAppOptionsInfo{"appId":"com.sosmartlabs.momotabletpadres","appName":"SoyMomo Tablet - Parent","appType":0,"backupData":true,"backupSwitch":false,"codeBytes":0,"data1":"","data2":"","data3":"","data4":"63","data5":"","data6":"","dataBytes":0,"increase1":0,"increase2":0,"isDataEnable":0,"isDisable":false,"itemTotal":0,"operateTime":0,"operateType":0,"parent":"thirdApp","showType":0,"switchCount":0,"uid":0,"appApkSize":0,"appDataSize":0,"appSwitch":false,"isOmConfigAble":false}
08-16 10:12:47.306  8174  8678 I Cloud[13.2.0.303]Base.FileHelper: getICSStoragePath locationSdcard = null ,locationPcard = /storage/emulated/0 ,uDiskStoragePath = null, appClonePath = null
08-16 10:12:47.306  8174  8678 I Cloud[13.2.0.303]Sync.CloudBackupAppDataUtil: begin init appDataUtil appId = com.instagram.barcelona
08-16 10:12:47.309  8174  8678 I Cloud[13.2.0.303]Sync.CloudBackupAppDataUtil: initAppFileInfo
08-16 10:12:47.310  8174  8678 I Cloud[13.2.0.303]Sync.CloudBackupAppDataUtil: match appInfo by emui
08-16 10:12:47.311  8174  8678 I Cloud[13.2.0.303]Sync.CloudBackupAppDataUtil: initDefaultFileInfoList
08-16 10:12:47.311  8174  8678 I Cloud[13.2.0.303]Sync.CloudBackupAppDataUtil: end init appDataUtil
08-16 10:12:47.311  8174  8678 I Cloud[13.2.0.303]Sync.CloudBackupAppDataUtil: appId: com.instagram.barcelona, isAppDataAble: false
08-16 10:12:47.318  8174  8678 I Cloud[13.2.0.303]Sync.GetOptionsInfoFromCloneTask: appId: com.instagram.barcelona match om config, backup app data.
08-16 10:12:47.319  8174  8678 I Cloud[13.2.0.303]Sync.GetOptionsInfoFromCloneTask: getThirdAppOptionsInfo{"appId":"com.instagram.barcelona","appName":"Threads","appType":0,"backupData":true,"backupSwitch":false,"codeBytes":0,"data1":"","data2":"","data3":"","data4":"496500537","data5":"","data6":"","dataBytes":0,"increase1":0,"increase2":0,"isDataEnable":0,"isDisable":false,"itemTotal":0,"operateTime":0,"operateType":0,"parent":"thirdApp","showType":0,"switchCount":0,"uid":0,"appApkSize":0,"appDataSize":0,"appSwitch":false,"isOmConfigAble":false}
08-16 10:12:47.328  1046 12149 I Pged-IPgedBinderService: ****action is 2, pid num is 7***
08-16 10:12:47.328  1046 12149 I Pged-Freezer: thawPids
08-16 10:12:47.328  1046 12149 I Pged-Freezer: Pid 19712 is not exist in vector
08-16 10:12:47.328  1046 12149 I Pged-Freezer: Pid 21002 is not exist in vector
08-16 10:12:47.328  1046 12149 I Pged-Freezer: Pid 21360 is not exist in vector
08-16 10:12:47.328  1046 12149 I Pged-Freezer: Pid 18777 is not exist in vector
08-16 10:12:47.328  1046 12149 I Pged-Freezer: Pid 20784 is not exist in vector
08-16 10:12:47.328  1046 12149 I Pged-Freezer: Pid 4680 is not exist in vector
08-16 10:12:47.328  2690  3436 D PgedBinderAdapter: unF_Z ok, pid: [19712, 21002, 21360, 18777, 20784, 4680]
08-16 10:12:47.333  8174  8678 I Cloud[13.2.0.303]Base.FileHelper: getICSStoragePath locationSdcard = null ,locationPcard = /storage/emulated/0 ,uDiskStoragePath = null, appClonePath = null
08-16 10:12:47.333  8174  8678 I Cloud[13.2.0.303]Sync.CloudBackupAppDataUtil: begin init appDataUtil appId = com.anevva14
08-16 10:12:47.337  8174  8678 I Cloud[13.2.0.303]Sync.CloudBackupAppDataUtil: initAppFileInfo
08-16 10:12:47.337  8174  8678 I Cloud[13.2.0.303]Sync.CloudBackupAppDataUtil: match appInfo by emui
08-16 10:12:47.342  8174  8678 I Cloud[13.2.0.303]Sync.CloudBackupAppDataUtil: initDefaultFileInfoList
08-16 10:12:47.342  8174  8678 I Cloud[13.2.0.303]Sync.CloudBackupAppDataUtil: end init appDataUtil
08-16 10:12:47.342  8174  8678 I Cloud[13.2.0.303]Sync.CloudBackupAppDataUtil: appId: com.anevva14, isAppDataAble: false
08-16 10:12:47.345  8174  8678 I Cloud[13.2.0.303]Sync.GetOptionsInfoFromCloneTask: appId: com.anevva14 match om config, backup app data.
08-16 10:12:47.346  8174  8678 I Cloud[13.2.0.303]Sync.GetOptionsInfoFromCloneTask: getThirdAppOptionsInfo{"appId":"com.anevva14","appName":"Super Slime","appType":0,"backupData":true,"backupSwitch":false,"codeBytes":0,"data1":"","data2":"","data3":"","data4":"1030004","data5":"","data6":"","dataBytes":0,"increase1":0,"increase2":0,"isDataEnable":0,"isDisable":false,"itemTotal":0,"operateTime":0,"operateType":0,"parent":"thirdApp","showType":0,"switchCount":0,"uid":0,"appApkSize":0,"appDataSize":0,"appSwitch":false,"isOmConfigAble":false}
08-16 10:12:47.359  8174  8678 I Cloud[13.2.0.303]Base.FileHelper: getICSStoragePath locationSdcard = null ,locationPcard = /storage/emulated/0 ,uDiskStoragePath = null, appClonePath = null
08-16 10:12:47.359  8174  8678 I Cloud[13.2.0.303]Sync.CloudBackupAppDataUtil: begin init appDataUtil appId = com.wallet.crypto.trustapp
08-16 10:12:47.363  8174  8678 I Cloud[13.2.0.303]Sync.CloudBackupAppDataUtil: initAppFileInfo
08-16 10:12:47.363  8174  8678 I Cloud[13.2.0.303]Sync.CloudBackupAppDataUtil: match appInfo by emui
08-16 10:12:47.364  8174  8678 I Cloud[13.2.0.303]Sync.CloudBackupAppDataUtil: initDefaultFileInfoList
08-16 10:12:47.365  8174  8678 I Cloud[13.2.0.303]Sync.CloudBackupAppDataUtil: end init appDataUtil
08-16 10:12:47.365  8174  8678 I Cloud[13.2.0.303]Sync.CloudBackupAppDataUtil: appId: com.wallet.crypto.trustapp, isAppDataAble: false
08-16 10:12:47.374  8174  8678 I Cloud[13.2.0.303]Sync.GetOptionsInfoFromCloneTask: appId: com.wallet.crypto.trustapp match om config, backup app data.
08-16 10:12:47.375  8174  8678 I Cloud[13.2.0.303]Sync.GetOptionsInfoFromCloneTask: getThirdAppOptionsInfo{"appId":"com.wallet.crypto.trustapp","appName":"Trust Wallet","appType":0,"backupData":true,"backupSwitch":false,"codeBytes":0,"data1":"","data2":"","data3":"","data4":"1691008009","data5":"","data6":"","dataBytes":0,"increase1":0,"increase2":0,"isDataEnable":0,"isDisable":false,"itemTotal":0,"operateTime":0,"operateType":0,"parent":"thirdApp","showType":0,"switchCount":0,"uid":0,"appApkSize":0,"appDataSize":0,"appSwitch":false,"isOmConfigAble":false}
08-16 10:12:47.386  8174  8678 I Cloud[13.2.0.303]Base.FileHelper: getICSStoragePath locationSdcard = null ,locationPcard = /storage/emulated/0 ,uDiskStoragePath = null, appClonePath = null
08-16 10:12:47.386  8174  8678 I Cloud[13.2.0.303]Sync.CloudBackupAppDataUtil: begin init appDataUtil appId = com.twitter.android
08-16 10:12:47.389  8174  8678 I Cloud[13.2.0.303]Sync.CloudBackupAppDataUtil: initAppFileInfo
08-16 10:12:47.390  8174  8678 I Cloud[13.2.0.303]Sync.CloudBackupAppDataUtil: match appInfo by emui
08-16 10:12:47.391  8174  8678 I Cloud[13.2.0.303]Sync.CloudBackupAppDataUtil: initDefaultFileInfoList
08-16 10:12:47.391  8174  8678 I Cloud[13.2.0.303]Sync.CloudBackupAppDataUtil: end init appDataUtil
08-16 10:12:47.391  8174  8678 I Cloud[13.2.0.303]Sync.CloudBackupAppDataUtil: appId: com.twitter.android, isAppDataAble: false
08-16 10:12:47.393  8174  8678 I Cloud[13.2.0.303]Sync.GetOptionsInfoFromCloneTask: appId: com.twitter.android match om config, backup app data.
08-16 10:12:47.394  8174  8678 I Cloud[13.2.0.303]Sync.GetOptionsInfoFromCloneTask: getThirdAppOptionsInfo{"appId":"com.twitter.android","appName":"X","appType":0,"backupData":true,"backupSwitch":false,"codeBytes":0,"data1":"","data2":"","data3":"","data4":"310010000","data5":"","data6":"","dataBytes":0,"increase1":0,"increase2":0,"isDataEnable":0,"isDisable":false,"itemTotal":0,"operateTime":0,"operateType":0,"parent":"thirdApp","showType":0,"switchCount":0,"uid":0,"appApkSize":0,"appDataSize":0,"appSwitch":false,"isOmConfigAble":false}
08-16 10:12:47.402  2208  2382 D NetworkController.MobileSignalController(0_1): mSimSubId:1 onDataActivity: direction=0
08-16 10:12:47.402  2208  2382 I MobileSignalController: copyFrom::dataConnected = true
08-16 10:12:47.402  2208  2382 I MobileSignalController: copyFrom::dataConnected = true
08-16 10:12:47.405  8174  8678 I Cloud[13.2.0.303]Base.FileHelper: getICSStoragePath locationSdcard = null ,locationPcard = /storage/emulated/0 ,uDiskStoragePath = null, appClonePath = null
08-16 10:12:47.406  8174  8678 I Cloud[13.2.0.303]Sync.CloudBackupAppDataUtil: begin init appDataUtil appId = com.google.android.apps.docs
08-16 10:12:47.409  8174  8678 I Cloud[13.2.0.303]Sync.CloudBackupAppDataUtil: initAppFileInfo
08-16 10:12:47.409  8174  8678 I Cloud[13.2.0.303]Sync.CloudBackupAppDataUtil: match appInfo by emui
08-16 10:12:47.410  8174  8678 I Cloud[13.2.0.303]Sync.CloudBackupAppDataUtil: initDefaultFileInfoList
08-16 10:12:47.411  8174  8678 I Cloud[13.2.0.303]Sync.CloudBackupAppDataUtil: end init appDataUtil
08-16 10:12:47.411  8174  8678 I Cloud[13.2.0.303]Sync.CloudBackupAppDataUtil: appId: com.google.android.apps.docs, isAppDataAble: false
08-16 10:12:47.413  8174  8678 I Cloud[13.2.0.303]Sync.GetOptionsInfoFromCloneTask: appId: com.google.android.apps.docs match om config, backup app data.
08-16 10:12:47.415  8174  8678 I Cloud[13.2.0.303]Sync.GetOptionsInfoFromCloneTask: getThirdAppOptionsInfo{"appId":"com.google.android.apps.docs","appName":"Drive","appType":0,"backupData":true,"backupSwitch":false,"codeBytes":0,"data1":"","data2":"","data3":"","data4":"213228124","data5":"","data6":"","dataBytes":0,"increase1":0,"increase2":0,"isDataEnable":0,"isDisable":false,"itemTotal":0,"operateTime":0,"operateType":0,"parent":"thirdApp","showType":0,"switchCount":0,"uid":0,"appApkSize":0,"appDataSize":0,"appSwitch":false,"isOmConfigAble":false}
08-16 10:12:47.424  8174  8678 I Cloud[13.2.0.303]Base.FileHelper: getICSStoragePath locationSdcard = null ,locationPcard = /storage/emulated/0 ,uDiskStoragePath = null, appClonePath = null
08-16 10:12:47.424  8174  8678 I Cloud[13.2.0.303]Sync.CloudBackupAppDataUtil: begin init appDataUtil appId = com.google.android.apps.maps
08-16 10:12:47.427  8174  8678 I Cloud[13.2.0.303]Sync.CloudBackupAppDataUtil: initAppFileInfo
08-16 10:12:47.427  8174  8678 I Cloud[13.2.0.303]Sync.CloudBackupAppDataUtil: match appInfo by emui
08-16 10:12:47.428  8174  8678 I Cloud[13.2.0.303]Sync.CloudBackupAppDataUtil: initDefaultFileInfoList
08-16 10:12:47.429  8174  8678 I Cloud[13.2.0.303]Sync.CloudBackupAppDataUtil: end init appDataUtil
08-16 10:12:47.429  8174  8678 I Cloud[13.2.0.303]Sync.CloudBackupAppDataUtil: appId: com.google.android.apps.maps, isAppDataAble: false
08-16 10:12:47.432  8174  8678 I Cloud[13.2.0.303]Sync.GetOptionsInfoFromCloneTask: appId: com.google.android.apps.maps match om config, backup app data.
08-16 10:12:47.433  8174  8678 I Cloud[13.2.0.303]Sync.GetOptionsInfoFromCloneTask: getThirdAppOptionsInfo{"appId":"com.google.android.apps.maps","appName":"Maps","appType":0,"backupData":true,"backupSwitch":false,"codeBytes":0,"data1":"","data2":"","data3":"","data4":"1067124847","data5":"","data6":"","dataBytes":0,"increase1":0,"increase2":0,"isDataEnable":0,"isDisable":false,"itemTotal":0,"operateTime":0,"operateType":0,"parent":"thirdApp","showType":0,"switchCount":0,"uid":0,"appApkSize":0,"appDataSize":0,"appSwitch":false,"isOmConfigAble":false}
08-16 10:12:47.442  8174  8678 I Cloud[13.2.0.303]Base.FileHelper: getICSStoragePath locationSdcard = null ,locationPcard = /storage/emulated/0 ,uDiskStoragePath = null, appClonePath = null
08-16 10:12:47.443  8174  8678 I Cloud[13.2.0.303]Sync.CloudBackupAppDataUtil: begin init appDataUtil appId = com.tunnelbear.android
08-16 10:12:47.446  8174  8678 I Cloud[13.2.0.303]Sync.CloudBackupAppDataUtil: initAppFileInfo
08-16 10:12:47.446  8174  8678 I Cloud[13.2.0.303]Sync.CloudBackupAppDataUtil: match appInfo by emui
08-16 10:12:47.448  8174  8678 I Cloud[13.2.0.303]Sync.CloudBackupAppDataUtil: initDefaultFileInfoList
08-16 10:12:47.448  8174  8678 I Cloud[13.2.0.303]Sync.CloudBackupAppDataUtil: end init appDataUtil
08-16 10:12:47.448  8174  8678 I Cloud[13.2.0.303]Sync.CloudBackupAppDataUtil: appId: com.tunnelbear.android, isAppDataAble: false
08-16 10:12:47.451  8174  8678 I Cloud[13.2.0.303]Sync.GetOptionsInfoFromCloneTask: appId: com.tunnelbear.android match om config, backup app data.
08-16 10:12:47.452  8174  8678 I Cloud[13.2.0.303]Sync.GetOptionsInfoFromCloneTask: getThirdAppOptionsInfo{"appId":"com.tunnelbear.android","appName":"TunnelBear","appType":0,"backupData":true,"backupSwitch":false,"codeBytes":0,"data1":"","data2":"","data3":"","data4":"804017002","data5":"","data6":"","dataBytes":0,"increase1":0,"increase2":0,"isDataEnable":0,"isDisable":false,"itemTotal":0,"operateTime":0,"operateType":0,"parent":"thirdApp","showType":0,"switchCount":0,"uid":0,"appApkSize":0,"appDataSize":0,"appSwitch":false,"isOmConfigAble":false}
08-16 10:12:47.460  8174  8678 I Cloud[13.2.0.303]Base.FileHelper: getICSStoragePath locationSdcard = null ,locationPcard = /storage/emulated/0 ,uDiskStoragePath = null, appClonePath = null
08-16 10:12:47.460  8174  8678 I Cloud[13.2.0.303]Sync.CloudBackupAppDataUtil: begin init appDataUtil appId = com.google.android.modulemetadata
08-16 10:12:47.464  8174  8678 I Cloud[13.2.0.303]Sync.CloudBackupAppDataUtil: initAppFileInfo
08-16 10:12:47.464  8174  8678 I Cloud[13.2.0.303]Sync.CloudBackupAppDataUtil: match appInfo by emui
08-16 10:12:47.465  8174  8678 I Cloud[13.2.0.303]Sync.CloudBackupAppDataUtil: initDefaultFileInfoList
08-16 10:12:47.466  8174  8678 I Cloud[13.2.0.303]Sync.CloudBackupAppDataUtil: end init appDataUtil
08-16 10:12:47.466  8174  8678 I Cloud[13.2.0.303]Sync.CloudBackupAppDataUtil: appId: com.google.android.modulemetadata, isAppDataAble: false
08-16 10:12:47.468  8174  8678 I Cloud[13.2.0.303]Sync.GetOptionsInfoFromCloneTask: appId: com.google.android.modulemetadata match om config, backup app data.
08-16 10:12:47.469  8174  8678 I Cloud[13.2.0.303]Sync.GetOptionsInfoFromCloneTask: getThirdAppOptionsInfo{"appId":"com.google.android.modulemetadata","appName":"Main components","appType":0,"backupData":true,"backupSwitch":false,"codeBytes":0,"data1":"","data2":"","data3":"","data4":"331731000","data5":"","data6":"","dataBytes":0,"increase1":0,"increase2":0,"isDataEnable":0,"isDisable":false,"itemTotal":0,"operateTime":0,"operateType":0,"parent":"thirdApp","showType":0,"switchCount":0,"uid":0,"appApkSize":0,"appDataSize":0,"appSwitch":false,"isOmConfigAble":false}
08-16 10:12:47.483  8174  8678 I Cloud[13.2.0.303]Base.FileHelper: getICSStoragePath locationSdcard = null ,locationPcard = /storage/emulated/0 ,uDiskStoragePath = null, appClonePath = null
08-16 10:12:47.483  8174  8678 I Cloud[13.2.0.303]Sync.CloudBackupAppDataUtil: begin init appDataUtil appId = com.microsoft.office.word
08-16 10:12:47.488  8174  8678 I Cloud[13.2.0.303]Sync.CloudBackupAppDataUtil: initAppFileInfo
08-16 10:12:47.489  8174  8678 I Cloud[13.2.0.303]Sync.CloudBackupAppDataUtil: match appInfo by emui
08-16 10:12:47.491  8174  8678 I Cloud[13.2.0.303]Sync.CloudBackupAppDataUtil: initDefaultFileInfoList
08-16 10:12:47.491  8174  8678 I Cloud[13.2.0.303]Sync.CloudBackupAppDataUtil: end init appDataUtil
08-16 10:12:47.491  8174  8678 I Cloud[13.2.0.303]Sync.CloudBackupAppDataUtil: appId: com.microsoft.office.word, isAppDataAble: false
08-16 10:12:47.494  8174  8678 I Cloud[13.2.0.303]Sync.GetOptionsInfoFromCloneTask: appId: com.microsoft.office.word match om config, backup app data.
08-16 10:12:47.495  8174  8678 I Cloud[13.2.0.303]Sync.GetOptionsInfoFromCloneTask: getThirdAppOptionsInfo{"appId":"com.microsoft.office.word","appName":"Word","appType":0,"backupData":true,"backupSwitch":false,"codeBytes":0,"data1":"","data2":"","data3":"","data4":"2003592774","data5":"","data6":"","dataBytes":0,"increase1":0,"increase2":0,"isDataEnable":0,"isDisable":false,"itemTotal":0,"operateTime":0,"operateType":0,"parent":"thirdApp","showType":0,"switchCount":0,"uid":0,"appApkSize":0,"appDataSize":0,"appSwitch":false,"isOmConfigAble":false}
08-16 10:12:47.515  8174  8678 I Cloud[13.2.0.303]Base.FileHelper: getICSStoragePath locationSdcard = null ,locationPcard = /storage/emulated/0 ,uDiskStoragePath = null, appClonePath = null
08-16 10:12:47.515  8174  8678 I Cloud[13.2.0.303]Sync.CloudBackupAppDataUtil: begin init appDataUtil appId = com.estudio.debugging
08-16 10:12:47.518  8174  8678 I Cloud[13.2.0.303]Sync.CloudBackupAppDataUtil: initAppFileInfo
08-16 10:12:47.519  8174  8678 I Cloud[13.2.0.303]Sync.CloudBackupAppDataUtil: match appInfo by emui
08-16 10:12:47.520  8174  8678 I Cloud[13.2.0.303]Sync.CloudBackupAppDataUtil: initDefaultFileInfoList
08-16 10:12:47.520  8174  8678 I Cloud[13.2.0.303]Sync.CloudBackupAppDataUtil: end init appDataUtil
08-16 10:12:47.520  8174  8678 I Cloud[13.2.0.303]Sync.CloudBackupAppDataUtil: appId: com.estudio.debugging, isAppDataAble: false
08-16 10:12:47.534  8083  8316 I HwHiAIEngine_SystemPropertiesUtil: debugOnFlag is:0
08-16 10:12:47.543   665   665 D Zygote  : Forked child process 9776
08-16 10:12:47.548  8174  8678 I Cloud[13.2.0.303]Sync.GetOptionsInfoFromCloneTask: appId: com.estudio.debugging match om config, backup app data.
08-16 10:12:47.550  8174  8678 I Cloud[13.2.0.303]Sync.GetOptionsInfoFromCloneTask: getThirdAppOptionsInfo{"appId":"com.estudio.debugging","appName":"Debugging","appType":0,"backupData":true,"backupSwitch":false,"codeBytes":0,"data1":"","data2":"","data3":"","data4":"1","data5":"","data6":"","dataBytes":0,"increase1":0,"increase2":0,"isDataEnable":0,"isDisable":false,"itemTotal":0,"operateTime":0,"operateType":0,"parent":"thirdApp","showType":0,"switchCount":0,"uid":0,"appApkSize":0,"appDataSize":0,"appSwitch":false,"isOmConfigAble":false}
08-16 10:12:47.551  9776  9776 E com.huawei.hia: LoadAppImageStartupCache enabled : 1
08-16 10:12:47.551  9776  9776 I com.huawei.hia: Reinit property: dalvik.vm.checkjni= false
08-16 10:12:47.551  9776  9776 I com.huawei.hia: ReInitProperties: persist.vm.debug.dumpapi= false
08-16 10:12:47.553  9776  9776 E com.huawei.hia: Not starting debugger since process cannot load the jdwp agent.
08-16 10:12:47.557  8083  8316 V PowerKitApi: bind power kit service, state: true
08-16 10:12:47.558  8083  8083 V PowerKitApi: Power kit service connected
08-16 10:12:47.560  2690 22776 I PowerKit_Impl: register sink from pid: 8083
08-16 10:12:47.560  2690 22776 I PowerKit_Impl: registerSink callingUid : 10028 callingPkg: com.android.gallery3d
08-16 10:12:47.560  8083  8083 I PowerKitApi: registerSink return true
08-16 10:12:47.562  2690 22776 I PowerKit_Impl: enable state type: 50 from pid: 8083
08-16 10:12:47.563  8083  8316 D HwOneHopSdkDelegate: registerOneHop, packageName:com.android.gallery3d
08-16 10:12:47.563  8083  8316 D EmcomManagerEx: onehopGetVersion
08-16 10:12:47.565  2661  5454 I Hicom_EMS: onehopGetVersion
08-16 10:12:47.565  8083  8316 D HwOneHopSdkDelegate: isSupportOneHopInterface strVersion:
08-16 10:12:47.565  8083  8316 D HwOneHopSdkDelegate: isSupportOneHopInterface mainVersion: 2subVersion:3
08-16 10:12:47.565  8083  8316 D EmcomManagerEx: registerOneHop packageName: com.android.gallery3dDataType: 3
08-16 10:12:47.565  8083  8316 D EmcomManager: registerOneHop packageName: com.android.gallery3d DataType: 3
08-16 10:12:47.566  8174  8678 I Cloud[13.2.0.303]Base.FileHelper: getICSStoragePath locationSdcard = null ,locationPcard = /storage/emulated/0 ,uDiskStoragePath = null, appClonePath = null
08-16 10:12:47.566  8174  8678 I Cloud[13.2.0.303]Sync.CloudBackupAppDataUtil: begin init appDataUtil appId = com.fungames.blockcraft
08-16 10:12:47.570  8174  8678 I Cloud[13.2.0.303]Sync.CloudBackupAppDataUtil: initAppFileInfo
08-16 10:12:47.571  8174  8678 I Cloud[13.2.0.303]Sync.CloudBackupAppDataUtil: match appInfo by emui
08-16 10:12:47.572  8174  8678 I Cloud[13.2.0.303]Sync.CloudBackupAppDataUtil: initDefaultFileInfoList
