08-16 10:12:47.573  8174  8678 I Cloud[13.2.0.303]Sync.CloudBackupAppDataUtil: end init appDataUtil
08-16 10:12:47.573  8174  8678 I Cloud[13.2.0.303]Sync.CloudBackupAppDataUtil: appId: com.fungames.blockcraft, isAppDataAble: false
08-16 10:12:47.578  2661  5454 I OneHopCallPermission: isTrustApp: valid package
08-16 10:12:47.580  2661  5454 D HandoffProxy: HwOneHop registerOneHop . packageName: com.android.gallery3d Type: 3 callback: android.emcom.IOneHopAppCallback$Stub$Proxy@54e5d01
08-16 10:12:47.580  2661  5454 D HandoffProxy: registerOneHop, handoffService not running.
08-16 10:12:47.586  8174  8678 I Cloud[13.2.0.303]Sync.GetOptionsInfoFromCloneTask: appId: com.fungames.blockcraft match om config, backup app data.
08-16 10:12:47.588  8174  8678 I Cloud[13.2.0.303]Sync.GetOptionsInfoFromCloneTask: getThirdAppOptionsInfo{"appId":"com.fungames.blockcraft","appName":"Block Craft 3D","appType":0,"backupData":true,"backupSwitch":false,"codeBytes":0,"data1":"","data2":"","data3":"","data4":"1282","data5":"","data6":"","dataBytes":0,"increase1":0,"increase2":0,"isDataEnable":0,"isDisable":false,"itemTotal":0,"operateTime":0,"operateType":0,"parent":"thirdApp","showType":0,"switchCount":0,"uid":0,"appApkSize":0,"appDataSize":0,"appSwitch":false,"isOmConfigAble":false}
08-16 10:12:47.594  9776  9776 D ApplicationLoaders: createClassLoader zip: /system/framework/com.huawei.nb.sdk.jar librarySearchPath: /hw_product/region_comm/oversea/app/HwHiAiEngine/lib/arm64:/hw_product/region_comm/oversea/app/HwHiAiEngine/HwHiAiEngine.apk!/lib/arm64-v8a:/system/lib64:/hw_product/lib64:/system/product/lib64:/prets/lib64 libraryPermittedPath: /data/user/0/com.huawei.hiai:/hw_product/region_comm/oversea/app/HwHiAiEngine:/system/lib64:/hw_product/lib64:/system/product/lib64:/prets/lib64 parent: java.lang.BootClassLoader@c9fb617 targetSdkVersion: 29 isBundled: true classLoaderName: null sharedLibraries: null
08-16 10:12:47.597  8955  8997 D ZrHung.AppEyeUiProbe: stop UiProbe
08-16 10:12:47.597  8955  8997 D ZrHung.AppEyeUiProbe: not watching, wait.
08-16 10:12:47.598  9776  9798 D HwFrameworkSecurityPartsFactory: HwFrameworkSecurityPartsFactory in.
08-16 10:12:47.598  9776  9798 I HwFrameworkSecurityPartsFactory: add HwFrameworkSecurityPartsFactory to memory.
08-16 10:12:47.603  8174  8678 I Cloud[13.2.0.303]Base.FileHelper: getICSStoragePath locationSdcard = null ,locationPcard = /storage/emulated/0 ,uDiskStoragePath = null, appClonePath = null
08-16 10:12:47.603  8174  8678 I Cloud[13.2.0.303]Sync.CloudBackupAppDataUtil: begin init appDataUtil appId = com.microsoft.office.powerpoint
08-16 10:12:47.604 26474 26474 D BoundBrokerSvc: onBind: Intent { act=com.google.android.gms.presencemanager.service.START dat=chimera-action: cmp=com.google.android.gms/.chimera.PersistentApiService }
08-16 10:12:47.604 26474 26474 D BoundBrokerSvc: Loading bound service for intent: Intent { act=com.google.android.gms.presencemanager.service.START dat=chimera-action: cmp=com.google.android.gms/.chimera.PersistentApiService }
08-16 10:12:47.608  9776  9776 I com.huawei.hia: The ClassLoaderContext is a special shared library.
08-16 10:12:47.609 26474 26474 D BoundBrokerSvc: onBind: Intent { act=com.google.android.gms.presencemanager.service.INTERNAL_IDENTITY dat=chimera-action: cmp=com.google.android.gms/.chimera.PersistentApiService }
08-16 10:12:47.609 26474 26474 D BoundBrokerSvc: Loading bound service for intent: Intent { act=com.google.android.gms.presencemanager.service.INTERNAL_IDENTITY dat=chimera-action: cmp=com.google.android.gms/.chimera.PersistentApiService }
08-16 10:12:47.612  9776  9776 D ApplicationLoaders: createClassLoader zip: /system/framework/hisoftbus.jar librarySearchPath: /hw_product/region_comm/oversea/app/HwHiAiEngine/lib/arm64:/hw_product/region_comm/oversea/app/HwHiAiEngine/HwHiAiEngine.apk!/lib/arm64-v8a:/system/lib64:/hw_product/lib64:/system/product/lib64:/prets/lib64 libraryPermittedPath: /data/user/0/com.huawei.hiai:/hw_product/region_comm/oversea/app/HwHiAiEngine:/system/lib64:/hw_product/lib64:/system/product/lib64:/prets/lib64 parent: java.lang.BootClassLoader@c9fb617 targetSdkVersion: 29 isBundled: true classLoaderName: null sharedLibraries: null
08-16 10:12:47.613  8174  8678 I Cloud[13.2.0.303]Sync.CloudBackupAppDataUtil: initAppFileInfo
08-16 10:12:47.614  8174  8678 I Cloud[13.2.0.303]Sync.CloudBackupAppDataUtil: match appInfo by emui
08-16 10:12:47.615  8174  8678 I Cloud[13.2.0.303]Sync.CloudBackupAppDataUtil: initDefaultFileInfoList
08-16 10:12:47.616  8174  8678 I Cloud[13.2.0.303]Sync.CloudBackupAppDataUtil: end init appDataUtil
08-16 10:12:47.616  8174  8678 I Cloud[13.2.0.303]Sync.CloudBackupAppDataUtil: appId: com.microsoft.office.powerpoint, isAppDataAble: false
08-16 10:12:47.621  9776  9776 W ziparchive: Zip: empty archive?
08-16 10:12:47.622  8174  8678 I Cloud[13.2.0.303]Sync.GetOptionsInfoFromCloneTask: appId: com.microsoft.office.powerpoint match om config, backup app data.
08-16 10:12:47.622  9776  9776 I com.huawei.hia: The ClassLoaderContext is a special shared library.
08-16 10:12:47.623  8174  8678 I Cloud[13.2.0.303]Sync.GetOptionsInfoFromCloneTask: getThirdAppOptionsInfo{"appId":"com.microsoft.office.powerpoint","appName":"PowerPoint","appType":0,"backupData":true,"backupSwitch":false,"codeBytes":0,"data1":"","data2":"","data3":"","data4":"2003592774","data5":"","data6":"","dataBytes":0,"increase1":0,"increase2":0,"isDataEnable":0,"isDisable":false,"itemTotal":0,"operateTime":0,"operateType":0,"parent":"thirdApp","showType":0,"switchCount":0,"uid":0,"appApkSize":0,"appDataSize":0,"appSwitch":false,"isOmConfigAble":false}
08-16 10:12:47.625  9776  9776 D ApplicationLoaders: createClassLoader zip: /system/framework/org.apache.http.legacy.jar librarySearchPath: /hw_product/region_comm/oversea/app/HwHiAiEngine/lib/arm64:/hw_product/region_comm/oversea/app/HwHiAiEngine/HwHiAiEngine.apk!/lib/arm64-v8a:/system/lib64:/hw_product/lib64:/system/product/lib64:/prets/lib64 libraryPermittedPath: /data/user/0/com.huawei.hiai:/hw_product/region_comm/oversea/app/HwHiAiEngine:/system/lib64:/hw_product/lib64:/system/product/lib64:/prets/lib64 parent: java.lang.BootClassLoader@c9fb617 targetSdkVersion: 29 isBundled: true classLoaderName: null sharedLibraries: null
08-16 10:12:47.629  9776  9776 I com.huawei.hia: The ClassLoaderContext is a special shared library.
08-16 10:12:47.631  9776  9776 D ApplicationLoaders: createClassLoader zip: /hw_product/region_comm/oversea/app/HwHiAiEngine/HwHiAiEngine.apk librarySearchPath: /hw_product/region_comm/oversea/app/HwHiAiEngine/lib/arm64:/hw_product/region_comm/oversea/app/HwHiAiEngine/HwHiAiEngine.apk!/lib/arm64-v8a:/system/lib64:/hw_product/lib64:/system/product/lib64:/prets/lib64 libraryPermittedPath: /data/user/0/com.huawei.hiai:/hw_product/region_comm/oversea/app/HwHiAiEngine:/system/lib64:/hw_product/lib64:/system/product/lib64:/prets/lib64 parent: java.lang.BootClassLoader@c9fb617 targetSdkVersion: 29 isBundled: true classLoaderName: null sharedLibraries: [dalvik.system.PathClassLoader[DexPathList[[zip file "/system/framework/com.huawei.nb.sdk.jar"],nativeLibraryDirectories=[/hw_product/region_comm/oversea/app/HwHiAiEngine/lib/arm64, /hw_product/region_comm/oversea/app/HwHiAiEngine/HwHiAiEngine.apk!/lib/arm64-v8a, /system/lib64, /hw_product/lib64, /system/product/lib64, /prets/lib64, /system/lib64, /hw_product/lib64, /system/product/lib64, /prets/lib64]]], dalvik.system.PathClassLoader[DexPathList[[zip file "/system/framework/hisoftbus.jar"],nativeLibraryDirectories=[/hw_product/region_comm/oversea/app/HwHiAiEngine/lib/arm64, /hw_product/region_comm/oversea/app/HwHiAiEngine/HwHiAiEngine.apk!/lib/arm64-v8a, /system/lib64, /hw_product/lib64, /system/product/lib64, /prets/lib64, /system/lib64, /hw_product/lib64, /system/product/lib64, /prets/lib64]]], dalvik.system.PathClassLoader[DexPathList[[zip file "/system/framework/org.apache.http.legacy.jar"],nativeLibraryDirectories=[/hw_product/region_comm/oversea/app/HwHiAiEngine/lib/arm64, /hw_product/region_comm/oversea/app/HwHiAiEngine/HwHiAiEngine.apk!/lib/arm64-v8a, /system/lib64, /hw_product/lib64, /system/product/lib64, /prets/lib64, /system/lib64, /hw_product/lib64, /system/product/lib64, /prets/lib64]]], dalvik.system.PathClassLoader[DexPathList[[zip file "/system/framework/org.apache.http.legacy.jar"],nativeLibraryDirectories=[/hw_product/region_comm/oversea/app/HwHiAiEngine/lib/arm64, /hw_product/region_comm/oversea/app/HwHiAiEngine/HwHiAiEngine.apk!/lib/arm64-v8a, /system/lib64, /hw_product/lib64, /system/product/lib64, /prets/lib64, /system/lib64, /hw_product/lib64, /system/product/lib64, /prets/lib64]]], dalvik.system.PathClassLoader[DexPathList[[zip file "/system/framework/org.apache.http.legacy.jar"],nativeLibraryDirectories=[/hw_product/region_comm/oversea/app/HwHiAiEngine/lib/arm64, /hw_product/region_comm/oversea/app/HwHiAiEngine/HwHiAiEngine.apk!/lib/arm64-v8a, /system/lib64, /hw_product/lib64, /system/product/lib64, /prets/lib64, /system/lib64, /hw_product/lib64, /system/product/lib64, /prets/lib64]]]]
08-16 10:12:47.632  2661  3071 I HwPacketFilterBypass: kernelAddTrackUid uid:10431 allowed:true
08-16 10:12:47.639  8174  8678 I Cloud[13.2.0.303]Base.FileHelper: getICSStoragePath locationSdcard = null ,locationPcard = /storage/emulated/0 ,uDiskStoragePath = null, appClonePath = null
08-16 10:12:47.640  8174  8678 I Cloud[13.2.0.303]Sync.CloudBackupAppDataUtil: begin init appDataUtil appId = com.grability.rappi
08-16 10:12:47.643  8174  8678 I Cloud[13.2.0.303]Sync.CloudBackupAppDataUtil: initAppFileInfo
08-16 10:12:47.644  8174  8678 I Cloud[13.2.0.303]Sync.CloudBackupAppDataUtil: match appInfo by emui
08-16 10:12:47.645  8174  8678 I Cloud[13.2.0.303]Sync.CloudBackupAppDataUtil: initDefaultFileInfoList
08-16 10:12:47.645  8174  8678 I Cloud[13.2.0.303]Sync.CloudBackupAppDataUtil: end init appDataUtil
08-16 10:12:47.646  8174  8678 I Cloud[13.2.0.303]Sync.CloudBackupAppDataUtil: appId: com.grability.rappi, isAppDataAble: false
08-16 10:12:47.646  2661  3920 I Booster_Qoe: AdaBoostPredict rlt,index:4,NisPsSlow:0,NProba:425,rsrp(rssi):-95,rsrq(noise):-9,rtt(chload):0,buffhigh(uldelay):0,buffcomm(rtt):0
08-16 10:12:47.646  2661  3920 I Booster_Qoe: AdaBoostPredict rlt,index:0,NisPsSlow:0,NProba:398,rsrp(rssi):-95,rsrq(noise):-9,rtt(chload):93,buffhigh(uldelay):0,buffcomm(rtt):0
08-16 10:12:47.647  2661  3353 I Hicom_Monitor: handleNetworkQoeReport. foregroundAppTcpRtt: 0, maxRatioChannelId: 0
08-16 10:12:47.647  2661  3353 I Hicom_Monitor: handleNetworkQoeReport. qoeString: 10431,4,0,425,1,0,4,0,398,7958,19895,10,0,0,0,0,0
08-16 10:12:47.651  8174  8678 I Cloud[13.2.0.303]Sync.GetOptionsInfoFromCloneTask: appId: com.grability.rappi match om config, backup app data.
08-16 10:12:47.653  8174  8678 I Cloud[13.2.0.303]Sync.GetOptionsInfoFromCloneTask: getThirdAppOptionsInfo{"appId":"com.grability.rappi","appName":"Rappi","appType":0,"backupData":true,"backupSwitch":false,"codeBytes":0,"data1":"","data2":"","data3":"","data4":"74162","data5":"","data6":"","dataBytes":0,"increase1":0,"increase2":0,"isDataEnable":0,"isDisable":false,"itemTotal":0,"operateTime":0,"operateType":0,"parent":"thirdApp","showType":0,"switchCount":0,"uid":0,"appApkSize":0,"appDataSize":0,"appSwitch":false,"isOmConfigAble":false}
08-16 10:12:47.656  2661  3071 I OllieMsgCenter: publishEvt=2135097345
08-16 10:12:47.665  8174  8678 I Cloud[13.2.0.303]Base.FileHelper: getICSStoragePath locationSdcard = null ,locationPcard = /storage/emulated/0 ,uDiskStoragePath = null, appClonePath = null
08-16 10:12:47.665  8174  8678 I Cloud[13.2.0.303]Sync.CloudBackupAppDataUtil: begin init appDataUtil appId = com.huawei.welinknow
08-16 10:12:47.668  6225  9802 I CAWARENESS_AbilityContext: [1692195604445] publishing {dataId=100000006, mode=0}
08-16 10:12:47.668  6225  9802 I CAWARENESS_AbilityContext: [1692195604445] deliver {dataId=100000006, mode=0} to 5 receivers
08-16 10:12:47.668  8174  8678 I Cloud[13.2.0.303]Sync.CloudBackupAppDataUtil: initAppFileInfo
08-16 10:12:47.669  8174  8678 I Cloud[13.2.0.303]Sync.CloudBackupAppDataUtil: match appInfo by emui
08-16 10:12:47.670  8174  8678 I Cloud[13.2.0.303]Sync.CloudBackupAppDataUtil: initDefaultFileInfoList
08-16 10:12:47.670  8174  8678 I Cloud[13.2.0.303]Sync.CloudBackupAppDataUtil: end init appDataUtil
08-16 10:12:47.671  8174  8678 I Cloud[13.2.0.303]Sync.CloudBackupAppDataUtil: appId: com.huawei.welinknow, isAppDataAble: false
08-16 10:12:47.673  8174  8678 I Cloud[13.2.0.303]Sync.GetOptionsInfoFromCloneTask: appId: com.huawei.welinknow match om config, backup app data.
08-16 10:12:47.674  8174  8678 I Cloud[13.2.0.303]Sync.GetOptionsInfoFromCloneTask: getThirdAppOptionsInfo{"appId":"com.huawei.welinknow","appName":"Link Now","appType":0,"backupData":true,"backupSwitch":false,"codeBytes":0,"data1":"","data2":"","data3":"","data4":"20001301","data5":"","data6":"","dataBytes":0,"increase1":0,"increase2":0,"isDataEnable":0,"isDisable":false,"itemTotal":0,"operateTime":0,"operateType":0,"parent":"thirdApp","showType":0,"switchCount":0,"uid":0,"appApkSize":0,"appDataSize":0,"appSwitch":false,"isOmConfigAble":false}
08-16 10:12:47.689  8174  8678 I Cloud[13.2.0.303]Base.FileHelper: getICSStoragePath locationSdcard = null ,locationPcard = /storage/emulated/0 ,uDiskStoragePath = null, appClonePath = null
08-16 10:12:47.689  8174  8678 I Cloud[13.2.0.303]Sync.CloudBackupAppDataUtil: begin init appDataUtil appId = com.android.chrome
08-16 10:12:47.691  9776  9798 I HwApiCacheMangerEx: apicache path=/storage/emulated/0 state=mounted key=com.huawei.hiai#10030#256
08-16 10:12:47.691  9776  9798 I HwApiCacheMangerEx: need clear apicache,because volumes changed,oldCnt=0 newCnt=1
08-16 10:12:47.693  9776  9776 I com.huawei.hia: QarthPatchMonintor::Run
08-16 10:12:47.694  8174  8678 I Cloud[13.2.0.303]Sync.CloudBackupAppDataUtil: initAppFileInfo
08-16 10:12:47.694  9776  9798 I HwApiCacheMangerEx: apicache path=/storage/emulated/0 state=mounted key=com.huawei.hiai#10030#0
08-16 10:12:47.694  9776  9798 I HwApiCacheMangerEx: need clear apicache,because volumes changed,oldCnt=1 newCnt=1
08-16 10:12:47.695  8174  8678 I Cloud[13.2.0.303]Sync.CloudBackupAppDataUtil: match appInfo by emui
08-16 10:12:47.698  8174  8678 I Cloud[13.2.0.303]Sync.CloudBackupAppDataUtil: initDefaultFileInfoList
08-16 10:12:47.699  8174  8678 I Cloud[13.2.0.303]Sync.CloudBackupAppDataUtil: end init appDataUtil
08-16 10:12:47.699  8174  8678 I Cloud[13.2.0.303]Sync.CloudBackupAppDataUtil: appId: com.android.chrome, isAppDataAble: false
08-16 10:12:47.706  8174  8678 I Cloud[13.2.0.303]Sync.GetOptionsInfoFromCloneTask: appId: com.android.chrome match om config, backup app data.
08-16 10:12:47.707  8174  8678 I Cloud[13.2.0.303]Sync.GetOptionsInfoFromCloneTask: getThirdAppOptionsInfo{"appId":"com.android.chrome","appName":"Chrome","appType":0,"backupData":true,"backupSwitch":false,"codeBytes":0,"data1":"","data2":"","data3":"","data4":"579016631","data5":"","data6":"","dataBytes":0,"increase1":0,"increase2":0,"isDataEnable":0,"isDisable":false,"itemTotal":0,"operateTime":0,"operateType":0,"parent":"thirdApp","showType":0,"switchCount":0,"uid":0,"appApkSize":0,"appDataSize":0,"appSwitch":false,"isOmConfigAble":false}
08-16 10:12:47.710  9776  9776 I HwHiAIEngine_SystemPropertiesUtil: debugOnFlag is:0
08-16 10:12:47.716  9776  9776 I HwHiAIEngine_AiEngineProvider: onCreate DATABASE_VERSION is 3
08-16 10:12:47.717  9776  9776 I HwHiAIEngine_AiEngineProvider: createDatabaseLabel
08-16 10:12:47.723  8174  8678 I Cloud[13.2.0.303]Base.FileHelper: getICSStoragePath locationSdcard = null ,locationPcard = /storage/emulated/0 ,uDiskStoragePath = null, appClonePath = null
08-16 10:12:47.723  8174  8678 I Cloud[13.2.0.303]Sync.CloudBackupAppDataUtil: begin init appDataUtil appId = com.bigbluebubble.singingmonsters.full
08-16 10:12:47.728  8174  8678 I Cloud[13.2.0.303]Sync.CloudBackupAppDataUtil: initAppFileInfo
08-16 10:12:47.729  8174  8678 I Cloud[13.2.0.303]Sync.CloudBackupAppDataUtil: match appInfo by emui
08-16 10:12:47.730  9776  9776 I HwHiAIEngine_FileLabelUtil: Identify file label is s2.
08-16 10:12:47.731  8174  8678 I Cloud[13.2.0.303]Sync.CloudBackupAppDataUtil: initDefaultFileInfoList
08-16 10:12:47.732  8174  8678 I Cloud[13.2.0.303]Sync.CloudBackupAppDataUtil: end init appDataUtil
08-16 10:12:47.733  8174  8678 I Cloud[13.2.0.303]Sync.CloudBackupAppDataUtil: appId: com.bigbluebubble.singingmonsters.full, isAppDataAble: false
08-16 10:12:47.733  9776  9776 I HwHiAIEngine_DeviceUtil: OsBrand: emui
08-16 10:12:47.737  9776  9776 I HwHiAIEngine_HiAiEngineDeProvider: onCreate DATABASE_VERSION is 4
08-16 10:12:47.737  9776  9776 I HwHiAIEngine_HiAiEngineDeProvider: createDatabaseLabel
08-16 10:12:47.740  9776  9776 I HwHiAIEngine_FileLabelUtil: Identify file label is s1.
08-16 10:12:47.740  9776  9776 I HwHiAIEngine_DeviceUtil: OsBrand: emui
08-16 10:12:47.742  8174  8678 I Cloud[13.2.0.303]Sync.GetOptionsInfoFromCloneTask: appId: com.bigbluebubble.singingmonsters.full match om config, backup app data.
08-16 10:12:47.750  8174  8678 I Cloud[13.2.0.303]Sync.GetOptionsInfoFromCloneTask: getThirdAppOptionsInfo{"appId":"com.bigbluebubble.singingmonsters.full","appName":"My Singing Monsters","appType":0,"backupData":true,"backupSwitch":false,"codeBytes":0,"data1":"","data2":"","data3":"","data4":"338","data5":"","data6":"","dataBytes":0,"increase1":0,"increase2":0,"isDataEnable":0,"isDisable":false,"itemTotal":0,"operateTime":0,"operateType":0,"parent":"thirdApp","showType":0,"switchCount":0,"uid":0,"appApkSize":0,"appDataSize":0,"appSwitch":false,"isOmConfigAble":false}
08-16 10:12:47.755  9776  9798 I HwPartIawareFactory: add android.common.HwPartIawareFactoryImpl to memory.
08-16 10:12:47.756  9776  9798 I AwareBitmapCacher: init processName:com.huawei.hiai pid=9776 uid=10030
08-16 10:12:47.769  8174  8678 I Cloud[13.2.0.303]Base.FileHelper: getICSStoragePath locationSdcard = null ,locationPcard = /storage/emulated/0 ,uDiskStoragePath = null, appClonePath = null
08-16 10:12:47.769  8174  8678 I Cloud[13.2.0.303]Sync.CloudBackupAppDataUtil: begin init appDataUtil appId = com.Earthkwak.Platformer
08-16 10:12:47.777  9776  9776 I HwHiAIEngine_AiEngineEceProvider: onCreate DATABASE_VERSION is 1
08-16 10:12:47.779  9776  9776 I HwHiAIEngine_FileLabelUtil: set empty directory ece protect type
08-16 10:12:47.779  9776  9776 I HwHiAIEngine_DeviceUtil: OsBrand: emui
08-16 10:12:47.780  8174  8678 I Cloud[13.2.0.303]Sync.CloudBackupAppDataUtil: initAppFileInfo
08-16 10:12:47.781  8174  8678 I Cloud[13.2.0.303]Sync.CloudBackupAppDataUtil: match appInfo by emui
08-16 10:12:47.782  8174  8678 I Cloud[13.2.0.303]Sync.CloudBackupAppDataUtil: initDefaultFileInfoList
08-16 10:12:47.783  8174  8678 I Cloud[13.2.0.303]Sync.CloudBackupAppDataUtil: end init appDataUtil
08-16 10:12:47.783  8174  8678 I Cloud[13.2.0.303]Sync.CloudBackupAppDataUtil: appId: com.Earthkwak.Platformer, isAppDataAble: false
08-16 10:12:47.786  8174  8678 I Cloud[13.2.0.303]Sync.GetOptionsInfoFromCloneTask: appId: com.Earthkwak.Platformer match om config, backup app data.
08-16 10:12:47.786   505   513 I fbex    : versionNum 2
08-16 10:12:47.786  9776  9776 I HwSfpManager: getFbeVersion version = 0
08-16 10:12:47.787  8174  8678 I Cloud[13.2.0.303]Sync.GetOptionsInfoFromCloneTask: getThirdAppOptionsInfo{"appId":"com.Earthkwak.Platformer","appName":"Super Bear Adventure","appType":0,"backupData":true,"backupSwitch":false,"codeBytes":0,"data1":"","data2":"","data3":"","data4":"87","data5":"","data6":"","dataBytes":0,"increase1":0,"increase2":0,"isDataEnable":0,"isDisable":false,"itemTotal":0,"operateTime":0,"operateType":0,"parent":"thirdApp","showType":0,"switchCount":0,"uid":0,"appApkSize":0,"appDataSize":0,"appSwitch":false,"isOmConfigAble":false}
08-16 10:12:47.789  9776  9776 D iudf_xattr: Begin SetDirFileXattr.
08-16 10:12:47.789  9776  9776 D iudf_xattr: Begin DecodeKeyDesc.
08-16 10:12:47.789  9776  9776 I HwHiAIEngine_AiEngineEceProvider: registerScreenObserver
08-16 10:12:47.796  9776  9776 I HwHiAIEngine_AiEngineEceProvider: dealUnlock
08-16 10:12:47.797  9776  9776 I HwHiAIEngine_AiEngineSeceProvider: onCreate DATABASE_VERSION is 1
08-16 10:12:47.801  9776  9776 I HwHiAIEngine_FileLabelUtil: set empty directory sece protect type
08-16 10:12:47.801  9776  9776 I HwHiAIEngine_DeviceUtil: OsBrand: emui
08-16 10:12:47.801  9776  9776 E HwHiAIEngine_FileLabelUtil: The directory must be empty.
08-16 10:12:47.801  9776  9776 I HwHiAIEngine_AiEngineSeceProvider: registerScreenObserver
08-16 10:12:47.805  8174  8678 I Cloud[13.2.0.303]Base.FileHelper: getICSStoragePath locationSdcard = null ,locationPcard = /storage/emulated/0 ,uDiskStoragePath = null, appClonePath = null
08-16 10:12:47.806  8174  8678 I Cloud[13.2.0.303]Sync.CloudBackupAppDataUtil: begin init appDataUtil appId = com.google.android.tts
08-16 10:12:47.806  9776  9776 I HwHiAIEngine_AiEngineSeceProvider: dealUnlock
08-16 10:12:47.806  9776  9776 I HwHiAIEngine_AiEngineSeceProvider: getWriteableDb
08-16 10:12:47.810  8174  8678 I Cloud[13.2.0.303]Sync.CloudBackupAppDataUtil: initAppFileInfo
08-16 10:12:47.813  8174  8678 I Cloud[13.2.0.303]Sync.CloudBackupAppDataUtil: match appInfo by emui
08-16 10:12:47.815  8174  8678 I Cloud[13.2.0.303]Sync.CloudBackupAppDataUtil: initDefaultFileInfoList
08-16 10:12:47.816  8174  8678 I Cloud[13.2.0.303]Sync.CloudBackupAppDataUtil: end init appDataUtil
08-16 10:12:47.816  8174  8678 I Cloud[13.2.0.303]Sync.CloudBackupAppDataUtil: appId: com.google.android.tts, isAppDataAble: false
08-16 10:12:47.822  8174  8678 I Cloud[13.2.0.303]Sync.GetOptionsInfoFromCloneTask: appId: com.google.android.tts match om config, backup app data.
08-16 10:12:47.823  8174  8678 I Cloud[13.2.0.303]Sync.GetOptionsInfoFromCloneTask: getThirdAppOptionsInfo{"appId":"com.google.android.tts","appName":"Reconocimiento y síntesis de voz de Google","appType":0,"backupData":true,"backupSwitch":false,"codeBytes":0,"data1":"","data2":"","data3":"","data4":"210437205","data5":"","data6":"","dataBytes":0,"increase1":0,"increase2":0,"isDataEnable":0,"isDisable":false,"itemTotal":0,"operateTime":0,"operateType":0,"parent":"thirdApp","showType":0,"switchCount":0,"uid":0,"appApkSize":0,"appDataSize":0,"appSwitch":false,"isOmConfigAble":false}
08-16 10:12:47.829  9776  9776 I HwHiAIEngine_FileLabelUtil: file set s3 sece label
08-16 10:12:47.829  9776  9776 I HwHiAIEngine_DeviceUtil: OsBrand: emui
08-16 10:12:47.830  9776  9776 W HwSfpPolicyManager: setLabelInner: the security level of target path has been set!
08-16 10:12:47.831  9776  9776 I HwSfpPolicyManager: eventId : 992740301, result code : 2
08-16 10:12:47.835  9776  9776 I HwHiAIEngine_FileLabelUtil: file set s3 sece result ：2
08-16 10:12:47.835  9776  9776 I HwHiAIEngine_ScreenListener: unregister
08-16 10:12:47.847  8174  8678 I Cloud[13.2.0.303]Base.FileHelper: getICSStoragePath locationSdcard = null ,locationPcard = /storage/emulated/0 ,uDiskStoragePath = null, appClonePath = null
08-16 10:12:47.847  8174  8678 I Cloud[13.2.0.303]Sync.CloudBackupAppDataUtil: begin init appDataUtil appId = com.google.android.videos
08-16 10:12:47.853  8174  8678 I Cloud[13.2.0.303]Sync.CloudBackupAppDataUtil: initAppFileInfo
08-16 10:12:47.856  8174  8678 I Cloud[13.2.0.303]Sync.CloudBackupAppDataUtil: match appInfo by emui
08-16 10:12:47.858  2661  3071 I DollieDcTracterAdapter: handleSendGetTcpSumToKernel enter
08-16 10:12:47.858  2690  3310 I LocationDetection: need regisiter L_H_F
08-16 10:12:47.859  8174  8678 I Cloud[13.2.0.303]Sync.CloudBackupAppDataUtil: initDefaultFileInfoList
08-16 10:12:47.859  6225  9809 I CAWARENESS_CompatibleBinder: registerLocationFence
08-16 10:12:47.861  6225  9809 I CAWARENESS_CompatibleBinder: registerLocationFence
08-16 10:12:47.861  8174  8678 I Cloud[13.2.0.303]Sync.CloudBackupAppDataUtil: end init appDataUtil
08-16 10:12:47.861  6225  9809 W CAWARENESS_ThreadPool: thread pool FenceManager(1) is busy 1/2
08-16 10:12:47.862  6225  9809 I CAWARENESS_CompatibleBinder: registerLocationFence
08-16 10:12:47.862  6225  9809 W CAWARENESS_ThreadPool: thread pool FenceManager(1) is busy 2/3
08-16 10:12:47.863  8174  8678 I Cloud[13.2.0.303]Sync.CloudBackupAppDataUtil: appId: com.google.android.videos, isAppDataAble: false
08-16 10:12:47.863  6225  9811 I CAWARENESS_FenceManager: addDataId name = null
08-16 10:12:47.863  6225  9811 I CAWARENESS_FenceManager: addDataId dataId = 0
08-16 10:12:47.863  6225  9811 I CAWARENESS_ManagedFenceFactory: AwarenessFence parsing to Optional.empty
08-16 10:12:47.863  6225  9811 I CAWARENESS_FenceManager: onResult, onResultListener=com.huawei.hiai.awareness.opencapacity.fence.FenceManager$3@363884d, code=0
08-16 10:12:47.863  6225  9811 I CAWARENESS_CacheReportDataService: insertData
08-16 10:12:47.863  6225  9809 I CAWARENESS_CompatibleBinder: registerLocationFence
08-16 10:12:47.863  6225  9809 W CAWARENESS_ThreadPool: thread pool FenceManager(1) is busy 3/4
08-16 10:12:47.863  2690 22776 I LocationDetection: leaveHomeFence: RequestResult{6, 2, 3, null, 0, 0, 100, com.huawei.powergenie_1:1;6,2,3, 1, null, 4, 200007, error_unknown}
08-16 10:12:47.864  6225  9813 I CAWARENESS_FenceManager: addDataId name = null
08-16 10:12:47.864  6225  9813 I CAWARENESS_FenceManager: addDataId dataId = 0
08-16 10:12:47.864  6225  9813 I CAWARENESS_ManagedFenceFactory: AwarenessFence parsing to Optional.empty
08-16 10:12:47.864  6225  9813 I CAWARENESS_FenceManager: onResult, onResultListener=com.huawei.hiai.awareness.opencapacity.fence.FenceManager$3@2151250, code=0
08-16 10:12:47.864  6225  9813 I CAWARENESS_CacheReportDataService: insertData
08-16 10:12:47.864  6225  9813 W CAWARENESS_ThreadPool: thread pool CacheReportDataService(1) is busy 1/2
08-16 10:12:47.864  2690 22776 I LocationDetection: arriveHomeFence: RequestResult{6, 1, 3, null, 0, 0, 100, com.huawei.powergenie_1:1;6,1,3, 1, null, 4, 200007, error_unknown}
08-16 10:12:47.865  6225  9814 I CAWARENESS_FenceManager: addDataId name = null
08-16 10:12:47.865  6225  9814 I CAWARENESS_FenceManager: addDataId dataId = 0
08-16 10:12:47.865  6225  9814 I CAWARENESS_ManagedFenceFactory: AwarenessFence parsing to Optional.empty
08-16 10:12:47.865  6225  9814 I CAWARENESS_FenceManager: onResult, onResultListener=com.huawei.hiai.awareness.opencapacity.fence.FenceManager$3@224b94e, code=0
08-16 10:12:47.865  6225  9814 I CAWARENESS_CacheReportDataService: insertData
08-16 10:12:47.865  6225  9814 W CAWARENESS_ThreadPool: thread pool CacheReportDataService(1) is busy 2/3
08-16 10:12:47.865  2690 22776 I LocationDetection: leaveCompanyFence: RequestResult{6, 8, 3, null, 0, 0, 100, com.huawei.powergenie_1:1;6,8,3, 1, null, 4, 200007, error_unknown}
08-16 10:12:47.865  6225  9812 I CAWARENESS_AwarenessSQLiteDatabase: insert recId is 13557772
08-16 10:12:47.865  6225  9815 I CAWARENESS_FenceManager: addDataId name = null
08-16 10:12:47.866  6225  9815 I CAWARENESS_FenceManager: addDataId dataId = 0
08-16 10:12:47.866  6225  9815 I CAWARENESS_ManagedFenceFactory: AwarenessFence parsing to Optional.empty
08-16 10:12:47.866  6225  9815 I CAWARENESS_FenceManager: onResult, onResultListener=com.huawei.hiai.awareness.opencapacity.fence.FenceManager$3@bc1037c, code=0
08-16 10:12:47.866  6225  9815 I CAWARENESS_CacheReportDataService: insertData
08-16 10:12:47.866  6225  9815 W CAWARENESS_ThreadPool: thread pool CacheReportDataService(1) is busy 3/4
08-16 10:12:47.866  2690 22776 I LocationDetection: arriveCompanyFence: RequestResult{6, 4, 3, null, 0, 0, 100, com.huawei.powergenie_1:1;6,4,3, 1, null, 4, 200007, error_unknown}
08-16 10:12:47.866  6225  9812 I CAWARENESS_CacheReportDataService: Current count 149
08-16 10:12:47.868  6225  9816 I CAWARENESS_AwarenessSQLiteDatabase: insert recId is 13557773
08-16 10:12:47.869  6225  9816 I CAWARENESS_CacheReportDataService: Current count 150
08-16 10:12:47.870  8174  8678 I Cloud[13.2.0.303]Sync.GetOptionsInfoFromCloneTask: appId: com.google.android.videos match om config, backup app data.
08-16 10:12:47.871  6225  9817 I CAWARENESS_AwarenessSQLiteDatabase: insert recId is 13557774
08-16 10:12:47.871  6225  9817 I CAWARENESS_CacheReportDataService: Current count 151
08-16 10:12:47.872  6225  9818 I CAWARENESS_AwarenessSQLiteDatabase: insert recId is 13557775
08-16 10:12:47.872  6225  9818 I CAWARENESS_CacheReportDataService: Current count 152
08-16 10:12:47.873  8174  8678 I Cloud[13.2.0.303]Sync.GetOptionsInfoFromCloneTask: getThirdAppOptionsInfo{"appId":"com.google.android.videos","appName":"Google TV","appType":0,"backupData":true,"backupSwitch":false,"codeBytes":0,"data1":"","data2":"","data3":"","data4":"439071731","data5":"","data6":"","dataBytes":0,"increase1":0,"increase2":0,"isDataEnable":0,"isDisable":false,"itemTotal":0,"operateTime":0,"operateType":0,"parent":"thirdApp","showType":0,"switchCount":0,"uid":0,"appApkSize":0,"appDataSize":0,"appSwitch":false,"isOmConfigAble":false}
08-16 10:12:47.874  9776  9776 I HwHiAIEngine_ResPackageUtil: ResPackageUtil premadeResources called
08-16 10:12:47.875  9776  9776 I HwHiAIEngine_ThreadPoolExecutorUtil: ThreadPoolExecutorUtil execute
08-16 10:12:47.880  9776  9776 I HwHiAIEngine_AbsUpdateManager: startUpdate called
08-16 10:12:47.890  9776  9819 I HwHiAIEngine_ResPackageUtil: ResPackageUtil readPremadeResToDatabase called
08-16 10:12:47.892  9776  9819 I HwHiAIEngine_n: FileUtil getJsonFileContent called
08-16 10:12:47.895  9776  9776 I HwHiAIEngine_AbsUpdateManager: startUpdate called
08-16 10:12:47.896  8174  8678 I Cloud[13.2.0.303]Base.FileHelper: getICSStoragePath locationSdcard = null ,locationPcard = /storage/emulated/0 ,uDiskStoragePath = null, appClonePath = null
08-16 10:12:47.896  8174  8678 I Cloud[13.2.0.303]Sync.CloudBackupAppDataUtil: begin init appDataUtil appId = com.pedidosya
08-16 10:12:47.902  8174  8678 I Cloud[13.2.0.303]Sync.CloudBackupAppDataUtil: initAppFileInfo
08-16 10:12:47.904  8174  8678 I Cloud[13.2.0.303]Sync.CloudBackupAppDataUtil: match appInfo by emui
08-16 10:12:47.906  8174  8678 I Cloud[13.2.0.303]Sync.CloudBackupAppDataUtil: initDefaultFileInfoList
08-16 10:12:47.907  8174  8678 I Cloud[13.2.0.303]Sync.CloudBackupAppDataUtil: end init appDataUtil
08-16 10:12:47.908  8174  8678 I Cloud[13.2.0.303]Sync.CloudBackupAppDataUtil: appId: com.pedidosya, isAppDataAble: false
08-16 10:12:47.921  9776  9821 I HwHiAIEngine_ResPackageUpdateHandler: ResPackageUpdateHandler handleStartMessage called
08-16 10:12:47.922  9776  9820 I HwHiAIEngine_i: no need to schedule job again
08-16 10:12:47.922  9776  9820 I HwHiAIEngine_AbsUpdateManager: stopUpdate called
08-16 10:12:47.922  9776  9821 I HwHiAIEngine_ResPackageUpdateHandler: no need to schedule job again
08-16 10:12:47.924  9776  9821 I HwHiAIEngine_AbsUpdateManager: stopUpdate called
08-16 10:12:47.924  9776  9821 I HwHiAIEngine_ResReportUtil: silentUpdateReport
08-16 10:12:47.924  9776  9821 I HwHiAIEngine_ResReportUtil: not report
08-16 10:12:47.925  8174  8678 I Cloud[13.2.0.303]Sync.GetOptionsInfoFromCloneTask: appId: com.pedidosya match om config, backup app data.
08-16 10:12:47.925  9776  9776 I HwTypeface: updateFont: scale=0.95
08-16 10:12:47.927  9776  9819 I HwHiAIEngine_ResPackageUtil: getCurrentVersion called
08-16 10:12:47.927  9776  9819 E HwHiAIEngine_ResPackageUtil: readPremadeResToDatabase version <= currentVersion
08-16 10:12:47.928  8174  8678 I Cloud[13.2.0.303]Sync.GetOptionsInfoFromCloneTask: getThirdAppOptionsInfo{"appId":"com.pedidosya","appName":"PedidosYa","appType":0,"backupData":true,"backupSwitch":false,"codeBytes":0,"data1":"","data2":"","data3":"","data4":"1596","data5":"","data6":"","dataBytes":0,"increase1":0,"increase2":0,"isDataEnable":0,"isDisable":false,"itemTotal":0,"operateTime":0,"operateType":0,"parent":"thirdApp","showType":0,"switchCount":0,"uid":0,"appApkSize":0,"appDataSize":0,"appSwitch":false,"isOmConfigAble":false}
08-16 10:12:47.929  9776  9776 D SystemFonts: areFontsVariable: script=Latn
08-16 10:12:47.960  8174  8678 I Cloud[13.2.0.303]Base.FileHelper: getICSStoragePath locationSdcard = null ,locationPcard = /storage/emulated/0 ,uDiskStoragePath = null, appClonePath = null
08-16 10:12:47.960  8174  8678 I Cloud[13.2.0.303]Sync.CloudBackupAppDataUtil: begin init appDataUtil appId = com.sosmartlabs.momo
08-16 10:12:47.967  8174  8678 I Cloud[13.2.0.303]Sync.CloudBackupAppDataUtil: initAppFileInfo
08-16 10:12:47.969  8174  8678 I Cloud[13.2.0.303]Sync.CloudBackupAppDataUtil: match appInfo by emui
08-16 10:12:47.971  8174  8678 I Cloud[13.2.0.303]Sync.CloudBackupAppDataUtil: initDefaultFileInfoList
08-16 10:12:47.972  8174  8678 I Cloud[13.2.0.303]Sync.CloudBackupAppDataUtil: end init appDataUtil
08-16 10:12:47.973  8174  8678 I Cloud[13.2.0.303]Sync.CloudBackupAppDataUtil: appId: com.sosmartlabs.momo, isAppDataAble: false
08-16 10:12:47.993  8174  8678 I Cloud[13.2.0.303]Sync.GetOptionsInfoFromCloneTask: appId: com.sosmartlabs.momo match om config, backup app data.
08-16 10:12:47.995  8174  8678 I Cloud[13.2.0.303]Sync.GetOptionsInfoFromCloneTask: getThirdAppOptionsInfo{"appId":"com.sosmartlabs.momo","appName":"SoyMomo Watch","appType":0,"backupData":true,"backupSwitch":false,"codeBytes":0,"data1":"","data2":"","data3":"","data4":"214","data5":"","data6":"","dataBytes":0,"increase1":0,"increase2":0,"isDataEnable":0,"isDisable":false,"itemTotal":0,"operateTime":0,"operateType":0,"parent":"thirdApp","showType":0,"switchCount":0,"uid":0,"appApkSize":0,"appDataSize":0,"appSwitch":false,"isOmConfigAble":false}
08-16 10:12:47.996   753   753 D AudioPolicyService: getUidState(10028) !cacheIter->second.first, return PROCESS_STATE_UNKNOWN
08-16 10:12:48.005  9776  9799 I HwHiAIEngine_PluginManager: updateInstalledSplits called
08-16 10:12:48.008  8174  8678 I Cloud[13.2.0.303]Base.FileHelper: getICSStoragePath locationSdcard = null ,locationPcard = /storage/emulated/0 ,uDiskStoragePath = null, appClonePath = null
08-16 10:12:48.008  8174  8678 I Cloud[13.2.0.303]Sync.CloudBackupAppDataUtil: begin init appDataUtil appId = com.project.pokedex
08-16 10:12:48.015  8174  8678 I Cloud[13.2.0.303]Sync.CloudBackupAppDataUtil: initAppFileInfo
08-16 10:12:48.017  8174  8678 I Cloud[13.2.0.303]Sync.CloudBackupAppDataUtil: match appInfo by emui
08-16 10:12:48.017  9776  9799 I HwHiAIEngine_PluginManager: queryPluginVersion called
08-16 10:12:48.018  9776  9799 I HwHiAIEngine_PluginManager: queryPluginVersion, plugin:cv_videomulti, version:2000033301
08-16 10:12:48.018  8174  8678 I Cloud[13.2.0.303]Sync.CloudBackupAppDataUtil: initDefaultFileInfoList
08-16 10:12:48.019  8083  8083 E HwHiAIEngine_VisionBase: Service disconnected : this.service is null
08-16 10:12:48.020  9776  9799 I HwHiAIEngine_PluginManager: queryPluginVersion called
08-16 10:12:48.020  8174  8678 I Cloud[13.2.0.303]Sync.CloudBackupAppDataUtil: end init appDataUtil
08-16 10:12:48.020  9776  9799 I HwHiAIEngine_PluginManager: queryPluginVersion, plugin:cv_facerating, version:2000033301
08-16 10:12:48.020  8174  8678 I Cloud[13.2.0.303]Sync.CloudBackupAppDataUtil: appId: com.project.pokedex, isAppDataAble: false
08-16 10:12:48.022  8083  8083 E HwHiAIEngine_VisionBase: mEngine is null when release
08-16 10:12:48.024  8174  8678 I Cloud[13.2.0.303]Sync.GetOptionsInfoFromCloneTask: appId: com.project.pokedex match om config, backup app data.
08-16 10:12:48.032  8174  8678 I Cloud[13.2.0.303]Sync.GetOptionsInfoFromCloneTask: getThirdAppOptionsInfo{"appId":"com.project.pokedex","appName":"PokeDex","appType":0,"backupData":true,"backupSwitch":false,"codeBytes":0,"data1":"","data2":"","data3":"","data4":"1","data5":"","data6":"","dataBytes":0,"increase1":0,"increase2":0,"isDataEnable":0,"isDisable":false,"itemTotal":0,"operateTime":0,"operateType":0,"parent":"thirdApp","showType":0,"switchCount":0,"uid":0,"appApkSize":0,"appDataSize":0,"appSwitch":false,"isOmConfigAble":false}
08-16 10:12:48.041  2661  3071 I OllieMsgCenter: publishEvt=2135097345
08-16 10:12:48.057  8174  8678 I Cloud[13.2.0.303]Base.FileHelper: getICSStoragePath locationSdcard = null ,locationPcard = /storage/emulated/0 ,uDiskStoragePath = null, appClonePath = null
08-16 10:12:48.057  8174  8678 I Cloud[13.2.0.303]Sync.CloudBackupAppDataUtil: begin init appDataUtil appId = com.netflix.mediaclient
08-16 10:12:48.063  8174  8678 I Cloud[13.2.0.303]Sync.CloudBackupAppDataUtil: initAppFileInfo
08-16 10:12:48.063  8174  8678 I Cloud[13.2.0.303]Sync.CloudBackupAppDataUtil: match appInfo by emui
08-16 10:12:48.064  8174  8678 I Cloud[13.2.0.303]Sync.CloudBackupAppDataUtil: initDefaultFileInfoList
08-16 10:12:48.065  8174  8678 I Cloud[13.2.0.303]Sync.CloudBackupAppDataUtil: end init appDataUtil
08-16 10:12:48.065  8174  8678 I Cloud[13.2.0.303]Sync.CloudBackupAppDataUtil: appId: com.netflix.mediaclient, isAppDataAble: false
08-16 10:12:48.069  8174  8678 I Cloud[13.2.0.303]Sync.GetOptionsInfoFromCloneTask: appId: com.netflix.mediaclient match om config, backup app data.
08-16 10:12:48.071  8174  8678 I Cloud[13.2.0.303]Sync.GetOptionsInfoFromCloneTask: getThirdAppOptionsInfo{"appId":"com.netflix.mediaclient","appName":"Netflix","appType":0,"backupData":true,"backupSwitch":false,"codeBytes":0,"data1":"","data2":"","data3":"","data4":"50478","data5":"","data6":"","dataBytes":0,"increase1":0,"increase2":0,"isDataEnable":0,"isDisable":false,"itemTotal":0,"operateTime":0,"operateType":0,"parent":"thirdApp","showType":0,"switchCount":0,"uid":0,"appApkSize":0,"appDataSize":0,"appSwitch":false,"isOmConfigAble":false}
08-16 10:12:48.118  2661  3071 I SpeedTestNotifier: is low speed scene
08-16 10:12:48.125   753   753 D AudioPolicyService: getUidState(10028) !cacheIter->second.first, return PROCESS_STATE_UNKNOWN
08-16 10:12:48.130  8174  8678 I Cloud[13.2.0.303]Base.FileHelper: getICSStoragePath locationSdcard = null ,locationPcard = /storage/emulated/0 ,uDiskStoragePath = null, appClonePath = null
08-16 10:12:48.130  8174  8678 I Cloud[13.2.0.303]Sync.CloudBackupAppDataUtil: begin init appDataUtil appId = com.zhiliaoapp.musically
08-16 10:12:48.136  8174  8678 I Cloud[13.2.0.303]Sync.CloudBackupAppDataUtil: initAppFileInfo
08-16 10:12:48.137   753   753 D AudioPolicyService: getUidState(10120) cacheIter->second.first, return cacheIter->second.second(5)
08-16 10:12:48.137  8174  8678 I Cloud[13.2.0.303]Sync.CloudBackupAppDataUtil: match appInfo by emui
08-16 10:12:48.141  8174  8678 I Cloud[13.2.0.303]Sync.CloudBackupAppDataUtil: initDefaultFileInfoList
08-16 10:12:48.145  8174  8678 I Cloud[13.2.0.303]Sync.CloudBackupAppDataUtil: end init appDataUtil
08-16 10:12:48.145  8174  8678 I Cloud[13.2.0.303]Sync.CloudBackupAppDataUtil: appId: com.zhiliaoapp.musically, isAppDataAble: false
08-16 10:12:48.150  8174  8678 I Cloud[13.2.0.303]Sync.GetOptionsInfoFromCloneTask: appId: com.zhiliaoapp.musically match om config, backup app data.
08-16 10:12:48.151  8174  8678 I Cloud[13.2.0.303]Sync.GetOptionsInfoFromCloneTask: getThirdAppOptionsInfo{"appId":"com.zhiliaoapp.musically","appName":"TikTok","appType":0,"backupData":true,"backupSwitch":false,"codeBytes":0,"data1":"","data2":"","data3":"","data4":"2023006040","data5":"","data6":"","dataBytes":0,"increase1":0,"increase2":0,"isDataEnable":0,"isDisable":false,"itemTotal":0,"operateTime":0,"operateType":0,"parent":"thirdApp","showType":0,"switchCount":0,"uid":0,"appApkSize":0,"appDataSize":0,"appSwitch":false,"isOmConfigAble":false}
08-16 10:12:48.179  8174  8678 I Cloud[13.2.0.303]Base.FileHelper: getICSStoragePath locationSdcard = null ,locationPcard = /storage/emulated/0 ,uDiskStoragePath = null, appClonePath = null
08-16 10:12:48.179  8174  8678 I Cloud[13.2.0.303]Sync.CloudBackupAppDataUtil: begin init appDataUtil appId = com.astrolink.webapp
08-16 10:12:48.183  8174  8678 I Cloud[13.2.0.303]Sync.CloudBackupAppDataUtil: initAppFileInfo
08-16 10:12:48.184  8174  8678 I Cloud[13.2.0.303]Sync.CloudBackupAppDataUtil: match appInfo by emui
08-16 10:12:48.185  8174  8678 I Cloud[13.2.0.303]Sync.CloudBackupAppDataUtil: initDefaultFileInfoList
08-16 10:12:48.186  8174  8678 I Cloud[13.2.0.303]Sync.CloudBackupAppDataUtil: end init appDataUtil
08-16 10:12:48.186  8174  8678 I Cloud[13.2.0.303]Sync.CloudBackupAppDataUtil: appId: com.astrolink.webapp, isAppDataAble: false
08-16 10:12:48.190  8174  8678 I Cloud[13.2.0.303]Sync.GetOptionsInfoFromCloneTask: appId: com.astrolink.webapp match om config, backup app data.
08-16 10:12:48.194  8174  8678 I Cloud[13.2.0.303]Sync.GetOptionsInfoFromCloneTask: getThirdAppOptionsInfo{"appId":"com.astrolink.webapp","appName":"Astrolink","appType":0,"backupData":true,"backupSwitch":false,"codeBytes":0,"data1":"","data2":"","data3":"","data4":"76","data5":"","data6":"","dataBytes":0,"increase1":0,"increase2":0,"isDataEnable":0,"isDisable":false,"itemTotal":0,"operateTime":0,"operateType":0,"parent":"thirdApp","showType":0,"switchCount":0,"uid":0,"appApkSize":0,"appDataSize":0,"appSwitch":false,"isOmConfigAble":false}
08-16 10:12:48.216  8174  8678 I Cloud[13.2.0.303]Base.FileHelper: getICSStoragePath locationSdcard = null ,locationPcard = /storage/emulated/0 ,uDiskStoragePath = null, appClonePath = null
08-16 10:12:48.216  8174  8678 I Cloud[13.2.0.303]Sync.CloudBackupAppDataUtil: begin init appDataUtil appId = com.google.android.apps.photos
08-16 10:12:48.221  8174  8678 I Cloud[13.2.0.303]Sync.CloudBackupAppDataUtil: initAppFileInfo
08-16 10:12:48.222  8174  8678 I Cloud[13.2.0.303]Sync.CloudBackupAppDataUtil: match appInfo by emui
08-16 10:12:48.225  8174  8678 I Cloud[13.2.0.303]Sync.CloudBackupAppDataUtil: initDefaultFileInfoList
08-16 10:12:48.230  8174  8678 I Cloud[13.2.0.303]Sync.CloudBackupAppDataUtil: end init appDataUtil
08-16 10:12:48.231  8174  8678 I Cloud[13.2.0.303]Sync.CloudBackupAppDataUtil: appId: com.google.android.apps.photos, isAppDataAble: false
08-16 10:12:48.244  8174  8678 I Cloud[13.2.0.303]Sync.GetOptionsInfoFromCloneTask: appId: com.google.android.apps.photos match om config, backup app data.
08-16 10:12:48.245  8174  8678 I Cloud[13.2.0.303]Sync.GetOptionsInfoFromCloneTask: getThirdAppOptionsInfo{"appId":"com.google.android.apps.photos","appName":"Fotos","appType":0,"backupData":true,"backupSwitch":false,"codeBytes":0,"data1":"","data2":"","data3":"","data4":"48461016","data5":"","data6":"","dataBytes":0,"increase1":0,"increase2":0,"isDataEnable":0,"isDisable":false,"itemTotal":0,"operateTime":0,"operateType":0,"parent":"thirdApp","showType":0,"switchCount":0,"uid":0,"appApkSize":0,"appDataSize":0,"appSwitch":false,"isOmConfigAble":false}
08-16 10:12:48.253  9407  9407 I AwareBitmapCacher: init lrucache size: 2097152 pid=9407
08-16 10:12:48.255  9104  9136 D ZrHung.AppEyeUiProbe: stop UiProbe
08-16 10:12:48.255  9104  9136 D ZrHung.AppEyeUiProbe: not watching, wait.
08-16 10:12:48.275  8174  8678 I Cloud[13.2.0.303]Base.FileHelper: getICSStoragePath locationSdcard = null ,locationPcard = /storage/emulated/0 ,uDiskStoragePath = null, appClonePath = null
08-16 10:12:48.276  8174  8678 I Cloud[13.2.0.303]Sync.CloudBackupAppDataUtil: begin init appDataUtil appId = com.spotify.music
08-16 10:12:48.282  8174  8678 I Cloud[13.2.0.303]Sync.CloudBackupAppDataUtil: initAppFileInfo
08-16 10:12:48.283  8174  8678 I Cloud[13.2.0.303]Sync.CloudBackupAppDataUtil: match appInfo by emui
08-16 10:12:48.285  8174  8678 I Cloud[13.2.0.303]Sync.CloudBackupAppDataUtil: initDefaultFileInfoList
08-16 10:12:48.286  8174  8678 I Cloud[13.2.0.303]Sync.CloudBackupAppDataUtil: end init appDataUtil
08-16 10:12:48.286  8174  8678 I Cloud[13.2.0.303]Sync.CloudBackupAppDataUtil: appId: com.spotify.music, isAppDataAble: false
08-16 10:12:48.291  8174  8678 I Cloud[13.2.0.303]Sync.GetOptionsInfoFromCloneTask: appId: com.spotify.music match om config, backup app data.
08-16 10:12:48.294  8174  8678 I Cloud[13.2.0.303]Sync.GetOptionsInfoFromCloneTask: getThirdAppOptionsInfo{"appId":"com.spotify.music","appName":"Spotify","appType":0,"backupData":true,"backupSwitch":false,"codeBytes":0,"data1":"","data2":"","data3":"","data4":"103550191","data5":"","data6":"","dataBytes":0,"increase1":0,"increase2":0,"isDataEnable":0,"isDisable":false,"itemTotal":0,"operateTime":0,"operateType":0,"parent":"thirdApp","showType":0,"switchCount":0,"uid":0,"appApkSize":0,"appDataSize":0,"appSwitch":false,"isOmConfigAble":false}
08-16 10:12:48.324  8174  8678 I Cloud[13.2.0.303]Base.FileHelper: getICSStoragePath locationSdcard = null ,locationPcard = /storage/emulated/0 ,uDiskStoragePath = null, appClonePath = null
08-16 10:12:48.324  8174  8678 I Cloud[13.2.0.303]Sync.CloudBackupAppDataUtil: begin init appDataUtil appId = com.mercadolibre
08-16 10:12:48.334  8174  8678 I Cloud[13.2.0.303]Sync.CloudBackupAppDataUtil: initAppFileInfo
08-16 10:12:48.335  8174  8678 I Cloud[13.2.0.303]Sync.CloudBackupAppDataUtil: match appInfo by emui
08-16 10:12:48.337  8174  8678 I Cloud[13.2.0.303]Sync.CloudBackupAppDataUtil: initDefaultFileInfoList
08-16 10:12:48.339  8174  8678 I Cloud[13.2.0.303]Sync.CloudBackupAppDataUtil: end init appDataUtil
08-16 10:12:48.340  8174  8678 I Cloud[13.2.0.303]Sync.CloudBackupAppDataUtil: appId: com.mercadolibre, isAppDataAble: false
08-16 10:12:48.360  8174  8678 I Cloud[13.2.0.303]Sync.GetOptionsInfoFromCloneTask: appId: com.mercadolibre match om config, backup app data.
08-16 10:12:48.362  8174  8678 I Cloud[13.2.0.303]Sync.GetOptionsInfoFromCloneTask: getThirdAppOptionsInfo{"appId":"com.mercadolibre","appName":"Mercado Libre","appType":0,"backupData":true,"backupSwitch":false,"codeBytes":0,"data1":"","data2":"","data3":"","data4":"1816179751","data5":"","data6":"","dataBytes":0,"increase1":0,"increase2":0,"isDataEnable":0,"isDisable":false,"itemTotal":0,"operateTime":0,"operateType":0,"parent":"thirdApp","showType":0,"switchCount":0,"uid":0,"appApkSize":0,"appDataSize":0,"appSwitch":false,"isOmConfigAble":false}
08-16 10:12:48.376  8174  8678 I Cloud[13.2.0.303]Base.FileHelper: getICSStoragePath locationSdcard = null ,locationPcard = /storage/emulated/0 ,uDiskStoragePath = null, appClonePath = null
08-16 10:12:48.377  8174  8678 I Cloud[13.2.0.303]Sync.CloudBackupAppDataUtil: begin init appDataUtil appId = com.estudio.tiptime
08-16 10:12:48.383  8174  8678 I Cloud[13.2.0.303]Sync.CloudBackupAppDataUtil: initAppFileInfo
08-16 10:12:48.384  8174  8678 I Cloud[13.2.0.303]Sync.CloudBackupAppDataUtil: match appInfo by emui
08-16 10:12:48.385  8174  8678 I Cloud[13.2.0.303]Sync.CloudBackupAppDataUtil: initDefaultFileInfoList
08-16 10:12:48.386  8174  8678 I Cloud[13.2.0.303]Sync.CloudBackupAppDataUtil: end init appDataUtil
08-16 10:12:48.386  8174  8678 I Cloud[13.2.0.303]Sync.CloudBackupAppDataUtil: appId: com.estudio.tiptime, isAppDataAble: false
08-16 10:12:48.394  8174  8678 I Cloud[13.2.0.303]Sync.GetOptionsInfoFromCloneTask: appId: com.estudio.tiptime match om config, backup app data.
08-16 10:12:48.395  8174  8678 I Cloud[13.2.0.303]Sync.GetOptionsInfoFromCloneTask: getThirdAppOptionsInfo{"appId":"com.estudio.tiptime","appName":"TipTime","appType":0,"backupData":true,"backupSwitch":false,"codeBytes":0,"data1":"","data2":"","data3":"","data4":"1","data5":"","data6":"","dataBytes":0,"increase1":0,"increase2":0,"isDataEnable":0,"isDisable":false,"itemTotal":0,"operateTime":0,"operateType":0,"parent":"thirdApp","showType":0,"switchCount":0,"uid":0,"appApkSize":0,"appDataSize":0,"appSwitch":false,"isOmConfigAble":false}
08-16 10:12:48.419  8174  8678 I Cloud[13.2.0.303]Base.FileHelper: getICSStoragePath locationSdcard = null ,locationPcard = /storage/emulated/0 ,uDiskStoragePath = null, appClonePath = null
08-16 10:12:48.420  8174  8678 I Cloud[13.2.0.303]Sync.CloudBackupAppDataUtil: begin init appDataUtil appId = com.facebook.katana
08-16 10:12:48.431  8174  8678 I Cloud[13.2.0.303]Sync.CloudBackupAppDataUtil: initAppFileInfo
08-16 10:12:48.438  8174  8678 I Cloud[13.2.0.303]Sync.CloudBackupAppDataUtil: match appInfo by osRegex
08-16 10:12:48.438  8174  8678 I Cloud[13.2.0.303]Sync.OMConfigureUtil: configure osVersRegex: (^EmotionUI_8|^EmotionUI_9|^EmotionUI_[1-2][0-9]|^MagicUI_[4-9]|^HarmonyOS_[1-9]).*current osVersion: EmotionUI_12.0.0
08-16 10:12:48.439  8174  8678 I Cloud[13.2.0.303]Sync.OMConfigureUtil: currentVersion: 130200303, minClientVersion = 0
08-16 10:12:48.439  8174  8678 I Cloud[13.2.0.303]Sync.OMConfigureUtil: deviceList is empty, default match effect device
08-16 10:12:48.439  8174  8678 I Cloud[13.2.0.303]Sync.OMConfigureUtil: gradeList is empty, default match effect grade
08-16 10:12:48.440  8174  8678 I Cloud[13.2.0.303]Sync.CloudBackupAppDataUtil: end init appDataUtil
08-16 10:12:48.440  8174  8678 I Cloud[13.2.0.303]Sync.CloudBackupAppDataUtil: appId: com.facebook.katana, isAppDataAble: true
08-16 10:12:48.441  8174  8678 I Cloud[13.2.0.303]Sync.OMConfigureUtil: isMatchTwinAppControl twinAppControl is empty
08-16 10:12:48.451  8174  8678 I Cloud[13.2.0.303]Sync.CloudBackupConfigOperator: appBackupSwitchRecommend 15 status 1 OPEN
08-16 10:12:48.452  8174  8678 I Cloud[13.2.0.303]Sync.CloudBackupAppDataUtil: 5g cloud package user
08-16 10:12:48.457  8174  8678 I Cloud[13.2.0.303]Sync.GetOptionsInfoFromCloneTask: appId: com.facebook.katana match om config, backup app data.
08-16 10:12:48.459  8174  8678 I Cloud[13.2.0.303]Sync.GetOptionsInfoFromCloneTask: getThirdAppOptionsInfo{"appId":"com.facebook.katana","appName":"Facebook","appType":0,"backupData":true,"backupSwitch":false,"codeBytes":0,"data1":"","data2":"122021","data3":"2","data4":"444209345","data5":"","data6":"","dataBytes":755078423,"increase1":755078423,"increase2":755078423,"isDataEnable":2,"isDisable":false,"itemTotal":0,"operateTime":0,"operateType":0,"parent":"thirdAppData","showType":0,"switchCount":0,"uid":0,"appApkSize":0,"appDataSize":0,"appSwitch":false,"isOmConfigAble":false}
