08-16 10:12:35.329  7774  7774 V ActivityScenario: Activity lifecycle changed event received but ignored because the intent does not match. startActivityIntent=Intent { act=android.intent.action.MAIN cat=[android.intent.category.LAUNCHER] cmp=com.example.dogglers/.MainActivity }, activity.getIntent()=Intent { cmp=com.example.dogglers/.GridListActivity }, activity=com.example.dogglers.GridListActivity@dac5fac
08-16 10:12:35.329  1636  1653 D InputDispatcher: Window handle WindowManager has no registered input channel
08-16 10:12:35.331  1021 21809 I AGPService: aps-info: focus pkgName - com.example.dogglers, with 0 more apps
08-16 10:12:35.331  1021 21809 E AGPService: FrameRateManager: iaware strange app type: -1
08-16 10:12:35.331  1021 21809 I AGPService: FrameRateManager: aps-info: new pkgName - com.example.dogglers, type - -1
08-16 10:12:35.331  1021 21809 I AGPService: GpuPolicyManager: m_currentPkgName - com.example.dogglers
08-16 10:12:35.331  1046  1070 D AwareLog: iawared: WorkingsetProcessCommand subCmd = 352, userId=10431, pid=7774, com.example.dogglers/.GridListActivity
08-16 10:12:35.332  1046  1070 D AwareLog: iawared: WorkingsetStop com.example.dogglers/.GridListActivity
08-16 10:12:35.333  1636  1963 D ZrHung.AppEyeFocusWindow: FocusWindowErrorScene CheckFreezeScreen
08-16 10:12:35.333  1046  1070 D AwareLog: iawared: WorkingsetProcessCommand subCmd = 350, userId=10431, pid=7774, com.example.dogglers/androidx.test.core.app.InstrumentationActivityInvoker$EmptyActivity
08-16 10:12:35.333  1636  1963 D ZrHung.AppEyeTransparentWindow: TransparentWindow cancelCheckFreezeScreen
08-16 10:12:35.333  1046  1070 D AwareLog: iawared: WorkingsetSendPrereadMsg com.example.dogglers/androidx.test.core.app.InstrumentationActivityInvoker$EmptyActivity
08-16 10:12:35.333  1046  1070 D AwareLog: iawared: WorkingsetStart com.example.dogglers/androidx.test.core.app.InstrumentationActivityInvoker$EmptyActivity in monitor0
08-16 10:12:35.336  7774  7774 W ActivityThread: handleWindowVisibility: no activity for token android.os.BinderProxy@316e866
08-16 10:12:35.337  3386  7816 I HiAdKit.DC.PageSwitchEvent:  switch is off
08-16 10:12:35.337  3386  7816 I HiAdKit.DC.PaymentPageSwitchEvent:  switch is off
08-16 10:12:35.338  2661  3071 D DollieActivityManagerAdapter: [Paused] pid:7774 uid:10431 ComponentInfo{com.example.dogglers/com.example.dogglers.GridListActivity} uidState:2
08-16 10:12:35.338  3386  7816 I HiAdKit.DC.LiteAppPageSwitchEvent:  switch is off
08-16 10:12:35.338  8435  8435 I fwkit_sec_breaker: [fwkit SecBreaker.java:74] Process is empty
08-16 10:12:35.339  8435  8435 W fwkit_kit_breaker: [fwkit KitBreaker.java:343] infos invalid
08-16 10:12:35.339  7774  7774 D LifecycleMonitor: Lifecycle status change: androidx.test.core.app.InstrumentationActivityInvoker$EmptyActivity@7437a7 in: PRE_ON_CREATE
08-16 10:12:35.339  7774  7774 V ActivityScenario: Activity lifecycle changed event received but ignored because the intent does not match. startActivityIntent=Intent { act=android.intent.action.MAIN cat=[android.intent.category.LAUNCHER] cmp=com.example.dogglers/.MainActivity }, activity.getIntent()=Intent { act=android.intent.action.MAIN cat=[android.intent.category.LAUNCHER] flg=0x10000000 cmp=com.example.dogglers/androidx.test.core.app.InstrumentationActivityInvoker$EmptyActivity }, activity=androidx.test.core.app.InstrumentationActivityInvoker$EmptyActivity@7437a7
08-16 10:12:35.339  8435  8718 I fwkit_kams_stubmanager: [fwkit StubManagerService.java:449] getSPNByComponent:com.huawei.hms.mlkit.service, com.huawei.hms.mlkit.service, true
08-16 10:12:35.339  8435  8718 I fwkit_kams_scheduler: [fwkit ProcessScheduler.java:423] ProPre:com.huawei.hwid.container2
08-16 10:12:35.339  8435  8718 I fwkit_kbct_dsp: [fwkit KitBroadcastDispatcher.java:640] action:android.intent.action.PACKAGE_ADDED,receiver:com.huawei.hms.mlkit.service.receiver.MLKitBroadcastReceiver|com.huawei.hwid.container2
08-16 10:12:35.340  8435  8718 I fwkit_kbct_dsp: [fwkit KitBroadcastDispatcher.java:703] proc not run
08-16 10:12:35.341  1090  1392 I fwkit_kac_kitloader: [fwkit KitLoaderManager.java:210] kit loaded mlkit_30700301 already exits, cost :0 ms
08-16 10:12:35.343  7774  7774 I DecorView[]: pkgName:com.example.dogglers old windowMode:0 new windoMode:1, isFixedSize:false
08-16 10:12:35.344  8435 32516 W fwkit_kims: [fwkit KIMSServiceController.java:1136] Can't find the specific package.
08-16 10:12:35.344  8435 32516 W fwkit_kims: [fwkit KIMSServiceController.java:273] getApplicationInfo: com.example.dogglers.test null.
08-16 10:12:35.345  8435 32516 I fwkit_kpmsCoreBinder: [fwkit KPmsCoreBinder.java:201] getInstalledPlugin is Deprecated! Instead of @see KIMSServiceController #getInstalledPlugin
08-16 10:12:35.345  7774  7774 D LifecycleMonitor: Lifecycle status change: androidx.test.core.app.InstrumentationActivityInvoker$EmptyActivity@7437a7 in: CREATED
08-16 10:12:35.345  7774  7774 V ActivityScenario: Activity lifecycle changed event received but ignored because the intent does not match. startActivityIntent=Intent { act=android.intent.action.MAIN cat=[android.intent.category.LAUNCHER] cmp=com.example.dogglers/.MainActivity }, activity.getIntent()=Intent { act=android.intent.action.MAIN cat=[android.intent.category.LAUNCHER] flg=0x10000000 cmp=com.example.dogglers/androidx.test.core.app.InstrumentationActivityInvoker$EmptyActivity }, activity=androidx.test.core.app.InstrumentationActivityInvoker$EmptyActivity@7437a7
08-16 10:12:35.345  8435 32516 W fwkit_kims: [fwkit KIMSServiceController.java:653] no KitInfoEntity by package name: com.example.dogglers.test
08-16 10:12:35.345  8435 32516 E fwkit_kpmsCoreBinder: [fwkit KPmsCoreBinder.java:204] getInstalledPlugin kitInfo is invalid
08-16 10:12:35.346  7774  7774 D LifecycleMonitor: Lifecycle status change: androidx.test.core.app.InstrumentationActivityInvoker$EmptyActivity@7437a7 in: STARTED
08-16 10:12:35.346  7774  7774 V ActivityScenario: Activity lifecycle changed event received but ignored because the intent does not match. startActivityIntent=Intent { act=android.intent.action.MAIN cat=[android.intent.category.LAUNCHER] cmp=com.example.dogglers/.MainActivity }, activity.getIntent()=Intent { act=android.intent.action.MAIN cat=[android.intent.category.LAUNCHER] flg=0x10000000 cmp=com.example.dogglers/androidx.test.core.app.InstrumentationActivityInvoker$EmptyActivity }, activity=androidx.test.core.app.InstrumentationActivityInvoker$EmptyActivity@7437a7
08-16 10:12:35.346  1636  1963 D InputDispatcher: Window handle WindowManager has no registered input channel
08-16 10:12:35.347  1090  1090 I MLKitBroadcastReceiver: appInfo is null or appInfo.metaData is null ...
08-16 10:12:35.347  1090  1090 I MLKitBroadcastReceiver: packageName = com.example.dogglers.test, dependency =
08-16 10:12:35.347  7774  7774 D LifecycleMonitor: Lifecycle status change: androidx.test.core.app.InstrumentationActivityInvoker$EmptyActivity@7437a7 in: RESUMED
08-16 10:12:35.348  7774  7774 V ActivityScenario: Activity lifecycle changed event received but ignored because the intent does not match. startActivityIntent=Intent { act=android.intent.action.MAIN cat=[android.intent.category.LAUNCHER] cmp=com.example.dogglers/.MainActivity }, activity.getIntent()=Intent { act=android.intent.action.MAIN cat=[android.intent.category.LAUNCHER] flg=0x10000000 cmp=com.example.dogglers/androidx.test.core.app.InstrumentationActivityInvoker$EmptyActivity }, activity=androidx.test.core.app.InstrumentationActivityInvoker$EmptyActivity@7437a7
08-16 10:12:35.349  7774  7774 D MouseWheelSynthesizer: mMoveStepInDp: 64, mMoveStepInPixel: 192, mUpTimeDelayed: 100
08-16 10:12:35.349  7774  7774 D ViewRootImpl: ViewRootImpl mIsInProductivePCDisplay: false
08-16 10:12:35.350  1636  6691 I HwPCUtils#HwRioViewManager: check if rio enable, displayId = 0， packageName = com.example.dogglers
08-16 10:12:35.352  7774  7774 D InputEventReceiver: dispatchInputInterval 1000000
08-16 10:12:35.354  7774  7774 D DecorView: showOrHideHighlightView: hasFocus=false; winMode=1; isMrgNull=true
08-16 10:12:35.355  2661  2775 I Hicom_Monitor: mActivityNotifierEx, className = androidx.test.core.app.InstrumentationActivityInvoker$EmptyActivity, uid = 10431
08-16 10:12:35.355  2661  3071 D DollieActivityManagerAdapter: [Resumed] bg:false pid:7774 uid:10431 ComponentInfo{com.example.dogglers/androidx.test.core.app.InstrumentationActivityInvoker$EmptyActivity}
08-16 10:12:35.355  2661  3071 E DollieAdapterService: notifyActivityState pkg:com.example.dogglers/androidx.test.core.app.InstrumentationActivityInvoker$EmptyActivity state:2 fg:true mUid:10431
08-16 10:12:35.355  2661  3071 I OllieMsgCenter: publishEvt=2130771985
08-16 10:12:35.356  6225  9809 I CAWARENESS_AppUsageManager: onEvent, packageName=com.example.dogglers, activityName=androidx.test.core.app.InstrumentationActivityInvoker$EmptyActivity
08-16 10:12:35.356  6225  9809 I CAWARENESS_AppUsageManager: fuse currently and delay publish
08-16 10:12:35.356  2580 23377 I OPCollectLog: AppChangeImpl:call onAppChange.
08-16 10:12:35.356  2580  6962 I OPCollectLog: HwForegroundAppAction:handleMessage
08-16 10:12:35.356  2580  6962 D OPCollectLog: HwForegroundAppAction:FG executeWithArgs
08-16 10:12:35.356  2580  6962 I OPCollectLog: OPCollectUtils:ODMF Api Version:2.16.3
08-16 10:12:35.356  3386  7833 I HiAdKit.DC.PageSwitchEvent:  switch is off
08-16 10:12:35.356  2580  6962 I OPCollectLog: Action:HwForegroundAppAction executed successfully
08-16 10:12:35.356  2580  6962 D OPCollectLog: OdmfCollectScheduler:handleMessage msg: 4
08-16 10:12:35.356  2580  6962 I OPCollectLog: OdmfHelper:opcollectCache 1
08-16 10:12:35.357  2580  6962 I OPCollectLog: OdmfHelper:opcollectCache curTime: 574929451, interval: 383
08-16 10:12:35.357  3386  7833 I HiAdKit.DC.PaymentPageSwitchEvent:  switch is off
08-16 10:12:35.357  3386  7833 I HiAdKit.DC.LiteAppPageSwitchEvent:  switch is off
08-16 10:12:35.357  2580  6962 I OPCollectLog: OdmfHelper:isCharging: true
08-16 10:12:35.359  2580  6962 I OPCollectLog: OdmfHelper:insert database success
08-16 10:12:35.359  2580  6962 I OPCollectLog: OdmfHelper:opcollectCache size: 1
08-16 10:12:35.359  2580  6962 I OPCollectLog: OdmfHelper:opcollectCache lastTime: 574929454
08-16 10:12:35.363  1636  1963 D InputDispatcher: Window handle WindowManager has no registered input channel
08-16 10:12:35.365  7774  8041 D HiTouch_PressGestureDetector: onAttached, package=com.example.dogglers, windowType=1, mIsHiTouchRestricted=false
08-16 10:12:35.368  1636  6691 D ZrHung.AppEyeFocusWindow: FocusWindowErrorScene cancelCheckFreezeScreen
08-16 10:12:35.368  1636  6691 D ZrHung.AppEyeTransparentWindow: TransparentWindow mHungConfigStatus = 0,mHungConfigEnable = 1
08-16 10:12:35.368  1636  1660 D HwPhoneWindowManager: Transact:setSystemUIColor to status bar service
08-16 10:12:35.370  7774  7850 D mali_winsys: EGLint new_window_surface(egl_winsys_display *, void *, EGLSurface, EGLConfig, egl_winsys_surface **, EGLBoolean) returns 0x3000
08-16 10:12:35.379  1636  6691 D InputDispatcher: Window handle WindowManager has no registered input channel
08-16 10:12:35.387  2208  2208 D BarTransitions.HwPhoneStatusBarView: MODE_TRANSPARENT -> MODE_OPAQUE animate=false
08-16 10:12:35.387  2208  2208 D BarTransitions.HwPhoneStatusBarView: applyModeBackground oldMode=MODE_TRANSPARENT newMode=MODE_OPAQUE animate=false
08-16 10:12:35.388  2208  2208 D BarTransitions.HwNavigationBarView: MODE_TRANSPARENT -> MODE_OPAQUE animate=false
08-16 10:12:35.388  2208  2208 D BarTransitions.HwNavigationBarView: applyModeBackground oldMode=MODE_TRANSPARENT newMode=MODE_OPAQUE animate=false
08-16 10:12:35.389  7774  7774 D DecorView: showOrHideHighlightView: hasFocus=true; winMode=1; isMrgNull=true
08-16 10:12:35.389  7774  7774 W InputMethodManager: startInputReason = 1
08-16 10:12:35.389  7774  7774 W HwRemoteInputMethodManager: isCasting false because IHwDistributedWindowManager is invalid.
08-16 10:12:35.396  1636  2504 D InputDispatcher: Window handle WindowManager has no registered input channel
08-16 10:12:35.404  7774  7774 D LifecycleMonitor: Lifecycle status change: androidx.test.core.app.InstrumentationActivityInvoker$EmptyActivity@7437a7 in: PAUSED
08-16 10:12:35.405  7774  7774 V ActivityScenario: Activity lifecycle changed event received but ignored because the intent does not match. startActivityIntent=Intent { act=android.intent.action.MAIN cat=[android.intent.category.LAUNCHER] cmp=com.example.dogglers/.MainActivity }, activity.getIntent()=Intent { act=android.intent.action.MAIN cat=[android.intent.category.LAUNCHER] flg=0x10000000 cmp=com.example.dogglers/androidx.test.core.app.InstrumentationActivityInvoker$EmptyActivity }, activity=androidx.test.core.app.InstrumentationActivityInvoker$EmptyActivity@7437a7
08-16 10:12:35.408  1636  2504 D ZrHung.AppEyeFocusWindow: FocusWindowErrorScene CheckFreezeScreen
08-16 10:12:35.408  1636  2504 D ZrHung.AppEyeTransparentWindow: TransparentWindow cancelCheckFreezeScreen
08-16 10:12:35.409  1046  1070 D AwareLog: iawared: WorkingsetProcessCommand subCmd = 352, userId=10431, pid=7774, com.example.dogglers/androidx.test.core.app.InstrumentationActivityInvoker$EmptyActivity
08-16 10:12:35.409  1046  1070 D AwareLog: iawared: WorkingsetStop com.example.dogglers/androidx.test.core.app.InstrumentationActivityInvoker$EmptyActivity
08-16 10:12:35.410  1046  1070 D AwareLog: iawared: WorkingsetProcessCommand subCmd = 350, userId=10431, pid=7774, com.example.dogglers/androidx.test.core.app.InstrumentationActivityInvoker$EmptyActivity
08-16 10:12:35.410  1046  1070 D AwareLog: iawared: WorkingsetSendPrereadMsg com.example.dogglers/androidx.test.core.app.InstrumentationActivityInvoker$EmptyActivity
08-16 10:12:35.410  1046  1070 D AwareLog: iawared: WorkingsetStart com.example.dogglers/androidx.test.core.app.InstrumentationActivityInvoker$EmptyActivity in monitor0
08-16 10:12:35.411  2661  3071 D DollieActivityManagerAdapter: [Paused] pid:7774 uid:10431 ComponentInfo{com.example.dogglers/androidx.test.core.app.InstrumentationActivityInvoker$EmptyActivity} uidState:2
08-16 10:12:35.412  1636  2504 D InputDispatcher: Window handle WindowManager has no registered input channel
08-16 10:12:35.413  3386  7832 I HiAdKit.DC.PageSwitchEvent:  switch is off
08-16 10:12:35.413  3386  7832 I HiAdKit.DC.PaymentPageSwitchEvent:  switch is off
08-16 10:12:35.413  3386  7832 I HiAdKit.DC.LiteAppPageSwitchEvent:  switch is off
08-16 10:12:35.417  7774  7774 D LifecycleMonitor: Lifecycle status change: androidx.test.core.app.InstrumentationActivityInvoker$BootstrapActivity@16b1cfb in: DESTROYED
08-16 10:12:35.418  7774  7774 V ActivityScenario: Activity lifecycle changed event received but ignored because the intent does not match. startActivityIntent=Intent { act=android.intent.action.MAIN cat=[android.intent.category.LAUNCHER] cmp=com.example.dogglers/.MainActivity }, activity.getIntent()=Intent { act=android.intent.action.MAIN cat=[android.intent.category.LAUNCHER] flg=0x10008000 cmp=com.example.dogglers/androidx.test.core.app.InstrumentationActivityInvoker$BootstrapActivity (has extras) }, activity=androidx.test.core.app.InstrumentationActivityInvoker$BootstrapActivity@16b1cfb
08-16 10:12:35.418  7774  7774 W ActivityThread: handleWindowVisibility: no activity for token android.os.BinderProxy@8f4604a
08-16 10:12:35.418  2315  2315 E FullInputEventModel: onStartInput event aborted: fk.c0: could not obtain extracted text (class fk.c0)
08-16 10:12:35.422  7774  7774 D LifecycleMonitor: Lifecycle status change: androidx.test.core.app.InstrumentationActivityInvoker$EmptyActivity@89fbbbb in: PRE_ON_CREATE
08-16 10:12:35.422  7774  7774 V ActivityScenario: Activity lifecycle changed event received but ignored because the intent does not match. startActivityIntent=Intent { act=android.intent.action.MAIN cat=[android.intent.category.LAUNCHER] cmp=com.example.dogglers/.MainActivity }, activity.getIntent()=Intent { act=android.intent.action.MAIN cat=[android.intent.category.LAUNCHER] flg=0x10000000 cmp=com.example.dogglers/androidx.test.core.app.InstrumentationActivityInvoker$EmptyActivity }, activity=androidx.test.core.app.InstrumentationActivityInvoker$EmptyActivity@89fbbbb
08-16 10:12:35.426  7774  7774 I DecorView[]: pkgName:com.example.dogglers old windowMode:0 new windoMode:1, isFixedSize:false
08-16 10:12:35.428  7774  7774 D LifecycleMonitor: Lifecycle status change: androidx.test.core.app.InstrumentationActivityInvoker$EmptyActivity@89fbbbb in: CREATED
08-16 10:12:35.428  7774  7774 V ActivityScenario: Activity lifecycle changed event received but ignored because the intent does not match. startActivityIntent=Intent { act=android.intent.action.MAIN cat=[android.intent.category.LAUNCHER] cmp=com.example.dogglers/.MainActivity }, activity.getIntent()=Intent { act=android.intent.action.MAIN cat=[android.intent.category.LAUNCHER] flg=0x10000000 cmp=com.example.dogglers/androidx.test.core.app.InstrumentationActivityInvoker$EmptyActivity }, activity=androidx.test.core.app.InstrumentationActivityInvoker$EmptyActivity@89fbbbb
08-16 10:12:35.429  1636  2504 D InputDispatcher: Window handle WindowManager has no registered input channel
08-16 10:12:35.429  7774  7774 D LifecycleMonitor: Lifecycle status change: androidx.test.core.app.InstrumentationActivityInvoker$EmptyActivity@89fbbbb in: STARTED
08-16 10:12:35.429  7774  7774 V ActivityScenario: Activity lifecycle changed event received but ignored because the intent does not match. startActivityIntent=Intent { act=android.intent.action.MAIN cat=[android.intent.category.LAUNCHER] cmp=com.example.dogglers/.MainActivity }, activity.getIntent()=Intent { act=android.intent.action.MAIN cat=[android.intent.category.LAUNCHER] flg=0x10000000 cmp=com.example.dogglers/androidx.test.core.app.InstrumentationActivityInvoker$EmptyActivity }, activity=androidx.test.core.app.InstrumentationActivityInvoker$EmptyActivity@89fbbbb
08-16 10:12:35.430  7774  7774 D LifecycleMonitor: Lifecycle status change: androidx.test.core.app.InstrumentationActivityInvoker$EmptyActivity@89fbbbb in: RESUMED
08-16 10:12:35.430  7774  7774 V ActivityScenario: Activity lifecycle changed event received but ignored because the intent does not match. startActivityIntent=Intent { act=android.intent.action.MAIN cat=[android.intent.category.LAUNCHER] cmp=com.example.dogglers/.MainActivity }, activity.getIntent()=Intent { act=android.intent.action.MAIN cat=[android.intent.category.LAUNCHER] flg=0x10000000 cmp=com.example.dogglers/androidx.test.core.app.InstrumentationActivityInvoker$EmptyActivity }, activity=androidx.test.core.app.InstrumentationActivityInvoker$EmptyActivity@89fbbbb
08-16 10:12:35.431  7774  7774 D MouseWheelSynthesizer: mMoveStepInDp: 64, mMoveStepInPixel: 192, mUpTimeDelayed: 100
08-16 10:12:35.432  7774  7774 D ViewRootImpl: ViewRootImpl mIsInProductivePCDisplay: false
08-16 10:12:35.432  1636  2504 I HwPCUtils#HwRioViewManager: check if rio enable, displayId = 0， packageName = com.example.dogglers
08-16 10:12:35.434  7774  7774 D InputEventReceiver: dispatchInputInterval 1000000
08-16 10:12:35.436  2661  2775 I Hicom_Monitor: mActivityNotifierEx, className = androidx.test.core.app.InstrumentationActivityInvoker$EmptyActivity, uid = 10431
08-16 10:12:35.436  7774  7774 D LifecycleMonitor: Lifecycle status change: com.example.dogglers.GridListActivity@dac5fac in: STOPPED
08-16 10:12:35.436  2661  3071 D DollieActivityManagerAdapter: [Resumed] bg:false pid:7774 uid:10431 ComponentInfo{com.example.dogglers/androidx.test.core.app.InstrumentationActivityInvoker$EmptyActivity}
08-16 10:12:35.437  2661  3071 E DollieAdapterService: notifyActivityState pkg:com.example.dogglers/androidx.test.core.app.InstrumentationActivityInvoker$EmptyActivity state:2 fg:true mUid:10431
08-16 10:12:35.437  2661  3071 I OllieMsgCenter: publishEvt=2130771985
08-16 10:12:35.437  7774  7774 V ActivityScenario: Activity lifecycle changed event received but ignored because the intent does not match. startActivityIntent=Intent { act=android.intent.action.MAIN cat=[android.intent.category.LAUNCHER] cmp=com.example.dogglers/.MainActivity }, activity.getIntent()=Intent { cmp=com.example.dogglers/.GridListActivity }, activity=com.example.dogglers.GridListActivity@dac5fac
08-16 10:12:35.437  6225  9809 I CAWARENESS_AppUsageManager: Repeat info, don't need publish
08-16 10:12:35.437  2580 23377 I OPCollectLog: AppChangeImpl:call onAppChange.
08-16 10:12:35.437  2580  6962 I OPCollectLog: HwForegroundAppAction:handleMessage
08-16 10:12:35.437  3386  7816 I HiAdKit.DC.PageSwitchEvent:  switch is off
08-16 10:12:35.437  2580  6962 D OPCollectLog: HwForegroundAppAction:FG executeWithArgs
08-16 10:12:35.437  2580  6962 I OPCollectLog: OPCollectUtils:ODMF Api Version:2.16.3
08-16 10:12:35.437  3386  7816 I HiAdKit.DC.PaymentPageSwitchEvent:  switch is off
08-16 10:12:35.437  2580  6962 I OPCollectLog: Action:HwForegroundAppAction executed successfully
08-16 10:12:35.437  2580  6962 D OPCollectLog: OdmfCollectScheduler:handleMessage msg: 4
08-16 10:12:35.437  2580  6962 I OPCollectLog: OdmfHelper:opcollectCache 1
08-16 10:12:35.437  2580  6962 I OPCollectLog: OdmfHelper:opcollectCache curTime: 574929532, interval: 78
08-16 10:12:35.438  3386  7816 I HiAdKit.DC.LiteAppPageSwitchEvent:  switch is off
08-16 10:12:35.438  2580  6962 I OPCollectLog: OdmfHelper:isCharging: true
08-16 10:12:35.439  7774  7774 D LifecycleMonitor: Lifecycle status change: com.example.dogglers.MainActivity@92154e2 in: STOPPED
08-16 10:12:35.439  7774  7774 V ActivityScenario: Update currentActivityStage to STOPPED, currentActivity=com.example.dogglers.MainActivity@92154e2
08-16 10:12:35.440  7774  7774 D LifecycleMonitor: Lifecycle status change: com.example.dogglers.MainActivity@92154e2 in: DESTROYED
08-16 10:12:35.441  7774  7774 V ActivityScenario: Update currentActivityStage to DESTROYED, currentActivity=null
08-16 10:12:35.442  2580  6962 I OPCollectLog: OdmfHelper:insert database success
08-16 10:12:35.442  2580  6962 I OPCollectLog: OdmfHelper:opcollectCache size: 1
08-16 10:12:35.442  2580  6962 I OPCollectLog: OdmfHelper:opcollectCache lastTime: 574929537
08-16 10:12:35.444   757  1724 W BufferQueueProducer: [com.example.dogglers/com.example.dogglers.MainActivity#0]:1390: disconnect: not connected (req=1)
08-16 10:12:35.444  7774  7850 W libEGL  : EGLNativeWindowType 0x76e4c28bd0 disconnect failed
08-16 10:12:35.445  1636  2504 D InputDispatcher: Window handle WindowManager has no registered input channel
08-16 10:12:35.447  7774  7774 D DecorView: showOrHideHighlightView: hasFocus=false; winMode=1; isMrgNull=true
08-16 10:12:35.450  7774  8045 D HiTouch_PressGestureDetector: onAttached, package=com.example.dogglers, windowType=1, mIsHiTouchRestricted=false
08-16 10:12:35.454  1636  1653 D ZrHung.AppEyeFocusWindow: FocusWindowErrorScene cancelCheckFreezeScreen
08-16 10:12:35.454  1636  1653 D ZrHung.AppEyeTransparentWindow: TransparentWindow mHungConfigStatus = 0,mHungConfigEnable = 1
08-16 10:12:35.456  7774  7850 D mali_winsys: EGLint new_window_surface(egl_winsys_display *, void *, EGLSurface, EGLConfig, egl_winsys_surface **, EGLBoolean) returns 0x3000
08-16 10:12:35.457  8435  8435 I HiAdKit.DC.SystemUtil:  isDeviceProvisioned: true
08-16 10:12:35.459  8435  8435 I HiAdKit.DC.ACREntry:  oobe: false
08-16 10:12:35.459  8435  7265 I HiAdKit.DC.AppDataCollectionProvider:  execute cmd: 3
08-16 10:12:35.459  8435  7265 I HiAdKit.DC.AppDataCollectionManager:  report other
08-16 10:12:35.460 26651  8046 I HiAdKit.PpsCoreService:  isCmdAllowAccess rom: false permitRegion: 1
08-16 10:12:35.460 26651  8046 I HiAdKit.PpsCoreService:  call method: reportConsent
08-16 10:12:35.460 26651  8046 I HiAdKit.PpsCoreService:  callerPkg: com.huawei.hwid
08-16 10:12:35.463  1636  2504 D InputDispatcher: Window handle WindowManager has no registered input channel
08-16 10:12:35.466   757   993 W BufferQueueProducer: [com.example.dogglers/com.example.dogglers.GridListActivity#0]:1390: disconnect: not connected (req=1)
08-16 10:12:35.466  7774  7850 W libEGL  : EGLNativeWindowType 0x767baddc90 disconnect failed
08-16 10:12:35.477  7774  7774 D DecorView: showOrHideHighlightView: hasFocus=true; winMode=1; isMrgNull=true
08-16 10:12:35.477  7774  7774 W InputMethodManager: startInputReason = 1
08-16 10:12:35.477  7774  7774 W HwRemoteInputMethodManager: isCasting false because IHwDistributedWindowManager is invalid.
08-16 10:12:35.479  1636  1653 D InputDispatcher: Window handle WindowManager has no registered input channel
08-16 10:12:35.496  1636  2504 D InputDispatcher: Window handle WindowManager has no registered input channel
08-16 10:12:35.498   757   993 W BufferQueueProducer: [com.example.dogglers/androidx.test.core.app.InstrumentationActivityInvoker$EmptyActivity#0]:1390: disconnect: not connected (req=1)
08-16 10:12:35.498  7774  7850 W libEGL  : EGLNativeWindowType 0x76e4c28810 disconnect failed
08-16 10:12:35.500  1636  2504 D ZrHung.AppEyeFocusWindow: FocusWindowErrorScene CheckFreezeScreen
08-16 10:12:35.500  1636  2504 D ZrHung.AppEyeTransparentWindow: TransparentWindow cancelCheckFreezeScreen
08-16 10:12:35.502  7774  7774 D LifecycleMonitor: Lifecycle status change: androidx.test.core.app.InstrumentationActivityInvoker$EmptyActivity@89fbbbb in: PAUSED
08-16 10:12:35.502  7774  7774 V ActivityScenario: Activity lifecycle changed event received but ignored because the intent does not match. startActivityIntent=Intent { act=android.intent.action.MAIN cat=[android.intent.category.LAUNCHER] cmp=com.example.dogglers/.MainActivity }, activity.getIntent()=Intent { act=android.intent.action.MAIN cat=[android.intent.category.LAUNCHER] flg=0x10000000 cmp=com.example.dogglers/androidx.test.core.app.InstrumentationActivityInvoker$EmptyActivity }, activity=androidx.test.core.app.InstrumentationActivityInvoker$EmptyActivity@89fbbbb
08-16 10:12:35.507  2661  3071 D DollieActivityManagerAdapter: [Paused] pid:7774 uid:10431 ComponentInfo{com.example.dogglers/androidx.test.core.app.InstrumentationActivityInvoker$EmptyActivity} uidState:2
08-16 10:12:35.508  3386  7833 I HiAdKit.DC.PageSwitchEvent:  switch is off
08-16 10:12:35.508  3386  7833 I HiAdKit.DC.PaymentPageSwitchEvent:  switch is off
08-16 10:12:35.508  3386  7833 I HiAdKit.DC.LiteAppPageSwitchEvent:  switch is off
08-16 10:12:35.509  7774  7774 D DecorView: showOrHideHighlightView: hasFocus=false; winMode=1; isMrgNull=true
08-16 10:12:35.510  7774  7774 D LifecycleMonitor: Lifecycle status change: com.example.dogglers.GridListActivity@dac5fac in: RESTARTED
08-16 10:12:35.510  7774  7774 V ActivityScenario: Activity lifecycle changed event received but ignored because the intent does not match. startActivityIntent=Intent { act=android.intent.action.MAIN cat=[android.intent.category.LAUNCHER] cmp=com.example.dogglers/.MainActivity }, activity.getIntent()=Intent { cmp=com.example.dogglers/.GridListActivity }, activity=com.example.dogglers.GridListActivity@dac5fac
08-16 10:12:35.510  7774  7774 D LifecycleMonitor: Lifecycle status change: com.example.dogglers.GridListActivity@dac5fac in: STARTED
08-16 10:12:35.511  7774  7774 V ActivityScenario: Activity lifecycle changed event received but ignored because the intent does not match. startActivityIntent=Intent { act=android.intent.action.MAIN cat=[android.intent.category.LAUNCHER] cmp=com.example.dogglers/.MainActivity }, activity.getIntent()=Intent { cmp=com.example.dogglers/.GridListActivity }, activity=com.example.dogglers.GridListActivity@dac5fac
08-16 10:12:35.511  7774  7774 D LifecycleMonitor: Lifecycle status change: com.example.dogglers.GridListActivity@dac5fac in: RESUMED
08-16 10:12:35.511  1636  1653 D InputDispatcher: Window handle WindowManager has no registered input channel
08-16 10:12:35.511  7774  7774 V ActivityScenario: Activity lifecycle changed event received but ignored because the intent does not match. startActivityIntent=Intent { act=android.intent.action.MAIN cat=[android.intent.category.LAUNCHER] cmp=com.example.dogglers/.MainActivity }, activity.getIntent()=Intent { cmp=com.example.dogglers/.GridListActivity }, activity=com.example.dogglers.GridListActivity@dac5fac
08-16 10:12:35.513  2661 21890 I Hicom_Monitor: mActivityNotifierEx, className = com.example.dogglers.GridListActivity, uid = 10431
08-16 10:12:35.513  2661  3071 D DollieActivityManagerAdapter: [Resumed] bg:false pid:7774 uid:10431 ComponentInfo{com.example.dogglers/com.example.dogglers.GridListActivity}
08-16 10:12:35.513  2661  3071 E DollieAdapterService: notifyActivityState pkg:com.example.dogglers/com.example.dogglers.GridListActivity state:2 fg:true mUid:10431
08-16 10:12:35.513  2661  3071 I OllieMsgCenter: publishEvt=2130771985
08-16 10:12:35.515  6225  9809 I CAWARENESS_AppUsageManager: onEvent, packageName=com.example.dogglers, activityName=com.example.dogglers.GridListActivity
08-16 10:12:35.515  6225  9809 I CAWARENESS_AppUsageManager: fuse currently and delay publish
08-16 10:12:35.516  3386  7832 I HiAdKit.DC.PageSwitchEvent:  switch is off
08-16 10:12:35.516  3386  7832 I HiAdKit.DC.PaymentPageSwitchEvent:  switch is off
08-16 10:12:35.516  3386  7832 I HiAdKit.DC.LiteAppPageSwitchEvent:  switch is off
08-16 10:12:35.517  1636  1653 D ZrHung.AppEyeFocusWindow: FocusWindowErrorScene cancelCheckFreezeScreen
08-16 10:12:35.517  1636  1660 D HwPhoneWindowManager: Transact:setSystemUIColor to status bar service
08-16 10:12:35.517  1636  1653 D ZrHung.AppEyeTransparentWindow: TransparentWindow mHungConfigStatus = 0,mHungConfigEnable = 1
08-16 10:12:35.519  7774  7850 D mali_winsys: EGLint new_window_surface(egl_winsys_display *, void *, EGLSurface, EGLConfig, egl_winsys_surface **, EGLBoolean) returns 0x3000
08-16 10:12:35.522  2580 23377 I OPCollectLog: AppChangeImpl:call onAppChange.
08-16 10:12:35.522  2580  6962 I OPCollectLog: HwForegroundAppAction:handleMessage
08-16 10:12:35.522  2580  6962 D OPCollectLog: HwForegroundAppAction:FG executeWithArgs
08-16 10:12:35.522  2580  6962 I OPCollectLog: OPCollectUtils:ODMF Api Version:2.16.3
08-16 10:12:35.522  2580  6962 I OPCollectLog: Action:HwForegroundAppAction executed successfully
08-16 10:12:35.522  2580  6962 D OPCollectLog: OdmfCollectScheduler:handleMessage msg: 4
08-16 10:12:35.522  2580  6962 I OPCollectLog: OdmfHelper:opcollectCache 1
08-16 10:12:35.522  2580  6962 I OPCollectLog: OdmfHelper:opcollectCache curTime: 574929617, interval: 80
08-16 10:12:35.522  2580  6962 I OPCollectLog: OdmfHelper:isCharging: true
08-16 10:12:35.525  2580  6962 I OPCollectLog: OdmfHelper:insert database success
08-16 10:12:35.525  2580  6962 I OPCollectLog: OdmfHelper:opcollectCache size: 1
08-16 10:12:35.525  2580  6962 I OPCollectLog: OdmfHelper:opcollectCache lastTime: 574929619
08-16 10:12:35.528  1636  2504 D InputDispatcher: Window handle WindowManager has no registered input channel
08-16 10:12:35.532  7774  7774 D DecorView: showOrHideHighlightView: hasFocus=true; winMode=1; isMrgNull=true
08-16 10:12:35.532  2315  2315 E FullInputEventModel: onStartInput event aborted: fk.c0: could not obtain extracted text (class fk.c0)
08-16 10:12:35.532  7774  7774 W InputMethodManager: startInputReason = 1
08-16 10:12:35.533  7774  7774 W HwRemoteInputMethodManager: isCasting false because IHwDistributedWindowManager is invalid.
08-16 10:12:35.539  2208  2208 D BarTransitions.HwPhoneStatusBarView: MODE_OPAQUE -> MODE_TRANSPARENT animate=false
08-16 10:12:35.539  2208  2208 D BarTransitions.HwPhoneStatusBarView: applyModeBackground oldMode=MODE_OPAQUE newMode=MODE_TRANSPARENT animate=false
08-16 10:12:35.539  2208  2208 D BarTransitions.HwNavigationBarView: MODE_OPAQUE -> MODE_TRANSPARENT animate=false
08-16 10:12:35.539  2208  2208 D BarTransitions.HwNavigationBarView: applyModeBackground oldMode=MODE_OPAQUE newMode=MODE_TRANSPARENT animate=false
08-16 10:12:35.545  1636  1653 D InputDispatcher: Window handle WindowManager has no registered input channel
08-16 10:12:35.546   757   993 W BufferQueueProducer: [com.example.dogglers/androidx.test.core.app.InstrumentationActivityInvoker$EmptyActivity#1]:1390: disconnect: not connected (req=1)
08-16 10:12:35.547  7774  7850 W libEGL  : EGLNativeWindowType 0x76e4c28bd0 disconnect failed
08-16 10:12:35.551  7774  7836 I TestRunner: finished: clicking_grid_list_button_displays_grid_list(com.example.dogglers.ButtonTests)
