08-16 10:12:38.911  1636  2056 D WifiNetworkFactory: got request NetworkRequest [ TRACK_DEFAULT id=8188, [ Capabilities: INTERNET&NOT_RESTRICTED&TRUSTED Uid: 10104 DNN:  SSCMODE: 0 SNSSAI:  PduSessionType: 0 RouteBitmap: 0] ] with score 50 and serial 4
08-16 10:12:38.911  1636  2056 D UntrustedWifiNetworkFactory: got request NetworkRequest [ TRACK_DEFAULT id=8188, [ Capabilities: INTERNET&NOT_RESTRICTED&TRUSTED Uid: 10104 DNN:  SSCMODE: 0 SNSSAI:  PduSessionType: 0 RouteBitmap: 0] ] with score 50 and serial 4
08-16 10:12:38.911  2713  2713 D PhoneSwitcherNetworkRequstListener: got request NetworkRequest [ TRACK_DEFAULT id=8188, [ Capabilities: INTERNET&NOT_RESTRICTED&TRUSTED Uid: 10104 DNN:  SSCMODE: 0 SNSSAI:  PduSessionType: 0 RouteBitmap: 0] ] with score 50 and serial 4
08-16 10:12:38.911  8057  9067 I android.youtub: Waiting for a blocking GC ClassLinker
08-16 10:12:38.911  2713  2713 D PhoneSwitcherNetworkRequstListener: got request NetworkRequest [ TRACK_DEFAULT id=8188, [ Capabilities: INTERNET&NOT_RESTRICTED&TRUSTED Uid: 10104 DNN:  SSCMODE: 0 SNSSAI:  PduSessionType: 0 RouteBitmap: 0] ] with score 50 and serial 4
08-16 10:12:38.911  8057  9068 I android.youtub: Waiting for a blocking GC ClassLinker
08-16 10:12:38.912  8057  9069 I android.youtub: Waiting for a blocking GC ClassLinker
08-16 10:12:38.912  1636  2147 D Ethernet: got request NetworkRequest [ TRACK_DEFAULT id=8188, [ Capabilities: INTERNET&NOT_RESTRICTED&TRUSTED Uid: 10104 DNN:  SSCMODE: 0 SNSSAI:  PduSessionType: 0 RouteBitmap: 0] ] with score 50 and serial 4
08-16 10:12:38.912  8057  9071 I android.youtub: Waiting for a blocking GC ClassLinker
08-16 10:12:38.912  8057  9070 I android.youtub: Waiting for a blocking GC ClassLinker
08-16 10:12:38.912  2580  6962 I OPCollectLog: OdmfHelper:isCharging: true
08-16 10:12:38.912  7774  7774 D LifecycleMonitor: Lifecycle status change: com.example.dogglers.MainActivity@451a7c7 in: DESTROYED
08-16 10:12:38.912  8057  9072 I android.youtub: Waiting for a blocking GC ClassLinker
08-16 10:12:38.912  8083  8315 I NetworkKit_c: taskId:10|null|com.huawei.hms.framework.network.grs.e.c|a|23|ContextHolder.getAppContext() from GRS is:null
08-16 10:12:38.913  8057  9074 I android.youtub: Waiting for a blocking GC ClassLinker
08-16 10:12:38.913  7774  7774 V ActivityScenario: Update currentActivityStage to DESTROYED, currentActivity=null
08-16 10:12:38.913  8057  9073 I android.youtub: Waiting for a blocking GC ClassLinker
08-16 10:12:38.914  8057  9075 I android.youtub: Waiting for a blocking GC ClassLinker
08-16 10:12:38.914  8057  9076 I android.youtub: Waiting for a blocking GC ClassLinker
08-16 10:12:38.914  8057  9077 I android.youtub: Waiting for a blocking GC ClassLinker
08-16 10:12:38.914  8057  9078 I android.youtub: Waiting for a blocking GC ClassLinker
08-16 10:12:38.918  2580  6962 I OPCollectLog: OdmfHelper:insert database success
08-16 10:12:38.918  2580  6962 I OPCollectLog: OdmfHelper:opcollectCache size: 1
08-16 10:12:38.918  2580  6962 I OPCollectLog: OdmfHelper:opcollectCache lastTime: 574933013
08-16 10:12:38.919  2713  2713 D VoWifiFactory: got request NetworkRequest [ TRACK_DEFAULT id=8188, [ Capabilities: INTERNET&NOT_RESTRICTED&TRUSTED Uid: 10104 DNN:  SSCMODE: 0 SNSSAI:  PduSessionType: 0 RouteBitmap: 0] ] with score 50 and serial 4
08-16 10:12:38.923  1636  5869 D InputDispatcher: Window handle WindowManager has no registered input channel
08-16 10:12:38.924  5240  5334 I PushLog110105309: [FileObserver-264]enter cancelAlarm(Action=com.huawei.push.intent.NC_SWITCH_CHANGED
08-16 10:12:38.925  8057  9079 I android.youtub: Waiting for a blocking GC ClassLinker
08-16 10:12:38.926  7774  7774 D LifecycleMonitor: Lifecycle status change: androidx.test.core.app.InstrumentationActivityInvoker$BootstrapActivity@ef9e35c in: DESTROYED
08-16 10:12:38.926  7774  7774 V ActivityScenario: Activity lifecycle changed event received but ignored because the intent does not match. startActivityIntent=Intent { act=android.intent.action.MAIN cat=[android.intent.category.LAUNCHER] cmp=com.example.dogglers/.MainActivity }, activity.getIntent()=Intent { act=android.intent.action.MAIN cat=[android.intent.category.LAUNCHER] flg=0x10008000 cmp=com.example.dogglers/androidx.test.core.app.InstrumentationActivityInvoker$BootstrapActivity (has extras) }, activity=androidx.test.core.app.InstrumentationActivityInvoker$BootstrapActivity@ef9e35c
08-16 10:12:38.929  5240  5334 I PushLog110105309: [FileObserver-264]enter AlarmTools:setExactAlarm(intent:Intent { act=com.huawei.push.intent.NC_SWITCH_CHANGED pkg=android } interval:60000ms
08-16 10:12:38.929  5240  5334 I PushLog110105309: [FileObserver-264]setExactAlarm expectTriggerTime:1692195218929
08-16 10:12:38.938  2690 18106 I PGServer: getTopFrontApp. calling pkg: android
08-16 10:12:38.938  1636  2504 D InputDispatcher: Window handle WindowManager has no registered input channel
08-16 10:12:38.946  7774  7774 D LifecycleMonitor: Lifecycle status change: androidx.test.core.app.InstrumentationActivityInvoker$EmptyActivity@64f197b in: PAUSED
08-16 10:12:38.946  7774  7774 V ActivityScenario: Activity lifecycle changed event received but ignored because the intent does not match. startActivityIntent=Intent { act=android.intent.action.MAIN cat=[android.intent.category.LAUNCHER] cmp=com.example.dogglers/.MainActivity }, activity.getIntent()=Intent { act=android.intent.action.MAIN cat=[android.intent.category.LAUNCHER] flg=0x10000000 cmp=com.example.dogglers/androidx.test.core.app.InstrumentationActivityInvoker$EmptyActivity }, activity=androidx.test.core.app.InstrumentationActivityInvoker$EmptyActivity@64f197b
08-16 10:12:38.949  1636  1648 I system_server: Background young concurrent copying GC freed 320151(18MB) AllocSpace objects, 86(3364KB) LOS objects, 17% free, 89MB/108MB, paused 324us total 134.024ms
08-16 10:12:38.950  1636  1653 D ZrHung.AppEyeFocusWindow: FocusWindowErrorScene CheckFreezeScreen
08-16 10:12:38.950  1636  1653 D ZrHung.AppEyeTransparentWindow: TransparentWindow cancelCheckFreezeScreen
08-16 10:12:38.953  7774  7774 W ActivityThread: handleWindowVisibility: no activity for token android.os.BinderProxy@ad5576b
08-16 10:12:38.954  1046  1070 D AwareLog: iawared: WorkingsetProcessCommand subCmd = 352, userId=10431, pid=7774, com.example.dogglers/androidx.test.core.app.InstrumentationActivityInvoker$EmptyActivity
08-16 10:12:38.954  1046  1070 D AwareLog: iawared: WorkingsetStop com.example.dogglers/androidx.test.core.app.InstrumentationActivityInvoker$EmptyActivity
08-16 10:12:38.954  8083  9082 I NetworkKit_LocalManagerV2: taskId:10 -->NetworkKit_GRS_GrsClient-Init_0|null|com.huawei.hms.framework.network.grs.f.d|<init>|32|appConfigName isnull
08-16 10:12:38.955  1636  1653 D InputDispatcher: Window handle WindowManager has no registered input channel
08-16 10:12:38.956   730 15688 I AudioModuleManager: [AudioModuleGetParameters:71]: list size: 12
08-16 10:12:38.956  7774  7774 D LifecycleMonitor: Lifecycle status change: androidx.test.core.app.InstrumentationActivityInvoker$EmptyActivity@53b02c8 in: PRE_ON_CREATE
08-16 10:12:38.956   730 15688 I audio_hw_usbaudio_hw: [get_typec_parameters:587]: check show hires (false)
08-16 10:12:38.956  1046  1070 D AwareLog: iawared: WorkingsetProcessCommand subCmd = 350, userId=10431, pid=7774, com.example.dogglers/androidx.test.core.app.InstrumentationActivityInvoker$EmptyActivity
08-16 10:12:38.957  7774  7774 V ActivityScenario: Activity lifecycle changed event received but ignored because the intent does not match. startActivityIntent=Intent { act=android.intent.action.MAIN cat=[android.intent.category.LAUNCHER] cmp=com.example.dogglers/.MainActivity }, activity.getIntent()=Intent { act=android.intent.action.MAIN cat=[android.intent.category.LAUNCHER] flg=0x10000000 cmp=com.example.dogglers/androidx.test.core.app.InstrumentationActivityInvoker$EmptyActivity }, activity=androidx.test.core.app.InstrumentationActivityInvoker$EmptyActivity@53b02c8
08-16 10:12:38.957  1046  1070 D AwareLog: iawared: WorkingsetSendPrereadMsg com.example.dogglers/androidx.test.core.app.InstrumentationActivityInvoker$EmptyActivity
08-16 10:12:38.957  1046  1070 D AwareLog: iawared: WorkingsetStart com.example.dogglers/androidx.test.core.app.InstrumentationActivityInvoker$EmptyActivity in monitor0
08-16 10:12:38.959  2661  3071 D DollieActivityManagerAdapter: [Paused] pid:7774 uid:10431 ComponentInfo{com.example.dogglers/androidx.test.core.app.InstrumentationActivityInvoker$EmptyActivity} uidState:2
08-16 10:12:38.962  3386  7816 I HiAdKit.DC.PageSwitchEvent:  switch is off
08-16 10:12:38.962  3386  7816 I HiAdKit.DC.PaymentPageSwitchEvent:  switch is off
08-16 10:12:38.962  3386  7816 I HiAdKit.DC.LiteAppPageSwitchEvent:  switch is off
08-16 10:12:38.962   730 15688 I AudioModuleManager: [AudioModuleGetParameters:71]: list size: 12
08-16 10:12:38.962   730 15688 I audio_hw_usbaudio_hw: [get_typec_parameters:587]: check show hires (false)
08-16 10:12:38.964  8696  8998 I SecurityComp10200303: SSLFNew: createSocket
08-16 10:12:38.965  8696  8998 I SecurityComp10200303: SSLFNew: set default protocols
08-16 10:12:38.965  8696  8998 I SecurityComp10200303: SSLFNew: set default cipher
08-16 10:12:38.968  2580  7429 I HwNaturalBase: [Timer-1]: MultiUserManagerService:  getNotActiveUser start
08-16 10:12:38.969  7774  7774 I DecorView[]: pkgName:com.example.dogglers old windowMode:0 new windoMode:1, isFixedSize:false
08-16 10:12:38.970  7774  7774 D LifecycleMonitor: Lifecycle status change: androidx.test.core.app.InstrumentationActivityInvoker$EmptyActivity@53b02c8 in: CREATED
08-16 10:12:38.970  7774  7774 V ActivityScenario: Activity lifecycle changed event received but ignored because the intent does not match. startActivityIntent=Intent { act=android.intent.action.MAIN cat=[android.intent.category.LAUNCHER] cmp=com.example.dogglers/.MainActivity }, activity.getIntent()=Intent { act=android.intent.action.MAIN cat=[android.intent.category.LAUNCHER] flg=0x10000000 cmp=com.example.dogglers/androidx.test.core.app.InstrumentationActivityInvoker$EmptyActivity }, activity=androidx.test.core.app.InstrumentationActivityInvoker$EmptyActivity@53b02c8
08-16 10:12:38.971  7774  7774 D LifecycleMonitor: Lifecycle status change: androidx.test.core.app.InstrumentationActivityInvoker$EmptyActivity@53b02c8 in: STARTED
08-16 10:12:38.972  7774  7774 V ActivityScenario: Activity lifecycle changed event received but ignored because the intent does not match. startActivityIntent=Intent { act=android.intent.action.MAIN cat=[android.intent.category.LAUNCHER] cmp=com.example.dogglers/.MainActivity }, activity.getIntent()=Intent { act=android.intent.action.MAIN cat=[android.intent.category.LAUNCHER] flg=0x10000000 cmp=com.example.dogglers/androidx.test.core.app.InstrumentationActivityInvoker$EmptyActivity }, activity=androidx.test.core.app.InstrumentationActivityInvoker$EmptyActivity@53b02c8
08-16 10:12:38.973  1636  1963 D InputDispatcher: Window handle WindowManager has no registered input channel
08-16 10:12:38.973  7774  7774 D LifecycleMonitor: Lifecycle status change: androidx.test.core.app.InstrumentationActivityInvoker$EmptyActivity@53b02c8 in: RESUMED
08-16 10:12:38.973  7774  7774 V ActivityScenario: Activity lifecycle changed event received but ignored because the intent does not match. startActivityIntent=Intent { act=android.intent.action.MAIN cat=[android.intent.category.LAUNCHER] cmp=com.example.dogglers/.MainActivity }, activity.getIntent()=Intent { act=android.intent.action.MAIN cat=[android.intent.category.LAUNCHER] flg=0x10000000 cmp=com.example.dogglers/androidx.test.core.app.InstrumentationActivityInvoker$EmptyActivity }, activity=androidx.test.core.app.InstrumentationActivityInvoker$EmptyActivity@53b02c8
08-16 10:12:38.974  7774  7774 D MouseWheelSynthesizer: mMoveStepInDp: 64, mMoveStepInPixel: 192, mUpTimeDelayed: 100
08-16 10:12:38.975  7774  7774 D ViewRootImpl: ViewRootImpl mIsInProductivePCDisplay: false
08-16 10:12:38.975  1636  5869 I HwPCUtils#HwRioViewManager: check if rio enable, displayId = 0， packageName = com.example.dogglers
08-16 10:12:38.978  7774  7774 D InputEventReceiver: dispatchInputInterval 1000000
08-16 10:12:38.980  7774  7774 D DecorView: showOrHideHighlightView: hasFocus=false; winMode=1; isMrgNull=true
08-16 10:12:38.982  2661  3071 D DollieActivityManagerAdapter: [Resumed] bg:false pid:7774 uid:10431 ComponentInfo{com.example.dogglers/androidx.test.core.app.InstrumentationActivityInvoker$EmptyActivity}
08-16 10:12:38.982  2661  3071 E DollieAdapterService: notifyActivityState pkg:com.example.dogglers/androidx.test.core.app.InstrumentationActivityInvoker$EmptyActivity state:2 fg:true mUid:10431
08-16 10:12:38.982  2661  3071 I OllieMsgCenter: publishEvt=2130771985
08-16 10:12:38.982  6225  9809 I CAWARENESS_AppUsageManager: Repeat info, don't need publish
08-16 10:12:38.983  3386  7832 I HiAdKit.DC.PageSwitchEvent:  switch is off
08-16 10:12:38.983  3386  7832 I HiAdKit.DC.PaymentPageSwitchEvent:  switch is off
08-16 10:12:38.983  3386  7832 I HiAdKit.DC.LiteAppPageSwitchEvent:  switch is off
08-16 10:12:38.983  2661 21890 I Hicom_Monitor: mActivityNotifierEx, className = androidx.test.core.app.InstrumentationActivityInvoker$EmptyActivity, uid = 10431
08-16 10:12:38.984  2580 23377 I OPCollectLog: AppChangeImpl:call onAppChange.
08-16 10:12:38.984  2580  6962 I OPCollectLog: HwForegroundAppAction:handleMessage
08-16 10:12:38.984  2580  6962 D OPCollectLog: HwForegroundAppAction:FG executeWithArgs
08-16 10:12:38.984  2580  6962 I OPCollectLog: OPCollectUtils:ODMF Api Version:2.16.3
08-16 10:12:38.985  2580  6962 I OPCollectLog: Action:HwForegroundAppAction executed successfully
08-16 10:12:38.985  2580  6962 D OPCollectLog: OdmfCollectScheduler:handleMessage msg: 4
08-16 10:12:38.985  2580  6962 I OPCollectLog: OdmfHelper:opcollectCache 1
08-16 10:12:38.985  2580  6962 I OPCollectLog: OdmfHelper:opcollectCache curTime: 574933079, interval: 66
08-16 10:12:38.985  2580  6962 I OPCollectLog: OdmfHelper:isCharging: true
08-16 10:12:38.989  1636  1963 D InputDispatcher: Window handle WindowManager has no registered input channel
08-16 10:12:38.992  2580  6962 I OPCollectLog: OdmfHelper:insert database success
08-16 10:12:38.992  2580  6962 I OPCollectLog: OdmfHelper:opcollectCache size: 1
08-16 10:12:38.992  2580  6962 I OPCollectLog: OdmfHelper:opcollectCache lastTime: 574933087
08-16 10:12:38.994  1636  1963 D ZrHung.AppEyeFocusWindow: FocusWindowErrorScene cancelCheckFreezeScreen
08-16 10:12:38.994  1636  1963 D ZrHung.AppEyeTransparentWindow: TransparentWindow mHungConfigStatus = 0,mHungConfigEnable = 1
08-16 10:12:38.995  7774  9095 D HiTouch_PressGestureDetector: onAttached, package=com.example.dogglers, windowType=1, mIsHiTouchRestricted=false
08-16 10:12:38.997  7774  7850 D mali_winsys: EGLint new_window_surface(egl_winsys_display *, void *, EGLSurface, EGLConfig, egl_winsys_surface **, EGLBoolean) returns 0x3000
08-16 10:12:39.006  7774  7774 D DecorView: showOrHideHighlightView: hasFocus=true; winMode=1; isMrgNull=true
08-16 10:12:39.006  7774  7774 W InputMethodManager: startInputReason = 1
08-16 10:12:39.006  7774  7774 W HwRemoteInputMethodManager: isCasting false because IHwDistributedWindowManager is invalid.
08-16 10:12:39.008  1636  5869 D InputDispatcher: Window handle WindowManager has no registered input channel
08-16 10:12:39.010  2315  2315 E FullInputEventModel: onStartInput event aborted: fk.c0: could not obtain extracted text (class fk.c0)
08-16 10:12:39.012  1046  5076 D AwareLog: HiberManagerService::DoReclaim ok, pid=8075, reclaimMode=hiber_anon
08-16 10:12:39.012  1046  5076 D AwareLog: GetReclaimResult:reclaimKb=3624, swapKb=3624, swapUs=33873
08-16 10:12:39.012  1046  5076 D         : HibStrategy::HibStrategySwapCandidateProcessRemove packageName is com.google.android.partnersetup
08-16 10:12:39.012  1046  5076 D AwareLog: HiberManagerService::SendMessageToHiberTask successful
08-16 10:12:39.018  8696  8932 E PhoneClone: Service_WIFIUnit: getCountryCode SecurityException !
08-16 10:12:39.018  8696  8932 I PhoneClone: Service_BackupUtils: country code
08-16 10:12:39.022  1636  1653 D InputDispatcher: Window handle WindowManager has no registered input channel
08-16 10:12:39.023   757  1629 W BufferQueueProducer: [com.example.dogglers/androidx.test.core.app.InstrumentationActivityInvoker$EmptyActivity#0]:1390: disconnect: not connected (req=1)
08-16 10:12:39.023  7774  7850 W libEGL  : EGLNativeWindowType 0x76e8d48bd0 disconnect failed
08-16 10:12:39.025  1636  7153 W AwareLog: AwareMem_Reclaim: generateCompressList procsGroups error!
08-16 10:12:39.027  8057  9037 I android.youtub: WaitForGcToComplete blocked ClassLinker on ClassLinker for 136.235ms
08-16 10:12:39.027  7774  7774 D LifecycleMonitor: Lifecycle status change: androidx.test.core.app.InstrumentationActivityInvoker$EmptyActivity@64f197b in: STOPPED
08-16 10:12:39.027  7774  7774 V ActivityScenario: Activity lifecycle changed event received but ignored because the intent does not match. startActivityIntent=Intent { act=android.intent.action.MAIN cat=[android.intent.category.LAUNCHER] cmp=com.example.dogglers/.MainActivity }, activity.getIntent()=Intent { act=android.intent.action.MAIN cat=[android.intent.category.LAUNCHER] flg=0x10000000 cmp=com.example.dogglers/androidx.test.core.app.InstrumentationActivityInvoker$EmptyActivity }, activity=androidx.test.core.app.InstrumentationActivityInvoker$EmptyActivity@64f197b
08-16 10:12:39.028  8057  9051 I android.youtub: WaitForGcToComplete blocked ClassLinker on ClassLinker for 121.428ms
08-16 10:12:39.028  1046  1070 D         : HibSTrategy::HibStrategySwapCandidateProcessAdd packageName com.google.android.permissioncontroller
08-16 10:12:39.028  8057  9050 I android.youtub: WaitForGcToComplete blocked ClassLinker on ClassLinker for 121.222ms
08-16 10:12:39.028  8057  9055 I android.youtub: WaitForGcToComplete blocked ClassLinker on ClassLinker for 120.328ms
08-16 10:12:39.028  8057  9053 I android.youtub: WaitForGcToComplete blocked ClassLinker on ClassLinker for 121.240ms
08-16 10:12:39.028  8057  9054 I android.youtub: WaitForGcToComplete blocked ClassLinker on ClassLinker for 121.063ms
08-16 10:12:39.029  8057  9058 I android.youtub: WaitForGcToComplete blocked ClassLinker on ClassLinker for 120.190ms
08-16 10:12:39.029  8057  9059 I android.youtub: WaitForGcToComplete blocked ClassLinker on ClassLinker for 120.140ms
08-16 10:12:39.029  8057  9060 I android.youtub: WaitForGcToComplete blocked ClassLinker on ClassLinker for 120.032ms
08-16 10:12:39.029  8057  9061 I android.youtub: WaitForGcToComplete blocked ClassLinker on ClassLinker for 119.929ms
08-16 10:12:39.029  8057  9062 I android.youtub: WaitForGcToComplete blocked ClassLinker on ClassLinker for 119.704ms
08-16 10:12:39.029  8057  9063 I android.youtub: WaitForGcToComplete blocked ClassLinker on ClassLinker for 119.479ms
08-16 10:12:39.029  8057  9065 I android.youtub: WaitForGcToComplete blocked ClassLinker on ClassLinker for 119.409ms
08-16 10:12:39.030  8057  9076 I android.youtub: WaitForGcToComplete blocked ClassLinker on ClassLinker for 115.693ms
08-16 10:12:39.030  8057  9066 I android.youtub: Waiting for a blocking GC ClassLinker
08-16 10:12:39.030  8057  9067 I android.youtub: Waiting for a blocking GC ClassLinker
08-16 10:12:39.030  8057  9068 I android.youtub: Waiting for a blocking GC ClassLinker
08-16 10:12:39.030  8057  9069 I android.youtub: Waiting for a blocking GC ClassLinker
08-16 10:12:39.030  8057  9071 I android.youtub: Waiting for a blocking GC ClassLinker
08-16 10:12:39.030  8057  9078 I android.youtub: Waiting for a blocking GC ClassLinker
08-16 10:12:39.030  8057  9070 I android.youtub: Waiting for a blocking GC ClassLinker
08-16 10:12:39.030  8057  9077 I android.youtub: Waiting for a blocking GC ClassLinker
08-16 10:12:39.030  8057  9072 I android.youtub: Waiting for a blocking GC ClassLinker
08-16 10:12:39.030  8057  9074 I android.youtub: Waiting for a blocking GC ClassLinker
08-16 10:12:39.030  8057  9073 I android.youtub: Waiting for a blocking GC ClassLinker
08-16 10:12:39.030  8057  9075 I android.youtub: Waiting for a blocking GC ClassLinker
08-16 10:12:39.030  8057  9079 I android.youtub: Waiting for a blocking GC ClassLinker
08-16 10:12:39.031  8057  9066 I android.youtub: WaitForGcToComplete blocked ClassLinker on ClassLinker for 119.877ms
08-16 10:12:39.031  8057  9068 I android.youtub: WaitForGcToComplete blocked ClassLinker on ClassLinker for 119.390ms
08-16 10:12:39.031  8057  9069 I android.youtub: WaitForGcToComplete blocked ClassLinker on ClassLinker for 118.965ms
08-16 10:12:39.031  8057  9071 I android.youtub: WaitForGcToComplete blocked ClassLinker on ClassLinker for 118.875ms
08-16 10:12:39.031  8057  9077 I android.youtub: WaitForGcToComplete blocked ClassLinker on ClassLinker for 117.071ms
08-16 10:12:39.031  8057  9073 I android.youtub: WaitForGcToComplete blocked ClassLinker on ClassLinker for 117.740ms
08-16 10:12:39.031  8057  9074 I android.youtub: WaitForGcToComplete blocked ClassLinker on ClassLinker for 118.684ms
08-16 10:12:39.031  8057  9067 I android.youtub: WaitForGcToComplete blocked ClassLinker on ClassLinker for 120.235ms
08-16 10:12:39.031  8057  9075 I android.youtub: WaitForGcToComplete blocked ClassLinker on ClassLinker for 117.688ms
08-16 10:12:39.031  8057  9072 I android.youtub: WaitForGcToComplete blocked ClassLinker on ClassLinker for 119.082ms
08-16 10:12:39.032  8057  9079 I android.youtub: WaitForGcToComplete blocked ClassLinker on ClassLinker for 106.869ms
08-16 10:12:39.034   753 14063 D AudioPolicyService: getUidState(10091) !cacheIter->second.first, return PROCESS_STATE_UNKNOWN
08-16 10:12:39.035   753 14063 D AudioPolicyService: getUidState(10091) !cacheIter->second.first, return PROCESS_STATE_UNKNOWN
08-16 10:12:39.036  8057  9056 I android.youtub: Waiting for a blocking GC ClassLinker
08-16 10:12:39.036  8057  9057 I android.youtub: Waiting for a blocking GC ClassLinker
08-16 10:12:39.037  8057  9070 I android.youtub: Waiting for a blocking GC ClassLinker
08-16 10:12:39.037  8057  9078 I android.youtub: Waiting for a blocking GC ClassLinker
08-16 10:12:39.039  1636  5869 D InputDispatcher: Window handle WindowManager has no registered input channel
08-16 10:12:39.042  8083  9082 I NetworkKit_AbstractLocalManager: taskId:10 -->NetworkKit_GRS_GrsClient-Init_0|null|com.huawei.hms.framework.network.grs.f.a|a|15|load APP_CONFIG_FILE success.
08-16 10:12:39.047  1636  1653 D ZrHung.AppEyeFocusWindow: FocusWindowErrorScene CheckFreezeScreen
08-16 10:12:39.047  1636  1653 D ZrHung.AppEyeTransparentWindow: TransparentWindow cancelCheckFreezeScreen
08-16 10:12:39.047  2661 11726 I AssistantService-11.2.1.200: registerHwActivityNotifier call fromPackage:com.example.dogglers, toPackage:com.huawei.android.launcher
08-16 10:12:39.047  2661  6711 D AssistantService-11.2.1.200: handleMessage app switch fromPackage:com.example.dogglers, toPackage:com.huawei.android.launcher
08-16 10:12:39.048  3386  7833 I HiAdKit.DC.PersistentMessageCenter:  notifyMessage com.huawei.hwid_app_switch_from_to_intent
08-16 10:12:39.049  2661 21890 I Hicom_Monitor: mAppSwitchNotifierEx. uid: 10065, foreground app: com.huawei.android.launcher, foreground activity: com.huawei.android.launcher.unihome.UniHomeLauncher
08-16 10:12:39.049  2661  3353 W Hicom_XEngineProc: handleForegroundAppChanged. Feature is not enable.
08-16 10:12:39.049  6225  9809 I CAWARENESS_AppUsageManager: onEvent, packageName=com.huawei.android.launcher, activityName=com.huawei.android.launcher.unihome.UniHomeLauncher
08-16 10:12:39.049  6225  9809 I CAWARENESS_AppUsageManager: fuse currently and delay publish
08-16 10:12:39.050  2730 17266 W HwLauncher: ExitAppAnimationManager getAnimationInfoMyself, mAnimationInfo = com.huawei.android.launcher.exitapp.ExitAppAnimationManager$AnimationInfo@536b8da
08-16 10:12:39.050  2730  2730 W HwLauncher: RotationHelper hideAdjacentScreen, launcher is not transposed. RotationMode = com.huawei.android.launcher.graphics.RotationMode$1{293d90b surfaceRotation = 0.0,isTransposed = false}
08-16 10:12:39.050  2690  3310 I ScenarioService: app focus change from: com.example.dogglers to:com.huawei.android.launcher
08-16 10:12:39.050  2690  3310 I ScenarioService: add focus on app:com.huawei.android.launcher to visiblePkgs
08-16 10:12:39.052  2624 10575 I iconnect:BluetoothApi: adapter status 12
08-16 10:12:39.052  2624 10575 I iconnect:NearbyDeviceDetect: isPropEnable=true, isBluetoothEnabled=true, isScreenOn=true, isNotSpecialAppOnTop=true, scanCondition=0
08-16 10:12:39.052  7774  7774 D LifecycleMonitor: Lifecycle status change: androidx.test.core.app.InstrumentationActivityInvoker$EmptyActivity@64f197b in: DESTROYED
08-16 10:12:39.052  7774  7774 V ActivityScenario: Activity lifecycle changed event received but ignored because the intent does not match. startActivityIntent=Intent { act=android.intent.action.MAIN cat=[android.intent.category.LAUNCHER] cmp=com.example.dogglers/.MainActivity }, activity.getIntent()=Intent { act=android.intent.action.MAIN cat=[android.intent.category.LAUNCHER] flg=0x10000000 cmp=com.example.dogglers/androidx.test.core.app.InstrumentationActivityInvoker$EmptyActivity }, activity=androidx.test.core.app.InstrumentationActivityInvoker$EmptyActivity@64f197b
08-16 10:12:39.054  2624 10575 I iconnect:DeviceStateMachineManager: report:NOT_SPECIAL_APP_ON_TOP device:D
08-16 10:12:39.054  2624 10575 I iconnect:DeviceStateMachineManager: Return exist stateMachine
08-16 10:12:39.056  1636  2504 D InputDispatcher: Window handle WindowManager has no registered input channel
08-16 10:12:39.058  7774  7774 D LifecycleMonitor: Lifecycle status change: androidx.test.core.app.InstrumentationActivityInvoker$EmptyActivity@53b02c8 in: PAUSED
08-16 10:12:39.058  7774  7774 V ActivityScenario: Activity lifecycle changed event received but ignored because the intent does not match. startActivityIntent=Intent { act=android.intent.action.MAIN cat=[android.intent.category.LAUNCHER] cmp=com.example.dogglers/.MainActivity }, activity.getIntent()=Intent { act=android.intent.action.MAIN cat=[android.intent.category.LAUNCHER] flg=0x10000000 cmp=com.example.dogglers/androidx.test.core.app.InstrumentationActivityInvoker$EmptyActivity }, activity=androidx.test.core.app.InstrumentationActivityInvoker$EmptyActivity@53b02c8
08-16 10:12:39.061   666   666 D Zygote  : Forked child process 9104
08-16 10:12:39.063  8696  8932 I PhoneClone: Service_BackupAppControlStrategy: begin get system hot patch.
08-16 10:12:39.064  7774  7774 D DecorView: showOrHideHighlightView: hasFocus=false; winMode=1; isMrgNull=true
08-16 10:12:39.065  2661  3071 D DollieActivityManagerAdapter: [Paused] pid:7774 uid:10431 ComponentInfo{com.example.dogglers/androidx.test.core.app.InstrumentationActivityInvoker$EmptyActivity} uidState:2
08-16 10:12:39.065  2690  3310 D ScenarioService: front pkg : com.huawei.android.launcher launcher: true
08-16 10:12:39.065  2690  3310 I AppsUsage: scnOff:false FgAPP:com.huawei.android.launcher BgAPP:com.example.dogglers
08-16 10:12:39.065  2690 26664 I PGServer: getTopFrontApp. calling pkg: android
08-16 10:12:39.066  7774  7836 I TestRunner: finished: vertical_list_button_is_displayed(com.example.dogglers.ButtonTests)
