08-16 10:12:45.890  1636  5869 D InputDispatcher: Window handle WindowManager has no registered input channel
08-16 10:12:45.899  8174  8678 I Cloud[13.2.0.303]Base.FileHelper: getICSStoragePath locationSdcard = null ,locationPcard = /storage/emulated/0 ,uDiskStoragePath = null, appClonePath = null
08-16 10:12:45.899  8174  8678 I Cloud[13.2.0.303]Sync.CloudBackupAppDataUtil: begin init appDataUtil appId = com.google.android.apps.docs.editors.sheets
08-16 10:12:45.903  8102  9513 W WM-Processor: Didn't find WorkSpec for id WorkGenerationalId(workSpecId=8fcb4a55-b14e-4ac4-901d-890327fddabe, generation=0)
08-16 10:12:45.906  8102  9580 W WM-Processor: Didn't find WorkSpec for id WorkGenerationalId(workSpecId=8fcb4a55-b14e-4ac4-901d-890327fddabe, generation=0)
08-16 10:12:45.907  1636 15277 D InputDispatcher: Window handle WindowManager has no registered input channel
08-16 10:12:45.910  8174  8678 I Cloud[13.2.0.303]Sync.CloudBackupAppDataUtil: initAppFileInfo
08-16 10:12:45.910  1636  1648 I system_server: Background concurrent copying GC freed 404980(22MB) AllocSpace objects, 47(2868KB) LOS objects, 21% free, 87MB/111MB, paused 208us total 417.067ms
08-16 10:12:45.910  8102  9513 W WM-Processor: Didn't find WorkSpec for id WorkGenerationalId(workSpecId=8fcb4a55-b14e-4ac4-901d-890327fddabe, generation=0)
08-16 10:12:45.912  8174  8678 I Cloud[13.2.0.303]Sync.CloudBackupAppDataUtil: match appInfo by emui
08-16 10:12:45.914  7774  7774 D LifecycleMonitor: Lifecycle status change: androidx.test.core.app.InstrumentationActivityInvoker$BootstrapActivity@1a214e7 in: STOPPED
08-16 10:12:45.914  7774  7774 V ActivityScenario: Activity lifecycle changed event received but ignored because the intent does not match. startActivityIntent=Intent { act=android.intent.action.MAIN cat=[android.intent.category.LAUNCHER] cmp=com.example.dogglers/.HorizontalListActivity }, activity.getIntent()=Intent { act=android.intent.action.MAIN cat=[android.intent.category.LAUNCHER] flg=0x10008000 cmp=com.example.dogglers/androidx.test.core.app.InstrumentationActivityInvoker$BootstrapActivity (has extras) }, activity=androidx.test.core.app.InstrumentationActivityInvoker$BootstrapActivity@1a214e7
08-16 10:12:45.915  7774  7774 D LifecycleMonitor: Lifecycle status change: androidx.test.core.app.InstrumentationActivityInvoker$BootstrapActivity@1a214e7 in: DESTROYED
08-16 10:12:45.915  7774  7774 V ActivityScenario: Activity lifecycle changed event received but ignored because the intent does not match. startActivityIntent=Intent { act=android.intent.action.MAIN cat=[android.intent.category.LAUNCHER] cmp=com.example.dogglers/.HorizontalListActivity }, activity.getIntent()=Intent { act=android.intent.action.MAIN cat=[android.intent.category.LAUNCHER] flg=0x10008000 cmp=com.example.dogglers/androidx.test.core.app.InstrumentationActivityInvoker$BootstrapActivity (has extras) }, activity=androidx.test.core.app.InstrumentationActivityInvoker$BootstrapActivity@1a214e7
08-16 10:12:45.916  2315  2315 E FullInputEventModel: onStartInput event aborted: fk.c0: could not obtain extracted text (class fk.c0)
08-16 10:12:45.916  8174  8678 I Cloud[13.2.0.303]Sync.CloudBackupAppDataUtil: initDefaultFileInfoList
08-16 10:12:45.923  7774  7774 D LifecycleMonitor: Lifecycle status change: com.example.dogglers.HorizontalListActivity@471b07e in: STOPPED
08-16 10:12:45.923  7774  7774 V ActivityScenario: Update currentActivityStage to STOPPED, currentActivity=com.example.dogglers.HorizontalListActivity@471b07e
08-16 10:12:45.924  7774  7774 D LifecycleMonitor: Lifecycle status change: com.example.dogglers.HorizontalListActivity@471b07e in: DESTROYED
08-16 10:12:45.924  7774  7774 V ActivityScenario: Update currentActivityStage to DESTROYED, currentActivity=null
08-16 10:12:45.926  1636  1963 D InputDispatcher: Window handle WindowManager has no registered input channel
08-16 10:12:45.931  8174  8678 I Cloud[13.2.0.303]Sync.CloudBackupAppDataUtil: end init appDataUtil
08-16 10:12:45.932  8174  8678 I Cloud[13.2.0.303]Sync.CloudBackupAppDataUtil: appId: com.google.android.apps.docs.editors.sheets, isAppDataAble: false
08-16 10:12:45.939  7774  7774 D LifecycleMonitor: Lifecycle status change: androidx.test.core.app.InstrumentationActivityInvoker$EmptyActivity@66fcff0 in: PAUSED
08-16 10:12:45.942  1636  5869 D InputDispatcher: Window handle WindowManager has no registered input channel
08-16 10:12:45.944  8174  8678 I Cloud[13.2.0.303]Sync.GetOptionsInfoFromCloneTask: appId: com.google.android.apps.docs.editors.sheets match om config, backup app data.
08-16 10:12:45.945  8174  8678 I Cloud[13.2.0.303]Sync.GetOptionsInfoFromCloneTask: getThirdAppOptionsInfo{"appId":"com.google.android.apps.docs.editors.sheets","appName":"Hojas de cálculo","appType":0,"backupData":true,"backupSwitch":false,"codeBytes":0,"data1":"","data2":"","data3":"","data4":"220590604","data5":"","data6":"","dataBytes":0,"increase1":0,"increase2":0,"isDataEnable":0,"isDisable":false,"itemTotal":0,"operateTime":0,"operateType":0,"parent":"thirdApp","showType":0,"switchCount":0,"uid":0,"appApkSize":0,"appDataSize":0,"appSwitch":false,"isOmConfigAble":false}
08-16 10:12:45.945  7774  7774 V ActivityScenario: Activity lifecycle changed event received but ignored because the intent does not match. startActivityIntent=Intent { act=android.intent.action.MAIN cat=[android.intent.category.LAUNCHER] cmp=com.example.dogglers/.HorizontalListActivity }, activity.getIntent()=Intent { act=android.intent.action.MAIN cat=[android.intent.category.LAUNCHER] flg=0x10000000 cmp=com.example.dogglers/androidx.test.core.app.InstrumentationActivityInvoker$EmptyActivity }, activity=androidx.test.core.app.InstrumentationActivityInvoker$EmptyActivity@66fcff0
08-16 10:12:45.950  1636  2813 D ZrHung.AppEyeFocusWindow: FocusWindowErrorScene CheckFreezeScreen
08-16 10:12:45.950  1636  2813 D ZrHung.AppEyeTransparentWindow: TransparentWindow cancelCheckFreezeScreen
08-16 10:12:45.954  1046  1070 D AwareLog: iawared: WorkingsetProcessCommand subCmd = 352, userId=10431, pid=7774, com.example.dogglers/androidx.test.core.app.InstrumentationActivityInvoker$EmptyActivity
08-16 10:12:45.954  7774  7774 W ActivityThread: handleWindowVisibility: no activity for token android.os.BinderProxy@daf5c23
08-16 10:12:45.954  1046  1070 D AwareLog: iawared: WorkingsetStop com.example.dogglers/androidx.test.core.app.InstrumentationActivityInvoker$EmptyActivity
08-16 10:12:45.954  2661  3071 D DollieActivityManagerAdapter: [Paused] pid:7774 uid:10431 ComponentInfo{com.example.dogglers/androidx.test.core.app.InstrumentationActivityInvoker$EmptyActivity} uidState:2
08-16 10:12:45.955  1046  1070 D AwareLog: iawared: WorkingsetProcessCommand subCmd = 350, userId=10431, pid=7774, com.example.dogglers/androidx.test.core.app.InstrumentationActivityInvoker$EmptyActivity
08-16 10:12:45.955  1046  1070 D AwareLog: iawared: WorkingsetSendPrereadMsg com.example.dogglers/androidx.test.core.app.InstrumentationActivityInvoker$EmptyActivity
08-16 10:12:45.955  1046  1070 D AwareLog: iawared: WorkingsetStart com.example.dogglers/androidx.test.core.app.InstrumentationActivityInvoker$EmptyActivity in monitor0
08-16 10:12:45.956  1636  3033 D InputDispatcher: Window handle WindowManager has no registered input channel
08-16 10:12:45.958  7774  7774 D LifecycleMonitor: Lifecycle status change: androidx.test.core.app.InstrumentationActivityInvoker$EmptyActivity@7cf1520 in: PRE_ON_CREATE
08-16 10:12:45.958  7774  7774 V ActivityScenario: Activity lifecycle changed event received but ignored because the intent does not match. startActivityIntent=Intent { act=android.intent.action.MAIN cat=[android.intent.category.LAUNCHER] cmp=com.example.dogglers/.HorizontalListActivity }, activity.getIntent()=Intent { act=android.intent.action.MAIN cat=[android.intent.category.LAUNCHER] flg=0x10000000 cmp=com.example.dogglers/androidx.test.core.app.InstrumentationActivityInvoker$EmptyActivity }, activity=androidx.test.core.app.InstrumentationActivityInvoker$EmptyActivity@7cf1520
08-16 10:12:45.959  3386  7832 I HiAdKit.DC.PageSwitchEvent:  switch is off
08-16 10:12:45.959  3386  7832 I HiAdKit.DC.PaymentPageSwitchEvent:  switch is off
08-16 10:12:45.959  3386  7832 I HiAdKit.DC.LiteAppPageSwitchEvent:  switch is off
08-16 10:12:45.962  7774  7774 I DecorView[]: pkgName:com.example.dogglers old windowMode:0 new windoMode:1, isFixedSize:false
08-16 10:12:45.965  7774  7774 D LifecycleMonitor: Lifecycle status change: androidx.test.core.app.InstrumentationActivityInvoker$EmptyActivity@7cf1520 in: CREATED
08-16 10:12:45.965  7774  7774 V ActivityScenario: Activity lifecycle changed event received but ignored because the intent does not match. startActivityIntent=Intent { act=android.intent.action.MAIN cat=[android.intent.category.LAUNCHER] cmp=com.example.dogglers/.HorizontalListActivity }, activity.getIntent()=Intent { act=android.intent.action.MAIN cat=[android.intent.category.LAUNCHER] flg=0x10000000 cmp=com.example.dogglers/androidx.test.core.app.InstrumentationActivityInvoker$EmptyActivity }, activity=androidx.test.core.app.InstrumentationActivityInvoker$EmptyActivity@7cf1520
08-16 10:12:45.966  8360  8400 D ZrHung.AppEyeUiProbe: stop UiProbe
08-16 10:12:45.966  8360  8400 D ZrHung.AppEyeUiProbe: not watching, wait.
08-16 10:12:45.966  7774  7774 D LifecycleMonitor: Lifecycle status change: androidx.test.core.app.InstrumentationActivityInvoker$EmptyActivity@7cf1520 in: STARTED
08-16 10:12:45.966  7774  7774 V ActivityScenario: Activity lifecycle changed event received but ignored because the intent does not match. startActivityIntent=Intent { act=android.intent.action.MAIN cat=[android.intent.category.LAUNCHER] cmp=com.example.dogglers/.HorizontalListActivity }, activity.getIntent()=Intent { act=android.intent.action.MAIN cat=[android.intent.category.LAUNCHER] flg=0x10000000 cmp=com.example.dogglers/androidx.test.core.app.InstrumentationActivityInvoker$EmptyActivity }, activity=androidx.test.core.app.InstrumentationActivityInvoker$EmptyActivity@7cf1520
08-16 10:12:45.968  7774  7774 D LifecycleMonitor: Lifecycle status change: androidx.test.core.app.InstrumentationActivityInvoker$EmptyActivity@7cf1520 in: RESUMED
08-16 10:12:45.968  7774  7774 V ActivityScenario: Activity lifecycle changed event received but ignored because the intent does not match. startActivityIntent=Intent { act=android.intent.action.MAIN cat=[android.intent.category.LAUNCHER] cmp=com.example.dogglers/.HorizontalListActivity }, activity.getIntent()=Intent { act=android.intent.action.MAIN cat=[android.intent.category.LAUNCHER] flg=0x10000000 cmp=com.example.dogglers/androidx.test.core.app.InstrumentationActivityInvoker$EmptyActivity }, activity=androidx.test.core.app.InstrumentationActivityInvoker$EmptyActivity@7cf1520
08-16 10:12:45.969  7774  7774 D MouseWheelSynthesizer: mMoveStepInDp: 64, mMoveStepInPixel: 192, mUpTimeDelayed: 100
08-16 10:12:45.969  7774  7774 D ViewRootImpl: ViewRootImpl mIsInProductivePCDisplay: false
08-16 10:12:45.970  1636  3033 I HwPCUtils#HwRioViewManager: check if rio enable, displayId = 0， packageName = com.example.dogglers
08-16 10:12:45.972  7774  7774 D InputEventReceiver: dispatchInputInterval 1000000
08-16 10:12:45.973  8174  8678 I Cloud[13.2.0.303]Base.FileHelper: getICSStoragePath locationSdcard = null ,locationPcard = /storage/emulated/0 ,uDiskStoragePath = null, appClonePath = null
08-16 10:12:45.973  8174  8678 I Cloud[13.2.0.303]Sync.CloudBackupAppDataUtil: begin init appDataUtil appId = com.google.android.apps.docs.editors.slides
08-16 10:12:45.973  1636  3033 D InputDispatcher: Window handle WindowManager has no registered input channel
08-16 10:12:45.974  7774  7774 D DecorView: showOrHideHighlightView: hasFocus=false; winMode=1; isMrgNull=true
08-16 10:12:45.975  6225  9809 I CAWARENESS_AppUsageManager: Repeat info, don't need publish
08-16 10:12:45.975  2661  3071 D DollieActivityManagerAdapter: [Resumed] bg:false pid:7774 uid:10431 ComponentInfo{com.example.dogglers/androidx.test.core.app.InstrumentationActivityInvoker$EmptyActivity}
08-16 10:12:45.975  2661  3071 E DollieAdapterService: notifyActivityState pkg:com.example.dogglers/androidx.test.core.app.InstrumentationActivityInvoker$EmptyActivity state:2 fg:true mUid:10431
08-16 10:12:45.975  2661  3071 I OllieMsgCenter: publishEvt=2130771985
08-16 10:12:45.976  2661 29501 I Hicom_Monitor: mActivityNotifierEx, className = androidx.test.core.app.InstrumentationActivityInvoker$EmptyActivity, uid = 10431
08-16 10:12:45.977  3386  7816 I HiAdKit.DC.PageSwitchEvent:  switch is off
08-16 10:12:45.977  3386  7816 I HiAdKit.DC.PaymentPageSwitchEvent:  switch is off
08-16 10:12:45.977  3386  7816 I HiAdKit.DC.LiteAppPageSwitchEvent:  switch is off
08-16 10:12:45.980  1636 15277 D ZrHung.AppEyeFocusWindow: FocusWindowErrorScene cancelCheckFreezeScreen
08-16 10:12:45.980  1636 15277 D ZrHung.AppEyeTransparentWindow: TransparentWindow mHungConfigStatus = 0,mHungConfigEnable = 1
08-16 10:12:45.981  8174  8678 I Cloud[13.2.0.303]Sync.CloudBackupAppDataUtil: initAppFileInfo
08-16 10:12:45.982  7774  9747 D HiTouch_PressGestureDetector: onAttached, package=com.example.dogglers, windowType=1, mIsHiTouchRestricted=false
08-16 10:12:45.982  7774  7850 D mali_winsys: EGLint new_window_surface(egl_winsys_display *, void *, EGLSurface, EGLConfig, egl_winsys_surface **, EGLBoolean) returns 0x3000
08-16 10:12:45.982  8174  8678 I Cloud[13.2.0.303]Sync.CloudBackupAppDataUtil: match appInfo by emui
08-16 10:12:45.985  2580 23377 I OPCollectLog: AppChangeImpl:call onAppChange.
08-16 10:12:45.985  2580  6962 I OPCollectLog: HwForegroundAppAction:handleMessage
08-16 10:12:45.985  2580  6962 D OPCollectLog: HwForegroundAppAction:FG executeWithArgs
08-16 10:12:45.985  2580  6962 I OPCollectLog: OPCollectUtils:ODMF Api Version:2.16.3
08-16 10:12:45.985  2580  6962 I OPCollectLog: Action:HwForegroundAppAction executed successfully
08-16 10:12:45.985  2580  6962 D OPCollectLog: OdmfCollectScheduler:handleMessage msg: 4
08-16 10:12:45.985  2580  6962 I OPCollectLog: OdmfHelper:opcollectCache 1
08-16 10:12:45.985  2580  6962 I OPCollectLog: OdmfHelper:opcollectCache curTime: 574940080, interval: 115
08-16 10:12:45.986  2580  6962 I OPCollectLog: OdmfHelper:isCharging: true
08-16 10:12:45.987  8174  8678 I Cloud[13.2.0.303]Sync.CloudBackupAppDataUtil: initDefaultFileInfoList
08-16 10:12:45.988  2580  6962 I OPCollectLog: OdmfHelper:insert database success
08-16 10:12:45.988  2580  6962 I OPCollectLog: OdmfHelper:opcollectCache size: 1
08-16 10:12:45.988  2580  6962 I OPCollectLog: OdmfHelper:opcollectCache lastTime: 574940083
08-16 10:12:45.988  8174  8678 I Cloud[13.2.0.303]Sync.CloudBackupAppDataUtil: end init appDataUtil
08-16 10:12:45.988  8174  8678 I Cloud[13.2.0.303]Sync.CloudBackupAppDataUtil: appId: com.google.android.apps.docs.editors.slides, isAppDataAble: false
08-16 10:12:45.989  2690  3310 I AppManager: dependence has been existed:1636 -> 9407
08-16 10:12:45.989  2690  3438 I AppFastHibernation: wakeup com.reddit.frontpage for bindservice
08-16 10:12:45.990  1046 12149 I Pged-IPgedBinderService: ****action is 2, pid num is 2***
08-16 10:12:45.990  1046 12149 I Pged-Freezer: thawPids
08-16 10:12:45.990  1046 12149 I Pged-Freezer: Pid 9407 is not exist in vector
08-16 10:12:45.990  2690  3436 D PgedBinderAdapter: unF_Z ok, pid: [9407]
08-16 10:12:45.990  1636  3033 D InputDispatcher: Window handle WindowManager has no registered input channel
08-16 10:12:45.997  7774  7774 D DecorView: showOrHideHighlightView: hasFocus=true; winMode=1; isMrgNull=true
08-16 10:12:45.998  7774  7774 W InputMethodManager: startInputReason = 1
08-16 10:12:45.998  7774  7774 W HwRemoteInputMethodManager: isCasting false because IHwDistributedWindowManager is invalid.
08-16 10:12:45.999  8174  8678 I Cloud[13.2.0.303]Sync.GetOptionsInfoFromCloneTask: appId: com.google.android.apps.docs.editors.slides match om config, backup app data.
08-16 10:12:46.007  1636 15277 D InputDispatcher: Window handle WindowManager has no registered input channel
08-16 10:12:46.007  8174  8678 I Cloud[13.2.0.303]Sync.GetOptionsInfoFromCloneTask: getThirdAppOptionsInfo{"appId":"com.google.android.apps.docs.editors.slides","appName":"Diapositivas","appType":0,"backupData":true,"backupSwitch":false,"codeBytes":0,"data1":"","data2":"","data3":"","data4":"220589372","data5":"","data6":"","dataBytes":0,"increase1":0,"increase2":0,"isDataEnable":0,"isDisable":false,"itemTotal":0,"operateTime":0,"operateType":0,"parent":"thirdApp","showType":0,"switchCount":0,"uid":0,"appApkSize":0,"appDataSize":0,"appSwitch":false,"isOmConfigAble":false}
08-16 10:12:46.008   757  1624 W BufferQueueProducer: [com.example.dogglers/androidx.test.core.app.InstrumentationActivityInvoker$EmptyActivity#0]:1390: disconnect: not connected (req=1)
08-16 10:12:46.008  7774  7850 W libEGL  : EGLNativeWindowType 0x76da533810 disconnect failed
08-16 10:12:46.017  6225  9809 I CAWARENESS_AppUsageManager: onEvent, packageName=com.huawei.android.launcher, activityName=com.huawei.android.launcher.unihome.UniHomeLauncher
08-16 10:12:46.017  6225  9809 I CAWARENESS_AppUsageManager: fuse currently and delay publish
08-16 10:12:46.018  2730  4111 W HwLauncher: ExitAppAnimationManager getAnimationInfoMyself, mAnimationInfo = com.huawei.android.launcher.exitapp.ExitAppAnimationManager$AnimationInfo@3e1a23
08-16 10:12:46.018  2730  2730 W HwLauncher: RotationHelper hideAdjacentScreen, launcher is not transposed. RotationMode = com.huawei.android.launcher.graphics.RotationMode$1{293d90b surfaceRotation = 0.0,isTransposed = false}
08-16 10:12:46.018  1636 15277 D ZrHung.AppEyeFocusWindow: FocusWindowErrorScene CheckFreezeScreen
08-16 10:12:46.018  1636 15277 D ZrHung.AppEyeTransparentWindow: TransparentWindow cancelCheckFreezeScreen
08-16 10:12:46.018  2690  3310 I ScenarioService: app focus change from: com.example.dogglers to:com.huawei.android.launcher
08-16 10:12:46.019  2690  3310 I ScenarioService: add focus on app:com.huawei.android.launcher to visiblePkgs
08-16 10:12:46.020  2661 29501 I AssistantService-11.2.1.200: registerHwActivityNotifier call fromPackage:com.example.dogglers, toPackage:com.huawei.android.launcher
08-16 10:12:46.020  2661  5454 I Hicom_Monitor: mAppSwitchNotifierEx. uid: 10065, foreground app: com.huawei.android.launcher, foreground activity: com.huawei.android.launcher.unihome.UniHomeLauncher
08-16 10:12:46.020  2661  6711 D AssistantService-11.2.1.200: handleMessage app switch fromPackage:com.example.dogglers, toPackage:com.huawei.android.launcher
08-16 10:12:46.021  2661  3353 W Hicom_XEngineProc: handleForegroundAppChanged. Feature is not enable.
08-16 10:12:46.021  3386  7833 I HiAdKit.DC.PersistentMessageCenter:  notifyMessage com.huawei.hwid_app_switch_from_to_intent
08-16 10:12:46.022  2624 10575 I iconnect:BluetoothApi: adapter status 12
08-16 10:12:46.022  2624 10575 I iconnect:NearbyDeviceDetect: isPropEnable=true, isBluetoothEnabled=true, isScreenOn=true, isNotSpecialAppOnTop=true, scanCondition=0
08-16 10:12:46.022  2624 10575 I iconnect:DeviceStateMachineManager: report:NOT_SPECIAL_APP_ON_TOP device:D
08-16 10:12:46.022  2624 10575 I iconnect:DeviceStateMachineManager: Return exist stateMachine
08-16 10:12:46.023  1636  2920 D InputDispatcher: Window handle WindowManager has no registered input channel
08-16 10:12:46.023  8174  8678 I Cloud[13.2.0.303]Base.FileHelper: getICSStoragePath locationSdcard = null ,locationPcard = /storage/emulated/0 ,uDiskStoragePath = null, appClonePath = null
08-16 10:12:46.023  8174  8678 I Cloud[13.2.0.303]Sync.CloudBackupAppDataUtil: begin init appDataUtil appId = com.cabify.rider
08-16 10:12:46.025  7774  7774 D LifecycleMonitor: Lifecycle status change: androidx.test.core.app.InstrumentationActivityInvoker$EmptyActivity@66fcff0 in: STOPPED
08-16 10:12:46.026  7774  7774 V ActivityScenario: Activity lifecycle changed event received but ignored because the intent does not match. startActivityIntent=Intent { act=android.intent.action.MAIN cat=[android.intent.category.LAUNCHER] cmp=com.example.dogglers/.HorizontalListActivity }, activity.getIntent()=Intent { act=android.intent.action.MAIN cat=[android.intent.category.LAUNCHER] flg=0x10000000 cmp=com.example.dogglers/androidx.test.core.app.InstrumentationActivityInvoker$EmptyActivity }, activity=androidx.test.core.app.InstrumentationActivityInvoker$EmptyActivity@66fcff0
08-16 10:12:46.026  2690  3310 I AppManager: dependence has been existed:1636 -> 9407
08-16 10:12:46.027  7774  7774 D LifecycleMonitor: Lifecycle status change: androidx.test.core.app.InstrumentationActivityInvoker$EmptyActivity@66fcff0 in: DESTROYED
08-16 10:12:46.027  7774  7774 V ActivityScenario: Activity lifecycle changed event received but ignored because the intent does not match. startActivityIntent=Intent { act=android.intent.action.MAIN cat=[android.intent.category.LAUNCHER] cmp=com.example.dogglers/.HorizontalListActivity }, activity.getIntent()=Intent { act=android.intent.action.MAIN cat=[android.intent.category.LAUNCHER] flg=0x10000000 cmp=com.example.dogglers/androidx.test.core.app.InstrumentationActivityInvoker$EmptyActivity }, activity=androidx.test.core.app.InstrumentationActivityInvoker$EmptyActivity@66fcff0
08-16 10:12:46.029  8174  8678 I Cloud[13.2.0.303]Sync.CloudBackupAppDataUtil: initAppFileInfo
08-16 10:12:46.032  7774  7774 D LifecycleMonitor: Lifecycle status change: androidx.test.core.app.InstrumentationActivityInvoker$EmptyActivity@7cf1520 in: PAUSED
08-16 10:12:46.032  7774  7774 V ActivityScenario: Activity lifecycle changed event received but ignored because the intent does not match. startActivityIntent=Intent { act=android.intent.action.MAIN cat=[android.intent.category.LAUNCHER] cmp=com.example.dogglers/.HorizontalListActivity }, activity.getIntent()=Intent { act=android.intent.action.MAIN cat=[android.intent.category.LAUNCHER] flg=0x10000000 cmp=com.example.dogglers/androidx.test.core.app.InstrumentationActivityInvoker$EmptyActivity }, activity=androidx.test.core.app.InstrumentationActivityInvoker$EmptyActivity@7cf1520
08-16 10:12:46.034  8174  8678 I Cloud[13.2.0.303]Sync.CloudBackupAppDataUtil: match appInfo by emui
08-16 10:12:46.035  2690  3310 D ScenarioService: front pkg : com.huawei.android.launcher launcher: true
08-16 10:12:46.035  2690  3310 I AppsUsage: scnOff:false FgAPP:com.huawei.android.launcher BgAPP:com.example.dogglers
08-16 10:12:46.035  2690  3438 I PG_ash  : front pkg : com.huawei.android.launcher
08-16 10:12:46.035  2690  3646 I PGServer: report state:10000 event type:2 pid:0 uid:0 pkg:com.example.dogglers to pid: 2690
08-16 10:12:46.035  2690  3646 I SceneReceiver: state type: 10000 eventType:2 pid:0 uid:0 pkg:com.example.dogglers
08-16 10:12:46.035  2690  3646 I PGServer: report state:10000 event type:2 pid:0 uid:0 pkg:com.example.dogglers to pid: 1636
08-16 10:12:46.035  2690  3646 I PGServer: report state:10010 event type:1 pid:0 uid:0 pkg:com.huawei.android.launcher to pid: 2690
08-16 10:12:46.036  2690  3646 I SceneReceiver: state type: 10010 eventType:1 pid:0 uid:0 pkg:com.huawei.android.launcher
08-16 10:12:46.036  2690  3646 I ApsAppsTypeHandler: APS: APK: ApsAppsTypeHandler.getInstance, sInstance = com.huawei.android.hwaps.o@92bda0
08-16 10:12:46.036  2690  3646 I PGServer: report state:10010 event type:1 pid:0 uid:0 pkg:com.huawei.android.launcher to pid: 1636
08-16 10:12:46.036  1636  1963 I HwBastetService: current len less then 0, need return!
08-16 10:12:46.036  1636  1963 I HwBastetService: current len less then 0, need return!
08-16 10:12:46.036  2690 22776 I PGServer: checkPkgType. calling pkg: android
08-16 10:12:46.036  2690 22776 I PGServer: checkPkgType. calling pkg: android
08-16 10:12:46.037  8174  8678 I Cloud[13.2.0.303]Sync.CloudBackupAppDataUtil: initDefaultFileInfoList
08-16 10:12:46.039  7774  7774 D DecorView: showOrHideHighlightView: hasFocus=false; winMode=1; isMrgNull=true
08-16 10:12:46.040  2661  3071 D DollieActivityManagerAdapter: [Paused] pid:7774 uid:10431 ComponentInfo{com.example.dogglers/androidx.test.core.app.InstrumentationActivityInvoker$EmptyActivity} uidState:2
08-16 10:12:46.041  3386  7816 I HiAdKit.DC.PageSwitchEvent:  switch is off
08-16 10:12:46.041  3386  7816 I HiAdKit.DC.PaymentPageSwitchEvent:  switch is off
08-16 10:12:46.041  2315  2315 E FullInputEventModel: onStartInput event aborted: fk.c0: could not obtain extracted text (class fk.c0)
08-16 10:12:46.041  1636 15277 D InputDispatcher: Window handle WindowManager has no registered input channel
08-16 10:12:46.041  3386  7816 I HiAdKit.DC.LiteAppPageSwitchEvent:  switch is off
08-16 10:12:46.042  2730  3048 E HwLauncher: ReflectUtils , no such field.
08-16 10:12:46.042  2730  3048 W HwLauncher: Clock getDataFormat the getSystemString failed.
08-16 10:12:46.042  8174  8678 I Cloud[13.2.0.303]Sync.CloudBackupAppDataUtil: end init appDataUtil
08-16 10:12:46.043  7774  7836 I TestRunner: finished: recycler_view_item_count(com.example.dogglers.HorizontalListTests)
