08-16 10:12:52.427  9978 10031 D CtrlBus : register api notepad:com.huawei.android.notepad.distribute.RemoteMethod.scanCamera([class java.lang.String, class java.lang.String])
08-16 10:12:52.427  9978 10031 D CtrlBus : added api class com.huawei.android.notepad.distribute.RemoteMethod.public int com.huawei.android.notepad.distribute.RemoteMethod.scanCamera(java.lang.String,java.lang.String)
08-16 10:12:52.427  9978 10031 D CtrlBus : register api notepad:com.huawei.android.notepad.distribute.RemoteMethod.addImage([class java.lang.String, long, class java.lang.String])
08-16 10:12:52.427  9978 10031 D CtrlBus : added api class com.huawei.android.notepad.distribute.RemoteMethod.public int com.huawei.android.notepad.distribute.RemoteMethod.addImage(java.lang.String,long,java.lang.String)
08-16 10:12:52.427  9978 10031 D CtrlBus : register api notepad:com.huawei.android.notepad.distribute.RemoteMethod.addImageWhitText([class java.lang.String, long, class java.lang.String, class java.lang.String])
08-16 10:12:52.427  9978 10031 D CtrlBus : added api class com.huawei.android.notepad.distribute.RemoteMethod.public int com.huawei.android.notepad.distribute.RemoteMethod.addImageWhitText(java.lang.String,long,java.lang.String,java.lang.String)
08-16 10:12:52.427  9978 10031 D CtrlBus : register api notepad:com.huawei.android.notepad.distribute.RemoteMethod.cancelAddImage([])
08-16 10:12:52.427  9978 10031 D CtrlBus : added api class com.huawei.android.notepad.distribute.RemoteMethod.public void com.huawei.android.notepad.distribute.RemoteMethod.cancelAddImage()
08-16 10:12:52.427  9978 10031 D CtrlBus : register api notepad:com.huawei.android.notepad.distribute.RemoteMethod.getAbility([])
08-16 10:12:52.427  9978 10031 D CtrlBus : added api class com.huawei.android.notepad.distribute.RemoteMethod.public int com.huawei.android.notepad.distribute.RemoteMethod.getAbility()
08-16 10:12:52.427  9978 10031 D CtrlBus : register api notepad:com.huawei.android.notepad.distribute.RemoteMethod.getAbility([class java.lang.String])
08-16 10:12:52.427  9978 10031 D CtrlBus : added api class com.huawei.android.notepad.distribute.RemoteMethod.public int com.huawei.android.notepad.distribute.RemoteMethod.getAbility(java.lang.String)
08-16 10:12:52.427  9978 10031 D CtrlBus : register api notepad:com.huawei.android.notepad.distribute.RemoteMethod.getVersion([])
08-16 10:12:52.427  9978 10031 D CtrlBus : added api class com.huawei.android.notepad.distribute.RemoteMethod.public int com.huawei.android.notepad.distribute.RemoteMethod.getVersion()
08-16 10:12:52.427  9978 10031 D CtrlBus : enable check api notepad true
08-16 10:12:52.427  9978 10031 I CtrlBus : Build CtrlBus: PkgName:com.example.android.notepad, SessionName:notepad, Server:true
08-16 10:12:52.427  9978 10031 V CtrlBus : new RObjectStubMgr
08-16 10:12:52.427  9978 10031 V CtrlBus : new RObjectMgr
08-16 10:12:52.428  9978 10031 V CtrlBus : new ResponseWaiterMgr
08-16 10:12:52.428  9978 10031 V CtrlBus : new ThreadPoolExecutor
08-16 10:12:52.428  9978 10031 V CtrlBus : init, registeredToBus=false
08-16 10:12:52.428  9978 10031 I NearbyInterface: getServiceFromManager: DdmpDataBusService
08-16 10:12:52.428  7774  7774 D LifecycleMonitor: Lifecycle status change: androidx.test.core.app.InstrumentationActivityInvoker$EmptyActivity@e6fe in: RESUMED
08-16 10:12:52.428  7774  7774 V ActivityScenario: Activity lifecycle changed event received but ignored because the intent does not match. startActivityIntent=Intent { act=android.intent.action.MAIN cat=[android.intent.category.LAUNCHER] cmp=com.example.dogglers/.VerticalListActivity }, activity.getIntent()=Intent { act=android.intent.action.MAIN cat=[android.intent.category.LAUNCHER] flg=0x10000000 cmp=com.example.dogglers/androidx.test.core.app.InstrumentationActivityInvoker$EmptyActivity }, activity=androidx.test.core.app.InstrumentationActivityInvoker$EmptyActivity@e6fe
08-16 10:12:52.429  7774  7774 D MouseWheelSynthesizer: mMoveStepInDp: 64, mMoveStepInPixel: 192, mUpTimeDelayed: 100
08-16 10:12:52.429  1636 13492 D InputDispatcher: Window handle WindowManager has no registered input channel
08-16 10:12:52.429  7774  7774 D ViewRootImpl: ViewRootImpl mIsInProductivePCDisplay: false
08-16 10:12:52.430  1636  2504 I HwPCUtils#HwRioViewManager: check if rio enable, displayId = 0， packageName = com.example.dogglers
08-16 10:12:52.430  9978 10059 I StubController: system app validUid:10033, isFriend:true
08-16 10:12:52.430   664 24580 I netd    : trafficSwapActiveStatsMap() <27.65ms>
08-16 10:12:52.430 10033 10090 I DexLoadManager: apk packagename: null
08-16 10:12:52.430 10033 10090 I DexLoadManager: apk sourceDir: null
08-16 10:12:52.431 10033 10090 I DexLoadManager: mUseTriWebEngineLibs : false
08-16 10:12:52.431 10033 10090 I WebEngineHelper: startLoadPlugin
08-16 10:12:52.433  7774  7774 D InputEventReceiver: dispatchInputInterval 1000000
08-16 10:12:52.434 10033 10090 I DexLoadManager: preparePluginInfo
08-16 10:12:52.434 10033 10090 I DexLoadManager: getWebEngineApkInfo apk:com.huawei.browser
08-16 10:12:52.434 10033 10033 I AegisSecComp: JNI_OnLoad begins
08-16 10:12:52.434 10033 10033 I AegisSecComp: Begin to registerNativeMethods
08-16 10:12:52.434 10033 10033 I AegisSecComp: return JNI_VERSION_1_6
08-16 10:12:52.435  9978 10031 I NearbyInterface: put entryMap, name=notepad
08-16 10:12:52.435  9978 10031 I NearbyInterface: addEntry: succ=true name=notepad
08-16 10:12:52.435  2661  5454 I Hicom_Monitor: mActivityNotifierEx, className = androidx.test.core.app.InstrumentationActivityInvoker$EmptyActivity, uid = 10431
08-16 10:12:52.435 10033 10090 I DexLoadManager: apk packagename: null
08-16 10:12:52.436 10033 10090 I DexLoadManager: apk sourceDir: null
08-16 10:12:52.436 10033 10090 I DexLoadManager: preparePluginEnv
08-16 10:12:52.436 10033 10090 I DexLoadManager: DexClassLoader createDexClassLoader dexPath:/data/user/0/com.huawei.browser/pluginApk/libhwwv.so
08-16 10:12:52.436 10033 10090 I DexLoadManager: DexClassLoader createDexClassLoader dexOutputPath:/data/user/0/com.huawei.browser/pluginApk
08-16 10:12:52.436  2624  3597 I DataBusService: checkPermission: 3,pkgName=com.example.android.notepad busName=notepad action=1
08-16 10:12:52.436  2624  3597 I DataBusService: getPermType: SYSTEM_APP of SYSTEM_APP_PERMISSION pid=9978 uid=10033
08-16 10:12:52.437  2661  3071 D DollieActivityManagerAdapter: [Resumed] bg:false pid:7774 uid:10431 ComponentInfo{com.example.dogglers/androidx.test.core.app.InstrumentationActivityInvoker$EmptyActivity}
08-16 10:12:52.437  2661  3071 E DollieAdapterService: notifyActivityState pkg:com.example.dogglers/androidx.test.core.app.InstrumentationActivityInvoker$EmptyActivity state:2 fg:true mUid:10431
08-16 10:12:52.437  2661  3071 I OllieMsgCenter: publishEvt=2130771985
08-16 10:12:52.437  7774 10099 D HiTouch_PressGestureDetector: onAttached, package=com.example.dogglers, windowType=1, mIsHiTouchRestricted=false
08-16 10:12:52.438 10033 10033 I HWBR-O-0704|BrowserWarmUpProvider: warmup has init
08-16 10:12:52.439  3386  7832 I HiAdKit.DC.PageSwitchEvent:  switch is off
08-16 10:12:52.439  3386  7832 I HiAdKit.DC.PaymentPageSwitchEvent:  switch is off
08-16 10:12:52.439  3386  7832 I HiAdKit.DC.LiteAppPageSwitchEvent:  switch is off
08-16 10:12:52.439  2624  3597 I PermissionManager: checkPermission: busName=notepad[permType=2 uid=10033 pid=9978 pkgName=com.example.android.notepad actions=1]
08-16 10:12:52.439  2624  3597 E PermissionEntry: isAllowed: pkgName denied [permType=2 uid=-1 pid=-1 pkgName=com.huawei.notepad actions=3][permType=2 uid=10033 pid=9978 pkgName=com.example.android.notepad actions=1]
08-16 10:12:52.440 10033 10087 I FWK-Cache: load | ClientDiversionUIConfigResponse
08-16 10:12:52.440  6225  9809 I CAWARENESS_AppUsageManager: Repeat info, don't need publish
08-16 10:12:52.441  2624  3597 I DataBusService: checkPermission: 3,uid=10033 pid=9978 permType=2
08-16 10:12:52.441  2624  3597 I ChannelListenerManager: addEntry: myPkgName=com.example.android.notepad myBusName=notepad permType=2
08-16 10:12:52.441  2624  3597 I ChannelListenerEntry: linkToDeath:notepad
08-16 10:12:52.441  2624  3597 I DataBusService: addChannelListener: succ, pkgName=com.example.android.notepad busName=notepad
08-16 10:12:52.441  1636  2920 D ZrHung.AppEyeFocusWindow: FocusWindowErrorScene cancelCheckFreezeScreen
08-16 10:12:52.441  1636  2920 D ZrHung.AppEyeTransparentWindow: TransparentWindow mHungConfigStatus = 0,mHungConfigEnable = 1
08-16 10:12:52.441  9978 10031 I CtrlBus : init, createSessionService SUCC, mySessionName: notepad
08-16 10:12:52.441  9978 10031 D CtrlBus : startServer name=notepad, rc=true, ver=1.3
08-16 10:12:52.442  9978 10031 E FLTAG_SC: Please set the ComponentName of Intent
08-16 10:12:52.442 10033 10088 I FWK-GrsPreferenceManager: init sharedPreferences successfully
08-16 10:12:52.443  7774  7850 D mali_winsys: EGLint new_window_surface(egl_winsys_display *, void *, EGLSurface, EGLConfig, egl_winsys_surface **, EGLBoolean) returns 0x3000
08-16 10:12:52.446  1636  2920 D InputDispatcher: Window handle WindowManager has no registered input channel
08-16 10:12:52.449 10033 10089 I FWK-Cache: load | OpenAdConfigResponse
08-16 10:12:52.449  2580 21526 I OPCollectLog: AppChangeImpl:call onAppChange.
08-16 10:12:52.449  2580  6962 I OPCollectLog: HwForegroundAppAction:handleMessage
08-16 10:12:52.449  2580  6962 D OPCollectLog: HwForegroundAppAction:FG executeWithArgs
08-16 10:12:52.449  2580  6962 I OPCollectLog: OPCollectUtils:ODMF Api Version:2.16.3
08-16 10:12:52.450  2580  6962 I OPCollectLog: Action:HwForegroundAppAction executed successfully
08-16 10:12:52.450  2580  6962 D OPCollectLog: OdmfCollectScheduler:handleMessage msg: 4
08-16 10:12:52.450  2580  6962 I OPCollectLog: OdmfHelper:opcollectCache 1
08-16 10:12:52.450  2580  6962 I OPCollectLog: OdmfHelper:opcollectCache curTime: 574946545, interval: 92
08-16 10:12:52.451  9978 10031 E GroupManager: bind ok
08-16 10:12:52.452  7774  7774 D LifecycleMonitor: Lifecycle status change: com.example.dogglers.VerticalListActivity@8a8e0d4 in: STOPPED
08-16 10:12:52.452  9978 10031 E FLTAG_SC: Please set the ComponentName of Intent
08-16 10:12:52.452  7774  7774 V ActivityScenario: Update currentActivityStage to STOPPED, currentActivity=com.example.dogglers.VerticalListActivity@8a8e0d4
08-16 10:12:52.452  2580  6962 I OPCollectLog: OdmfHelper:isCharging: true
08-16 10:12:52.453  7774  7774 D LifecycleMonitor: Lifecycle status change: com.example.dogglers.VerticalListActivity@8a8e0d4 in: DESTROYED
08-16 10:12:52.453  7774  7774 V ActivityScenario: Update currentActivityStage to DESTROYED, currentActivity=null
08-16 10:12:52.453  2580  6962 I OPCollectLog: OdmfHelper:insert database success
08-16 10:12:52.453  2580  6962 I OPCollectLog: OdmfHelper:opcollectCache size: 1
08-16 10:12:52.453  2580  6962 I OPCollectLog: OdmfHelper:opcollectCache lastTime: 574946548
08-16 10:12:52.453  2315  2315 E FullInputEventModel: onStartInput event aborted: fk.c0: could not obtain extracted text (class fk.c0)
08-16 10:12:52.454  9978  9978 I GroupManager: TrustEngine connected
08-16 10:12:52.454  9978  9978 E GroupManager: mConnListener is null
08-16 10:12:52.454   730 15688 I AudioModuleManager: [AudioModuleGetParameters:71]: list size: 12
08-16 10:12:52.454   730 15688 I audio_hw_usbaudio_hw: [get_typec_parameters:587]: check show hires (false)
08-16 10:12:52.459 10033 10053 I HWBR-O-0704|BookmarkModel: initBookmark
08-16 10:12:52.459 10033 10053 I FWK-HWNF-UI-R-0704|NewsFeedUiSDK: init Context
08-16 10:12:52.459 10033 10053 W FWK-HWNF-UI-R-0704|NewsFeedUiSDK: NewsFeedUiSDK has not been initialized.
08-16 10:12:52.462  7774  7774 D DecorView: showOrHideHighlightView: hasFocus=false; winMode=1; isMrgNull=true
08-16 10:12:52.462  7774  7774 D DecorView: showOrHideHighlightView: hasFocus=true; winMode=1; isMrgNull=true
08-16 10:12:52.462  7774  7774 W InputMethodManager: startInputReason = 1
08-16 10:12:52.462  7774  7774 W HwRemoteInputMethodManager: isCasting false because IHwDistributedWindowManager is invalid.
08-16 10:12:52.463  1636  2505 D InputDispatcher: Window handle WindowManager has no registered input channel
08-16 10:12:52.466 10033 10090 I .huawei.browse: The ClassLoaderContext is a special shared library.
08-16 10:12:52.470  2690  3310 I AppManager: dependence has been existed:9978 -> 2624
08-16 10:12:52.471  9978 10097 D ApplicationLoaders: createClassLoader zip: /system/framework/com.huawei.nb.sdk.jar librarySearchPath: /hw_product/region_comm/oversea/app/HwHiAiEngine/lib/arm64:/hw_product/region_comm/oversea/app/HwHiAiEngine/HwHiAiEngine.apk!/lib/arm64-v8a:/system/lib64:/hw_product/lib64:/system/product/lib64:/prets/lib64 libraryPermittedPath: :/hw_product/region_comm/oversea/app/HwHiAiEngine:/system/lib64:/hw_product/lib64:/system/product/lib64:/prets/lib64 parent: java.lang.BootClassLoader@c9fb617 targetSdkVersion: 29 isBundled: true classLoaderName: null sharedLibraries: null
08-16 10:12:52.469  9978 10031 E SPE     : call bindSpeService,context=com.example.android.notepad.HwNotePadApplication@c89e85d,package=com.huawei.nearby
08-16 10:12:52.472  9978 10031 E FLTAG_SC: Please set the ComponentName of Intent
08-16 10:12:52.472  9978  9978 I DeviceManager: DeviceMonitorService connected
08-16 10:12:52.472 10033 10053 I FWK-ThreadExecutorObservable: Create thread executor: 5, 5, 100, diskIo
08-16 10:12:52.473 10033 10053 I FWK-ThreadExecutorObservable: Create thread executor: 10, 20, 100, networkIo
08-16 10:12:52.473 10033 10053 I FWK-ThreadExecutorObservable: Create thread executor: 2, 2, 100, db
08-16 10:12:52.473 10033 10053 I FWK-ThreadExecutorObservable: Create thread executor: 1, 2, 1000, report
08-16 10:12:52.473 10033 10053 I FWK-ThreadExecutorObservable: Create thread executor: 1, 1, 1000, preloadDocument
08-16 10:12:52.473 10033 10053 I FWK-ThreadExecutorObservable: Create thread executor: 3, 20, 200, standBy
08-16 10:12:52.474 10033 10033 W Settings: Setting device_provisioned has moved from android.provider.Settings.Secure to android.provider.Settings.Global.
08-16 10:12:52.475 10033 10090 I DexLoadManager: get DexClassLoader:dalvik.system.DelegateLastClassLoader[DexPathList[[zip file "/data/user/0/com.huawei.browser/pluginApk/libhwwv.so"],nativeLibraryDirectories=[/data/app/com.huawei.browser-rkZiIxKEY_zt53XsI1z6CA==/lib/arm64, /system/lib64, /hw_product/lib64, /system/product/lib64, /prets/lib64]]]
08-16 10:12:52.475 10033 10033 I FWK-OobeUtil: isSetupWizardCompleted true
08-16 10:12:52.476  2690  3310 I AppManager: dependence has been existed:9978 -> 2624
08-16 10:12:52.477  2624  3597 W DeviceMonitorService: no longer support startDiscovery
08-16 10:12:52.477  9978 10031 D FLTAG_SC: bindService from Intent: Intent { cmp=com.example.android.notepad/com.huawei.android.notepad.distribute.DistributedService }
08-16 10:12:52.477  9978 10031 I FLTAG_FM: getRequireFeature it maybe not in a feature:com.huawei.android.notepad.distribute.DistributedService
08-16 10:12:52.478  9978 10031 D FLTAG_SC: Feature cannot been obtained
08-16 10:12:52.478  9978 10031 D FLTAG_SC: Cannot resolve service information from features: Intent { cmp=com.example.android.notepad/com.huawei.android.notepad.distribute.DistributedService }
08-16 10:12:52.478  2624  3597 I DeviceMonitorService: addOnDeviceChangeListener pid is: 9978
08-16 10:12:52.479  1636  1964 D InputDispatcher: Window handle WindowManager has no registered input channel
08-16 10:12:52.479  2624  3597 I DeviceRepository: addOnDeviceChangeListener success
08-16 10:12:52.479  2624  3597 D DeviceRepository: getAllDevices is called, and return number of devices: 0
08-16 10:12:52.479  9978 10097 I android.notepa: The ClassLoaderContext is a special shared library.
08-16 10:12:52.480  2624  3597 E DeviceMonitorService: Monitor already enabled
08-16 10:12:52.481   757  1724 W BufferQueueProducer: [com.example.dogglers/androidx.test.core.app.InstrumentationActivityInvoker$EmptyActivity#0]:1390: disconnect: not connected (req=1)
08-16 10:12:52.481  7774  7850 W libEGL  : EGLNativeWindowType 0x76da533810 disconnect failed
08-16 10:12:52.481 10033 10088 I FWK-ServiceLocationManager: addListener: com.huawei.browser.grs.GrsInitHelper$a@9633cc7
08-16 10:12:52.482  9978 10097 D ApplicationLoaders: createClassLoader zip: /system/framework/hisoftbus.jar librarySearchPath: /hw_product/region_comm/oversea/app/HwHiAiEngine/lib/arm64:/hw_product/region_comm/oversea/app/HwHiAiEngine/HwHiAiEngine.apk!/lib/arm64-v8a:/system/lib64:/hw_product/lib64:/system/product/lib64:/prets/lib64 libraryPermittedPath: :/hw_product/region_comm/oversea/app/HwHiAiEngine:/system/lib64:/hw_product/lib64:/system/product/lib64:/prets/lib64 parent: java.lang.BootClassLoader@c9fb617 targetSdkVersion: 29 isBundled: true classLoaderName: null sharedLibraries: null
08-16 10:12:52.483  9978 10097 W ziparchive: Zip: empty archive?
08-16 10:12:52.483  9978 10097 I android.notepa: The ClassLoaderContext is a special shared library.
08-16 10:12:52.484 10033 10057 D HwFrameworkSecurityPartsFactory: HwFrameworkSecurityPartsFactory in.
08-16 10:12:52.484 10033 10057 I HwFrameworkSecurityPartsFactory: add HwFrameworkSecurityPartsFactory to memory.
08-16 10:12:52.486  2315  2315 E FullInputEventModel: onStartInput event aborted: fk.c0: could not obtain extracted text (class fk.c0)
08-16 10:12:52.488  9978 10097 D ApplicationLoaders: createClassLoader zip: /hw_product/region_comm/oversea/app/HwHiAiEngine/HwHiAiEngine.apk librarySearchPath: /hw_product/region_comm/oversea/app/HwHiAiEngine/lib/arm64:/hw_product/region_comm/oversea/app/HwHiAiEngine/HwHiAiEngine.apk!/lib/arm64-v8a:/system/lib64:/hw_product/lib64:/system/product/lib64:/prets/lib64 libraryPermittedPath: :/hw_product/region_comm/oversea/app/HwHiAiEngine:/system/lib64:/hw_product/lib64:/system/product/lib64:/prets/lib64 parent: java.lang.BootClassLoader@c9fb617 targetSdkVersion: 29 isBundled: true classLoaderName: null sharedLibraries: [dalvik.system.PathClassLoader[DexPathList[[zip file "/system/framework/com.huawei.nb.sdk.jar"],nativeLibraryDirectories=[/hw_product/region_comm/oversea/app/HwHiAiEngine/lib/arm64, /hw_product/region_comm/oversea/app/HwHiAiEngine/HwHiAiEngine.apk!/lib/arm64-v8a, /system/lib64, /hw_product/lib64, /system/product/lib64, /prets/lib64, /system/lib64, /hw_product/lib64, /system/product/lib64, /prets/lib64]]], dalvik.system.PathClassLoader[DexPathList[[zip file "/system/framework/hisoftbus.jar"],nativeLibraryDirectories=[/hw_product/region_comm/oversea/app/HwHiAiEngine/lib/arm64, /hw_product/region_comm/oversea/app/HwHiAiEngine/HwHiAiEngine.apk!/lib/arm64-v8a, /system/lib64, /hw_product/lib64, /system/product/lib64, /prets/lib64, /system/lib64, /hw_product/lib64, /system/product/lib64, /prets/lib64]]], dalvik.system.PathClassLoader[DexPathList[[zip file "/system/framework/org.apache.http.legacy.jar"],nativeLibraryDirectories=[/system/priv-app/HwNotePadHm/lib/arm64, /system/priv-app/HwNotePadHm/HwNotePadHm_signed_entry.apk!/lib/arm64-v8a, /system/priv-app/HwNotePadHm/notepad_release_signed_feature.apk!/lib/arm64-v8a, /system/lib64, /hw_product/lib64, /system/product/lib64, /prets/lib64, /system/lib64, /hw_product/lib64, /system/product/lib64, /prets/lib64]]], dalvik.system.PathClassLoader[DexPathList[[zip file "/system/framework/org.apache.http.legacy.jar"],nativeLibraryDirectories=[/system/priv-app/HwNotePadHm/lib/arm64, /system/priv-app/HwNotePadHm/HwNotePadHm_signed_entry.apk!/lib/arm64-v8a, /system/priv-app/HwNotePadHm/notepad_release_signed_feature.apk!/lib/arm64-v8a, /system/lib64, /hw_product/lib64, /system/product/lib64, /prets/lib64, /system/lib64, /hw_product/lib64, /system/product/lib64, /prets/lib64]]], dalvik.system.PathClassLoader[DexPathList[[zip file "/system/framework/org.apache.http.legacy.jar"],nativeLibraryDirectories=[/system/priv-app/HwNotePadHm/lib/arm64, /system/priv-app/HwNotePadHm/HwNotePadHm_signed_entry.apk!/lib/arm64-v8a, /system/priv-app/HwNotePadHm/notepad_release_signed_feature.apk!/lib/arm64-v8a, /system/lib64, /hw_product/lib64, /system/product/lib64, /prets/lib64, /system/lib64, /hw_product/lib64, /system/product/lib64, /prets/lib64]]]]
08-16 10:12:52.488 10033 10033 I FWK-PpsAdDownloadManager: enter construct
08-16 10:12:52.489  7774  7774 D LifecycleMonitor: Lifecycle status change: androidx.test.core.app.InstrumentationActivityInvoker$EmptyActivity@735015a in: STOPPED
08-16 10:12:52.489  7774  7774 V ActivityScenario: Activity lifecycle changed event received but ignored because the intent does not match. startActivityIntent=Intent { act=android.intent.action.MAIN cat=[android.intent.category.LAUNCHER] cmp=com.example.dogglers/.VerticalListActivity }, activity.getIntent()=Intent { act=android.intent.action.MAIN cat=[android.intent.category.LAUNCHER] flg=0x10000000 cmp=com.example.dogglers/androidx.test.core.app.InstrumentationActivityInvoker$EmptyActivity }, activity=androidx.test.core.app.InstrumentationActivityInvoker$EmptyActivity@735015a
08-16 10:12:52.489 10033 10053 I FWK-HWNF-UI-R-0704|FavoriteUtils: initFavorite: favoriteEnable= true, maxCapacity= 5000
08-16 10:12:52.490 10033 10033 I FWK-AdServiceImpl: trial mode is: false
08-16 10:12:52.492 10033 10033 I FWK-ThreadExecutorObservable: Create thread executor: 1, 1, 100, HiAnalyticsInit
08-16 10:12:52.493   753   753 D AudioPolicyService: getUidState(10033) !cacheIter->second.first, return PROCESS_STATE_UNKNOWN
08-16 10:12:52.494 10033 10053 I HWBR-O-0704|BookmarkProvider: initRootFolderSync
08-16 10:12:52.495 10033 10033 I FWK-HbsTrustManagerFactory: setCheckServerCert enabled: true
08-16 10:12:52.495  1636  1964 D InputDispatcher: Window handle WindowManager has no registered input channel
08-16 10:12:52.496 10033 10033 I HWBR-O-0704|AbnormalExitReader: getAndDeleteAbnormalFile
08-16 10:12:52.496 10033 10033 I HWBR-O-0704|StartupMetrics: measure end: BrowserApplication.onCreate, elapsed=222, consumed=92
08-16 10:12:52.501  6225  9809 I CAWARENESS_AppUsageManager: onEvent, packageName=com.huawei.android.launcher, activityName=com.huawei.android.launcher.unihome.UniHomeLauncher
08-16 10:12:52.501  6225  9809 I CAWARENESS_AppUsageManager: fuse currently and delay publish
08-16 10:12:52.502  2661 30856 I Hicom_Monitor: mAppSwitchNotifierEx. uid: 10065, foreground app: com.huawei.android.launcher, foreground activity: com.huawei.android.launcher.unihome.UniHomeLauncher
08-16 10:12:52.502  1636  2920 D ZrHung.AppEyeFocusWindow: FocusWindowErrorScene CheckFreezeScreen
08-16 10:12:52.502  1636  2920 D ZrHung.AppEyeTransparentWindow: TransparentWindow cancelCheckFreezeScreen
08-16 10:12:52.502  2661  3353 W Hicom_XEngineProc: handleForegroundAppChanged. Feature is not enable.
08-16 10:12:52.502  2690  3310 I ScenarioService: app focus change from: com.example.dogglers to:com.huawei.android.launcher
08-16 10:12:52.502  2690  3310 I ScenarioService: add focus on app:com.huawei.android.launcher to visiblePkgs
08-16 10:12:52.504 10033 10033 I HwTypeface: updateFont: scale=0.95
08-16 10:12:52.505 10033 10033 D SystemFonts: areFontsVariable: script=Latn
08-16 10:12:52.505 10033 10088 I HWBR-O-0704|AgreementStateMachine: enter setState, stateId is 0
08-16 10:12:52.505  2661  5454 I AssistantService-11.2.1.200: registerHwActivityNotifier call fromPackage:com.example.dogglers, toPackage:com.huawei.android.launcher
08-16 10:12:52.506  2661  6711 D AssistantService-11.2.1.200: handleMessage app switch fromPackage:com.example.dogglers, toPackage:com.huawei.android.launcher
08-16 10:12:52.506  3386  7816 I HiAdKit.DC.PersistentMessageCenter:  notifyMessage com.huawei.hwid_app_switch_from_to_intent
08-16 10:12:52.506  2730  2730 W HwLauncher: RotationHelper hideAdjacentScreen, launcher is not transposed. RotationMode = com.huawei.android.launcher.graphics.RotationMode$1{293d90b surfaceRotation = 0.0,isTransposed = false}
08-16 10:12:52.506  2730  4111 W HwLauncher: ExitAppAnimationManager getAnimationInfoMyself, mAnimationInfo = com.huawei.android.launcher.exitapp.ExitAppAnimationManager$AnimationInfo@aa47627
08-16 10:12:52.506  2624 10575 I iconnect:BluetoothApi: adapter status 12
08-16 10:12:52.507  2624 10575 I iconnect:NearbyDeviceDetect: isPropEnable=true, isBluetoothEnabled=true, isScreenOn=true, isNotSpecialAppOnTop=true, scanCondition=0
08-16 10:12:52.507  2624 10575 I iconnect:DeviceStateMachineManager: report:NOT_SPECIAL_APP_ON_TOP device:D
08-16 10:12:52.507  2624 10575 I iconnect:DeviceStateMachineManager: Return exist stateMachine
08-16 10:12:52.508 10033 10090 D DexLoadManager: libApkpath:/data/app/com.huawei.browser-rkZiIxKEY_zt53XsI1z6CA==/lib/arm64/libhwwv.so, codePath:/data/app/com.huawei.browser-rkZiIxKEY_zt53XsI1z6CA==/base.apk, useTrichromeLibrary: false
08-16 10:12:52.508   753   753 D AudioPolicyService: getUidState(10033) !cacheIter->second.first, return PROCESS_STATE_UNKNOWN
08-16 10:12:52.508 10033 10106 I FWK-HWNF-UI-R-0704|FavoriteProvider: root folder has already exists
08-16 10:12:52.510  7774  7774 D LifecycleMonitor: Lifecycle status change: androidx.test.core.app.InstrumentationActivityInvoker$EmptyActivity@735015a in: DESTROYED
08-16 10:12:52.510  7774  7774 V ActivityScenario: Activity lifecycle changed event received but ignored because the intent does not match. startActivityIntent=Intent { act=android.intent.action.MAIN cat=[android.intent.category.LAUNCHER] cmp=com.example.dogglers/.VerticalListActivity }, activity.getIntent()=Intent { act=android.intent.action.MAIN cat=[android.intent.category.LAUNCHER] flg=0x10000000 cmp=com.example.dogglers/androidx.test.core.app.InstrumentationActivityInvoker$EmptyActivity }, activity=androidx.test.core.app.InstrumentationActivityInvoker$EmptyActivity@735015a
08-16 10:12:52.511 10033 10091 I com.huawei.agc.apms: APMS v1.4.3.511
08-16 10:12:52.512 10033 10110 I HWBR-O-0704|PpsInitManager: preloadPpsSdkWhileColdStart start
08-16 10:12:52.512 10033 10053 I HWBR-O-0704|BookmarkProvider: root folder has already exists
08-16 10:12:52.512 10033 10108 I HWBR-O-0704|AbnormalExitReader: isAbnormalExit: false
08-16 10:12:52.513  1636  2505 D InputDispatcher: Window handle WindowManager has no registered input channel
08-16 10:12:52.513  2730  2730 I RmeSchedManager: init Rme, version is: v1.0
08-16 10:12:52.515 10033 10053 I HWBR-O-0704|NewsfeedFavProvider: root folder has already exists
08-16 10:12:52.515 10033 10053 I HWBR-O-0704|BookmarkModel: init success:true
08-16 10:12:52.515 10033 10033 I com.huawei.agc.apms: begin to register native anr methods.
08-16 10:12:52.515 10033 10033 I com.huawei.agc.apms: create an anr event notifier: 96.
08-16 10:12:52.515 10033 10033 I com.huawei.agc.apms: register own signal(sigquit) handler: 0
08-16 10:12:52.517 10033 10053 I HWBR-O-0704|BrowserBackupProvider: call backup_query, backup
08-16 10:12:52.517 10033 10053 I HWBR-O-0704|BookmarkModel: Bookmark has init
08-16 10:12:52.518 10033 10053 I HWBR-O-0704|BrowserBackupProvider: query data content://com.huawei.browser.provider.BackupProvider/Bookmark, null, null
08-16 10:12:52.520 10033 10053 I HWBR-O-0704|BookmarkInquirer: queryBookmark count 0
08-16 10:12:52.520 10033 10116 I com.huawei.agc.apms: waiting for anr happen, block here...
08-16 10:12:52.522  7774  7774 D RtgSchedIpcFile: setCommandByIoctl failed ret:-1, cmdid:23, errno:103
08-16 10:12:52.522  7774  7774 D RtgSchedIpcFile: setCommandByIoctl failed ret:-1, cmdid:22, errno:103
08-16 10:12:52.523 10033 10088 I HWBR-O-0704|AgreementStateMgr: addListener: com.huawei.browser.grs.GrsInitHelper$i@104568f
08-16 10:12:52.524 10033 10053 I HWBR-O-0704|BrowserBackupProvider: query data content://com.huawei.browser.provider.BackupProvider/NewsfeedFavorite, null, null
08-16 10:12:52.525 10033 10053 W FWK-HWNF-UI-R-0704|NewsFeedUiSDK: NewsFeedUiSDK has not been initialized.
08-16 10:12:52.525  7774  7774 D RtgSchedIpcFile: setCommandByIoctl failed ret:-1, cmdid:23, errno:103
08-16 10:12:52.525  7774  7774 D RtgSchedIpcFile: setCommandByIoctl failed ret:-1, cmdid:22, errno:103
08-16 10:12:52.525  7774  7774 D LifecycleMonitor: Lifecycle status change: androidx.test.core.app.InstrumentationActivityInvoker$EmptyActivity@e6fe in: PAUSED
08-16 10:12:52.526  7774  7774 V ActivityScenario: Activity lifecycle changed event received but ignored because the intent does not match. startActivityIntent=Intent { act=android.intent.action.MAIN cat=[android.intent.category.LAUNCHER] cmp=com.example.dogglers/.VerticalListActivity }, activity.getIntent()=Intent { act=android.intent.action.MAIN cat=[android.intent.category.LAUNCHER] flg=0x10000000 cmp=com.example.dogglers/androidx.test.core.app.InstrumentationActivityInvoker$EmptyActivity }, activity=androidx.test.core.app.InstrumentationActivityInvoker$EmptyActivity@e6fe
08-16 10:12:52.526  1636  2012 W AwareLog: SchedLevelBoost: onFgActivitiesChanged config not set!
08-16 10:12:52.528 26909 26909 I HiBoard_22.0.8.300_Workspace: onWindowVisibilityChanged：0 isOverlayClosed:true
08-16 10:12:52.528 26909 26909 I HiBoard_22.0.8.300_ShareCodeClipboardHelper: removeClipboardView is executed!
08-16 10:12:52.528 26909 27127 I HiBoard_22.0.8.300_ShareCodeClipboardHelper: handleMsg 5
08-16 10:12:52.529  1636  1652 D InputDispatcher: Window handle WindowManager has no registered input channel
08-16 10:12:52.531  9978 10097 D ApplicationLoaders: createClassLoader zip: /hw_product/region_comm/oversea/app/HwHiAiEngine/visionplugin-focusocr-kirin980-oversea-release.apk librarySearchPath: /hw_product/region_comm/oversea/app/HwHiAiEngine/visionplugin-focusocr-kirin980-oversea-release.apk!/lib/arm64-v8a:/hw_product/region_comm/oversea/app/HwHiAiEngine/lib/arm64:/hw_product/region_comm/oversea/app/HwHiAiEngine/HwHiAiEngine.apk!/lib/arm64-v8a:/system/lib64:/hw_product/lib64:/system/product/lib64:/prets/lib64 libraryPermittedPath: null parent: dalvik.system.PathClassLoader[DexPathList[[zip file "/hw_product/region_comm/oversea/app/HwHiAiEngine/HwHiAiEngine.apk"],nativeLibraryDirectories=[/hw_product/region_comm/oversea/app/HwHiAiEngine/lib/arm64, /hw_product/region_comm/oversea/app/HwHiAiEngine/HwHiAiEngine.apk!/lib/arm64-v8a, /system/lib64, /hw_product/lib64, /system/product/lib64, /prets/lib64, /system/lib64, /hw_product/lib64, /system/product/lib64, /prets/lib64]]] targetSdkVersion: 29 isBundled: false classLoaderName: null sharedLibraries: null
08-16 10:12:52.531  2690  3310 D ScenarioService: front pkg : com.huawei.android.launcher launcher: true
08-16 10:12:52.531  2690  3310 I AppsUsage: scnOff:false FgAPP:com.huawei.android.launcher BgAPP:com.example.dogglers
08-16 10:12:52.532  2690  3646 I PGServer: report state:10000 event type:2 pid:0 uid:0 pkg:com.example.dogglers to pid: 2690
08-16 10:12:52.532  2690  3646 I SceneReceiver: state type: 10000 eventType:2 pid:0 uid:0 pkg:com.example.dogglers
08-16 10:12:52.532  2690  3646 I PGServer: report state:10000 event type:2 pid:0 uid:0 pkg:com.example.dogglers to pid: 1636
08-16 10:12:52.532  2690  3646 I PGServer: report state:10010 event type:1 pid:0 uid:0 pkg:com.huawei.android.launcher to pid: 2690
08-16 10:12:52.532  2690  3646 I SceneReceiver: state type: 10010 eventType:1 pid:0 uid:0 pkg:com.huawei.android.launcher
08-16 10:12:52.532  2690  3646 I ApsAppsTypeHandler: APS: APK: ApsAppsTypeHandler.getInstance, sInstance = com.huawei.android.hwaps.o@92bda0
08-16 10:12:52.533  2690  3646 I PGServer: report state:10010 event type:1 pid:0 uid:0 pkg:com.huawei.android.launcher to pid: 1636
08-16 10:12:52.533  1636  2920 I HwBastetService: current len less then 0, need return!
08-16 10:12:52.533  1636  2920 I HwBastetService: current len less then 0, need return!
08-16 10:12:52.533  2690 21000 I PGServer: checkPkgType. calling pkg: android
08-16 10:12:52.531  2690  3438 I PG_ash  : front pkg : com.huawei.android.launcher
08-16 10:12:52.533  2690 21000 I PGServer: checkPkgType. calling pkg: android
08-16 10:12:52.534 10033 10053 I HWBR-O-0704|NNewsFeedFavoriteInquirer: queryNewsFeedFavorite count 0
08-16 10:12:52.536  8696  8932 I PhoneClone: Service_UncoupledModuleBase: query provider huaweiBrowser result is : true
08-16 10:12:52.536  7774  7774 D RtgSchedIpcFile: setCommandByIoctl failed ret:-1, cmdid:23, errno:103
08-16 10:12:52.536  7774  7774 D DecorView: showOrHideHighlightView: hasFocus=false; winMode=1; isMrgNull=true
08-16 10:12:52.536  3386  7832 I HiAdKit.DC.PageSwitchEvent:  switch is off
08-16 10:12:52.537  3386  7832 I HiAdKit.DC.PaymentPageSwitchEvent:  switch is off
08-16 10:12:52.537  3386  7832 I HiAdKit.DC.LiteAppPageSwitchEvent:  switch is off
08-16 10:12:52.537  2661  3071 D DollieActivityManagerAdapter: [Paused] pid:7774 uid:10431 ComponentInfo{com.example.dogglers/androidx.test.core.app.InstrumentationActivityInvoker$EmptyActivity} uidState:2
08-16 10:12:52.537  7774  7836 I TestRunner: finished: vertical_scroll_content_at_last_position(com.example.dogglers.VerticalListTests)
