08-16 10:12:50.538  1636  8140 E system_server: No package ID 7f found for ID 0x7f14162a.
08-16 10:12:50.538  2580  6962 I OPCollectLog: OdmfHelper:isCharging: true
08-16 10:12:50.539  2580  6962 I OPCollectLog: OdmfHelper:insert database success
08-16 10:12:50.539  2580  6962 I OPCollectLog: OdmfHelper:opcollectCache size: 1
08-16 10:12:50.539  2580  6962 I OPCollectLog: OdmfHelper:opcollectCache lastTime: 574944634
08-16 10:12:50.542  1636  2649 D InputDispatcher: Window handle WindowManager has no registered input channel
08-16 10:12:50.547  1636  1660 D HwPhoneWindowManager: Transact:setSystemUIColor to status bar service
08-16 10:12:50.547  1636  2649 D ZrHung.AppEyeFocusWindow: FocusWindowErrorScene cancelCheckFreezeScreen
08-16 10:12:50.547  1636  2649 D ZrHung.AppEyeTransparentWindow: TransparentWindow mHungConfigStatus = 0,mHungConfigEnable = 1
08-16 10:12:50.549  7774  9930 D HiTouch_PressGestureDetector: onAttached, package=com.example.dogglers, windowType=1, mIsHiTouchRestricted=false
08-16 10:12:50.549  7774  7850 D mali_winsys: EGLint new_window_surface(egl_winsys_display *, void *, EGLSurface, EGLConfig, egl_winsys_surface **, EGLBoolean) returns 0x3000
08-16 10:12:50.560  1636  2920 D InputDispatcher: Window handle WindowManager has no registered input channel
08-16 10:12:50.561  7774  7774 D DecorView: showOrHideHighlightView: hasFocus=true; winMode=1; isMrgNull=true
08-16 10:12:50.561  7774  7774 W InputMethodManager: startInputReason = 1
08-16 10:12:50.561  7774  7774 W HwRemoteInputMethodManager: isCasting false because IHwDistributedWindowManager is invalid.
08-16 10:12:50.570  8696  8932 I PhoneClone: Service_RequestPackageSize: get app data size dataBytes: 1993728, cacheBytes: 14336
08-16 10:12:50.570  8696  8932 I PhoneClone: Service_PackageSizeUtils: get package size, packageName: com.android.providers.telephony, size: 1979392
08-16 10:12:50.570  8696  8932 I PhoneClone: Service_PackageSizeUtils: wait get package size return true, sdk version is more than android O.
08-16 10:12:50.570  2208  2208 D BarTransitions.HwPhoneStatusBarView: MODE_TRANSPARENT -> MODE_OPAQUE animate=false
08-16 10:12:50.570  2208  2208 D BarTransitions.HwPhoneStatusBarView: applyModeBackground oldMode=MODE_TRANSPARENT newMode=MODE_OPAQUE animate=false
08-16 10:12:50.570  8696  8932 I PhoneClone: Service_FileHelper: Get Storage type
08-16 10:12:50.570  8696  8932 E PhoneClone: Service_FileHelper: Location is null
08-16 10:12:50.570  2208  2208 D BarTransitions.HwNavigationBarView: MODE_TRANSPARENT -> MODE_OPAQUE animate=false
08-16 10:12:50.570  2208  2208 D BarTransitions.HwNavigationBarView: applyModeBackground oldMode=MODE_TRANSPARENT newMode=MODE_OPAQUE animate=false
08-16 10:12:50.573  8696  8932 I PhoneClone: Service_MmsSmsImp: initAllThreadIds begin.
08-16 10:12:50.575  1636 15277 D InputDispatcher: Window handle WindowManager has no registered input channel
08-16 10:12:50.577   757   993 W BufferQueueProducer: [com.example.dogglers/com.example.dogglers.HorizontalListActivity#0]:1390: disconnect: not connected (req=1)
08-16 10:12:50.578  7774  7850 W libEGL  : EGLNativeWindowType 0x76e4c263d0 disconnect failed
08-16 10:12:50.592  1636 15277 D InputDispatcher: Window handle WindowManager has no registered input channel
08-16 10:12:50.595  7774  7774 D LifecycleMonitor: Lifecycle status change: androidx.test.core.app.InstrumentationActivityInvoker$BootstrapActivity@bb1eb5b in: DESTROYED
08-16 10:12:50.595  7774  7774 V ActivityScenario: Activity lifecycle changed event received but ignored because the intent does not match. startActivityIntent=Intent { act=android.intent.action.MAIN cat=[android.intent.category.LAUNCHER] cmp=com.example.dogglers/.HorizontalListActivity }, activity.getIntent()=Intent { act=android.intent.action.MAIN cat=[android.intent.category.LAUNCHER] flg=0x10008000 cmp=com.example.dogglers/androidx.test.core.app.InstrumentationActivityInvoker$BootstrapActivity (has extras) }, activity=androidx.test.core.app.InstrumentationActivityInvoker$BootstrapActivity@bb1eb5b
08-16 10:12:50.596  7774  7774 D LifecycleMonitor: Lifecycle status change: androidx.test.core.app.InstrumentationActivityInvoker$EmptyActivity@7fc08a6 in: PAUSED
08-16 10:12:50.597  7774  7774 V ActivityScenario: Activity lifecycle changed event received but ignored because the intent does not match. startActivityIntent=Intent { act=android.intent.action.MAIN cat=[android.intent.category.LAUNCHER] cmp=com.example.dogglers/.HorizontalListActivity }, activity.getIntent()=Intent { act=android.intent.action.MAIN cat=[android.intent.category.LAUNCHER] flg=0x10000000 cmp=com.example.dogglers/androidx.test.core.app.InstrumentationActivityInvoker$EmptyActivity }, activity=androidx.test.core.app.InstrumentationActivityInvoker$EmptyActivity@7fc08a6
08-16 10:12:50.597  2690 22775 I PGServer: android calls fast HApps
08-16 10:12:50.597  2690 22775 I AppFastHibernation: fast H duration: 1500 reason: start activity
08-16 10:12:50.598  1046 12149 I Pged-IPgedBinderService: ****action is 1, pid num is 7***
08-16 10:12:50.598  1046 12149 I Pged-Freezer: freezePids
08-16 10:12:50.598  1046 12149 I Pged-Freezer: Freeze process: 19712
08-16 10:12:50.598  1046 12149 I Pged-Freezer: Freeze process: 21002
08-16 10:12:50.598  1046 12149 I Pged-Freezer: Freeze process: 21360
08-16 10:12:50.598  1046 12149 I Pged-Freezer: Freeze process: 18777
08-16 10:12:50.599  1046 12149 I Pged-Freezer: Freeze process: 20784
08-16 10:12:50.599  1046 12149 I Pged-Freezer: Freeze process: 4680
08-16 10:12:50.599  2690  3436 D PgedBinderAdapter: F_Z ok, pid: [19712, 21002, 21360, 18777, 20784, 4680]
08-16 10:12:50.600  1636 17378 D ZrHung.AppEyeFocusWindow: FocusWindowErrorScene CheckFreezeScreen
08-16 10:12:50.600  1636 17378 D ZrHung.AppEyeTransparentWindow: TransparentWindow cancelCheckFreezeScreen
08-16 10:12:50.602  1046  1070 D AwareLog: iawared: WorkingsetProcessCommand subCmd = 352, userId=10431, pid=7774, com.example.dogglers/androidx.test.core.app.InstrumentationActivityInvoker$EmptyActivity
08-16 10:12:50.602  1046  1070 D AwareLog: iawared: WorkingsetStop com.example.dogglers/androidx.test.core.app.InstrumentationActivityInvoker$EmptyActivity
08-16 10:12:50.603  1046  1070 D AwareLog: iawared: WorkingsetProcessCommand subCmd = 350, userId=10431, pid=7774, com.example.dogglers/androidx.test.core.app.InstrumentationActivityInvoker$EmptyActivity
08-16 10:12:50.603  7774  7774 W ActivityThread: handleWindowVisibility: no activity for token android.os.BinderProxy@692c6f5
08-16 10:12:50.603  1046  1070 D AwareLog: iawared: WorkingsetSendPrereadMsg com.example.dogglers/androidx.test.core.app.InstrumentationActivityInvoker$EmptyActivity
08-16 10:12:50.604  1046  1070 D AwareLog: iawared: WorkingsetStart com.example.dogglers/androidx.test.core.app.InstrumentationActivityInvoker$EmptyActivity in monitor0
08-16 10:12:50.604  2661  3071 D DollieActivityManagerAdapter: [Paused] pid:7774 uid:10431 ComponentInfo{com.example.dogglers/androidx.test.core.app.InstrumentationActivityInvoker$EmptyActivity} uidState:2
08-16 10:12:50.604  2315  2315 E FullInputEventModel: onStartInput event aborted: fk.c0: could not obtain extracted text (class fk.c0)
08-16 10:12:50.606  3386  7832 I HiAdKit.DC.PageSwitchEvent:  switch is off
08-16 10:12:50.606  3386  7832 I HiAdKit.DC.PaymentPageSwitchEvent:  switch is off
08-16 10:12:50.606  3386  7832 I HiAdKit.DC.LiteAppPageSwitchEvent:  switch is off
08-16 10:12:50.608  1636 15277 D InputDispatcher: Window handle WindowManager has no registered input channel
08-16 10:12:50.608  7774  7774 D LifecycleMonitor: Lifecycle status change: androidx.test.core.app.InstrumentationActivityInvoker$EmptyActivity@b9b8c8a in: PRE_ON_CREATE
08-16 10:12:50.608  7774  7774 V ActivityScenario: Activity lifecycle changed event received but ignored because the intent does not match. startActivityIntent=Intent { act=android.intent.action.MAIN cat=[android.intent.category.LAUNCHER] cmp=com.example.dogglers/.HorizontalListActivity }, activity.getIntent()=Intent { act=android.intent.action.MAIN cat=[android.intent.category.LAUNCHER] flg=0x10000000 cmp=com.example.dogglers/androidx.test.core.app.InstrumentationActivityInvoker$EmptyActivity }, activity=androidx.test.core.app.InstrumentationActivityInvoker$EmptyActivity@b9b8c8a
08-16 10:12:50.616  7774  7774 I DecorView[]: pkgName:com.example.dogglers old windowMode:0 new windoMode:1, isFixedSize:false
08-16 10:12:50.617  7774  7774 D LifecycleMonitor: Lifecycle status change: androidx.test.core.app.InstrumentationActivityInvoker$EmptyActivity@b9b8c8a in: CREATED
08-16 10:12:50.617  7774  7774 V ActivityScenario: Activity lifecycle changed event received but ignored because the intent does not match. startActivityIntent=Intent { act=android.intent.action.MAIN cat=[android.intent.category.LAUNCHER] cmp=com.example.dogglers/.HorizontalListActivity }, activity.getIntent()=Intent { act=android.intent.action.MAIN cat=[android.intent.category.LAUNCHER] flg=0x10000000 cmp=com.example.dogglers/androidx.test.core.app.InstrumentationActivityInvoker$EmptyActivity }, activity=androidx.test.core.app.InstrumentationActivityInvoker$EmptyActivity@b9b8c8a
08-16 10:12:50.618  7774  7774 D LifecycleMonitor: Lifecycle status change: androidx.test.core.app.InstrumentationActivityInvoker$EmptyActivity@b9b8c8a in: STARTED
08-16 10:12:50.618  7774  7774 V ActivityScenario: Activity lifecycle changed event received but ignored because the intent does not match. startActivityIntent=Intent { act=android.intent.action.MAIN cat=[android.intent.category.LAUNCHER] cmp=com.example.dogglers/.HorizontalListActivity }, activity.getIntent()=Intent { act=android.intent.action.MAIN cat=[android.intent.category.LAUNCHER] flg=0x10000000 cmp=com.example.dogglers/androidx.test.core.app.InstrumentationActivityInvoker$EmptyActivity }, activity=androidx.test.core.app.InstrumentationActivityInvoker$EmptyActivity@b9b8c8a
08-16 10:12:50.619  7774  7774 D LifecycleMonitor: Lifecycle status change: androidx.test.core.app.InstrumentationActivityInvoker$EmptyActivity@b9b8c8a in: RESUMED
08-16 10:12:50.619  7774  7774 V ActivityScenario: Activity lifecycle changed event received but ignored because the intent does not match. startActivityIntent=Intent { act=android.intent.action.MAIN cat=[android.intent.category.LAUNCHER] cmp=com.example.dogglers/.HorizontalListActivity }, activity.getIntent()=Intent { act=android.intent.action.MAIN cat=[android.intent.category.LAUNCHER] flg=0x10000000 cmp=com.example.dogglers/androidx.test.core.app.InstrumentationActivityInvoker$EmptyActivity }, activity=androidx.test.core.app.InstrumentationActivityInvoker$EmptyActivity@b9b8c8a
08-16 10:12:50.620  7774  7774 D MouseWheelSynthesizer: mMoveStepInDp: 64, mMoveStepInPixel: 192, mUpTimeDelayed: 100
08-16 10:12:50.620  7774  7774 D ViewRootImpl: ViewRootImpl mIsInProductivePCDisplay: false
08-16 10:12:50.620  1636 17378 I HwPCUtils#HwRioViewManager: check if rio enable, displayId = 0， packageName = com.example.dogglers
08-16 10:12:50.623  7774  7774 D InputEventReceiver: dispatchInputInterval 1000000
08-16 10:12:50.625  1636 15277 D InputDispatcher: Window handle WindowManager has no registered input channel
08-16 10:12:50.627  7774  7774 D LifecycleMonitor: Lifecycle status change: com.example.dogglers.HorizontalListActivity@b4c7cc2 in: STOPPED
08-16 10:12:50.627  7774  7774 V ActivityScenario: Update currentActivityStage to STOPPED, currentActivity=com.example.dogglers.HorizontalListActivity@b4c7cc2
08-16 10:12:50.628  7774  7774 D LifecycleMonitor: Lifecycle status change: com.example.dogglers.HorizontalListActivity@b4c7cc2 in: DESTROYED
08-16 10:12:50.628  3386  7816 I HiAdKit.DC.PageSwitchEvent:  switch is off
08-16 10:12:50.628  7774  7774 V ActivityScenario: Update currentActivityStage to DESTROYED, currentActivity=null
08-16 10:12:50.628  3386  7816 I HiAdKit.DC.PaymentPageSwitchEvent:  switch is off
08-16 10:12:50.629  3386  7816 I HiAdKit.DC.LiteAppPageSwitchEvent:  switch is off
08-16 10:12:50.629  6225  9809 I CAWARENESS_AppUsageManager: Repeat info, don't need publish
08-16 10:12:50.629  2661  3071 D DollieActivityManagerAdapter: [Resumed] bg:false pid:7774 uid:10431 ComponentInfo{com.example.dogglers/androidx.test.core.app.InstrumentationActivityInvoker$EmptyActivity}
08-16 10:12:50.629  2661  3071 E DollieAdapterService: notifyActivityState pkg:com.example.dogglers/androidx.test.core.app.InstrumentationActivityInvoker$EmptyActivity state:2 fg:true mUid:10431
08-16 10:12:50.629  2661  3071 I OllieMsgCenter: publishEvt=2130771985
08-16 10:12:50.630  2580 21526 I OPCollectLog: AppChangeImpl:call onAppChange.
08-16 10:12:50.630  2580  6962 I OPCollectLog: HwForegroundAppAction:handleMessage
08-16 10:12:50.630  2580  6962 D OPCollectLog: HwForegroundAppAction:FG executeWithArgs
08-16 10:12:50.630  2580  6962 I OPCollectLog: OPCollectUtils:ODMF Api Version:2.16.3
08-16 10:12:50.630  2580  6962 I OPCollectLog: Action:HwForegroundAppAction executed successfully
08-16 10:12:50.630  2580  6962 D OPCollectLog: OdmfCollectScheduler:handleMessage msg: 4
08-16 10:12:50.630  2580  6962 I OPCollectLog: OdmfHelper:opcollectCache 1
08-16 10:12:50.630  2580  6962 I OPCollectLog: OdmfHelper:opcollectCache curTime: 574944725, interval: 91
08-16 10:12:50.630  2661 30856 I Hicom_Monitor: mActivityNotifierEx, className = androidx.test.core.app.InstrumentationActivityInvoker$EmptyActivity, uid = 10431
08-16 10:12:50.631  2580  6962 I OPCollectLog: OdmfHelper:isCharging: true
08-16 10:12:50.632  2580  6962 I OPCollectLog: OdmfHelper:insert database success
08-16 10:12:50.632  2580  6962 I OPCollectLog: OdmfHelper:opcollectCache size: 1
08-16 10:12:50.632  2580  6962 I OPCollectLog: OdmfHelper:opcollectCache lastTime: 574944726
08-16 10:12:50.633  7774  7774 D DecorView: showOrHideHighlightView: hasFocus=false; winMode=1; isMrgNull=true
08-16 10:12:50.636  7774  9936 D HiTouch_PressGestureDetector: onAttached, package=com.example.dogglers, windowType=1, mIsHiTouchRestricted=false
08-16 10:12:50.639  1636 15277 D ZrHung.AppEyeFocusWindow: FocusWindowErrorScene cancelCheckFreezeScreen
08-16 10:12:50.639  1636 15277 D ZrHung.AppEyeTransparentWindow: TransparentWindow mHungConfigStatus = 0,mHungConfigEnable = 1
08-16 10:12:50.641  7774  7850 D mali_winsys: EGLint new_window_surface(egl_winsys_display *, void *, EGLSurface, EGLConfig, egl_winsys_surface **, EGLBoolean) returns 0x3000
08-16 10:12:50.642  1636  3594 D InputDispatcher: Window handle WindowManager has no registered input channel
08-16 10:12:50.650   753 14063 D AudioPolicyService: getUidState(10151) cacheIter->second.first, return cacheIter->second.second(7)
08-16 10:12:50.652  8696  8932 I PhoneClone: Service_MmsSmsImp: initAllThreadIds end.
08-16 10:12:50.652  8696  8932 I PhoneClone: Service_MmsSmsImp: getSubkeyNum begin.
08-16 10:12:50.655   664  1311 W /system/bin/netd: A binder object at 0x7903947f40 is being transacted on, however, this object is in the same process as its proxy. Transacting with this binder is expensive compared to just calling the corresponding functionality in the same process.
08-16 10:12:50.657  7774  7774 D DecorView: showOrHideHighlightView: hasFocus=true; winMode=1; isMrgNull=true
08-16 10:12:50.657  7774  7774 W InputMethodManager: startInputReason = 1
08-16 10:12:50.658  7774  7774 W HwRemoteInputMethodManager: isCasting false because IHwDistributedWindowManager is invalid.
08-16 10:12:50.658   664  1311 W /system/bin/netd: A binder object at 0x7903947f40 is being transacted on, however, this object is in the same process as its proxy. Transacting with this binder is expensive compared to just calling the corresponding functionality in the same process.
08-16 10:12:50.659  1636  3594 D InputDispatcher: Window handle WindowManager has no registered input channel
08-16 10:12:50.662   664  1311 W /system/bin/netd: A binder object at 0x7903947f40 is being transacted on, however, this object is in the same process as its proxy. Transacting with this binder is expensive compared to just calling the corresponding functionality in the same process.
08-16 10:12:50.675  1636  2920 D InputDispatcher: Window handle WindowManager has no registered input channel
08-16 10:12:50.676   757   992 W BufferQueueProducer: [com.example.dogglers/androidx.test.core.app.InstrumentationActivityInvoker$EmptyActivity#0]:1390: disconnect: not connected (req=1)
08-16 10:12:50.676  7774  7850 W libEGL  : EGLNativeWindowType 0x76855b8b90 disconnect failed
08-16 10:12:50.683  6225  9809 I CAWARENESS_AppUsageManager: onEvent, packageName=com.huawei.android.launcher, activityName=com.huawei.android.launcher.unihome.UniHomeLauncher
08-16 10:12:50.683  6225  9809 I CAWARENESS_AppUsageManager: fuse currently and delay publish
08-16 10:12:50.684  2730  4111 W HwLauncher: ExitAppAnimationManager getAnimationInfoMyself, mAnimationInfo = com.huawei.android.launcher.exitapp.ExitAppAnimationManager$AnimationInfo@aa9c7c8
08-16 10:12:50.684  1636 15277 D ZrHung.AppEyeFocusWindow: FocusWindowErrorScene CheckFreezeScreen
08-16 10:12:50.684  1636 15277 D ZrHung.AppEyeTransparentWindow: TransparentWindow cancelCheckFreezeScreen
08-16 10:12:50.684  2730  2730 W HwLauncher: RotationHelper hideAdjacentScreen, launcher is not transposed. RotationMode = com.huawei.android.launcher.graphics.RotationMode$1{293d90b surfaceRotation = 0.0,isTransposed = false}
08-16 10:12:50.685  2661 29501 I AssistantService-11.2.1.200: registerHwActivityNotifier call fromPackage:com.example.dogglers, toPackage:com.huawei.android.launcher
08-16 10:12:50.685  1636  1636 D HwConnectivityManagerImpl: getNetworkPolicyFlag flagStr null
08-16 10:12:50.685  2661  6711 D AssistantService-11.2.1.200: handleMessage app switch fromPackage:com.example.dogglers, toPackage:com.huawei.android.launcher
08-16 10:12:50.685  1636  1636 D HwConnectivityManagerImpl: getNetworkPolicyFlag flagStr null
08-16 10:12:50.686  2624 10575 I iconnect:BluetoothApi: adapter status 12
08-16 10:12:50.686  3386  7833 I HiAdKit.DC.PersistentMessageCenter:  notifyMessage com.huawei.hwid_app_switch_from_to_intent
08-16 10:12:50.686  2624 10575 I iconnect:NearbyDeviceDetect: isPropEnable=true, isBluetoothEnabled=true, isScreenOn=true, isNotSpecialAppOnTop=true, scanCondition=0
08-16 10:12:50.686  2624 10575 I iconnect:DeviceStateMachineManager: report:NOT_SPECIAL_APP_ON_TOP device:D
08-16 10:12:50.686  2624 10575 I iconnect:DeviceStateMachineManager: Return exist stateMachine
08-16 10:12:50.687  2690  3310 I ScenarioService: app focus change from: com.example.dogglers to:com.huawei.android.launcher
08-16 10:12:50.687  7774  7774 D LifecycleMonitor: Lifecycle status change: androidx.test.core.app.InstrumentationActivityInvoker$EmptyActivity@7fc08a6 in: STOPPED
08-16 10:12:50.688  7774  7774 V ActivityScenario: Activity lifecycle changed event received but ignored because the intent does not match. startActivityIntent=Intent { act=android.intent.action.MAIN cat=[android.intent.category.LAUNCHER] cmp=com.example.dogglers/.HorizontalListActivity }, activity.getIntent()=Intent { act=android.intent.action.MAIN cat=[android.intent.category.LAUNCHER] flg=0x10000000 cmp=com.example.dogglers/androidx.test.core.app.InstrumentationActivityInvoker$EmptyActivity }, activity=androidx.test.core.app.InstrumentationActivityInvoker$EmptyActivity@7fc08a6
08-16 10:12:50.688  7774  7774 D LifecycleMonitor: Lifecycle status change: androidx.test.core.app.InstrumentationActivityInvoker$EmptyActivity@7fc08a6 in: DESTROYED
08-16 10:12:50.689  7774  7774 V ActivityScenario: Activity lifecycle changed event received but ignored because the intent does not match. startActivityIntent=Intent { act=android.intent.action.MAIN cat=[android.intent.category.LAUNCHER] cmp=com.example.dogglers/.HorizontalListActivity }, activity.getIntent()=Intent { act=android.intent.action.MAIN cat=[android.intent.category.LAUNCHER] flg=0x10000000 cmp=com.example.dogglers/androidx.test.core.app.InstrumentationActivityInvoker$EmptyActivity }, activity=androidx.test.core.app.InstrumentationActivityInvoker$EmptyActivity@7fc08a6
08-16 10:12:50.689  2661  2756 I Hicom_Monitor: mAppSwitchNotifierEx. uid: 10065, foreground app: com.huawei.android.launcher, foreground activity: com.huawei.android.launcher.unihome.UniHomeLauncher
08-16 10:12:50.689  2690  3310 I ScenarioService: add focus on app:com.huawei.android.launcher to visiblePkgs
08-16 10:12:50.690  2661  3353 W Hicom_XEngineProc: handleForegroundAppChanged. Feature is not enable.
08-16 10:12:50.691  1636  2505 D InputDispatcher: Window handle WindowManager has no registered input channel
08-16 10:12:50.694  7774  7774 D LifecycleMonitor: Lifecycle status change: androidx.test.core.app.InstrumentationActivityInvoker$EmptyActivity@b9b8c8a in: PAUSED
08-16 10:12:50.694  7774  7774 V ActivityScenario: Activity lifecycle changed event received but ignored because the intent does not match. startActivityIntent=Intent { act=android.intent.action.MAIN cat=[android.intent.category.LAUNCHER] cmp=com.example.dogglers/.HorizontalListActivity }, activity.getIntent()=Intent { act=android.intent.action.MAIN cat=[android.intent.category.LAUNCHER] flg=0x10000000 cmp=com.example.dogglers/androidx.test.core.app.InstrumentationActivityInvoker$EmptyActivity }, activity=androidx.test.core.app.InstrumentationActivityInvoker$EmptyActivity@b9b8c8a
08-16 10:12:50.695  1636  1636 D HwConnectivityManagerImpl: getNetworkPolicyFlag flagStr null
08-16 10:12:50.698  2690  3310 D ScenarioService: front pkg : com.huawei.android.launcher launcher: true
08-16 10:12:50.698  2690  3310 I AppsUsage: scnOff:false FgAPP:com.huawei.android.launcher BgAPP:com.example.dogglers
08-16 10:12:50.699  2690  3438 I PG_ash  : front pkg : com.huawei.android.launcher
08-16 10:12:50.699  2690  3646 I PGServer: report state:10000 event type:2 pid:0 uid:0 pkg:com.example.dogglers to pid: 2690
08-16 10:12:50.699  2690  3646 I SceneReceiver: state type: 10000 eventType:2 pid:0 uid:0 pkg:com.example.dogglers
08-16 10:12:50.699  2690  3646 I PGServer: report state:10000 event type:2 pid:0 uid:0 pkg:com.example.dogglers to pid: 1636
08-16 10:12:50.699  2690  3646 I PGServer: report state:10010 event type:1 pid:0 uid:0 pkg:com.huawei.android.launcher to pid: 2690
08-16 10:12:50.699  2690  3646 I SceneReceiver: state type: 10010 eventType:1 pid:0 uid:0 pkg:com.huawei.android.launcher
08-16 10:12:50.699  2690  3646 I ApsAppsTypeHandler: APS: APK: ApsAppsTypeHandler.getInstance, sInstance = com.huawei.android.hwaps.o@92bda0
08-16 10:12:50.700  7774  7774 D DecorView: showOrHideHighlightView: hasFocus=false; winMode=1; isMrgNull=true
08-16 10:12:50.700  2661  3071 D DollieActivityManagerAdapter: [Paused] pid:7774 uid:10431 ComponentInfo{com.example.dogglers/androidx.test.core.app.InstrumentationActivityInvoker$EmptyActivity} uidState:2
08-16 10:12:50.700  2690  3646 I PGServer: report state:10010 event type:1 pid:0 uid:0 pkg:com.huawei.android.launcher to pid: 1636
08-16 10:12:50.700  1636  2505 I HwBastetService: current len less then 0, need return!
08-16 10:12:50.700  1636  2505 I HwBastetService: current len less then 0, need return!
08-16 10:12:50.701  7774  7836 I TestRunner: finished: horizontal_scroll_content_at_first_position(com.example.dogglers.HorizontalListTests)
