08-16 10:12:46.549  7774  7836 I TestRunner: started: horizontal_scrolling(com.example.dogglers.HorizontalListTests)
08-16 10:12:46.550  8174  8678 I Cloud[13.2.0.303]Sync.GetOptionsInfoFromCloneTask: appId: com.mmircil.cnb2 match om config, backup app data.
08-16 10:12:46.551  8174  8678 I Cloud[13.2.0.303]Sync.GetOptionsInfoFromCloneTask: getThirdAppOptionsInfo{"appId":"com.mmircil.cnb2","appName":"Crafting and Building","appType":0,"backupData":true,"backupSwitch":false,"codeBytes":0,"data1":"","data2":"","data3":"","data4":"49011","data5":"","data6":"","dataBytes":0,"increase1":0,"increase2":0,"isDataEnable":0,"isDisable":false,"itemTotal":0,"operateTime":0,"operateType":0,"parent":"thirdApp","showType":0,"switchCount":0,"uid":0,"appApkSize":0,"appDataSize":0,"appSwitch":false,"isOmConfigAble":false}
08-16 10:12:46.552  1636  2813 D InputDispatcher: Window handle WindowManager has no registered input channel
08-16 10:12:46.554  7774  7836 W Settings: Setting always_finish_activities has moved from android.provider.Settings.System to android.provider.Settings.Global, returning read-only value.
08-16 10:12:46.559  1636  2813 I HWRME LIBHWRME_CLIENT: ResMngMmEvent interface arg 0, 10431
08-16 10:12:46.563  8174  8678 I Cloud[13.2.0.303]Base.FileHelper: getICSStoragePath locationSdcard = null ,locationPcard = /storage/emulated/0 ,uDiskStoragePath = null, appClonePath = null
08-16 10:12:46.563  8174  8678 I Cloud[13.2.0.303]Sync.CloudBackupAppDataUtil: begin init appDataUtil appId = com.microsoft.office.excel
08-16 10:12:46.567  1046  1070 D AwareLog: iawared: WorkingsetProcessCommand subCmd = 352, userId=10431, pid=7774, com.example.dogglers/androidx.test.core.app.InstrumentationActivityInvoker$EmptyActivity
08-16 10:12:46.568  1046  1070 D AwareLog: iawared: WorkingsetStop com.example.dogglers/androidx.test.core.app.InstrumentationActivityInvoker$EmptyActivity
08-16 10:12:46.568  1046  1070 D AwareLog: iawared: WorkingsetProcessCommand subCmd = 350, userId=10431, pid=7774, com.example.dogglers/androidx.test.core.app.InstrumentationActivityInvoker$BootstrapActivity
08-16 10:12:46.568  1046  1070 D AwareLog: iawared: WorkingsetSendPrereadMsg com.example.dogglers/androidx.test.core.app.InstrumentationActivityInvoker$BootstrapActivity
08-16 10:12:46.568  1046  1070 D AwareLog: iawared: WorkingsetStart com.example.dogglers/androidx.test.core.app.InstrumentationActivityInvoker$BootstrapActivity in monitor0
08-16 10:12:46.568  8174  8678 I Cloud[13.2.0.303]Sync.CloudBackupAppDataUtil: initAppFileInfo
08-16 10:12:46.569  8174  8678 I Cloud[13.2.0.303]Sync.CloudBackupAppDataUtil: match appInfo by emui
08-16 10:12:46.569  1636  2649 D InputDispatcher: Window handle WindowManager has no registered input channel
08-16 10:12:46.571  8174  8678 I Cloud[13.2.0.303]Sync.CloudBackupAppDataUtil: initDefaultFileInfoList
08-16 10:12:46.572  8174  8678 I Cloud[13.2.0.303]Sync.CloudBackupAppDataUtil: end init appDataUtil
08-16 10:12:46.572  8174  8678 I Cloud[13.2.0.303]Sync.CloudBackupAppDataUtil: appId: com.microsoft.office.excel, isAppDataAble: false
08-16 10:12:46.575  8174  8678 I Cloud[13.2.0.303]Sync.GetOptionsInfoFromCloneTask: appId: com.microsoft.office.excel match om config, backup app data.
08-16 10:12:46.575  2661 29501 E DollieActivityManagerAdapter: HwActivityNotifierEx null uid
08-16 10:12:46.576  8174  8678 I Cloud[13.2.0.303]Sync.GetOptionsInfoFromCloneTask: getThirdAppOptionsInfo{"appId":"com.microsoft.office.excel","appName":"Excel","appType":0,"backupData":true,"backupSwitch":false,"codeBytes":0,"data1":"","data2":"","data3":"","data4":"2003592774","data5":"","data6":"","dataBytes":0,"increase1":0,"increase2":0,"isDataEnable":0,"isDisable":false,"itemTotal":0,"operateTime":0,"operateType":0,"parent":"thirdApp","showType":0,"switchCount":0,"uid":0,"appApkSize":0,"appDataSize":0,"appSwitch":false,"isOmConfigAble":false}
08-16 10:12:46.576  3386  7833 I HiAdKit.DC.PageSwitchEvent:  switch is off
08-16 10:12:46.576  3386  7833 I HiAdKit.DC.PaymentPageSwitchEvent:  switch is off
08-16 10:12:46.576  3386  7833 I HiAdKit.DC.LiteAppPageSwitchEvent:  switch is off
08-16 10:12:46.581  2690  3438 I AppFastHibernation: rev F_Z exception for visible pkg: com.example.dogglers
08-16 10:12:46.582  7774  7774 W ActivityThread: handleWindowVisibility: no activity for token android.os.BinderProxy@6358302
08-16 10:12:46.582  1636 15277 D ZrHung.AppEyeFocusWindow: FocusWindowErrorScene CheckFreezeScreen
08-16 10:12:46.582  1636 15277 D ZrHung.AppEyeTransparentWindow: TransparentWindow cancelCheckFreezeScreen
08-16 10:12:46.583  2690  3310 D ScenarioService: front pkg : com.example.dogglers launcher: false
08-16 10:12:46.583  2690  3310 D ScenarioService: new above launcher front pkgs: [com.example.dogglers]
08-16 10:12:46.583  2690  3310 I AppsUsage: scnOff:false FgAPP:com.example.dogglers BgAPP:com.huawei.android.launcher
08-16 10:12:46.583  2690  3438 I PG_ash  : front pkg : com.example.dogglers
08-16 10:12:46.583  2690  3646 I PGServer: report state:10010 event type:2 pid:0 uid:0 pkg:com.huawei.android.launcher to pid: 2690
08-16 10:12:46.583  2690  3646 I SceneReceiver: state type: 10010 eventType:2 pid:0 uid:0 pkg:com.huawei.android.launcher
08-16 10:12:46.583  2690  3646 I PGServer: report state:10010 event type:2 pid:0 uid:0 pkg:com.huawei.android.launcher to pid: 1636
08-16 10:12:46.583  2690  3646 I PGServer: report state:10000 event type:1 pid:0 uid:0 pkg:com.example.dogglers to pid: 2690
08-16 10:12:46.583  2690  3646 I SceneReceiver: state type: 10000 eventType:1 pid:0 uid:0 pkg:com.example.dogglers
08-16 10:12:46.583  2690  3646 I ApsAppsTypeHandler: APS: APK: ApsAppsTypeHandler.getInstance, sInstance = com.huawei.android.hwaps.o@92bda0
08-16 10:12:46.584  2690  3646 I PGServer: report state:10000 event type:1 pid:0 uid:0 pkg:com.example.dogglers to pid: 1636
08-16 10:12:46.584  2690 22775 I PGServer: checkPkgType. calling pkg: android
08-16 10:12:46.584  2690 22775 I PGServer: checkPkgType. calling pkg: android
08-16 10:12:46.586  1636  2649 D InputDispatcher: Window handle WindowManager has no registered input channel
08-16 10:12:46.587  1636  1663 I DecorView[dogglers]: pkgName:com.example.dogglers old windowMode:0 new windoMode:1, isFixedSize:false
08-16 10:12:46.588  1636  1663 D MouseWheelSynthesizer: mMoveStepInDp: 64, mMoveStepInPixel: 192, mUpTimeDelayed: 100
08-16 10:12:46.588  1636  1663 D ViewRootImpl: ViewRootImpl mIsInProductivePCDisplay: false
08-16 10:12:46.588  1636  1663 I HwPCUtils#HwRioViewManager: check if rio enable, displayId = 0， packageName = com.example.dogglers
08-16 10:12:46.588  2661  5454 I Hicom_Monitor: mAppSwitchNotifierEx. uid: 10431, foreground app: com.example.dogglers, foreground activity: androidx.test.core.app.InstrumentationActivityInvoker$BootstrapActivity
08-16 10:12:46.589  3386  7816 I HiAdKit.DC.PageSwitchEvent:  switch is off
08-16 10:12:46.589  2661  2756 I AssistantService-11.2.1.200: registerHwActivityNotifier call fromPackage:com.huawei.android.launcher, toPackage:com.example.dogglers
08-16 10:12:46.589  3386  7816 I HiAdKit.DC.PaymentPageSwitchEvent:  switch is off
08-16 10:12:46.589  1636  1663 D InputEventReceiver: dispatchInputInterval 1000000
08-16 10:12:46.589  2661  6711 D AssistantService-11.2.1.200: handleMessage app switch fromPackage:com.huawei.android.launcher, toPackage:com.example.dogglers
08-16 10:12:46.589  3386  7832 I HiAdKit.DC.PersistentMessageCenter:  notifyMessage com.huawei.hwid_app_switch_from_to_intent
08-16 10:12:46.590  2661  3071 D DollieActivityManagerAdapter: [Paused] pid:2730 uid:10065 ComponentInfo{com.huawei.android.launcher/com.huawei.android.launcher.unihome.UniHomeLauncher} uidState:2
08-16 10:12:46.590  7774  7774 D LifecycleMonitor: Lifecycle status change: androidx.test.core.app.InstrumentationActivityInvoker$BootstrapActivity@83f9413 in: PRE_ON_CREATE
08-16 10:12:46.590  2690  3310 I ScenarioService: app focus change from: com.huawei.android.launcher to:com.example.dogglers
08-16 10:12:46.590  2690  3310 I ScenarioService: add focus on app:com.example.dogglers to visiblePkgs
08-16 10:12:46.590  2661  3353 W Hicom_XEngineProc: handleForegroundAppChanged. Feature is not enable.
08-16 10:12:46.590  7774  7774 V ActivityScenario: Activity lifecycle changed event received but ignored because the intent does not match. startActivityIntent=Intent { act=android.intent.action.MAIN cat=[android.intent.category.LAUNCHER] cmp=com.example.dogglers/.HorizontalListActivity }, activity.getIntent()=Intent { act=android.intent.action.MAIN cat=[android.intent.category.LAUNCHER] flg=0x10008000 cmp=com.example.dogglers/androidx.test.core.app.InstrumentationActivityInvoker$BootstrapActivity (has extras) }, activity=androidx.test.core.app.InstrumentationActivityInvoker$BootstrapActivity@83f9413
08-16 10:12:46.589  3386  7816 I HiAdKit.DC.LiteAppPageSwitchEvent:  switch is off
08-16 10:12:46.591  8174  8678 I Cloud[13.2.0.303]Base.FileHelper: getICSStoragePath locationSdcard = null ,locationPcard = /storage/emulated/0 ,uDiskStoragePath = null, appClonePath = null
08-16 10:12:46.591  8174  8678 I Cloud[13.2.0.303]Sync.CloudBackupAppDataUtil: begin init appDataUtil appId = com.buda.crypto
08-16 10:12:46.592  2624 10575 I iconnect:BluetoothApi: adapter status 12
08-16 10:12:46.592  2624 10575 I iconnect:NearbyDeviceDetect: isPropEnable=true, isBluetoothEnabled=true, isScreenOn=true, isNotSpecialAppOnTop=true, scanCondition=0
08-16 10:12:46.593  2624 10575 I iconnect:DeviceStateMachineManager: report:NOT_SPECIAL_APP_ON_TOP device:D
08-16 10:12:46.593  2624 10575 I iconnect:DeviceStateMachineManager: Return exist stateMachine
08-16 10:12:46.596  8174  8678 I Cloud[13.2.0.303]Sync.CloudBackupAppDataUtil: initAppFileInfo
08-16 10:12:46.597  8174  8678 I Cloud[13.2.0.303]Sync.CloudBackupAppDataUtil: match appInfo by emui
08-16 10:12:46.597  7774  7774 I DecorView[]: pkgName:com.example.dogglers old windowMode:0 new windoMode:1, isFixedSize:false
08-16 10:12:46.598  7774  7774 I RmeSchedManager: init Rme, version is: v1.0
08-16 10:12:46.599  7774  7774 D LifecycleMonitor: Lifecycle status change: androidx.test.core.app.InstrumentationActivityInvoker$BootstrapActivity@83f9413 in: CREATED
08-16 10:12:46.599  7774  7774 V ActivityScenario: Activity lifecycle changed event received but ignored because the intent does not match. startActivityIntent=Intent { act=android.intent.action.MAIN cat=[android.intent.category.LAUNCHER] cmp=com.example.dogglers/.HorizontalListActivity }, activity.getIntent()=Intent { act=android.intent.action.MAIN cat=[android.intent.category.LAUNCHER] flg=0x10008000 cmp=com.example.dogglers/androidx.test.core.app.InstrumentationActivityInvoker$BootstrapActivity (has extras) }, activity=androidx.test.core.app.InstrumentationActivityInvoker$BootstrapActivity@83f9413
08-16 10:12:46.600  7774  7774 D LifecycleMonitor: Lifecycle status change: androidx.test.core.app.InstrumentationActivityInvoker$BootstrapActivity@83f9413 in: STARTED
08-16 10:12:46.600  7774  7774 V ActivityScenario: Activity lifecycle changed event received but ignored because the intent does not match. startActivityIntent=Intent { act=android.intent.action.MAIN cat=[android.intent.category.LAUNCHER] cmp=com.example.dogglers/.HorizontalListActivity }, activity.getIntent()=Intent { act=android.intent.action.MAIN cat=[android.intent.category.LAUNCHER] flg=0x10008000 cmp=com.example.dogglers/androidx.test.core.app.InstrumentationActivityInvoker$BootstrapActivity (has extras) }, activity=androidx.test.core.app.InstrumentationActivityInvoker$BootstrapActivity@83f9413
08-16 10:12:46.600  1636  2012 W AwareLog: SchedLevelBoost: onFgActivitiesChanged config not set!
08-16 10:12:46.602  8174  8678 I Cloud[13.2.0.303]Sync.CloudBackupAppDataUtil: initDefaultFileInfoList
08-16 10:12:46.602  1636 15277 D InputDispatcher: Window handle WindowManager has no registered input channel
08-16 10:12:46.603  8174  8678 I Cloud[13.2.0.303]Sync.CloudBackupAppDataUtil: end init appDataUtil
08-16 10:12:46.603  8174  8678 I Cloud[13.2.0.303]Sync.CloudBackupAppDataUtil: appId: com.buda.crypto, isAppDataAble: false
08-16 10:12:46.603  1021 29289 D ITouchService: itouch stylusCurrentPkgName = com.example.dogglers lastOneFramePkgName =
08-16 10:12:46.603  1021 29289 D ITouchService: itouch currentPackageName = com.example.dogglers
08-16 10:12:46.603  1021 29289 D ITouchService: itouch appType=-1 appState=1 gameMode=2
08-16 10:12:46.603  1021 29289 D ITouchService: itouchReaderMonitor empty
08-16 10:12:46.603  1021 29289 D ITouchService: g_itouch_reader_monitor Monitor::IsReaderMonitorEnable()=0
08-16 10:12:46.603  1021 29289 D ITouchService: itouch getCurrentParmID tempPkg=com.example.xxx
08-16 10:12:46.603  1021 29289 D ITouchService: itouch:app com.example.dogglers is  not game app
08-16 10:12:46.603  1021 29289 D ITouchService: itouch:app com.example.dogglers is  not in StylusPenList
08-16 10:12:46.603  1021 29289 D ITouchService: itouch:styluspen_switch is disable
08-16 10:12:46.603  1021 29289 D ITouchService: itouch:currentAppTypeName =|UNKNOWN|
08-16 10:12:46.604  1636  9766 D HiTouch_PressGestureDetector: onAttached, package=com.example.dogglers, windowType=3, mIsHiTouchRestricted=false
08-16 10:12:46.604  2690  4739 I PGServer: getTopFrontApp. calling pkg: android
08-16 10:12:46.606  8174  8678 I Cloud[13.2.0.303]Sync.GetOptionsInfoFromCloneTask: appId: com.buda.crypto match om config, backup app data.
08-16 10:12:46.607  3386  7832 I HiAdKit.DC.PageSwitchEvent:  switch is off
08-16 10:12:46.607  3386  7832 I HiAdKit.DC.PaymentPageSwitchEvent:  switch is off
08-16 10:12:46.607  3386  7832 I HiAdKit.DC.LiteAppPageSwitchEvent:  switch is off
08-16 10:12:46.607  2661 30856 E DollieActivityManagerAdapter: HwActivityNotifierEx null uid
08-16 10:12:46.607  8174  8678 I Cloud[13.2.0.303]Sync.GetOptionsInfoFromCloneTask: getThirdAppOptionsInfo{"appId":"com.buda.crypto","appName":"Buda.com","appType":0,"backupData":true,"backupSwitch":false,"codeBytes":0,"data1":"","data2":"","data3":"","data4":"21505","data5":"","data6":"","dataBytes":0,"increase1":0,"increase2":0,"isDataEnable":0,"isDisable":false,"itemTotal":0,"operateTime":0,"operateType":0,"parent":"thirdApp","showType":0,"switchCount":0,"uid":0,"appApkSize":0,"appDataSize":0,"appSwitch":false,"isOmConfigAble":false}
08-16 10:12:46.608  7774  7774 D LifecycleMonitor: Lifecycle status change: androidx.test.core.app.InstrumentationActivityInvoker$BootstrapActivity@83f9413 in: RESUMED
08-16 10:12:46.608  7774  7774 V ActivityScenario: Activity lifecycle changed event received but ignored because the intent does not match. startActivityIntent=Intent { act=android.intent.action.MAIN cat=[android.intent.category.LAUNCHER] cmp=com.example.dogglers/.HorizontalListActivity }, activity.getIntent()=Intent { act=android.intent.action.MAIN cat=[android.intent.category.LAUNCHER] flg=0x10008000 cmp=com.example.dogglers/androidx.test.core.app.InstrumentationActivityInvoker$BootstrapActivity (has extras) }, activity=androidx.test.core.app.InstrumentationActivityInvoker$BootstrapActivity@83f9413
08-16 10:12:46.613  7774  7774 D LifecycleMonitor: Lifecycle status change: androidx.test.core.app.InstrumentationActivityInvoker$BootstrapActivity@83f9413 in: PAUSED
08-16 10:12:46.613  7774  7774 V ActivityScenario: Activity lifecycle changed event received but ignored because the intent does not match. startActivityIntent=Intent { act=android.intent.action.MAIN cat=[android.intent.category.LAUNCHER] cmp=com.example.dogglers/.HorizontalListActivity }, activity.getIntent()=Intent { act=android.intent.action.MAIN cat=[android.intent.category.LAUNCHER] flg=0x10008000 cmp=com.example.dogglers/androidx.test.core.app.InstrumentationActivityInvoker$BootstrapActivity (has extras) }, activity=androidx.test.core.app.InstrumentationActivityInvoker$BootstrapActivity@83f9413
08-16 10:12:46.617  2661 30856 I Hicom_Monitor: mActivityNotifierEx, className = androidx.test.core.app.InstrumentationActivityInvoker$BootstrapActivity, uid = 10431
08-16 10:12:46.619  1636 15277 D InputDispatcher: Window handle WindowManager has no registered input channel
08-16 10:12:46.622  1046  1070 D AwareLog: iawared: WorkingsetProcessCommand subCmd = 352, userId=10431, pid=7774, com.example.dogglers/androidx.test.core.app.InstrumentationActivityInvoker$BootstrapActivity
08-16 10:12:46.622   664 24580 I OemNetd : setChrAppUid(10, 10431)
08-16 10:12:46.622  2661  3071 D DollieActivityManagerAdapter: [Resumed] bg:true pid:7774 uid:10431 ComponentInfo{com.example.dogglers/androidx.test.core.app.InstrumentationActivityInvoker$BootstrapActivity}
08-16 10:12:46.622  2661  3071 E DollieAdapterService: notifyActivityState pkg:com.example.dogglers/androidx.test.core.app.InstrumentationActivityInvoker$BootstrapActivity state:2 fg:true mUid:10431
08-16 10:12:46.622  1046  1070 D AwareLog: iawared: WorkingsetStop com.example.dogglers/androidx.test.core.app.InstrumentationActivityInvoker$BootstrapActivity
08-16 10:12:46.622  8174  8678 I Cloud[13.2.0.303]Base.FileHelper: getICSStoragePath locationSdcard = null ,locationPcard = /storage/emulated/0 ,uDiskStoragePath = null, appClonePath = null
08-16 10:12:46.622  6225  9809 I CAWARENESS_AppUsageManager: onEvent, packageName=com.example.dogglers, activityName=androidx.test.core.app.InstrumentationActivityInvoker$BootstrapActivity
08-16 10:12:46.622  8174  8678 I Cloud[13.2.0.303]Sync.CloudBackupAppDataUtil: begin init appDataUtil appId = com.google.ar.core
08-16 10:12:46.622  6225  9809 I CAWARENESS_AppUsageManager: fuse currently and delay publish
08-16 10:12:46.622  7774  7774 W ActivityThread: handleWindowVisibility: no activity for token android.os.BinderProxy@9fccd4e
08-16 10:12:46.624  3386  7833 I HiAdKit.DC.PageSwitchEvent:  switch is off
08-16 10:12:46.624  1046  1070 D AwareLog: iawared: WorkingsetProcessCommand subCmd = 350, userId=10431, pid=7774, com.example.dogglers/.HorizontalListActivity
08-16 10:12:46.624  3386  7833 I HiAdKit.DC.PaymentPageSwitchEvent:  switch is off
08-16 10:12:46.624  1046  1070 D AwareLog: iawared: WorkingsetSendPrereadMsg com.example.dogglers/.HorizontalListActivity
08-16 10:12:46.624  1046  1070 D AwareLog: iawared: WorkingsetStart com.example.dogglers/.HorizontalListActivity in monitor0
08-16 10:12:46.626  3386  7833 I HiAdKit.DC.LiteAppPageSwitchEvent:  switch is off
08-16 10:12:46.628  2730  2730 D DecorView: showOrHideHighlightView: hasFocus=false; winMode=1; isMrgNull=true
08-16 10:12:46.628  8174  8678 I Cloud[13.2.0.303]Sync.CloudBackupAppDataUtil: initAppFileInfo
08-16 10:12:46.628  7774  7774 D LifecycleMonitor: Lifecycle status change: com.example.dogglers.HorizontalListActivity@ddc705a in: PRE_ON_CREATE
08-16 10:12:46.629  7774  7774 V ActivityScenario: Activity lifecycle changed event received but ignored because the reported transition was not ON_CREATE while the last known transition was PRE_ON_CREATE
08-16 10:12:46.630   753  1510 D AudioPolicyService: getUidState(10431) cacheIter->second.first, return cacheIter->second.second(5)
08-16 10:12:46.630  2661  3071 I ConnCureStateMonitor: handleMessage: msg[2]
08-16 10:12:46.630  1046  1070 D AwareLog: iawared: fg_hl_ctl update fgUid=10431 g_isGame=0
08-16 10:12:46.630  2661  3071 I HwPacketFilterBypass: handleActivityUidStateChanged uid:10431 -1 foreground:1
08-16 10:12:46.630   664 24580 I OemNetd : setNetBoosterAppUid(10431, 2000)
08-16 10:12:46.630  2661  3071 I OllieMsgCenter: publishEvt=2135097351
08-16 10:12:46.630  8174  8678 I Cloud[13.2.0.303]Sync.CloudBackupAppDataUtil: match appInfo by emui
08-16 10:12:46.631  2661  3071 I OllieMsgCenter: publishEvt=2130771969
08-16 10:12:46.631  2661  3071 I OllieMsgCenter: publishEvt=2130771985
08-16 10:12:46.632  1636 17378 D HwConnectivityManagerImpl: startappqoednscollection action =0timer =1000
08-16 10:12:46.632  2661  3071 I SpeedTestNotifier: Speed test app is back Activity
08-16 10:12:46.633  8174  8678 I Cloud[13.2.0.303]Sync.CloudBackupAppDataUtil: initDefaultFileInfoList
08-16 10:12:46.634  2661  3071 I OllieMsgCenter: publishEvt=2134966274
08-16 10:12:46.634  2661  3071 I OllieMsgCenter: publishEvt=2135097350
08-16 10:12:46.634  2580 23377 I OPCollectLog: AppChangeImpl:call onAppChange.
08-16 10:12:46.634  2580  6962 I OPCollectLog: HwForegroundAppAction:handleMessage
08-16 10:12:46.634  2580  6962 D OPCollectLog: HwForegroundAppAction:FG executeWithArgs
08-16 10:12:46.634  2580  6962 I OPCollectLog: OPCollectUtils:ODMF Api Version:2.16.3
08-16 10:12:46.634  2580  6962 I OPCollectLog: Action:HwForegroundAppAction executed successfully
08-16 10:12:46.634  2580  6962 D OPCollectLog: OdmfCollectScheduler:handleMessage msg: 4
08-16 10:12:46.634  2580  6962 I OPCollectLog: OdmfHelper:opcollectCache 1
08-16 10:12:46.634  2580  6962 I OPCollectLog: OdmfHelper:opcollectCache curTime: 574940729, interval: 580
08-16 10:12:46.634  8174  8678 I Cloud[13.2.0.303]Sync.CloudBackupAppDataUtil: end init appDataUtil
08-16 10:12:46.635  8174  8678 I Cloud[13.2.0.303]Sync.CloudBackupAppDataUtil: appId: com.google.ar.core, isAppDataAble: false
08-16 10:12:46.635  1636  2813 D InputDispatcher: Window handle WindowManager has no registered input channel
08-16 10:12:46.635  7774  7774 I DecorView[]: pkgName:com.example.dogglers old windowMode:0 new windoMode:1, isFixedSize:false
08-16 10:12:46.636  2580  6962 I OPCollectLog: OdmfHelper:isCharging: true
08-16 10:12:46.636  3386  7816 I HiAdKit.DC.PageSwitchEvent:  switch is off
08-16 10:12:46.636  3386  7816 I HiAdKit.DC.PaymentPageSwitchEvent:  switch is off
08-16 10:12:46.636  3386  7816 I HiAdKit.DC.LiteAppPageSwitchEvent:  switch is off
08-16 10:12:46.637  2580  6962 I OPCollectLog: OdmfHelper:insert database success
08-16 10:12:46.637  2580  6962 I OPCollectLog: OdmfHelper:opcollectCache size: 1
08-16 10:12:46.637  2580  6962 I OPCollectLog: OdmfHelper:opcollectCache lastTime: 574940732
08-16 10:12:46.640  8174  8678 I Cloud[13.2.0.303]Sync.GetOptionsInfoFromCloneTask: appId: com.google.ar.core match om config, backup app data.
08-16 10:12:46.640  2661  3071 D DsduChr : uid=10431, isTrafficFree=false, isUsingFreeTraffic=false
08-16 10:12:46.640  2661  3071 D DollieActivityManagerAdapter: [Paused] pid:7774 uid:10431 ComponentInfo{com.example.dogglers/androidx.test.core.app.InstrumentationActivityInvoker$BootstrapActivity} uidState:2
08-16 10:12:46.642  8174  8678 I Cloud[13.2.0.303]Sync.GetOptionsInfoFromCloneTask: getThirdAppOptionsInfo{"appId":"com.google.ar.core","appName":"Google Play Services for AR","appType":0,"backupData":true,"backupSwitch":false,"codeBytes":0,"data1":"","data2":"","data3":"","data4":"231530423","data5":"","data6":"","dataBytes":0,"increase1":0,"increase2":0,"isDataEnable":0,"isDisable":false,"itemTotal":0,"operateTime":0,"operateType":0,"parent":"thirdApp","showType":0,"switchCount":0,"uid":0,"appApkSize":0,"appDataSize":0,"appSwitch":false,"isOmConfigAble":false}
08-16 10:12:46.647  2661  3071 I HwPacketFilterBypass: kernelAddTrackUid uid:10431 allowed:true
08-16 10:12:46.647  2661  3071 E HwPacketFilterBypass: sendRequestToKernel ADD_UID [10431]
08-16 10:12:46.648  2208  2208 D ImageWallpaper: wallpaper visibility changes to: false
08-16 10:12:46.649  2208  2208 D BarTransitions.HwPhoneStatusBarView: MODE_TRANSPARENT -> MODE_OPAQUE animate=false
08-16 10:12:46.649  2208  2208 D BarTransitions.HwPhoneStatusBarView: applyModeBackground oldMode=MODE_TRANSPARENT newMode=MODE_OPAQUE animate=false
08-16 10:12:46.650  2208  2208 D BarTransitions.HwNavigationBarView: MODE_TRANSPARENT -> MODE_OPAQUE animate=false
08-16 10:12:46.650  2208  2208 D BarTransitions.HwNavigationBarView: applyModeBackground oldMode=MODE_TRANSPARENT newMode=MODE_OPAQUE animate=false
08-16 10:12:46.650  7774  7774 D LifecycleMonitor: Lifecycle status change: com.example.dogglers.HorizontalListActivity@ddc705a in: CREATED
08-16 10:12:46.651  7774  7774 V ActivityScenario: Update currentActivityStage to CREATED, currentActivity=com.example.dogglers.HorizontalListActivity@ddc705a
08-16 10:12:46.652  7774  7774 D LifecycleMonitor: Lifecycle status change: com.example.dogglers.HorizontalListActivity@ddc705a in: STARTED
08-16 10:12:46.652  7774  7774 V ActivityScenario: Update currentActivityStage to STARTED, currentActivity=com.example.dogglers.HorizontalListActivity@ddc705a
08-16 10:12:46.653  7774  7774 D LifecycleMonitor: Lifecycle status change: com.example.dogglers.HorizontalListActivity@ddc705a in: RESUMED
08-16 10:12:46.653  7774  7774 V ActivityScenario: Update currentActivityStage to RESUMED, currentActivity=com.example.dogglers.HorizontalListActivity@ddc705a
08-16 10:12:46.653 26909 26909 I HiBoard_22.0.8.300_Workspace: onWindowVisibilityChanged：8 isOverlayClosed:true
08-16 10:12:46.653  1636 17378 D InputDispatcher: Window handle WindowManager has no registered input channel
08-16 10:12:46.654  7774  7774 D MouseWheelSynthesizer: mMoveStepInDp: 64, mMoveStepInPixel: 192, mUpTimeDelayed: 100
08-16 10:12:46.655  7774  7774 D ViewRootImpl: ViewRootImpl mIsInProductivePCDisplay: false
08-16 10:12:46.655  1636 15277 I HwPCUtils#HwRioViewManager: check if rio enable, displayId = 0， packageName = com.example.dogglers
08-16 10:12:46.655   757   992 W BufferQueueProducer: [com.huawei.android.launcher/com.huawei.android.launcher.unihome.UniHomeLauncher#0]:1390: disconnect: not connected (req=1)
08-16 10:12:46.655  2730  3112 W libEGL  : EGLNativeWindowType 0x766bce6450 disconnect failed
08-16 10:12:46.658  8174  8678 I Cloud[13.2.0.303]Base.FileHelper: getICSStoragePath locationSdcard = null ,locationPcard = /storage/emulated/0 ,uDiskStoragePath = null, appClonePath = null
08-16 10:12:46.658  8174  8678 I Cloud[13.2.0.303]Sync.CloudBackupAppDataUtil: begin init appDataUtil appId = com.android.vending
08-16 10:12:46.659   757  1629 W BufferQueueProducer: [com.huawei.intelligent.Workspace#0]:1390: disconnect: not connected (req=1)
08-16 10:12:46.659 26909 27098 W libEGL  : EGLNativeWindowType 0x7637d99f90 disconnect failed
08-16 10:12:46.660  7774  7774 D InputEventReceiver: dispatchInputInterval 1000000
08-16 10:12:46.664  8174  8678 I Cloud[13.2.0.303]Sync.CloudBackupAppDataUtil: initAppFileInfo
08-16 10:12:46.665  8174  8678 I Cloud[13.2.0.303]Sync.CloudBackupAppDataUtil: match appInfo by emui
08-16 10:12:46.665  2661 30856 I Hicom_Monitor: mActivityNotifierEx, className = com.example.dogglers.HorizontalListActivity, uid = 10431
08-16 10:12:46.666  2661  3071 D DollieActivityManagerAdapter: [Resumed] bg:false pid:7774 uid:10431 ComponentInfo{com.example.dogglers/com.example.dogglers.HorizontalListActivity}
08-16 10:12:46.666  2661  3071 E DollieAdapterService: notifyActivityState pkg:com.example.dogglers/com.example.dogglers.HorizontalListActivity state:2 fg:true mUid:10431
08-16 10:12:46.666  6225  9809 I CAWARENESS_AppUsageManager: onEvent, packageName=com.example.dogglers, activityName=com.example.dogglers.HorizontalListActivity
08-16 10:12:46.666  6225  9809 I CAWARENESS_AppUsageManager: fuse currently and delay publish
08-16 10:12:46.666  2661  3071 I OllieMsgCenter: publishEvt=2130771985
08-16 10:12:46.667  8174  8678 I Cloud[13.2.0.303]Sync.CloudBackupAppDataUtil: initDefaultFileInfoList
08-16 10:12:46.667  3386  7832 I HiAdKit.DC.PageSwitchEvent:  switch is off
08-16 10:12:46.667  3386  7832 I HiAdKit.DC.PaymentPageSwitchEvent:  switch is off
08-16 10:12:46.667  3386  7832 I HiAdKit.DC.LiteAppPageSwitchEvent:  switch is off
08-16 10:12:46.667  8174  8678 I Cloud[13.2.0.303]Sync.CloudBackupAppDataUtil: end init appDataUtil
08-16 10:12:46.667  8174  8678 I Cloud[13.2.0.303]Sync.CloudBackupAppDataUtil: appId: com.android.vending, isAppDataAble: false
08-16 10:12:46.670  1636 17378 D InputDispatcher: Window handle WindowManager has no registered input channel
08-16 10:12:46.671  8174  8678 I Cloud[13.2.0.303]Sync.GetOptionsInfoFromCloneTask: appId: com.android.vending match om config, backup app data.
08-16 10:12:46.672  2580 23377 I OPCollectLog: AppChangeImpl:call onAppChange.
08-16 10:12:46.673  8174  8678 I Cloud[13.2.0.303]Sync.GetOptionsInfoFromCloneTask: getThirdAppOptionsInfo{"appId":"com.android.vending","appName":"Google Play Store","appType":0,"backupData":true,"backupSwitch":false,"codeBytes":0,"data1":"","data2":"","data3":"","data4":"83691620","data5":"","data6":"","dataBytes":0,"increase1":0,"increase2":0,"isDataEnable":0,"isDisable":false,"itemTotal":0,"operateTime":0,"operateType":0,"parent":"thirdApp","showType":0,"switchCount":0,"uid":0,"appApkSize":0,"appDataSize":0,"appSwitch":false,"isOmConfigAble":false}
08-16 10:12:46.674  7774  9771 D HiTouch_PressGestureDetector: onAttached, package=com.example.dogglers, windowType=1, mIsHiTouchRestricted=false
08-16 10:12:46.677  2580  6962 I OPCollectLog: HwForegroundAppAction:handleMessage
08-16 10:12:46.677  2580  6962 D OPCollectLog: HwForegroundAppAction:FG executeWithArgs
08-16 10:12:46.677  2580  6962 I OPCollectLog: OPCollectUtils:ODMF Api Version:2.16.3
08-16 10:12:46.678  2580  6962 I OPCollectLog: Action:HwForegroundAppAction executed successfully
08-16 10:12:46.678  2580  6962 D OPCollectLog: OdmfCollectScheduler:handleMessage msg: 4
08-16 10:12:46.678  2580  6962 I OPCollectLog: OdmfHelper:opcollectCache 1
08-16 10:12:46.678  2580  6962 I OPCollectLog: OdmfHelper:opcollectCache curTime: 574940773, interval: 41
08-16 10:12:46.678  2580  6962 I OPCollectLog: OdmfHelper:isCharging: true
08-16 10:12:46.680  8174  8678 I Cloud[13.2.0.303]Base.FileHelper: getICSStoragePath locationSdcard = null ,locationPcard = /storage/emulated/0 ,uDiskStoragePath = null, appClonePath = null
08-16 10:12:46.680  8174  8678 I Cloud[13.2.0.303]Sync.CloudBackupAppDataUtil: begin init appDataUtil appId = com.rexyazilim.batteryextendergo
08-16 10:12:46.681  1636  1660 D HwPhoneWindowManager: Transact:setSystemUIColor to status bar service
08-16 10:12:46.682  1636  1963 D ZrHung.AppEyeFocusWindow: FocusWindowErrorScene cancelCheckFreezeScreen
08-16 10:12:46.682  1636  1963 D ZrHung.AppEyeTransparentWindow: TransparentWindow mHungConfigStatus = 0,mHungConfigEnable = 1
08-16 10:12:46.683  7774  7850 D mali_winsys: EGLint new_window_surface(egl_winsys_display *, void *, EGLSurface, EGLConfig, egl_winsys_surface **, EGLBoolean) returns 0x3000
08-16 10:12:46.685  1636  2920 D InputDispatcher: Window handle WindowManager has no registered input channel
08-16 10:12:46.690  2580  6962 I OPCollectLog: OdmfHelper:insert database success
08-16 10:12:46.690  2580  6962 I OPCollectLog: OdmfHelper:opcollectCache size: 1
08-16 10:12:46.690  2580  6962 I OPCollectLog: OdmfHelper:opcollectCache lastTime: 574940785
08-16 10:12:46.690  8174  8678 I Cloud[13.2.0.303]Sync.CloudBackupAppDataUtil: initAppFileInfo
08-16 10:12:46.691  2690  3310 I ScenarioService: refresh visibleApp:[com.example.dogglers]
08-16 10:12:46.691  8174  8678 I Cloud[13.2.0.303]Sync.CloudBackupAppDataUtil: match appInfo by emui
08-16 10:12:46.691  2690  3310 I PGServer: report state:14 event type:1 pid:-1 uid:-1 pkg:com.example.dogglers to pid: 2690
08-16 10:12:46.691  2690  3310 I ApsAppsTypeHandler: APS: APK: ApsAppsTypeHandler.getInstance, sInstance = com.huawei.android.hwaps.o@92bda0
08-16 10:12:46.691  2690  3310 I PF_API_JNI: ACCKIT_APS_NotifyInfo 3: com.example.dogglers
08-16 10:12:46.692  2661  3071 I HwPacketFilterBypass: kernelAddTrackUid uid:10431 allowed:true
08-16 10:12:46.692  2690  3438 I PG_ash  : com.huawei.android.launcher become invisible
08-16 10:12:46.692   754  2646 D ACCKIT_ : pack:"com.example.dogglers"
08-16 10:12:46.693  8174  8678 I Cloud[13.2.0.303]Sync.CloudBackupAppDataUtil: initDefaultFileInfoList
08-16 10:12:46.693  8174  8678 I Cloud[13.2.0.303]Sync.CloudBackupAppDataUtil: end init appDataUtil
08-16 10:12:46.694  8174  8678 I Cloud[13.2.0.303]Sync.CloudBackupAppDataUtil: appId: com.rexyazilim.batteryextendergo, isAppDataAble: false
08-16 10:12:46.697  7774  7774 D DecorView: showOrHideHighlightView: hasFocus=true; winMode=1; isMrgNull=true
08-16 10:12:46.698  7774  7774 W InputMethodManager: startInputReason = 1
08-16 10:12:46.698  7774  7774 W HwRemoteInputMethodManager: isCasting false because IHwDistributedWindowManager is invalid.
08-16 10:12:46.698  8174  8678 I Cloud[13.2.0.303]Sync.GetOptionsInfoFromCloneTask: appId: com.rexyazilim.batteryextendergo match om config, backup app data.
08-16 10:12:46.699  1636  1677 I ActivityTaskManager: Displayed com.example.dogglers/.HorizontalListActivity: +137ms
08-16 10:12:46.702  1636  2920 D InputDispatcher: Window handle WindowManager has no registered input channel
08-16 10:12:46.704  2315  2315 E FullInputEventModel: onStartInput event aborted: fk.c0: could not obtain extracted text (class fk.c0)
08-16 10:12:46.706  8174  8678 I Cloud[13.2.0.303]Sync.GetOptionsInfoFromCloneTask: getThirdAppOptionsInfo{"appId":"com.rexyazilim.batteryextendergo","appName":"Battery Extender GO","appType":0,"backupData":true,"backupSwitch":false,"codeBytes":0,"data1":"","data2":"","data3":"","data4":"30","data5":"","data6":"","dataBytes":0,"increase1":0,"increase2":0,"isDataEnable":0,"isDisable":false,"itemTotal":0,"operateTime":0,"operateType":0,"parent":"thirdApp","showType":0,"switchCount":0,"uid":0,"appApkSize":0,"appDataSize":0,"appSwitch":false,"isOmConfigAble":false}
08-16 10:12:46.707  2730  2730 D RtgSchedIpcFile: setCommandByIoctl failed ret:-1, cmdid:22, errno:103
08-16 10:12:46.707  2730  2730 W HwLauncher: StateManager Launcher in state:NormalState{9d6631 ordinal = 0,mContainerType = 1,mIsOverviewUi = false}, mConfig.mCurrentAnimationSet == null
08-16 10:12:46.707  2730  2730 I HwLauncher: Launcher Icon:53 Widget:2 Folder:6 Icon in folder:103, in drawer:0
08-16 10:12:46.707  7774  7774 D LifecycleMonitor: Lifecycle status change: androidx.test.core.app.InstrumentationActivityInvoker$BootstrapActivity@83f9413 in: STOPPED
08-16 10:12:46.708  2730  2730 D RtgSchedIpcFile: setCommandByIoctl failed ret:-1, cmdid:23, errno:103
08-16 10:12:46.708  2730  3022 E AbilityFormViewRefreshUtils: stopListening [0ms]
08-16 10:12:46.708  7774  7774 V ActivityScenario: Activity lifecycle changed event received but ignored because the intent does not match. startActivityIntent=Intent { act=android.intent.action.MAIN cat=[android.intent.category.LAUNCHER] cmp=com.example.dogglers/.HorizontalListActivity }, activity.getIntent()=Intent { act=android.intent.action.MAIN cat=[android.intent.category.LAUNCHER] flg=0x10008000 cmp=com.example.dogglers/androidx.test.core.app.InstrumentationActivityInvoker$BootstrapActivity (has extras) }, activity=androidx.test.core.app.InstrumentationActivityInvoker$BootstrapActivity@83f9413
08-16 10:12:46.712  1636  7153 W AwareLog: AwareMem_Reclaim: generateCompressList procsGroups error!
08-16 10:12:46.714   753  1510 D AudioPolicyService: getUidState(10175) cacheIter->second.first, return cacheIter->second.second(4)
08-16 10:12:46.714   753  1510 D AudioPolicyService: getUidState(10173) cacheIter->second.first, return cacheIter->second.second(4)
08-16 10:12:46.714   753  1510 D AudioPolicyService: getUidState(10065) cacheIter->second.first, return cacheIter->second.second(2)
08-16 10:12:46.714   753  1510 D AudioPolicyService: getUidState(10063) cacheIter->second.first, return cacheIter->second.second(5)
08-16 10:12:46.714  2661  3071 D DollieActivityManagerAdapter: [UidStateChanged]  uid:10065 uidState:6
08-16 10:12:46.714  2661  3071 E DollieAdapterService: notifyActivityState pkg:com.huawei.android.launcher/com.huawei.android.launcher.unihome.UniHomeLauncher state:6 fg:false mUid:10065
08-16 10:12:46.714  2661  3071 I OllieMsgCenter: publishEvt=2130771969
08-16 10:12:46.715  2661  3071 I OllieMsgCenter: publishEvt=2134966274
08-16 10:12:46.716  1046  1070 D         : HibSTrategy::HibStrategySwapCandidateProcessAdd packageName com.android.gallery3d
08-16 10:12:46.718  1636 17378 D InputDispatcher: Window handle WindowManager has no registered input channel
08-16 10:12:46.719  7774  7774 I ViewInteraction: Performing 'fast swipe' action on view view.getId() is <2131230945/com.example.dogglers:id/horizontal_recycler_view>
08-16 10:12:46.719  8174  8678 I Cloud[13.2.0.303]Base.FileHelper: getICSStoragePath locationSdcard = null ,locationPcard = /storage/emulated/0 ,uDiskStoragePath = null, appClonePath = null
08-16 10:12:46.720  8174  8678 I Cloud[13.2.0.303]Sync.CloudBackupAppDataUtil: begin init appDataUtil appId = com.microsoft.skydrive
08-16 10:12:46.720  1636  2034 V InputDispatcher: Asynchronous input event injection succeeded.
08-16 10:12:46.721  1636  2034 I InputDispatcher: stylus touch down, set lcd event 1
08-16 10:12:46.721  7774  7774 W Settings: Setting device_provisioned has moved from android.provider.Settings.Secure to android.provider.Settings.Global.
08-16 10:12:46.721  7774  7774 V HiTouch_HiTouchSensor: User setup is finished.
08-16 10:12:46.722  1636  2034 I InputDispatcher: stylus touch down, set lcd event 1
08-16 10:12:46.722  1636  2034 I InputDispatcher: stylus touch down, set lcd event 1
08-16 10:12:46.723  1636  1660 I NavigationBarPolicy: pointY:1290.5realSize.y:2340HIT_REGION_TO_MAX:36
08-16 10:12:46.724  2730  3203 I HwLauncher: LocalTaskList loadTasksInBackground:3 numTasks:3 currentUserId:0
08-16 10:12:46.726  1636  2012 W AwareLog: SchedLevelBoost: onFgActivitiesChanged config not set!
08-16 10:12:46.731  8174  8678 I Cloud[13.2.0.303]Sync.CloudBackupAppDataUtil: initAppFileInfo
08-16 10:12:46.732  8174  8678 I Cloud[13.2.0.303]Sync.CloudBackupAppDataUtil: match appInfo by emui
08-16 10:12:46.733  8174  8678 I Cloud[13.2.0.303]Sync.CloudBackupAppDataUtil: initDefaultFileInfoList
08-16 10:12:46.733  8174  8678 I Cloud[13.2.0.303]Sync.CloudBackupAppDataUtil: end init appDataUtil
08-16 10:12:46.733  8174  8678 I Cloud[13.2.0.303]Sync.CloudBackupAppDataUtil: appId: com.microsoft.skydrive, isAppDataAble: false
08-16 10:12:46.736  1636  2034 V InputDispatcher: Asynchronous input event injection succeeded.
08-16 10:12:46.737  1636 17378 D InputDispatcher: Window handle WindowManager has no registered input channel
08-16 10:12:46.738  8174  8678 I Cloud[13.2.0.303]Sync.GetOptionsInfoFromCloneTask: appId: com.microsoft.skydrive match om config, backup app data.
08-16 10:12:46.739  8174  8678 I Cloud[13.2.0.303]Sync.GetOptionsInfoFromCloneTask: getThirdAppOptionsInfo{"appId":"com.microsoft.skydrive","appName":"OneDrive","appType":0,"backupData":true,"backupSwitch":false,"codeBytes":0,"data1":"","data2":"","data3":"","data4":"2026850302","data5":"","data6":"","dataBytes":0,"increase1":0,"increase2":0,"isDataEnable":0,"isDisable":false,"itemTotal":0,"operateTime":0,"operateType":0,"parent":"thirdApp","showType":0,"switchCount":0,"uid":0,"appApkSize":0,"appDataSize":0,"appSwitch":false,"isOmConfigAble":false}
08-16 10:12:46.739   753   753 D AudioPolicyService: getUidState(10107) cacheIter->second.first, return cacheIter->second.second(6)
08-16 10:12:46.741  8102  8273 W Bugle   : TextClassifierLibManagerImpl: Reclaiming memory at level: 80
08-16 10:12:46.743  8696  8772 D ZrHung.AppEyeUiProbe: stop UiProbe
08-16 10:12:46.743  8696  8772 D ZrHung.AppEyeUiProbe: not watching, wait.
08-16 10:12:46.743  8174  8678 I Cloud[13.2.0.303]Base.FileHelper: getICSStoragePath locationSdcard = null ,locationPcard = /storage/emulated/0 ,uDiskStoragePath = null, appClonePath = null
08-16 10:12:46.743  8174  8678 I Cloud[13.2.0.303]Sync.CloudBackupAppDataUtil: begin init appDataUtil appId = com.example.tiptime.test
08-16 10:12:46.747  8174  8678 I Cloud[13.2.0.303]Sync.CloudBackupAppDataUtil: initAppFileInfo
08-16 10:12:46.747  8174  8678 I Cloud[13.2.0.303]Sync.CloudBackupAppDataUtil: match appInfo by emui
08-16 10:12:46.748  8174  8678 I Cloud[13.2.0.303]Sync.CloudBackupAppDataUtil: initDefaultFileInfoList
08-16 10:12:46.749  8174  8678 I Cloud[13.2.0.303]Sync.CloudBackupAppDataUtil: end init appDataUtil
08-16 10:12:46.749  8174  8678 I Cloud[13.2.0.303]Sync.CloudBackupAppDataUtil: appId: com.example.tiptime.test, isAppDataAble: false
08-16 10:12:46.750  1636  2034 V InputDispatcher: Asynchronous input event injection succeeded.
08-16 10:12:46.751  1636  1963 D InputDispatcher: Window handle WindowManager has no registered input channel
08-16 10:12:46.751  7774  7774 W HiTouch_PressGestureDetector: Touch pointer move a lot. The moving distance of X is:143.54785, limit is:60The moving distance of Y is:0.0, limit is:60
08-16 10:12:46.751  8174  8678 I Cloud[13.2.0.303]Sync.GetOptionsInfoFromCloneTask: appId: com.example.tiptime.test match om config, backup app data.
08-16 10:12:46.753  8174  8678 I Cloud[13.2.0.303]Sync.GetOptionsInfoFromCloneTask: getThirdAppOptionsInfo{"appId":"com.example.tiptime.test","appName":"com.example.tiptime.test","appType":0,"backupData":true,"backupSwitch":false,"codeBytes":0,"data1":"","data2":"","data3":"","data4":"0","data5":"","data6":"","dataBytes":0,"increase1":0,"increase2":0,"isDataEnable":0,"isDisable":false,"itemTotal":0,"operateTime":0,"operateType":0,"parent":"thirdApp","showType":0,"switchCount":0,"uid":0,"appApkSize":0,"appDataSize":0,"appSwitch":false,"isOmConfigAble":false}
08-16 10:12:46.754  2690 22776 I PGServer: getTopFrontApp. calling pkg: android
08-16 10:12:46.765  8174  8678 I Cloud[13.2.0.303]Base.FileHelper: getICSStoragePath locationSdcard = null ,locationPcard = /storage/emulated/0 ,uDiskStoragePath = null, appClonePath = null
08-16 10:12:46.765  8174  8678 I Cloud[13.2.0.303]Sync.CloudBackupAppDataUtil: begin init appDataUtil appId = com.mcdo.mcdonalds
08-16 10:12:46.766  1636  2034 V InputDispatcher: Asynchronous input event injection succeeded.
08-16 10:12:46.769  8174  8678 I Cloud[13.2.0.303]Sync.CloudBackupAppDataUtil: initAppFileInfo
08-16 10:12:46.769  1636 15277 D InputDispatcher: Window handle WindowManager has no registered input channel
08-16 10:12:46.770  8174  8678 I Cloud[13.2.0.303]Sync.CloudBackupAppDataUtil: match appInfo by emui
08-16 10:12:46.771  8174  8678 I Cloud[13.2.0.303]Sync.CloudBackupAppDataUtil: initDefaultFileInfoList
08-16 10:12:46.771  8174  8678 I Cloud[13.2.0.303]Sync.CloudBackupAppDataUtil: end init appDataUtil
08-16 10:12:46.771  8174  8678 I Cloud[13.2.0.303]Sync.CloudBackupAppDataUtil: appId: com.mcdo.mcdonalds, isAppDataAble: false
08-16 10:12:46.774  8174  8678 I Cloud[13.2.0.303]Sync.GetOptionsInfoFromCloneTask: appId: com.mcdo.mcdonalds match om config, backup app data.
08-16 10:12:46.775 16029  9460 I Finsky  : [42955] qdq.q(41): Completed 0 account content syncs with 0 successful.
08-16 10:12:46.776  8174  8678 I Cloud[13.2.0.303]Sync.GetOptionsInfoFromCloneTask: getThirdAppOptionsInfo{"appId":"com.mcdo.mcdonalds","appName":"McDonald\u0027s","appType":0,"backupData":true,"backupSwitch":false,"codeBytes":0,"data1":"","data2":"","data3":"","data4":"41564","data5":"","data6":"","dataBytes":0,"increase1":0,"increase2":0,"isDataEnable":0,"isDisable":false,"itemTotal":0,"operateTime":0,"operateType":0,"parent":"thirdApp","showType":0,"switchCount":0,"uid":0,"appApkSize":0,"appDataSize":0,"appSwitch":false,"isOmConfigAble":false}
08-16 10:12:46.776 16029 16029 I Finsky  : [1] ContentSyncJob.a(14): [ContentSync] Installation state replication succeeded.
08-16 10:12:46.779 16029 16029 I Finsky  : [1] zlf.r(83): SCH: jobFinished: 12-1. TimeElapsed: 4079ms.
08-16 10:12:46.780  1636  2034 V InputDispatcher: Asynchronous input event injection succeeded.
08-16 10:12:46.783  1040  3884 E Thermal-daemon:ambient: UpdateAmbientInformation: is first history!!
08-16 10:12:46.784  1636  1963 D InputDispatcher: Window handle WindowManager has no registered input channel
08-16 10:12:46.790  8174  8678 I Cloud[13.2.0.303]Base.FileHelper: getICSStoragePath locationSdcard = null ,locationPcard = /storage/emulated/0 ,uDiskStoragePath = null, appClonePath = null
08-16 10:12:46.790  8174  8678 I Cloud[13.2.0.303]Sync.CloudBackupAppDataUtil: begin init appDataUtil appId = com.reddit.frontpage
08-16 10:12:46.794  8174  8678 I Cloud[13.2.0.303]Sync.CloudBackupAppDataUtil: initAppFileInfo
08-16 10:12:46.794  8174  8678 I Cloud[13.2.0.303]Sync.CloudBackupAppDataUtil: match appInfo by emui
08-16 10:12:46.795  1636  2034 V InputDispatcher: Asynchronous input event injection succeeded.
08-16 10:12:46.795  8174  8678 I Cloud[13.2.0.303]Sync.CloudBackupAppDataUtil: initDefaultFileInfoList
08-16 10:12:46.796  8174  8678 I Cloud[13.2.0.303]Sync.CloudBackupAppDataUtil: end init appDataUtil
08-16 10:12:46.796  8174  8678 I Cloud[13.2.0.303]Sync.CloudBackupAppDataUtil: appId: com.reddit.frontpage, isAppDataAble: false
08-16 10:12:46.796  1636  2012 W Process : Unable to open /proc/-1/status
08-16 10:12:46.796  2730  2730 I RmeSchedManager: init Rme, version is: v1.0
08-16 10:12:46.798  1046  5076 D AwareLog: HiberManagerService::DoReclaim ok, pid=8083, reclaimMode=hiber_anon
08-16 10:12:46.798  8174  8678 I Cloud[13.2.0.303]Sync.GetOptionsInfoFromCloneTask: appId: com.reddit.frontpage match om config, backup app data.
08-16 10:12:46.798  1046  5076 D AwareLog: GetReclaimResult:reclaimKb=852, swapKb=852, swapUs=4399
08-16 10:12:46.798  1046  5076 D         : HibStrategy::HibStrategySwapCandidateProcessRemove packageName is com.android.gallery3d
08-16 10:12:46.798  1046  5076 D AwareLog: HiberManagerService::SendMessageToHiberTask successful
08-16 10:12:46.800  8174  8678 I Cloud[13.2.0.303]Sync.GetOptionsInfoFromCloneTask: getThirdAppOptionsInfo{"appId":"com.reddit.frontpage","appName":"Reddit","appType":0,"backupData":true,"backupSwitch":false,"codeBytes":0,"data1":"","data2":"","data3":"","data4":"1091027","data5":"","data6":"","dataBytes":0,"increase1":0,"increase2":0,"isDataEnable":0,"isDisable":false,"itemTotal":0,"operateTime":0,"operateType":0,"parent":"thirdApp","showType":0,"switchCount":0,"uid":0,"appApkSize":0,"appDataSize":0,"appSwitch":false,"isOmConfigAble":false}
08-16 10:12:46.801  1636  1963 D InputDispatcher: Window handle WindowManager has no registered input channel
08-16 10:12:46.810  1636  2034 V InputDispatcher: Asynchronous input event injection succeeded.
08-16 10:12:46.814  8174  8678 I Cloud[13.2.0.303]Base.FileHelper: getICSStoragePath locationSdcard = null ,locationPcard = /storage/emulated/0 ,uDiskStoragePath = null, appClonePath = null
08-16 10:12:46.814  8174  8678 I Cloud[13.2.0.303]Sync.CloudBackupAppDataUtil: begin init appDataUtil appId = com.huawei.mycenter
08-16 10:12:46.817  8174  8678 I Cloud[13.2.0.303]Sync.CloudBackupAppDataUtil: initAppFileInfo
08-16 10:12:46.818  1636  1963 D InputDispatcher: Window handle WindowManager has no registered input channel
08-16 10:12:46.818  8174  8678 I Cloud[13.2.0.303]Sync.CloudBackupAppDataUtil: match appInfo by emui
08-16 10:12:46.819  8174  8678 I Cloud[13.2.0.303]Sync.CloudBackupAppDataUtil: initDefaultFileInfoList
08-16 10:12:46.820  8174  8678 I Cloud[13.2.0.303]Sync.CloudBackupAppDataUtil: end init appDataUtil
08-16 10:12:46.820  8174  8678 I Cloud[13.2.0.303]Sync.CloudBackupAppDataUtil: appId: com.huawei.mycenter, isAppDataAble: false
08-16 10:12:46.822  2208  2208 D BarTransitions.HwPhoneStatusBarView: MODE_OPAQUE -> MODE_TRANSPARENT animate=false
08-16 10:12:46.822  2208  2208 D BarTransitions.HwPhoneStatusBarView: applyModeBackground oldMode=MODE_OPAQUE newMode=MODE_TRANSPARENT animate=false
08-16 10:12:46.823  2208  2208 D BarTransitions.HwNavigationBarView: MODE_OPAQUE -> MODE_TRANSPARENT animate=false
08-16 10:12:46.823  2208  2208 D BarTransitions.HwNavigationBarView: applyModeBackground oldMode=MODE_OPAQUE newMode=MODE_TRANSPARENT animate=false
08-16 10:12:46.824  9407  9720 I FA      : App measurement initialized, version: 80020
08-16 10:12:46.824  9407  9720 I FA      : To enable debug logging run: adb shell setprop log.tag.FA VERBOSE
08-16 10:12:46.824  9407  9720 I FA      : To enable faster debug mode event logging run:
08-16 10:12:46.824  9407  9720 I FA      :   adb shell setprop debug.firebase.analytics.app com.reddit.frontpage
08-16 10:12:46.825  1636  2034 V InputDispatcher: Asynchronous input event injection succeeded.
08-16 10:12:46.834  1636  1963 D InputDispatcher: Window handle WindowManager has no registered input channel
08-16 10:12:46.838   664 24580 I netd    : trafficSwapActiveStatsMap() <15.78ms>
08-16 10:12:46.841  1636  2034 V InputDispatcher: Asynchronous input event injection succeeded.
08-16 10:12:46.843  8174  8678 I Cloud[13.2.0.303]Sync.GetOptionsInfoFromCloneTask: appId: com.huawei.mycenter match om config, backup app data.
08-16 10:12:46.844  8174  8678 I Cloud[13.2.0.303]Sync.GetOptionsInfoFromCloneTask: getThirdAppOptionsInfo{"appId":"com.huawei.mycenter","appName":"Member Center","appType":0,"backupData":true,"backupSwitch":false,"codeBytes":0,"data1":"","data2":"","data3":"","data4":"100201311","data5":"","data6":"","dataBytes":0,"increase1":0,"increase2":0,"isDataEnable":0,"isDisable":false,"itemTotal":0,"operateTime":0,"operateType":0,"parent":"thirdApp","showType":0,"switchCount":0,"uid":0,"appApkSize":0,"appDataSize":0,"appSwitch":false,"isOmConfigAble":false}
08-16 10:12:46.849  1636 11047 I MQoS    : MSG_QUERY_TCP_INFO called,count:3438
08-16 10:12:46.850  1636  2055 I HwWifiProServiceProxy: ctrlHwWifiNetwork pkgName: WIFIPRO_SERVICE interfaceId: 8
08-16 10:12:46.850  1636  1963 D InputDispatcher: Window handle WindowManager has no registered input channel
08-16 10:12:46.854  1636  2055 I QosMonitor: postEventFromNative: msg=100,arg1=0,arg2=10
08-16 10:12:46.855  1636  2055 I MQoS    : rtt=3040,tcpTxPkts=193861,tcpRxPkts=753764
08-16 10:12:46.855  8174  8678 I Cloud[13.2.0.303]Base.FileHelper: getICSStoragePath locationSdcard = null ,locationPcard = /storage/emulated/0 ,uDiskStoragePath = null, appClonePath = null
08-16 10:12:46.855  8174  8678 I Cloud[13.2.0.303]Sync.CloudBackupAppDataUtil: begin init appDataUtil appId = cl.bancochile.mipass
08-16 10:12:46.855  1636 11047 I TrafficMonitor: getStatic,count:0,work status:false
08-16 10:12:46.855  1636 11047 I MQoS    : QOS_level:5(5),use RAT:4G;signalLvl:5
