08-16 10:12:40.971  8057  8167 I android.youtub: Waiting for a blocking GC ProfileSaver
08-16 10:12:40.971  7774  7774 D LifecycleMonitor: Lifecycle status change: com.example.dogglers.GridListActivity@42c0444 in: DESTROYED
08-16 10:12:40.971  7774  7774 V ActivityScenario: Update currentActivityStage to DESTROYED, currentActivity=null
08-16 10:12:40.976  1636  2505 D InputDispatcher: Window handle WindowManager has no registered input channel
08-16 10:12:40.977  2580  6962 I OPCollectLog: OdmfHelper:insert database success
08-16 10:12:40.977  2580  6962 I OPCollectLog: OdmfHelper:opcollectCache size: 1
08-16 10:12:40.977  2580  6962 I OPCollectLog: OdmfHelper:opcollectCache lastTime: 574935072
08-16 10:12:40.991  9317  9340 D HwFrameworkSecurityPartsFactory: HwFrameworkSecurityPartsFactory in.
08-16 10:12:40.991  9317  9340 I HwFrameworkSecurityPartsFactory: add HwFrameworkSecurityPartsFactory to memory.
08-16 10:12:40.991  1636  2505 D InputDispatcher: Window handle WindowManager has no registered input channel
08-16 10:12:40.994  8075  8143 I id.partnersetu: WaitForGcToComplete blocked ProfileSaver on AddRemoveAppImageSpace for 55.872ms
08-16 10:12:40.995  7774  7774 D LifecycleMonitor: Lifecycle status change: androidx.test.core.app.InstrumentationActivityInvoker$BootstrapActivity@f0ff075 in: DESTROYED
08-16 10:12:40.995  7774  7774 V ActivityScenario: Activity lifecycle changed event received but ignored because the intent does not match. startActivityIntent=Intent { act=android.intent.action.MAIN cat=[android.intent.category.LAUNCHER] cmp=com.example.dogglers/.GridListActivity }, activity.getIntent()=Intent { act=android.intent.action.MAIN cat=[android.intent.category.LAUNCHER] flg=0x10008000 cmp=com.example.dogglers/androidx.test.core.app.InstrumentationActivityInvoker$BootstrapActivity (has extras) }, activity=androidx.test.core.app.InstrumentationActivityInvoker$BootstrapActivity@f0ff075
08-16 10:12:40.996  7774  7774 D LifecycleMonitor: Lifecycle status change: androidx.test.core.app.InstrumentationActivityInvoker$EmptyActivity@3fc4a3e in: PAUSED
08-16 10:12:40.996  7774  7774 V ActivityScenario: Activity lifecycle changed event received but ignored because the intent does not match. startActivityIntent=Intent { act=android.intent.action.MAIN cat=[android.intent.category.LAUNCHER] cmp=com.example.dogglers/.GridListActivity }, activity.getIntent()=Intent { act=android.intent.action.MAIN cat=[android.intent.category.LAUNCHER] flg=0x10000000 cmp=com.example.dogglers/androidx.test.core.app.InstrumentationActivityInvoker$EmptyActivity }, activity=androidx.test.core.app.InstrumentationActivityInvoker$EmptyActivity@3fc4a3e
08-16 10:12:41.001  1636  2918 D ZrHung.AppEyeFocusWindow: FocusWindowErrorScene CheckFreezeScreen
08-16 10:12:41.001  1636  2918 D ZrHung.AppEyeTransparentWindow: TransparentWindow cancelCheckFreezeScreen
08-16 10:12:41.002  1046  1070 D AwareLog: iawared: WorkingsetProcessCommand subCmd = 352, userId=10431, pid=7774, com.example.dogglers/androidx.test.core.app.InstrumentationActivityInvoker$EmptyActivity
08-16 10:12:41.003  1046  1070 D AwareLog: iawared: WorkingsetStop com.example.dogglers/androidx.test.core.app.InstrumentationActivityInvoker$EmptyActivity
08-16 10:12:41.004  1046  1070 D AwareLog: iawared: WorkingsetProcessCommand subCmd = 350, userId=10431, pid=7774, com.example.dogglers/androidx.test.core.app.InstrumentationActivityInvoker$EmptyActivity
08-16 10:12:41.004  1046  1070 D AwareLog: iawared: WorkingsetSendPrereadMsg com.example.dogglers/androidx.test.core.app.InstrumentationActivityInvoker$EmptyActivity
08-16 10:12:41.004  1046  1070 D AwareLog: iawared: WorkingsetStart com.example.dogglers/androidx.test.core.app.InstrumentationActivityInvoker$EmptyActivity in monitor0
08-16 10:12:41.004  7774  7774 W ActivityThread: handleWindowVisibility: no activity for token android.os.BinderProxy@bedbeee
08-16 10:12:41.006  2661  3071 D DollieActivityManagerAdapter: [Paused] pid:7774 uid:10431 ComponentInfo{com.example.dogglers/androidx.test.core.app.InstrumentationActivityInvoker$EmptyActivity} uidState:2
08-16 10:12:41.008  1636 15589 D InputDispatcher: Window handle WindowManager has no registered input channel
08-16 10:12:41.008  3386  7832 I HiAdKit.DC.PageSwitchEvent:  switch is off
08-16 10:12:41.008  3386  7832 I HiAdKit.DC.PaymentPageSwitchEvent:  switch is off
08-16 10:12:41.008  3386  7832 I HiAdKit.DC.LiteAppPageSwitchEvent:  switch is off
08-16 10:12:41.009  7774  7774 D LifecycleMonitor: Lifecycle status change: androidx.test.core.app.InstrumentationActivityInvoker$EmptyActivity@e7aff8f in: PRE_ON_CREATE
08-16 10:12:41.009  7774  7774 V ActivityScenario: Activity lifecycle changed event received but ignored because the intent does not match. startActivityIntent=Intent { act=android.intent.action.MAIN cat=[android.intent.category.LAUNCHER] cmp=com.example.dogglers/.GridListActivity }, activity.getIntent()=Intent { act=android.intent.action.MAIN cat=[android.intent.category.LAUNCHER] flg=0x10000000 cmp=com.example.dogglers/androidx.test.core.app.InstrumentationActivityInvoker$EmptyActivity }, activity=androidx.test.core.app.InstrumentationActivityInvoker$EmptyActivity@e7aff8f
08-16 10:12:41.010  8174  8678 I Cloud[13.2.0.303]Sync.GetOptionsInfoFromCloneTask: appId: com.touchtype.swiftkey match om config, backup app data.
08-16 10:12:41.012  8174  8678 I Cloud[13.2.0.303]Sync.GetOptionsInfoFromCloneTask: getThirdAppOptionsInfo{"appId":"com.touchtype.swiftkey","appName":"Teclado Microsoft SwiftKey","appType":0,"backupData":true,"backupSwitch":false,"codeBytes":0,"data1":"","data2":"","data3":"","data4":"1230045408","data5":"","data6":"","dataBytes":0,"increase1":0,"increase2":0,"isDataEnable":0,"isDisable":false,"itemTotal":0,"operateTime":0,"operateType":0,"parent":"thirdApp","showType":0,"switchCount":0,"uid":0,"appApkSize":0,"appDataSize":0,"appSwitch":false,"isOmConfigAble":false}
08-16 10:12:41.012  7774  7774 I DecorView[]: pkgName:com.example.dogglers old windowMode:0 new windoMode:1, isFixedSize:false
08-16 10:12:41.014  7774  7774 D LifecycleMonitor: Lifecycle status change: androidx.test.core.app.InstrumentationActivityInvoker$EmptyActivity@e7aff8f in: CREATED
08-16 10:12:41.014  7774  7774 V ActivityScenario: Activity lifecycle changed event received but ignored because the intent does not match. startActivityIntent=Intent { act=android.intent.action.MAIN cat=[android.intent.category.LAUNCHER] cmp=com.example.dogglers/.GridListActivity }, activity.getIntent()=Intent { act=android.intent.action.MAIN cat=[android.intent.category.LAUNCHER] flg=0x10000000 cmp=com.example.dogglers/androidx.test.core.app.InstrumentationActivityInvoker$EmptyActivity }, activity=androidx.test.core.app.InstrumentationActivityInvoker$EmptyActivity@e7aff8f
08-16 10:12:41.015  7774  7774 D LifecycleMonitor: Lifecycle status change: androidx.test.core.app.InstrumentationActivityInvoker$EmptyActivity@e7aff8f in: STARTED
08-16 10:12:41.015  7774  7774 V ActivityScenario: Activity lifecycle changed event received but ignored because the intent does not match. startActivityIntent=Intent { act=android.intent.action.MAIN cat=[android.intent.category.LAUNCHER] cmp=com.example.dogglers/.GridListActivity }, activity.getIntent()=Intent { act=android.intent.action.MAIN cat=[android.intent.category.LAUNCHER] flg=0x10000000 cmp=com.example.dogglers/androidx.test.core.app.InstrumentationActivityInvoker$EmptyActivity }, activity=androidx.test.core.app.InstrumentationActivityInvoker$EmptyActivity@e7aff8f
08-16 10:12:41.016  7774  7774 D LifecycleMonitor: Lifecycle status change: androidx.test.core.app.InstrumentationActivityInvoker$EmptyActivity@e7aff8f in: RESUMED
08-16 10:12:41.016  7774  7774 V ActivityScenario: Activity lifecycle changed event received but ignored because the intent does not match. startActivityIntent=Intent { act=android.intent.action.MAIN cat=[android.intent.category.LAUNCHER] cmp=com.example.dogglers/.GridListActivity }, activity.getIntent()=Intent { act=android.intent.action.MAIN cat=[android.intent.category.LAUNCHER] flg=0x10000000 cmp=com.example.dogglers/androidx.test.core.app.InstrumentationActivityInvoker$EmptyActivity }, activity=androidx.test.core.app.InstrumentationActivityInvoker$EmptyActivity@e7aff8f
08-16 10:12:41.017  7774  7774 D MouseWheelSynthesizer: mMoveStepInDp: 64, mMoveStepInPixel: 192, mUpTimeDelayed: 100
08-16 10:12:41.018  7774  7774 D ViewRootImpl: ViewRootImpl mIsInProductivePCDisplay: false
08-16 10:12:41.018  1636  2505 I HwPCUtils#HwRioViewManager: check if rio enable, displayId = 0， packageName = com.example.dogglers
08-16 10:12:41.022  7774  7774 D InputEventReceiver: dispatchInputInterval 1000000
08-16 10:12:41.024  1636  2505 D InputDispatcher: Window handle WindowManager has no registered input channel
08-16 10:12:41.024  7774  7774 D DecorView: showOrHideHighlightView: hasFocus=false; winMode=1; isMrgNull=true
08-16 10:12:41.024  2661 21890 I Hicom_Monitor: mActivityNotifierEx, className = androidx.test.core.app.InstrumentationActivityInvoker$EmptyActivity, uid = 10431
08-16 10:12:41.025  2661  3071 D DollieActivityManagerAdapter: [Resumed] bg:false pid:7774 uid:10431 ComponentInfo{com.example.dogglers/androidx.test.core.app.InstrumentationActivityInvoker$EmptyActivity}
08-16 10:12:41.025  2661  3071 E DollieAdapterService: notifyActivityState pkg:com.example.dogglers/androidx.test.core.app.InstrumentationActivityInvoker$EmptyActivity state:2 fg:true mUid:10431
08-16 10:12:41.025  2661  3071 I OllieMsgCenter: publishEvt=2130771985
08-16 10:12:41.025  3386  7816 I HiAdKit.DC.PageSwitchEvent:  switch is off
08-16 10:12:41.026  3386  7816 I HiAdKit.DC.PaymentPageSwitchEvent:  switch is off
08-16 10:12:41.026  3386  7816 I HiAdKit.DC.LiteAppPageSwitchEvent:  switch is off
08-16 10:12:41.026  8174  8678 I Cloud[13.2.0.303]Base.FileHelper: getICSStoragePath locationSdcard = null ,locationPcard = /storage/emulated/0 ,uDiskStoragePath = null, appClonePath = null
08-16 10:12:41.027  8174  8678 I Cloud[13.2.0.303]Sync.CloudBackupAppDataUtil: begin init appDataUtil appId = com.google.android.apps.docs.editors.docs
08-16 10:12:41.028  6225  9809 I CAWARENESS_AppUsageManager: Repeat info, don't need publish
08-16 10:12:41.029  9317  9317 I cr_SplitCompatApp: Launched version=115.0.5790.166 minSdkVersion=29 isBundle=true processName=com.android.chrome:sandboxed_process0:org.chromium.content.app.SandboxedProcessService0:0 isIsolated=true
08-16 10:12:41.030  7774  9356 D HiTouch_PressGestureDetector: onAttached, package=com.example.dogglers, windowType=1, mIsHiTouchRestricted=false
08-16 10:12:41.032  1636  7420 D ZrHung.AppEyeFocusWindow: FocusWindowErrorScene cancelCheckFreezeScreen
08-16 10:12:41.032  1636  7420 D ZrHung.AppEyeTransparentWindow: TransparentWindow mHungConfigStatus = 0,mHungConfigEnable = 1
08-16 10:12:41.033  7774  7850 D mali_winsys: EGLint new_window_surface(egl_winsys_display *, void *, EGLSurface, EGLConfig, egl_winsys_surface **, EGLBoolean) returns 0x3000
08-16 10:12:41.034  9317  9340 I StorageManager: Process.myUid = 90000,packageNames is null or packageNames.length <= 0 ,return.
08-16 10:12:41.037  2580 23377 I OPCollectLog: AppChangeImpl:call onAppChange.
08-16 10:12:41.037  9317  9340 I StorageManager: Process.myUid = 90000,packageNames is null or packageNames.length <= 0 ,return.
08-16 10:12:41.037  2580  6962 I OPCollectLog: HwForegroundAppAction:handleMessage
08-16 10:12:41.037  2580  6962 D OPCollectLog: HwForegroundAppAction:FG executeWithArgs
08-16 10:12:41.037  2580  6962 I OPCollectLog: OPCollectUtils:ODMF Api Version:2.16.3
08-16 10:12:41.037  2580  6962 I OPCollectLog: Action:HwForegroundAppAction executed successfully
08-16 10:12:41.037  2580  6962 D OPCollectLog: OdmfCollectScheduler:handleMessage msg: 4
08-16 10:12:41.037  2580  6962 I OPCollectLog: OdmfHelper:opcollectCache 1
08-16 10:12:41.037  2580  6962 I OPCollectLog: OdmfHelper:opcollectCache curTime: 574935132, interval: 60
08-16 10:12:41.038  2580  6962 I OPCollectLog: OdmfHelper:isCharging: true
08-16 10:12:41.039  2580  6962 I OPCollectLog: OdmfHelper:insert database success
08-16 10:12:41.039  2580  6962 I OPCollectLog: OdmfHelper:opcollectCache size: 1
08-16 10:12:41.039  2580  6962 I OPCollectLog: OdmfHelper:opcollectCache lastTime: 574935134
08-16 10:12:41.041  1636  7411 D InputDispatcher: Window handle WindowManager has no registered input channel
08-16 10:12:41.043  8174  8678 I Cloud[13.2.0.303]Sync.CloudBackupAppDataUtil: initAppFileInfo
08-16 10:12:41.046  8174  8678 I Cloud[13.2.0.303]Sync.CloudBackupAppDataUtil: match appInfo by emui
08-16 10:12:41.050  7774  7774 D DecorView: showOrHideHighlightView: hasFocus=true; winMode=1; isMrgNull=true
08-16 10:12:41.050  7774  7774 W InputMethodManager: startInputReason = 1
08-16 10:12:41.050  7774  7774 W HwRemoteInputMethodManager: isCasting false because IHwDistributedWindowManager is invalid.
08-16 10:12:41.055  9317  9317 W SystemServiceRegistry: No service published for: uimode
08-16 10:12:41.057  1636  2918 D InputDispatcher: Window handle WindowManager has no registered input channel
08-16 10:12:41.058  8174  8678 I Cloud[13.2.0.303]Sync.CloudBackupAppDataUtil: initDefaultFileInfoList
08-16 10:12:41.059   757  1629 W BufferQueueProducer: [com.example.dogglers/androidx.test.core.app.InstrumentationActivityInvoker$EmptyActivity#0]:1390: disconnect: not connected (req=1)
08-16 10:12:41.059  7774  7850 W libEGL  : EGLNativeWindowType 0x76e4c29e90 disconnect failed
08-16 10:12:41.060  8174  8678 I Cloud[13.2.0.303]Sync.CloudBackupAppDataUtil: end init appDataUtil
08-16 10:12:41.061  8174  8678 I Cloud[13.2.0.303]Sync.CloudBackupAppDataUtil: appId: com.google.android.apps.docs.editors.docs, isAppDataAble: false
08-16 10:12:41.065  6225  9809 I CAWARENESS_AppUsageManager: onEvent, packageName=com.huawei.android.launcher, activityName=com.huawei.android.launcher.unihome.UniHomeLauncher
08-16 10:12:41.065  6225  9809 I CAWARENESS_AppUsageManager: fuse currently and delay publish
08-16 10:12:41.066  1636  7411 D ZrHung.AppEyeFocusWindow: FocusWindowErrorScene CheckFreezeScreen
08-16 10:12:41.066  2661 21890 I AssistantService-11.2.1.200: registerHwActivityNotifier call fromPackage:com.example.dogglers, toPackage:com.huawei.android.launcher
08-16 10:12:41.066  1636  7411 D ZrHung.AppEyeTransparentWindow: TransparentWindow cancelCheckFreezeScreen
08-16 10:12:41.066  2661  6711 D AssistantService-11.2.1.200: handleMessage app switch fromPackage:com.example.dogglers, toPackage:com.huawei.android.launcher
08-16 10:12:41.067  2661  2756 I Hicom_Monitor: mAppSwitchNotifierEx. uid: 10065, foreground app: com.huawei.android.launcher, foreground activity: com.huawei.android.launcher.unihome.UniHomeLauncher
08-16 10:12:41.068  2690  3310 I ScenarioService: app focus change from: com.example.dogglers to:com.huawei.android.launcher
08-16 10:12:41.068  2690  3310 I ScenarioService: add focus on app:com.huawei.android.launcher to visiblePkgs
08-16 10:12:41.068  2624 10575 I iconnect:BluetoothApi: adapter status 12
08-16 10:12:41.068  2624 10575 I iconnect:NearbyDeviceDetect: isPropEnable=true, isBluetoothEnabled=true, isScreenOn=true, isNotSpecialAppOnTop=true, scanCondition=0
08-16 10:12:41.068  3386  7833 I HiAdKit.DC.PersistentMessageCenter:  notifyMessage com.huawei.hwid_app_switch_from_to_intent
08-16 10:12:41.068  9317  9317 I LoadedApk: No resource references to update in package com.google.android.trichromelibrary
08-16 10:12:41.069  2661  3353 W Hicom_XEngineProc: handleForegroundAppChanged. Feature is not enable.
08-16 10:12:41.069  2624 10575 I iconnect:DeviceStateMachineManager: report:NOT_SPECIAL_APP_ON_TOP device:D
08-16 10:12:41.069  2624 10575 I iconnect:DeviceStateMachineManager: Return exist stateMachine
08-16 10:12:41.071  2730 17266 W HwLauncher: ExitAppAnimationManager getAnimationInfoMyself, mAnimationInfo = com.huawei.android.launcher.exitapp.ExitAppAnimationManager$AnimationInfo@2a184e1
08-16 10:12:41.071  2730  2730 W HwLauncher: RotationHelper hideAdjacentScreen, launcher is not transposed. RotationMode = com.huawei.android.launcher.graphics.RotationMode$1{293d90b surfaceRotation = 0.0,isTransposed = false}
08-16 10:12:41.073  1636 15589 D InputDispatcher: Window handle WindowManager has no registered input channel
08-16 10:12:41.074  9317  9340 I HwPartIawareFactory: add android.common.HwPartIawareFactoryImpl to memory.
08-16 10:12:41.074  9317  9340 I AwareBitmapCacher: init processName:com.android.chrome:sandboxed_process0:org.chromium.content.app.SandboxedProcessService0:0 pid=9317 uid=90000
08-16 10:12:41.075  2730  2730 I RmeSchedManager: init Rme, version is: v1.0
08-16 10:12:41.080  7774  7774 D RtgSchedIpcFile: setCommandByIoctl failed ret:-1, cmdid:22, errno:103
08-16 10:12:41.080  9317  9317 I HwTypeface: updateFont: scale=0.95
08-16 10:12:41.081  7774  7774 D RtgSchedIpcFile: setCommandByIoctl failed ret:-1, cmdid:23, errno:103
08-16 10:12:41.081  7774  7774 D RtgSchedIpcFile: setCommandByIoctl failed ret:-1, cmdid:22, errno:103
08-16 10:12:41.081  7774  7774 D LifecycleMonitor: Lifecycle status change: androidx.test.core.app.InstrumentationActivityInvoker$EmptyActivity@e7aff8f in: PAUSED
08-16 10:12:41.081  7774  7774 V ActivityScenario: Activity lifecycle changed event received but ignored because the intent does not match. startActivityIntent=Intent { act=android.intent.action.MAIN cat=[android.intent.category.LAUNCHER] cmp=com.example.dogglers/.GridListActivity }, activity.getIntent()=Intent { act=android.intent.action.MAIN cat=[android.intent.category.LAUNCHER] flg=0x10000000 cmp=com.example.dogglers/androidx.test.core.app.InstrumentationActivityInvoker$EmptyActivity }, activity=androidx.test.core.app.InstrumentationActivityInvoker$EmptyActivity@e7aff8f
08-16 10:12:41.082  9317  9317 D SystemFonts: areFontsVariable: script=Latn
08-16 10:12:41.083  2730  2814 D ZrHung.AppEyeUiProbe: not watching, wait.
08-16 10:12:41.084  2690  3310 D ScenarioService: front pkg : com.huawei.android.launcher launcher: true
08-16 10:12:41.084  2690  3438 I PG_ash  : front pkg : com.huawei.android.launcher
08-16 10:12:41.084  2690  3310 I AppsUsage: scnOff:false FgAPP:com.huawei.android.launcher BgAPP:com.example.dogglers
08-16 10:12:41.084  2690  3646 I PGServer: report state:10000 event type:2 pid:0 uid:0 pkg:com.example.dogglers to pid: 2690
08-16 10:12:41.084  2690  3646 I SceneReceiver: state type: 10000 eventType:2 pid:0 uid:0 pkg:com.example.dogglers
08-16 10:12:41.084  2690  3646 I PGServer: report state:10000 event type:2 pid:0 uid:0 pkg:com.example.dogglers to pid: 1636
08-16 10:12:41.084  2690  3646 I PGServer: report state:10010 event type:1 pid:0 uid:0 pkg:com.huawei.android.launcher to pid: 2690
08-16 10:12:41.084  2690  3646 I SceneReceiver: state type: 10010 eventType:1 pid:0 uid:0 pkg:com.huawei.android.launcher
08-16 10:12:41.084  2690  3646 I ApsAppsTypeHandler: APS: APK: ApsAppsTypeHandler.getInstance, sInstance = com.huawei.android.hwaps.o@92bda0
08-16 10:12:41.085  2690  3646 I PGServer: report state:10010 event type:1 pid:0 uid:0 pkg:com.huawei.android.launcher to pid: 1636
08-16 10:12:41.088  1636  7420 I HwBastetService: current len less then 0, need return!
08-16 10:12:41.088  1636  7420 I HwBastetService: current len less then 0, need return!
08-16 10:12:41.089  2690  4743 I PGServer: checkPkgType. calling pkg: android
08-16 10:12:41.089  7774  7774 D RtgSchedIpcFile: setCommandByIoctl failed ret:-1, cmdid:23, errno:103
08-16 10:12:41.089  7774  7774 D DecorView: showOrHideHighlightView: hasFocus=false; winMode=1; isMrgNull=true
08-16 10:12:41.090 26909 26909 I HiBoard_22.0.8.300_Workspace: onWindowVisibilityChanged：0 isOverlayClosed:true
08-16 10:12:41.090 26909 26909 I HiBoard_22.0.8.300_ShareCodeClipboardHelper: removeClipboardView is executed!
08-16 10:12:41.090  1636  2505 D InputDispatcher: Window handle WindowManager has no registered input channel
08-16 10:12:41.090  7774  7836 I TestRunner: finished: grid_list_content_on_first_page(com.example.dogglers.GridListTests)
