08-16 10:12:33.763  4623  7999 I HiAdKit.PpsCoreService:  isCmdAllowAccess rom: false permitRegion: 1
08-16 10:12:33.764  4623  7999 I HiAdKit.PpsCoreService:  call method: reportConsent
08-16 10:12:33.764  4623  7999 I HiAdKit.PpsCoreService:  callerPkg: com.huawei.hwid
08-16 10:12:33.774  1636  1963 D InputDispatcher: Window handle WindowManager has no registered input channel
08-16 10:12:33.790  1636  1963 D InputDispatcher: Window handle WindowManager has no registered input channel
08-16 10:12:33.798 20784  7997 I FormalHASDK: TransportHandler==> use NetworkKitTransportHandler
08-16 10:12:33.798 20784  7997 I NetworkKit_ProcessPolicyNetworkService: options = {"metric_policy":1}
08-16 10:12:33.802  3386  8000 I ActivityRecognitionClientImpl: [LocKit LogLocation.java:1] call onAdded enter:com.example.dogglers
08-16 10:12:33.805 20784  7997 I NetworkKit_OkRequestTask: the request has used the okhttp!
08-16 10:12:33.807  1636  1963 D InputDispatcher: Window handle WindowManager has no registered input channel
08-16 10:12:33.807 20784  7997 I NetworkKit_DNManager: metrics-dra.dt.dbankcloud.cn dns resolve source is LocalDns first
08-16 10:12:33.807 20784  7997 I NetworkKit_DNManager: metrics-dra.dt.dbankcloud.cn from cache result is: DomainResult{type='A', addressList is not Empty, createTime=1692194763630, source=LocalDns, cache=1}
08-16 10:12:33.823  1636  1963 D InputDispatcher: Window handle WindowManager has no registered input channel
08-16 10:12:33.839  1636  1963 D InputDispatcher: Window handle WindowManager has no registered input channel
08-16 10:12:33.853  2730  2814 D ZrHung.AppEyeUiProbe: not watching, wait.
08-16 10:12:33.856  1636  1963 D InputDispatcher: Window handle WindowManager has no registered input channel
08-16 10:12:33.873  1636  1963 D InputDispatcher: Window handle WindowManager has no registered input channel
08-16 10:12:33.882 28785 28785 I GsaVoiceInteractionSrv: (REDACTED) O received %s
08-16 10:12:33.889  1636  6691 D InputDispatcher: Window handle WindowManager has no registered input channel
08-16 10:12:33.898 29297 29646 I SmsApplication: updatedNeeded = false for userId = 0
08-16 10:12:33.906  1636  6691 D InputDispatcher: Window handle WindowManager has no registered input channel
08-16 10:12:33.911  1046  1070 D AwareLog: iawared: WorkingsetProcessCommand subCmd = 351, userId=10431, pid=7774, com.example.dogglers/.HorizontalListActivity
08-16 10:12:33.911  1046  1070 D AwareLog: iawared: WorkingsetPause com.example.dogglers/.HorizontalListActivity
08-16 10:12:33.923  1636  1963 D InputDispatcher: Window handle WindowManager has no registered input channel
08-16 10:12:33.939  1636  6691 D InputDispatcher: Window handle WindowManager has no registered input channel
08-16 10:12:33.940  7774  7774 I ViewInteraction: Checking 'MatchesViewAssertion{viewMatcher=(view has effective visibility <VISIBLE> and view.getGlobalVisibleRect() to return non-empty rectangle)}' assertion on view view.getId() is <2131230945/com.example.dogglers:id/horizontal_recycler_view>
08-16 10:12:33.951  1046  1070 D AwareLog: iawared: WorkingsetProcessCommand subCmd = 352, userId=10431, pid=7774, com.example.dogglers/.HorizontalListActivity
08-16 10:12:33.952  1046  1070 D AwareLog: iawared: WorkingsetStop com.example.dogglers/.HorizontalListActivity
08-16 10:12:33.952  1046  1070 D AwareLog: iawared: WorkingsetProcessCommand subCmd = 350, userId=10431, pid=7774, com.example.dogglers/androidx.test.core.app.InstrumentationActivityInvoker$EmptyActivity
08-16 10:12:33.952  1046  1070 D AwareLog: iawared: WorkingsetSendPrereadMsg com.example.dogglers/androidx.test.core.app.InstrumentationActivityInvoker$EmptyActivity
08-16 10:12:33.952  1046  1070 D AwareLog: iawared: WorkingsetStart com.example.dogglers/androidx.test.core.app.InstrumentationActivityInvoker$EmptyActivity in monitor0
08-16 10:12:33.956  1636  2813 D InputDispatcher: Window handle WindowManager has no registered input channel
08-16 10:12:33.956  1021 21809 I AGPService: aps-info: focus pkgName - com.example.dogglers, with 0 more apps
08-16 10:12:33.956  1021 21809 E AGPService: FrameRateManager: iaware strange app type: -1
08-16 10:12:33.956  1021 21809 I AGPService: FrameRateManager: aps-info: new pkgName - com.example.dogglers, type - -1
08-16 10:12:33.957  1021 21809 I AGPService: GpuPolicyManager: m_currentPkgName - com.example.dogglers
08-16 10:12:33.958  7774  7774 D LifecycleMonitor: Lifecycle status change: com.example.dogglers.HorizontalListActivity@6729103 in: PAUSED
08-16 10:12:33.958  7774  7774 V ActivityScenario: Activity lifecycle changed event received but ignored because the intent does not match. startActivityIntent=Intent { act=android.intent.action.MAIN cat=[android.intent.category.LAUNCHER] cmp=com.example.dogglers/.MainActivity }, activity.getIntent()=Intent { cmp=com.example.dogglers/.HorizontalListActivity }, activity=com.example.dogglers.HorizontalListActivity@6729103
08-16 10:12:33.961  1636  3594 D ZrHung.AppEyeFocusWindow: FocusWindowErrorScene CheckFreezeScreen
08-16 10:12:33.961  1636  3594 D ZrHung.AppEyeTransparentWindow: TransparentWindow cancelCheckFreezeScreen
08-16 10:12:33.964  7774  7774 W ActivityThread: handleWindowVisibility: no activity for token android.os.BinderProxy@e0f0f07
08-16 10:12:33.966  3386  7832 I HiAdKit.DC.PageSwitchEvent:  switch is off
08-16 10:12:33.966  2661  3071 D DollieActivityManagerAdapter: [Paused] pid:7774 uid:10431 ComponentInfo{com.example.dogglers/com.example.dogglers.HorizontalListActivity} uidState:2
08-16 10:12:33.967  3386  7832 I HiAdKit.DC.PaymentPageSwitchEvent:  switch is off
08-16 10:12:33.967  7774  7774 D LifecycleMonitor: Lifecycle status change: androidx.test.core.app.InstrumentationActivityInvoker$EmptyActivity@967b834 in: PRE_ON_CREATE
08-16 10:12:33.967  3386  7832 I HiAdKit.DC.LiteAppPageSwitchEvent:  switch is off
08-16 10:12:33.967  7774  7774 V ActivityScenario: Activity lifecycle changed event received but ignored because the intent does not match. startActivityIntent=Intent { act=android.intent.action.MAIN cat=[android.intent.category.LAUNCHER] cmp=com.example.dogglers/.MainActivity }, activity.getIntent()=Intent { act=android.intent.action.MAIN cat=[android.intent.category.LAUNCHER] flg=0x10000000 cmp=com.example.dogglers/androidx.test.core.app.InstrumentationActivityInvoker$EmptyActivity }, activity=androidx.test.core.app.InstrumentationActivityInvoker$EmptyActivity@967b834
08-16 10:12:33.970  7774  7774 I DecorView[]: pkgName:com.example.dogglers old windowMode:0 new windoMode:1, isFixedSize:false
08-16 10:12:33.972  1636  6691 D InputDispatcher: Window handle WindowManager has no registered input channel
08-16 10:12:33.972  7774  7774 D LifecycleMonitor: Lifecycle status change: androidx.test.core.app.InstrumentationActivityInvoker$EmptyActivity@967b834 in: CREATED
08-16 10:12:33.973  7774  7774 V ActivityScenario: Activity lifecycle changed event received but ignored because the intent does not match. startActivityIntent=Intent { act=android.intent.action.MAIN cat=[android.intent.category.LAUNCHER] cmp=com.example.dogglers/.MainActivity }, activity.getIntent()=Intent { act=android.intent.action.MAIN cat=[android.intent.category.LAUNCHER] flg=0x10000000 cmp=com.example.dogglers/androidx.test.core.app.InstrumentationActivityInvoker$EmptyActivity }, activity=androidx.test.core.app.InstrumentationActivityInvoker$EmptyActivity@967b834
08-16 10:12:33.974  7774  7774 D LifecycleMonitor: Lifecycle status change: androidx.test.core.app.InstrumentationActivityInvoker$EmptyActivity@967b834 in: STARTED
08-16 10:12:33.974  7774  7774 V ActivityScenario: Activity lifecycle changed event received but ignored because the intent does not match. startActivityIntent=Intent { act=android.intent.action.MAIN cat=[android.intent.category.LAUNCHER] cmp=com.example.dogglers/.MainActivity }, activity.getIntent()=Intent { act=android.intent.action.MAIN cat=[android.intent.category.LAUNCHER] flg=0x10000000 cmp=com.example.dogglers/androidx.test.core.app.InstrumentationActivityInvoker$EmptyActivity }, activity=androidx.test.core.app.InstrumentationActivityInvoker$EmptyActivity@967b834
08-16 10:12:33.975  7774  7774 D LifecycleMonitor: Lifecycle status change: androidx.test.core.app.InstrumentationActivityInvoker$EmptyActivity@967b834 in: RESUMED
08-16 10:12:33.975 20784 20841 D BundleMgrProxy: getServiceBundleNames bundleName:com.android.calendar, isEntryInstallationFree:false
08-16 10:12:33.975 20784 20841 D BundleMgrProxy: getServiceBundleNames entryModuleName:entry_phone
08-16 10:12:33.975 20784 20841 D BundleMgrProxy: getServiceBundleNames bundleName:com.android.contacts, isEntryInstallationFree:false
08-16 10:12:33.975 20784 20841 D BundleMgrProxy: getServiceBundleNames entryModuleName:entry
08-16 10:12:33.975 20784 20841 D BundleMgrProxy: getServiceBundleNames bundleName:com.android.deskclock, isEntryInstallationFree:false
08-16 10:12:33.975 20784 20841 D BundleMgrProxy: getServiceBundleNames entryModuleName:entry_phone
08-16 10:12:33.975 20784 20841 D BundleMgrProxy: getServiceBundleNames bundleName:com.android.email, isEntryInstallationFree:false
08-16 10:12:33.975 20784 20841 D BundleMgrProxy: getServiceBundleNames entryModuleName:entry
08-16 10:12:33.975 20784 20841 D BundleMgrProxy: getServiceBundleNames bundleName:com.android.mediacenter, isEntryInstallationFree:false
08-16 10:12:33.975 20784 20841 D BundleMgrProxy: getServiceBundleNames entryModuleName:entry
08-16 10:12:33.976  7774  7774 V ActivityScenario: Activity lifecycle changed event received but ignored because the intent does not match. startActivityIntent=Intent { act=android.intent.action.MAIN cat=[android.intent.category.LAUNCHER] cmp=com.example.dogglers/.MainActivity }, activity.getIntent()=Intent { act=android.intent.action.MAIN cat=[android.intent.category.LAUNCHER] flg=0x10000000 cmp=com.example.dogglers/androidx.test.core.app.InstrumentationActivityInvoker$EmptyActivity }, activity=androidx.test.core.app.InstrumentationActivityInvoker$EmptyActivity@967b834
08-16 10:12:33.976 20784 20841 D BundleMgrProxy: getServiceBundleNames bundleName:com.example.android.notepad, isEntryInstallationFree:false
08-16 10:12:33.976 20784 20841 D BundleMgrProxy: getServiceBundleNames entryModuleName:entry
08-16 10:12:33.976 20784 20841 D BundleMgrProxy: getServiceBundleNames bundleName:com.huawei.android.thememanager, isEntryInstallationFree:false
08-16 10:12:33.976 20784 20841 D BundleMgrProxy: getServiceBundleNames entryModuleName:entry
08-16 10:12:33.976 20784 20841 D BundleMgrProxy: getServiceBundleNames bundleName:com.huawei.android.totemweather, isEntryInstallationFree:false
08-16 10:12:33.976 20784 20841 D BundleMgrProxy: getServiceBundleNames entryModuleName:entry_phone
08-16 10:12:33.976 20784 20841 D BundleMgrProxy: getServiceBundleNames bundleName:com.huawei.audioaccessorymanager, isEntryInstallationFree:false
08-16 10:12:33.976 20784 20841 D BundleMgrProxy: getServiceBundleNames entryModuleName:entry
08-16 10:12:33.976 20784 20841 D BundleMgrProxy: getServiceBundleNames bundleName:com.huawei.hwsearch, isEntryInstallationFree:false
08-16 10:12:33.976 20784 20841 D BundleMgrProxy: getServiceBundleNames entryModuleName:entry
08-16 10:12:33.976 20784 20841 D BundleMgrProxy: getServiceBundleNames bundleName:com.huawei.tipsove, isEntryInstallationFree:false
08-16 10:12:33.976 20784 20841 D BundleMgrProxy: getServiceBundleNames entryModuleName:entry_phone
08-16 10:12:33.976 20784 20841 D BundleMgrProxy: getServiceBundleNames bundleName:ohos.global.systemres, isEntryInstallationFree:false
08-16 10:12:33.976 20784 20841 D BundleMgrProxy: getServiceBundleNames entryModuleName:entry
08-16 10:12:33.977  7774  7774 D MouseWheelSynthesizer: mMoveStepInDp: 64, mMoveStepInPixel: 192, mUpTimeDelayed: 100
08-16 10:12:33.977  7774  7774 D ViewRootImpl: ViewRootImpl mIsInProductivePCDisplay: false
08-16 10:12:33.978  1636  3594 I HwPCUtils#HwRioViewManager: check if rio enable, displayId = 0， packageName = com.example.dogglers
08-16 10:12:33.981  7774  7774 D InputEventReceiver: dispatchInputInterval 1000000
08-16 10:12:33.982  2661  3071 D DollieActivityManagerAdapter: [Resumed] bg:false pid:7774 uid:10431 ComponentInfo{com.example.dogglers/androidx.test.core.app.InstrumentationActivityInvoker$EmptyActivity}
08-16 10:12:33.982  2661  2775 I Hicom_Monitor: mActivityNotifierEx, className = androidx.test.core.app.InstrumentationActivityInvoker$EmptyActivity, uid = 10431
08-16 10:12:33.982  2661  3071 E DollieAdapterService: notifyActivityState pkg:com.example.dogglers/androidx.test.core.app.InstrumentationActivityInvoker$EmptyActivity state:2 fg:true mUid:10431
08-16 10:12:33.982  2661  3071 I OllieMsgCenter: publishEvt=2130771985
08-16 10:12:33.982  7774  7774 D DecorView: showOrHideHighlightView: hasFocus=false; winMode=1; isMrgNull=true
08-16 10:12:33.983  6225 12674 I CAWARENESS_AppUsageManager: onEvent, packageName=com.example.dogglers, activityName=androidx.test.core.app.InstrumentationActivityInvoker$EmptyActivity
08-16 10:12:33.983  3386  7816 I HiAdKit.DC.PageSwitchEvent:  switch is off
08-16 10:12:33.984  3386  7816 I HiAdKit.DC.PaymentPageSwitchEvent:  switch is off
08-16 10:12:33.984  3386  7816 I HiAdKit.DC.LiteAppPageSwitchEvent:  switch is off
08-16 10:12:33.984  6225 12674 I CAWARENESS_AbilityContext: [1692195361477] publishing {dataId=100000006, mode=0}
08-16 10:12:33.984  6225 12674 I CAWARENESS_AbilityContext: [1692195361477] deliver {dataId=100000006, mode=0} to 5 receivers
08-16 10:12:33.984  2580 23377 I OPCollectLog: AppChangeImpl:call onAppChange.
08-16 10:12:33.985  2580  6962 I OPCollectLog: HwForegroundAppAction:handleMessage
08-16 10:12:33.985  2580  6962 D OPCollectLog: HwForegroundAppAction:FG executeWithArgs
08-16 10:12:33.985  2580  6962 I OPCollectLog: OPCollectUtils:ODMF Api Version:2.16.3
08-16 10:12:33.985  2580  6962 I OPCollectLog: Action:HwForegroundAppAction executed successfully
08-16 10:12:33.985  2580  6962 D OPCollectLog: OdmfCollectScheduler:handleMessage msg: 4
08-16 10:12:33.985  2580  6962 I OPCollectLog: OdmfHelper:opcollectCache 1
08-16 10:12:33.985  2580  6962 I OPCollectLog: OdmfHelper:opcollectCache curTime: 574928080, interval: 347
08-16 10:12:33.985  2580  6962 I OPCollectLog: OdmfHelper:isCharging: true
08-16 10:12:33.989  1636  3594 D InputDispatcher: Window handle WindowManager has no registered input channel
08-16 10:12:33.992  7774  8003 D HiTouch_PressGestureDetector: onAttached, package=com.example.dogglers, windowType=1, mIsHiTouchRestricted=false
08-16 10:12:33.994  1636  1660 D HwPhoneWindowManager: Transact:setSystemUIColor to status bar service
08-16 10:12:33.994  1636  3594 D ZrHung.AppEyeFocusWindow: FocusWindowErrorScene cancelCheckFreezeScreen
08-16 10:12:33.994  1636  3594 D ZrHung.AppEyeTransparentWindow: TransparentWindow mHungConfigStatus = 0,mHungConfigEnable = 1
08-16 10:12:33.996  7774  7850 D mali_winsys: EGLint new_window_surface(egl_winsys_display *, void *, EGLSurface, EGLConfig, egl_winsys_surface **, EGLBoolean) returns 0x3000
08-16 10:12:34.006  1636  3594 D InputDispatcher: Window handle WindowManager has no registered input channel
08-16 10:12:34.015  7774  7774 D DecorView: showOrHideHighlightView: hasFocus=true; winMode=1; isMrgNull=true
08-16 10:12:34.016  7774  7774 W InputMethodManager: startInputReason = 1
08-16 10:12:34.016  7774  7774 W HwRemoteInputMethodManager: isCasting false because IHwDistributedWindowManager is invalid.
08-16 10:12:34.019  2208  2208 D BarTransitions.HwPhoneStatusBarView: MODE_TRANSPARENT -> MODE_OPAQUE animate=false
08-16 10:12:34.020  2208  2208 D BarTransitions.HwPhoneStatusBarView: applyModeBackground oldMode=MODE_TRANSPARENT newMode=MODE_OPAQUE animate=false
08-16 10:12:34.022  2208  2208 D BarTransitions.HwNavigationBarView: MODE_TRANSPARENT -> MODE_OPAQUE animate=false
08-16 10:12:34.022  1636  2813 D InputDispatcher: Window handle WindowManager has no registered input channel
08-16 10:12:34.023  2208  2208 D BarTransitions.HwNavigationBarView: applyModeBackground oldMode=MODE_TRANSPARENT newMode=MODE_OPAQUE animate=false
08-16 10:12:34.025 29297 29751 I bghj    : refreshDeviceAppInfoForAccount done.
08-16 10:12:34.028 29297 29826 I bghj    : refreshDeviceAppInfoForAccount done.
08-16 10:12:34.028 29297 29845 I bghj    : refreshDeviceAppInfoForAccount done.
08-16 10:12:34.029 29297 29751 I bghj    : refreshDeviceAppInfoForAccount done.
08-16 10:12:34.029 29297 29825 I bghj    : refreshDeviceAppInfoForAccount done.
08-16 10:12:34.030 29297 29826 I bghj    : refreshDeviceAppInfoForAccount done.
08-16 10:12:34.030 29297 29838 I bghj    : refreshDeviceAppInfoForAccount done.
08-16 10:12:34.030 29297 29646 I bghj    : refreshDeviceAppInfoForAccount done.
08-16 10:12:34.030 20784 20784 I PackageReceiver: receive PackageReceiver
08-16 10:12:34.030 20784 20784 I PackageReceiver: not daemon app or action is null : com.example.dogglers, action : android.intent.action.PACKAGE_ADDED
08-16 10:12:34.031 29297 29818 I bghj    : refreshDeviceAppInfoForAccount done.
08-16 10:12:34.031 29297 29751 I bghj    : refreshDeviceAppInfoForAccount done.
08-16 10:12:34.037  7774  7774 D LifecycleMonitor: Lifecycle status change: androidx.test.core.app.InstrumentationActivityInvoker$EmptyActivity@967b834 in: PAUSED
08-16 10:12:34.038  7774  7774 V ActivityScenario: Activity lifecycle changed event received but ignored because the intent does not match. startActivityIntent=Intent { act=android.intent.action.MAIN cat=[android.intent.category.LAUNCHER] cmp=com.example.dogglers/.MainActivity }, activity.getIntent()=Intent { act=android.intent.action.MAIN cat=[android.intent.category.LAUNCHER] flg=0x10000000 cmp=com.example.dogglers/androidx.test.core.app.InstrumentationActivityInvoker$EmptyActivity }, activity=androidx.test.core.app.InstrumentationActivityInvoker$EmptyActivity@967b834
08-16 10:12:34.038  1636  6691 D InputDispatcher: Window handle WindowManager has no registered input channel
08-16 10:12:34.039 29297 29826 I bghj    : refreshDeviceAppInfoForAccount done.
08-16 10:12:34.042  1636  2813 D ZrHung.AppEyeFocusWindow: FocusWindowErrorScene CheckFreezeScreen
08-16 10:12:34.042  1636  2813 D ZrHung.AppEyeTransparentWindow: TransparentWindow cancelCheckFreezeScreen
08-16 10:12:34.043  1046  1070 D AwareLog: iawared: WorkingsetProcessCommand subCmd = 352, userId=10431, pid=7774, com.example.dogglers/androidx.test.core.app.InstrumentationActivityInvoker$EmptyActivity
08-16 10:12:34.043  1046  1070 D AwareLog: iawared: WorkingsetStop com.example.dogglers/androidx.test.core.app.InstrumentationActivityInvoker$EmptyActivity
08-16 10:12:34.044  1046  1070 D AwareLog: iawared: WorkingsetProcessCommand subCmd = 350, userId=10431, pid=7774, com.example.dogglers/androidx.test.core.app.InstrumentationActivityInvoker$EmptyActivity
08-16 10:12:34.045  1046  1070 D AwareLog: iawared: WorkingsetSendPrereadMsg com.example.dogglers/androidx.test.core.app.InstrumentationActivityInvoker$EmptyActivity
08-16 10:12:34.045  1046  1070 D AwareLog: iawared: WorkingsetStart com.example.dogglers/androidx.test.core.app.InstrumentationActivityInvoker$EmptyActivity in monitor0
08-16 10:12:34.046  7774  7774 D LifecycleMonitor: Lifecycle status change: androidx.test.core.app.InstrumentationActivityInvoker$BootstrapActivity@d5ae9c in: DESTROYED
08-16 10:12:34.046  7774  7774 V ActivityScenario: Activity lifecycle changed event received but ignored because the intent does not match. startActivityIntent=Intent { act=android.intent.action.MAIN cat=[android.intent.category.LAUNCHER] cmp=com.example.dogglers/.MainActivity }, activity.getIntent()=Intent { act=android.intent.action.MAIN cat=[android.intent.category.LAUNCHER] flg=0x10008000 cmp=com.example.dogglers/androidx.test.core.app.InstrumentationActivityInvoker$BootstrapActivity (has extras) }, activity=androidx.test.core.app.InstrumentationActivityInvoker$BootstrapActivity@d5ae9c
08-16 10:12:34.047  7774  7774 W ActivityThread: handleWindowVisibility: no activity for token android.os.BinderProxy@3c4f51b
08-16 10:12:34.048  3386  7833 I HiAdKit.DC.PageSwitchEvent:  switch is off
08-16 10:12:34.048  3386  7833 I HiAdKit.DC.PaymentPageSwitchEvent:  switch is off
08-16 10:12:34.048  3386  7833 I HiAdKit.DC.LiteAppPageSwitchEvent:  switch is off
08-16 10:12:34.049  2661  3071 D DollieActivityManagerAdapter: [Paused] pid:7774 uid:10431 ComponentInfo{com.example.dogglers/androidx.test.core.app.InstrumentationActivityInvoker$EmptyActivity} uidState:2
08-16 10:12:34.052  7774  7774 D LifecycleMonitor: Lifecycle status change: androidx.test.core.app.InstrumentationActivityInvoker$EmptyActivity@b6cc6b8 in: PRE_ON_CREATE
08-16 10:12:34.052  7774  7774 V ActivityScenario: Activity lifecycle changed event received but ignored because the intent does not match. startActivityIntent=Intent { act=android.intent.action.MAIN cat=[android.intent.category.LAUNCHER] cmp=com.example.dogglers/.MainActivity }, activity.getIntent()=Intent { act=android.intent.action.MAIN cat=[android.intent.category.LAUNCHER] flg=0x10000000 cmp=com.example.dogglers/androidx.test.core.app.InstrumentationActivityInvoker$EmptyActivity }, activity=androidx.test.core.app.InstrumentationActivityInvoker$EmptyActivity@b6cc6b8
08-16 10:12:34.055  1636  6691 D InputDispatcher: Window handle WindowManager has no registered input channel
08-16 10:12:34.056  7774  7774 I DecorView[]: pkgName:com.example.dogglers old windowMode:0 new windoMode:1, isFixedSize:false
08-16 10:12:34.058  7774  7774 D LifecycleMonitor: Lifecycle status change: androidx.test.core.app.InstrumentationActivityInvoker$EmptyActivity@b6cc6b8 in: CREATED
08-16 10:12:34.059  7774  7774 V ActivityScenario: Activity lifecycle changed event received but ignored because the intent does not match. startActivityIntent=Intent { act=android.intent.action.MAIN cat=[android.intent.category.LAUNCHER] cmp=com.example.dogglers/.MainActivity }, activity.getIntent()=Intent { act=android.intent.action.MAIN cat=[android.intent.category.LAUNCHER] flg=0x10000000 cmp=com.example.dogglers/androidx.test.core.app.InstrumentationActivityInvoker$EmptyActivity }, activity=androidx.test.core.app.InstrumentationActivityInvoker$EmptyActivity@b6cc6b8
08-16 10:12:34.059  7774  7774 D LifecycleMonitor: Lifecycle status change: androidx.test.core.app.InstrumentationActivityInvoker$EmptyActivity@b6cc6b8 in: STARTED
08-16 10:12:34.060  7774  7774 V ActivityScenario: Activity lifecycle changed event received but ignored because the intent does not match. startActivityIntent=Intent { act=android.intent.action.MAIN cat=[android.intent.category.LAUNCHER] cmp=com.example.dogglers/.MainActivity }, activity.getIntent()=Intent { act=android.intent.action.MAIN cat=[android.intent.category.LAUNCHER] flg=0x10000000 cmp=com.example.dogglers/androidx.test.core.app.InstrumentationActivityInvoker$EmptyActivity }, activity=androidx.test.core.app.InstrumentationActivityInvoker$EmptyActivity@b6cc6b8
08-16 10:12:34.061  7774  7774 D LifecycleMonitor: Lifecycle status change: androidx.test.core.app.InstrumentationActivityInvoker$EmptyActivity@b6cc6b8 in: RESUMED
08-16 10:12:34.061  7774  7774 V ActivityScenario: Activity lifecycle changed event received but ignored because the intent does not match. startActivityIntent=Intent { act=android.intent.action.MAIN cat=[android.intent.category.LAUNCHER] cmp=com.example.dogglers/.MainActivity }, activity.getIntent()=Intent { act=android.intent.action.MAIN cat=[android.intent.category.LAUNCHER] flg=0x10000000 cmp=com.example.dogglers/androidx.test.core.app.InstrumentationActivityInvoker$EmptyActivity }, activity=androidx.test.core.app.InstrumentationActivityInvoker$EmptyActivity@b6cc6b8
08-16 10:12:34.062  7774  7774 D MouseWheelSynthesizer: mMoveStepInDp: 64, mMoveStepInPixel: 192, mUpTimeDelayed: 100
08-16 10:12:34.062  7774  7774 D ViewRootImpl: ViewRootImpl mIsInProductivePCDisplay: false
08-16 10:12:34.062  1636  6691 I HwPCUtils#HwRioViewManager: check if rio enable, displayId = 0， packageName = com.example.dogglers
08-16 10:12:34.065  7774  7774 D InputEventReceiver: dispatchInputInterval 1000000
08-16 10:12:34.066  2315  2315 E FullInputEventModel: onStartInput event aborted: fk.c0: could not obtain extracted text (class fk.c0)
08-16 10:12:34.067  2661  5454 I Hicom_Monitor: mActivityNotifierEx, className = androidx.test.core.app.InstrumentationActivityInvoker$EmptyActivity, uid = 10431
08-16 10:12:34.067  7774  7774 D LifecycleMonitor: Lifecycle status change: com.example.dogglers.HorizontalListActivity@6729103 in: STOPPED
08-16 10:12:34.067  7774  7774 V ActivityScenario: Activity lifecycle changed event received but ignored because the intent does not match. startActivityIntent=Intent { act=android.intent.action.MAIN cat=[android.intent.category.LAUNCHER] cmp=com.example.dogglers/.MainActivity }, activity.getIntent()=Intent { cmp=com.example.dogglers/.HorizontalListActivity }, activity=com.example.dogglers.HorizontalListActivity@6729103
08-16 10:12:34.067  6225 12674 I CAWARENESS_AppUsageManager: Repeat info, don't need publish
08-16 10:12:34.068  2661  3071 D DollieActivityManagerAdapter: [Resumed] bg:false pid:7774 uid:10431 ComponentInfo{com.example.dogglers/androidx.test.core.app.InstrumentationActivityInvoker$EmptyActivity}
08-16 10:12:34.068  2661  3071 E DollieAdapterService: notifyActivityState pkg:com.example.dogglers/androidx.test.core.app.InstrumentationActivityInvoker$EmptyActivity state:2 fg:true mUid:10431
08-16 10:12:34.068  2661  3071 I OllieMsgCenter: publishEvt=2130771985
08-16 10:12:34.068  3386  7832 I HiAdKit.DC.PageSwitchEvent:  switch is off
08-16 10:12:34.068  3386  7832 I HiAdKit.DC.PaymentPageSwitchEvent:  switch is off
08-16 10:12:34.068  3386  7832 I HiAdKit.DC.LiteAppPageSwitchEvent:  switch is off
08-16 10:12:34.069  2580 23377 I OPCollectLog: AppChangeImpl:call onAppChange.
08-16 10:12:34.070  7774  7774 D LifecycleMonitor: Lifecycle status change: com.example.dogglers.MainActivity@71af5a3 in: STOPPED
08-16 10:12:34.070  7774  7774 V ActivityScenario: Update currentActivityStage to STOPPED, currentActivity=com.example.dogglers.MainActivity@71af5a3
08-16 10:12:34.072  1636  6691 D InputDispatcher: Window handle WindowManager has no registered input channel
08-16 10:12:34.072  7774  7774 D LifecycleMonitor: Lifecycle status change: com.example.dogglers.MainActivity@71af5a3 in: DESTROYED
08-16 10:12:34.072  7774  7774 V ActivityScenario: Update currentActivityStage to DESTROYED, currentActivity=null
08-16 10:12:34.075   757  1624 W BufferQueueProducer: [com.example.dogglers/com.example.dogglers.MainActivity#0]:1390: disconnect: not connected (req=1)
08-16 10:12:34.075  7774  7850 W libEGL  : EGLNativeWindowType 0x76e4c28810 disconnect failed
08-16 10:12:34.079  7774  7774 D DecorView: showOrHideHighlightView: hasFocus=false; winMode=1; isMrgNull=true
08-16 10:12:34.082  7774  8006 D HiTouch_PressGestureDetector: onAttached, package=com.example.dogglers, windowType=1, mIsHiTouchRestricted=false
08-16 10:12:34.083 26909 26909 I HiAdSDK.AppDownloadDelegate:  installReceiver.onReceive, action:android.intent.action.PACKAGE_ADDED, pkg: com.example.dogglers
08-16 10:12:34.084  4623  4281 I HiAdKit.InnerApiProvider:  call api: getDownloadStatus
08-16 10:12:34.086  1636  6691 D ZrHung.AppEyeFocusWindow: FocusWindowErrorScene cancelCheckFreezeScreen
08-16 10:12:34.086  1636  6691 D ZrHung.AppEyeTransparentWindow: TransparentWindow mHungConfigStatus = 0,mHungConfigEnable = 1
08-16 10:12:34.087 26909  7572 W HiAdSDK.aw:  toObject JSONException
08-16 10:12:34.088  7774  7850 D mali_winsys: EGLint new_window_surface(egl_winsys_display *, void *, EGLSurface, EGLConfig, egl_winsys_surface **, EGLBoolean) returns 0x3000
08-16 10:12:34.090 26909  7572 I HiAdSDK.ApiCallManager:  call getDownloadStatus code: 200 msg: null
08-16 10:12:34.090 26909  7572 I HiAdSDK.AppDownloadDelegate:  task is empty, name:com.example.dogglers
08-16 10:12:34.090  1636  2813 D InputDispatcher: Window handle WindowManager has no registered input channel
08-16 10:12:34.096   757  1624 W BufferQueueProducer: [com.example.dogglers/com.example.dogglers.HorizontalListActivity#0]:1390: disconnect: not connected (req=1)
08-16 10:12:34.096  7774  7850 W libEGL  : EGLNativeWindowType 0x76e4c2a110 disconnect failed
08-16 10:12:34.105  1636  2813 D InputDispatcher: Window handle WindowManager has no registered input channel
08-16 10:12:34.107  7774  7774 D DecorView: showOrHideHighlightView: hasFocus=true; winMode=1; isMrgNull=true
08-16 10:12:34.108  7774  7774 W InputMethodManager: startInputReason = 1
08-16 10:12:34.108  7774  7774 W HwRemoteInputMethodManager: isCasting false because IHwDistributedWindowManager is invalid.
08-16 10:12:34.122  1636  3594 D InputDispatcher: Window handle WindowManager has no registered input channel
08-16 10:12:34.124   757  1724 W BufferQueueProducer: [com.example.dogglers/androidx.test.core.app.InstrumentationActivityInvoker$EmptyActivity#0]:1390: disconnect: not connected (req=1)
08-16 10:12:34.124  7774  7850 W libEGL  : EGLNativeWindowType 0x76e4c28bd0 disconnect failed
08-16 10:12:34.127  1636  3594 D ZrHung.AppEyeFocusWindow: FocusWindowErrorScene CheckFreezeScreen
08-16 10:12:34.127  1636  3594 D ZrHung.AppEyeTransparentWindow: TransparentWindow cancelCheckFreezeScreen
08-16 10:12:34.129  7774  7774 D LifecycleMonitor: Lifecycle status change: androidx.test.core.app.InstrumentationActivityInvoker$EmptyActivity@b6cc6b8 in: PAUSED
08-16 10:12:34.129  7774  7774 V ActivityScenario: Activity lifecycle changed event received but ignored because the intent does not match. startActivityIntent=Intent { act=android.intent.action.MAIN cat=[android.intent.category.LAUNCHER] cmp=com.example.dogglers/.MainActivity }, activity.getIntent()=Intent { act=android.intent.action.MAIN cat=[android.intent.category.LAUNCHER] flg=0x10000000 cmp=com.example.dogglers/androidx.test.core.app.InstrumentationActivityInvoker$EmptyActivity }, activity=androidx.test.core.app.InstrumentationActivityInvoker$EmptyActivity@b6cc6b8
08-16 10:12:34.135  7774  7774 D DecorView: showOrHideHighlightView: hasFocus=false; winMode=1; isMrgNull=true
08-16 10:12:34.136  7774  7774 D LifecycleMonitor: Lifecycle status change: com.example.dogglers.HorizontalListActivity@6729103 in: RESTARTED
08-16 10:12:34.136  2661  3071 D DollieActivityManagerAdapter: [Paused] pid:7774 uid:10431 ComponentInfo{com.example.dogglers/androidx.test.core.app.InstrumentationActivityInvoker$EmptyActivity} uidState:2
08-16 10:12:34.136  7774  7774 V ActivityScenario: Activity lifecycle changed event received but ignored because the intent does not match. startActivityIntent=Intent { act=android.intent.action.MAIN cat=[android.intent.category.LAUNCHER] cmp=com.example.dogglers/.MainActivity }, activity.getIntent()=Intent { cmp=com.example.dogglers/.HorizontalListActivity }, activity=com.example.dogglers.HorizontalListActivity@6729103
08-16 10:12:34.137  7774  7774 D LifecycleMonitor: Lifecycle status change: com.example.dogglers.HorizontalListActivity@6729103 in: STARTED
08-16 10:12:34.137  3386  7816 I HiAdKit.DC.PageSwitchEvent:  switch is off
08-16 10:12:34.137  3386  7816 I HiAdKit.DC.PaymentPageSwitchEvent:  switch is off
08-16 10:12:34.137  7774  7774 V ActivityScenario: Activity lifecycle changed event received but ignored because the intent does not match. startActivityIntent=Intent { act=android.intent.action.MAIN cat=[android.intent.category.LAUNCHER] cmp=com.example.dogglers/.MainActivity }, activity.getIntent()=Intent { cmp=com.example.dogglers/.HorizontalListActivity }, activity=com.example.dogglers.HorizontalListActivity@6729103
08-16 10:12:34.138  1636  2813 D InputDispatcher: Window handle WindowManager has no registered input channel
08-16 10:12:34.138  7774  7774 D LifecycleMonitor: Lifecycle status change: com.example.dogglers.HorizontalListActivity@6729103 in: RESUMED
08-16 10:12:34.138  7774  7774 V ActivityScenario: Activity lifecycle changed event received but ignored because the intent does not match. startActivityIntent=Intent { act=android.intent.action.MAIN cat=[android.intent.category.LAUNCHER] cmp=com.example.dogglers/.MainActivity }, activity.getIntent()=Intent { cmp=com.example.dogglers/.HorizontalListActivity }, activity=com.example.dogglers.HorizontalListActivity@6729103
08-16 10:12:34.139  3386  7816 I HiAdKit.DC.LiteAppPageSwitchEvent:  switch is off
08-16 10:12:34.140  2661  2775 I Hicom_Monitor: mActivityNotifierEx, className = com.example.dogglers.HorizontalListActivity, uid = 10431
08-16 10:12:34.140  2661  3071 D DollieActivityManagerAdapter: [Resumed] bg:false pid:7774 uid:10431 ComponentInfo{com.example.dogglers/com.example.dogglers.HorizontalListActivity}
08-16 10:12:34.140  2661  3071 E DollieAdapterService: notifyActivityState pkg:com.example.dogglers/com.example.dogglers.HorizontalListActivity state:2 fg:true mUid:10431
08-16 10:12:34.140  2661  3071 I OllieMsgCenter: publishEvt=2130771985
08-16 10:12:34.141  6225 12674 I CAWARENESS_AppUsageManager: onEvent, packageName=com.example.dogglers, activityName=com.example.dogglers.HorizontalListActivity
08-16 10:12:34.142  6225 12674 I CAWARENESS_AbilityContext: [1692195361635] publishing {dataId=100000006, mode=0}
08-16 10:12:34.142  3386  7833 I HiAdKit.DC.PageSwitchEvent:  switch is off
08-16 10:12:34.142  6225 12674 I CAWARENESS_AbilityContext: [1692195361635] deliver {dataId=100000006, mode=0} to 5 receivers
08-16 10:12:34.142  3386  7833 I HiAdKit.DC.PaymentPageSwitchEvent:  switch is off
08-16 10:12:34.142  3386  7833 I HiAdKit.DC.LiteAppPageSwitchEvent:  switch is off
08-16 10:12:34.144  1636  1660 D HwPhoneWindowManager: Transact:setSystemUIColor to status bar service
08-16 10:12:34.144  1636  3594 D ZrHung.AppEyeFocusWindow: FocusWindowErrorScene cancelCheckFreezeScreen
08-16 10:12:34.144  1636  3594 D ZrHung.AppEyeTransparentWindow: TransparentWindow mHungConfigStatus = 0,mHungConfigEnable = 1
08-16 10:12:34.146  7774  7850 D mali_winsys: EGLint new_window_surface(egl_winsys_display *, void *, EGLSurface, EGLConfig, egl_winsys_surface **, EGLBoolean) returns 0x3000
08-16 10:12:34.149 26909 26909 I HiBoard_22.0.8.300_PackageReceiver: onReceive action android.intent.action.PACKAGE_ADDED
08-16 10:12:34.149 26909 26909 I HiBoard_22.0.8.300_PackageReceiver: onReceive ACTION_PACKAGE_ADDED packageName com.example.dogglers
08-16 10:12:34.149 26909 27128 I HiBoard_22.0.8.300_SettingsUtil: isAgreeProtocolBefore: true
08-16 10:12:34.150 26909 27128 I HiBoard_22.0.8.300_SettingsUtil: isTotalVersionNumChanged isGetAgreeProtocolLessThanDefault:false
08-16 10:12:34.150 26909 27128 I HiBoard_22.0.8.300_SettingsUtil: isUserProtocolAgreeState:true
08-16 10:12:34.150 26909 27128 E HiBoard_22.0.8.300_InstantAccessUtil: getShortCutsInLaunch enter
08-16 10:12:34.150  2580 23377 I OPCollectLog: AppChangeImpl:call onAppChange.
08-16 10:12:34.154  1636  6691 D InputDispatcher: Window handle WindowManager has no registered input channel
08-16 10:12:34.156 29297 29818 W bghj    : missing version info.
08-16 10:12:34.157  7774  7774 D DecorView: showOrHideHighlightView: hasFocus=true; winMode=1; isMrgNull=true
08-16 10:12:34.157  2315  2315 E FullInputEventModel: onStartInput event aborted: fk.c0: could not obtain extracted text (class fk.c0)
08-16 10:12:34.157  7774  7774 W InputMethodManager: startInputReason = 1
08-16 10:12:34.158  7774  7774 W HwRemoteInputMethodManager: isCasting false because IHwDistributedWindowManager is invalid.
08-16 10:12:34.163 29297 29322 I earchbox:searc: Background young concurrent copying GC freed 196542(15MB) AllocSpace objects, 35(2072KB) LOS objects, 24% free, 44MB/58MB, paused 2.710ms total 151.518ms
08-16 10:12:34.164  2208  2208 D BarTransitions.HwPhoneStatusBarView: MODE_OPAQUE -> MODE_TRANSPARENT animate=false
08-16 10:12:34.164  2208  2208 D BarTransitions.HwPhoneStatusBarView: applyModeBackground oldMode=MODE_OPAQUE newMode=MODE_TRANSPARENT animate=false
08-16 10:12:34.165  2208  2208 D BarTransitions.HwNavigationBarView: MODE_OPAQUE -> MODE_TRANSPARENT animate=false
08-16 10:12:34.165  2208  2208 D BarTransitions.HwNavigationBarView: applyModeBackground oldMode=MODE_OPAQUE newMode=MODE_TRANSPARENT animate=false
08-16 10:12:34.168  2580  6962 I OPCollectLog: OdmfHelper:insert database success
08-16 10:12:34.168  2580  6962 I OPCollectLog: OdmfHelper:opcollectCache size: 1
08-16 10:12:34.168  2580  6962 I OPCollectLog: OdmfHelper:opcollectCache lastTime: 574928263
08-16 10:12:34.168  2580  6962 I OPCollectLog: HwForegroundAppAction:handleMessage
08-16 10:12:34.168  2580  6962 D OPCollectLog: HwForegroundAppAction:FG executeWithArgs
08-16 10:12:34.168  2580  6962 I OPCollectLog: OPCollectUtils:ODMF Api Version:2.16.3
08-16 10:12:34.168  2580  6962 I OPCollectLog: Action:HwForegroundAppAction executed successfully
08-16 10:12:34.168  2580  6962 I OPCollectLog: HwForegroundAppAction:handleMessage
08-16 10:12:34.168  2580  6962 D OPCollectLog: HwForegroundAppAction:FG executeWithArgs
08-16 10:12:34.168  2580  6962 I OPCollectLog: OPCollectUtils:ODMF Api Version:2.16.3
08-16 10:12:34.168  2580  6962 I OPCollectLog: Action:HwForegroundAppAction executed successfully
08-16 10:12:34.168  2580  6962 D OPCollectLog: OdmfCollectScheduler:handleMessage msg: 4
08-16 10:12:34.168  2580  6962 I OPCollectLog: OdmfHelper:opcollectCache 1
08-16 10:12:34.168  2580  6962 I OPCollectLog: OdmfHelper:opcollectCache curTime: 574928263, interval: 0
08-16 10:12:34.169  2580  6962 I OPCollectLog: OdmfHelper:isCharging: true
08-16 10:12:34.170  2580  6962 I OPCollectLog: OdmfHelper:insert database success
08-16 10:12:34.170  2580  6962 I OPCollectLog: OdmfHelper:opcollectCache size: 1
08-16 10:12:34.170  2580  6962 I OPCollectLog: OdmfHelper:opcollectCache lastTime: 574928265
08-16 10:12:34.170  2580  6962 D OPCollectLog: OdmfCollectScheduler:handleMessage msg: 4
08-16 10:12:34.170  2580  6962 I OPCollectLog: OdmfHelper:opcollectCache 1
08-16 10:12:34.170  2580  6962 I OPCollectLog: OdmfHelper:opcollectCache curTime: 574928265, interval: 0
08-16 10:12:34.171  2580  6962 I OPCollectLog: OdmfHelper:isCharging: true
08-16 10:12:34.171 20784  7997 I SecurityComp10200303: SecureSSLSocketFactoryNew: createSocket s host port autoClose
08-16 10:12:34.171 20784  7997 I SecurityComp10200303: SecureSSLSocketFactoryNew: set default protocols
08-16 10:12:34.171 20784  7997 I SecurityComp10200303: SecureSSLSocketFactoryNew: set default cipher suites
08-16 10:12:34.171  1636  2813 D InputDispatcher: Window handle WindowManager has no registered input channel
08-16 10:12:34.173   757  1724 W BufferQueueProducer: [com.example.dogglers/androidx.test.core.app.InstrumentationActivityInvoker$EmptyActivity#1]:1390: disconnect: not connected (req=1)
08-16 10:12:34.173  7774  7850 W libEGL  : EGLNativeWindowType 0x76e4c28810 disconnect failed
08-16 10:12:34.177  7774  7836 I TestRunner: finished: clicking_horizontal_list_button_displays_horizontal_list(com.example.dogglers.ButtonTests)
