08-16 10:12:32.701  2208  2208 D BarTransitions.HwNavigationBarView: applyModeBackground oldMode=MODE_TRANSPARENT newMode=MODE_OPAQUE animate=false
08-16 10:12:32.714  1636 15277 D InputDispatcher: Window handle WindowManager has no registered input channel
08-16 10:12:32.720   757  1629 W BufferQueueProducer: [com.example.dogglers/com.example.dogglers.MainActivity#0]:1390: disconnect: not connected (req=1)
08-16 10:12:32.720  7774  7850 W libEGL  : EGLNativeWindowType 0x76e4c28810 disconnect failed
08-16 10:12:32.727  7774  7774 D LifecycleMonitor: Lifecycle status change: androidx.test.core.app.InstrumentationActivityInvoker$EmptyActivity@804623c in: PAUSED
08-16 10:12:32.727  7774  7774 V ActivityScenario: Activity lifecycle changed event received but ignored because the intent does not match. startActivityIntent=Intent { act=android.intent.action.MAIN cat=[android.intent.category.LAUNCHER] cmp=com.example.dogglers/.MainActivity }, activity.getIntent()=Intent { act=android.intent.action.MAIN cat=[android.intent.category.LAUNCHER] flg=0x10000000 cmp=com.example.dogglers/androidx.test.core.app.InstrumentationActivityInvoker$EmptyActivity }, activity=androidx.test.core.app.InstrumentationActivityInvoker$EmptyActivity@804623c
08-16 10:12:32.730  1636 15277 D ZrHung.AppEyeFocusWindow: FocusWindowErrorScene CheckFreezeScreen
08-16 10:12:32.731  1636 15277 D ZrHung.AppEyeTransparentWindow: TransparentWindow cancelCheckFreezeScreen
08-16 10:12:32.731  1636  1963 D InputDispatcher: Window handle WindowManager has no registered input channel
08-16 10:12:32.732  1046  1070 D AwareLog: iawared: WorkingsetProcessCommand subCmd = 352, userId=10431, pid=7774, com.example.dogglers/androidx.test.core.app.InstrumentationActivityInvoker$EmptyActivity
08-16 10:12:32.732  1046  1070 D AwareLog: iawared: WorkingsetStop com.example.dogglers/androidx.test.core.app.InstrumentationActivityInvoker$EmptyActivity
08-16 10:12:32.733  1046  1070 D AwareLog: iawared: WorkingsetProcessCommand subCmd = 350, userId=10431, pid=7774, com.example.dogglers/androidx.test.core.app.InstrumentationActivityInvoker$EmptyActivity
08-16 10:12:32.733  1046  1070 D AwareLog: iawared: WorkingsetSendPrereadMsg com.example.dogglers/androidx.test.core.app.InstrumentationActivityInvoker$EmptyActivity
08-16 10:12:32.733  1046  1070 D AwareLog: iawared: WorkingsetStart com.example.dogglers/androidx.test.core.app.InstrumentationActivityInvoker$EmptyActivity in monitor0
08-16 10:12:32.734  7774  7774 D LifecycleMonitor: Lifecycle status change: androidx.test.core.app.InstrumentationActivityInvoker$BootstrapActivity@c94532 in: DESTROYED
08-16 10:12:32.735  7774  7774 V ActivityScenario: Activity lifecycle changed event received but ignored because the intent does not match. startActivityIntent=Intent { act=android.intent.action.MAIN cat=[android.intent.category.LAUNCHER] cmp=com.example.dogglers/.MainActivity }, activity.getIntent()=Intent { act=android.intent.action.MAIN cat=[android.intent.category.LAUNCHER] flg=0x10008000 cmp=com.example.dogglers/androidx.test.core.app.InstrumentationActivityInvoker$BootstrapActivity (has extras) }, activity=androidx.test.core.app.InstrumentationActivityInvoker$BootstrapActivity@c94532
08-16 10:12:32.735  3386  7833 I HiAdKit.DC.PageSwitchEvent:  switch is off
08-16 10:12:32.735  3386  7833 I HiAdKit.DC.PaymentPageSwitchEvent:  switch is off
08-16 10:12:32.735  3386  7833 I HiAdKit.DC.LiteAppPageSwitchEvent:  switch is off
08-16 10:12:32.735  7774  7774 W ActivityThread: handleWindowVisibility: no activity for token android.os.BinderProxy@b3559c3
08-16 10:12:32.736  2661  3071 D DollieActivityManagerAdapter: [Paused] pid:7774 uid:10431 ComponentInfo{com.example.dogglers/androidx.test.core.app.InstrumentationActivityInvoker$EmptyActivity} uidState:2
08-16 10:12:32.736  2315  2315 E FullInputEventModel: onStartInput event aborted: fk.c0: could not obtain extracted text (class fk.c0)
08-16 10:12:32.739  7774  7774 D LifecycleMonitor: Lifecycle status change: androidx.test.core.app.InstrumentationActivityInvoker$EmptyActivity@6e2d240 in: PRE_ON_CREATE
08-16 10:12:32.739  7774  7774 V ActivityScenario: Activity lifecycle changed event received but ignored because the intent does not match. startActivityIntent=Intent { act=android.intent.action.MAIN cat=[android.intent.category.LAUNCHER] cmp=com.example.dogglers/.MainActivity }, activity.getIntent()=Intent { act=android.intent.action.MAIN cat=[android.intent.category.LAUNCHER] flg=0x10000000 cmp=com.example.dogglers/androidx.test.core.app.InstrumentationActivityInvoker$EmptyActivity }, activity=androidx.test.core.app.InstrumentationActivityInvoker$EmptyActivity@6e2d240
08-16 10:12:32.745  7774  7774 I DecorView[]: pkgName:com.example.dogglers old windowMode:0 new windoMode:1, isFixedSize:false
08-16 10:12:32.747  7774  7774 D LifecycleMonitor: Lifecycle status change: androidx.test.core.app.InstrumentationActivityInvoker$EmptyActivity@6e2d240 in: CREATED
08-16 10:12:32.747  7774  7774 V ActivityScenario: Activity lifecycle changed event received but ignored because the intent does not match. startActivityIntent=Intent { act=android.intent.action.MAIN cat=[android.intent.category.LAUNCHER] cmp=com.example.dogglers/.MainActivity }, activity.getIntent()=Intent { act=android.intent.action.MAIN cat=[android.intent.category.LAUNCHER] flg=0x10000000 cmp=com.example.dogglers/androidx.test.core.app.InstrumentationActivityInvoker$EmptyActivity }, activity=androidx.test.core.app.InstrumentationActivityInvoker$EmptyActivity@6e2d240
08-16 10:12:32.747  1636  1963 D InputDispatcher: Window handle WindowManager has no registered input channel
08-16 10:12:32.749  7774  7774 D LifecycleMonitor: Lifecycle status change: androidx.test.core.app.InstrumentationActivityInvoker$EmptyActivity@6e2d240 in: STARTED
08-16 10:12:32.749  7774  7774 V ActivityScenario: Activity lifecycle changed event received but ignored because the intent does not match. startActivityIntent=Intent { act=android.intent.action.MAIN cat=[android.intent.category.LAUNCHER] cmp=com.example.dogglers/.MainActivity }, activity.getIntent()=Intent { act=android.intent.action.MAIN cat=[android.intent.category.LAUNCHER] flg=0x10000000 cmp=com.example.dogglers/androidx.test.core.app.InstrumentationActivityInvoker$EmptyActivity }, activity=androidx.test.core.app.InstrumentationActivityInvoker$EmptyActivity@6e2d240
08-16 10:12:32.751  7774  7774 D LifecycleMonitor: Lifecycle status change: androidx.test.core.app.InstrumentationActivityInvoker$EmptyActivity@6e2d240 in: RESUMED
08-16 10:12:32.751  7774  7774 V ActivityScenario: Activity lifecycle changed event received but ignored because the intent does not match. startActivityIntent=Intent { act=android.intent.action.MAIN cat=[android.intent.category.LAUNCHER] cmp=com.example.dogglers/.MainActivity }, activity.getIntent()=Intent { act=android.intent.action.MAIN cat=[android.intent.category.LAUNCHER] flg=0x10000000 cmp=com.example.dogglers/androidx.test.core.app.InstrumentationActivityInvoker$EmptyActivity }, activity=androidx.test.core.app.InstrumentationActivityInvoker$EmptyActivity@6e2d240
08-16 10:12:32.752  7774  7774 D MouseWheelSynthesizer: mMoveStepInDp: 64, mMoveStepInPixel: 192, mUpTimeDelayed: 100
08-16 10:12:32.752  7774  7774 D ViewRootImpl: ViewRootImpl mIsInProductivePCDisplay: false
08-16 10:12:32.753  1636  1963 I HwPCUtils#HwRioViewManager: check if rio enable, displayId = 0， packageName = com.example.dogglers
08-16 10:12:32.756  7774  7774 D InputEventReceiver: dispatchInputInterval 1000000
08-16 10:12:32.758  2661  2756 I Hicom_Monitor: mActivityNotifierEx, className = androidx.test.core.app.InstrumentationActivityInvoker$EmptyActivity, uid = 10431
08-16 10:12:32.758  7774  7774 D LifecycleMonitor: Lifecycle status change: com.example.dogglers.MainActivity@5f95ee2 in: STOPPED
08-16 10:12:32.758  6225 12674 I CAWARENESS_AppUsageManager: Repeat info, don't need publish
08-16 10:12:32.758  7774  7774 V ActivityScenario: Update currentActivityStage to STOPPED, currentActivity=com.example.dogglers.MainActivity@5f95ee2
08-16 10:12:32.758  3386  7832 I HiAdKit.DC.PageSwitchEvent:  switch is off
08-16 10:12:32.759  3386  7832 I HiAdKit.DC.PaymentPageSwitchEvent:  switch is off
08-16 10:12:32.759  3386  7832 I HiAdKit.DC.LiteAppPageSwitchEvent:  switch is off
08-16 10:12:32.759  2661  3071 D DollieActivityManagerAdapter: [Resumed] bg:false pid:7774 uid:10431 ComponentInfo{com.example.dogglers/androidx.test.core.app.InstrumentationActivityInvoker$EmptyActivity}
08-16 10:12:32.759  2661  3071 E DollieAdapterService: notifyActivityState pkg:com.example.dogglers/androidx.test.core.app.InstrumentationActivityInvoker$EmptyActivity state:2 fg:true mUid:10431
08-16 10:12:32.759  2661  3071 I OllieMsgCenter: publishEvt=2130771985
08-16 10:12:32.759  2580 21526 I OPCollectLog: AppChangeImpl:call onAppChange.
08-16 10:12:32.759  7774  7774 D LifecycleMonitor: Lifecycle status change: com.example.dogglers.MainActivity@5f95ee2 in: DESTROYED
08-16 10:12:32.759  2580  6962 I OPCollectLog: HwForegroundAppAction:handleMessage
08-16 10:12:32.759  2580  6962 D OPCollectLog: HwForegroundAppAction:FG executeWithArgs
08-16 10:12:32.759  2580  6962 I OPCollectLog: OPCollectUtils:ODMF Api Version:2.16.3
08-16 10:12:32.760  2580  6962 I OPCollectLog: Action:HwForegroundAppAction executed successfully
08-16 10:12:32.760  7774  7774 V ActivityScenario: Update currentActivityStage to DESTROYED, currentActivity=null
08-16 10:12:32.760  2580  6962 D OPCollectLog: OdmfCollectScheduler:handleMessage msg: 4
08-16 10:12:32.760  2580  6962 I OPCollectLog: OdmfHelper:opcollectCache 1
08-16 10:12:32.760  2580  6962 I OPCollectLog: OdmfHelper:opcollectCache curTime: 574926854, interval: 91
08-16 10:12:32.760  2580  6962 I OPCollectLog: OdmfHelper:isCharging: true
08-16 10:12:32.762  2580  6962 I OPCollectLog: OdmfHelper:insert database success
08-16 10:12:32.762  2580  6962 I OPCollectLog: OdmfHelper:opcollectCache size: 1
08-16 10:12:32.762  2580  6962 I OPCollectLog: OdmfHelper:opcollectCache lastTime: 574926857
08-16 10:12:32.764  1636  1963 D InputDispatcher: Window handle WindowManager has no registered input channel
08-16 10:12:32.764  7774  7774 D DecorView: showOrHideHighlightView: hasFocus=false; winMode=1; isMrgNull=true
08-16 10:12:32.768  7774  7926 D HiTouch_PressGestureDetector: onAttached, package=com.example.dogglers, windowType=1, mIsHiTouchRestricted=false
08-16 10:12:32.772  1636  1963 D ZrHung.AppEyeFocusWindow: FocusWindowErrorScene cancelCheckFreezeScreen
08-16 10:12:32.772  1636  1963 D ZrHung.AppEyeTransparentWindow: TransparentWindow mHungConfigStatus = 0,mHungConfigEnable = 1
08-16 10:12:32.774  7774  7850 D mali_winsys: EGLint new_window_surface(egl_winsys_display *, void *, EGLSurface, EGLConfig, egl_winsys_surface **, EGLBoolean) returns 0x3000
08-16 10:12:32.781  1636  1963 D InputDispatcher: Window handle WindowManager has no registered input channel
08-16 10:12:32.790  7774  7774 D DecorView: showOrHideHighlightView: hasFocus=true; winMode=1; isMrgNull=true
08-16 10:12:32.790  7774  7774 W InputMethodManager: startInputReason = 1
08-16 10:12:32.790  7774  7774 W HwRemoteInputMethodManager: isCasting false because IHwDistributedWindowManager is invalid.
08-16 10:12:32.796  1636  1963 D ZrHung.AppEyeFocusWindow: FocusWindowErrorScene CheckFreezeScreen
08-16 10:12:32.796  1636  1963 D ZrHung.AppEyeTransparentWindow: TransparentWindow cancelCheckFreezeScreen
08-16 10:12:32.796  2661  2775 I AssistantService-11.2.1.200: registerHwActivityNotifier call fromPackage:com.example.dogglers, toPackage:com.huawei.android.launcher
08-16 10:12:32.797  2661 11726 I Hicom_Monitor: mAppSwitchNotifierEx. uid: 10065, foreground app: com.huawei.android.launcher, foreground activity: com.huawei.android.launcher.unihome.UniHomeLauncher
08-16 10:12:32.797  2661  6711 D AssistantService-11.2.1.200: handleMessage app switch fromPackage:com.example.dogglers, toPackage:com.huawei.android.launcher
08-16 10:12:32.797  2690  3310 I ScenarioService: app focus change from: com.example.dogglers to:com.huawei.android.launcher
08-16 10:12:32.797  2690  3310 I ScenarioService: add focus on app:com.huawei.android.launcher to visiblePkgs
08-16 10:12:32.797  1021 29289 I AGPService: aps-info: focus pkgName - com.example.dogglers, with 0 more apps
08-16 10:12:32.797  2730  7731 W HwLauncher: ExitAppAnimationManager getAnimationInfoMyself, mAnimationInfo = com.huawei.android.launcher.exitapp.ExitAppAnimationManager$AnimationInfo@44141c7
08-16 10:12:32.797  1636  2504 D InputDispatcher: Window handle WindowManager has no registered input channel
08-16 10:12:32.797  2730  2730 W HwLauncher: RotationHelper hideAdjacentScreen, launcher is not transposed. RotationMode = com.huawei.android.launcher.graphics.RotationMode$1{293d90b surfaceRotation = 0.0,isTransposed = false}
08-16 10:12:32.798  2661  3353 W Hicom_XEngineProc: handleForegroundAppChanged. Feature is not enable.
08-16 10:12:32.799  6225 12674 I CAWARENESS_AppUsageManager: onEvent, packageName=com.huawei.android.launcher, activityName=com.huawei.android.launcher.unihome.UniHomeLauncher
08-16 10:12:32.802  3386  7816 I HiAdKit.DC.PersistentMessageCenter:  notifyMessage com.huawei.hwid_app_switch_from_to_intent
08-16 10:12:32.802   757  1624 W BufferQueueProducer: [com.example.dogglers/androidx.test.core.app.InstrumentationActivityInvoker$EmptyActivity#0]:1390: disconnect: not connected (req=1)
08-16 10:12:32.803  7774  7850 W libEGL  : EGLNativeWindowType 0x76e4c28bd0 disconnect failed
08-16 10:12:32.803 28785 28785 I GsaVoiceInteractionSrv: (REDACTED) O received %s
08-16 10:12:32.804  6225 12674 I CAWARENESS_AbilityContext: [1692195360297] publishing {dataId=100000006, mode=0}
08-16 10:12:32.804  6225 12674 I CAWARENESS_AbilityContext: [1692195360297] deliver {dataId=100000006, mode=0} to 5 receivers
08-16 10:12:32.805  2624 10575 I iconnect:BluetoothApi: adapter status 12
08-16 10:12:32.805  2624 10575 I iconnect:NearbyDeviceDetect: isPropEnable=true, isBluetoothEnabled=true, isScreenOn=true, isNotSpecialAppOnTop=true, scanCondition=0
08-16 10:12:32.805  2624 10575 I iconnect:DeviceStateMachineManager: report:NOT_SPECIAL_APP_ON_TOP device:D
08-16 10:12:32.805  2624 10575 I iconnect:DeviceStateMachineManager: Return exist stateMachine
08-16 10:12:32.809  7774  7774 D LifecycleMonitor: Lifecycle status change: androidx.test.core.app.InstrumentationActivityInvoker$EmptyActivity@6e2d240 in: PAUSED
08-16 10:12:32.809  7774  7936 I StubController: system app validUid:10431, isFriend:true
08-16 10:12:32.810  7774  7774 V ActivityScenario: Activity lifecycle changed event received but ignored because the intent does not match. startActivityIntent=Intent { act=android.intent.action.MAIN cat=[android.intent.category.LAUNCHER] cmp=com.example.dogglers/.MainActivity }, activity.getIntent()=Intent { act=android.intent.action.MAIN cat=[android.intent.category.LAUNCHER] flg=0x10000000 cmp=com.example.dogglers/androidx.test.core.app.InstrumentationActivityInvoker$EmptyActivity }, activity=androidx.test.core.app.InstrumentationActivityInvoker$EmptyActivity@6e2d240
08-16 10:12:32.813  1636  1963 D InputDispatcher: Window handle WindowManager has no registered input channel
08-16 10:12:32.815 26909 26909 I HiBoard_22.0.8.300_Workspace: onWindowVisibilityChanged：0 isOverlayClosed:true
08-16 10:12:32.815 26909 26909 I HiBoard_22.0.8.300_ShareCodeClipboardHelper: removeClipboardView is executed!
08-16 10:12:32.815  7774  7774 D DecorView: showOrHideHighlightView: hasFocus=false; winMode=1; isMrgNull=true
08-16 10:12:32.817 26909 27127 I HiBoard_22.0.8.300_ShareCodeClipboardHelper: handleMsg 5
08-16 10:12:32.817  7774  7836 I TestRunner: finished: grid_list_button_is_displayed(com.example.dogglers.ButtonTests)
