08-16 10:12:37.553  7774  7836 I TestRunner: started: horizontal_list_button_is_displayed(com.example.dogglers.ButtonTests)
08-16 10:12:37.554  8174  8678 E Cloud[13.2.0.303]Base.BaseUtil: isAppInstalled exception: android.content.pm.PackageManager$NameNotFoundException: com.huawei.contacts
08-16 10:12:37.555  8174  8174 I Cloud[13.2.0.303]Sync.ObserverManager: initContext
08-16 10:12:37.555  8174  8678 E Cloud[13.2.0.303]Base.BaseUtil: isAppInstalled exception: android.content.pm.PackageManager$NameNotFoundException: com.huawei.mms
08-16 10:12:37.556  8174  8619 I SecurityComp10200303: SX509TM: checkServerTrusted begin,size=2,authType=GENERIC
08-16 10:12:37.556  8174  8678 E Cloud[13.2.0.303]Base.BaseUtil: isAppInstalled exception: android.content.pm.PackageManager$NameNotFoundException: com.huawei.mms
08-16 10:12:37.556  8174  8678 E Cloud[13.2.0.303]Base.BaseUtil: isAppInstalled exception: android.content.pm.PackageManager$NameNotFoundException: com.huawei.contacts
08-16 10:12:37.559  7774  7836 W Settings: Setting always_finish_activities has moved from android.provider.Settings.System to android.provider.Settings.Global, returning read-only value.
08-16 10:12:37.560  8174  8619 I SecurityComp10200303: SX509TM: check server i=0
08-16 10:12:37.560  8174  8678 E Cloud[13.2.0.303]Base.BaseUtil: isAppInstalled exception: android.content.pm.PackageManager$NameNotFoundException: com.huawei.calendar
08-16 10:12:37.560  8174  8683 I Cloud[13.2.0.303]Base.SettingsCheckTask: SettingsCheckTask overtime: 6834523
08-16 10:12:37.560  8174  8678 E Cloud[13.2.0.303]Base.BaseUtil: isAppInstalled exception: android.content.pm.PackageManager$NameNotFoundException: com.huawei.notepad
08-16 10:12:37.560  8174  8619 I SecurityComp10200303: SX509TM: client root ca size=1
08-16 10:12:37.561  8174  8174 I Cloud[13.2.0.303]Sync.ObserverManager: unRegisterRecordingScheduler
08-16 10:12:37.561  8174  8174 I Cloud[13.2.0.303]Base.BaseUtil: Application.getProcessName:com.huawei.hidisk
08-16 10:12:37.561  8174  8174 E Cloud[13.2.0.303]Sync.CloudSyncManager: init file backup native service err: java.lang.reflect.InvocationTargetException
08-16 10:12:37.561  8174  8678 E Cloud[13.2.0.303]Base.BaseUtil: isAppInstalled exception: android.content.pm.PackageManager$NameNotFoundException: com.huawei.deskclock
08-16 10:12:37.561  8174  8678 E Cloud[13.2.0.303]Base.BaseUtil: isAppInstalled exception: android.content.pm.PackageManager$NameNotFoundException: com.huawei.deskclock
08-16 10:12:37.562  8174  8678 E Cloud[13.2.0.303]Base.BaseUtil: isAppInstalled exception: android.content.pm.PackageManager$NameNotFoundException: com.huawei.calendar
08-16 10:12:37.562  8174  8678 E Cloud[13.2.0.303]Base.BaseUtil: isAppInstalled exception: android.content.pm.PackageManager$NameNotFoundException: com.huawei.photos
08-16 10:12:37.564  8174  8174 I Cloud[13.2.0.303]Finder.PhoneFinderManager: init
08-16 10:12:37.564  8174  8174 I Cloud[13.2.0.303]Base.BaseUtil: Application.getProcessName:com.huawei.hidisk
08-16 10:12:37.565  1636  1963 D InputDispatcher: Window handle WindowManager has no registered input channel
08-16 10:12:37.567  1636  1636 D HwConnectivityManagerImpl: getNetworkPolicyFlag flagStr null
08-16 10:12:37.567  8174  8685 I Cloud[13.2.0.303]Base.BaseUtil: read local config str success
08-16 10:12:37.571  8360  8360 I Cloud[13.2.0.303]Sync.PowerConnectJobService: PowerConnectJobService onStartJob
08-16 10:12:37.571  8360  8360 I Cloud[13.2.0.303]Sync.PowerConnectJobService: doPowerConnectJob isAgreeTerms: true
08-16 10:12:37.571  8174  8685 W Cloud[13.2.0.303]Sync.SyncRetryObserverManager: retryOMParam is null no retry
08-16 10:12:37.572  8174  8619 E SecurityComp10200303: SX509TM: checkServerTrusted error :Chain validation failed , time : 0
08-16 10:12:37.572  8174  8619 E SecurityComp10200303: SX509TM: root ca issuer : CN=Huawei CBG Root CA, OU=Huawei CBG, O=Huawei, C=CN
08-16 10:12:37.574  8174  8619 W NetworkKit_f: NetworkKit_GRS_RequestController-Task_1 -->NetworkKit_GRS_RequestController-Task_2|network.grs.g.f|249|RequestCallableV2 run task catch IOException
08-16 10:12:37.574  8174  8619 W NetworkKit_f: javax.net.ssl.SSLHandshakeException: C*a*n*v*l*d*t*o* *a*l*d
08-16 10:12:37.574  8174  8619 W NetworkKit_f: 	at com.android.org.conscrypt.ConscryptFileDescriptorSocket.startHandshake(ConscryptFileDescriptorSocket.java:231)
08-16 10:12:37.574  8174  8619 W NetworkKit_f: 	at com.android.okhttp.internal.io.RealConnection.connectTls(RealConnection.java:196)
08-16 10:12:37.574  8174  8619 W NetworkKit_f: 	at com.android.okhttp.internal.io.RealConnection.connectSocket(RealConnection.java:153)
08-16 10:12:37.574  8174  8619 W NetworkKit_f: 	at com.android.okhttp.internal.io.RealConnection.connect(RealConnection.java:116)
08-16 10:12:37.574  8174  8619 W NetworkKit_f: 	at com.android.okhttp.internal.http.StreamAllocation.findConnection(StreamAllocation.java:186)
08-16 10:12:37.574  8174  8619 W NetworkKit_f: 	at com.android.okhttp.internal.http.StreamAllocation.findHealthyConnection(StreamAllocation.java:128)
08-16 10:12:37.574  8174  8619 W NetworkKit_f: 	at com.android.okhttp.internal.http.StreamAllocation.newStream(StreamAllocation.java:97)
08-16 10:12:37.574  8174  8619 W NetworkKit_f: 	at com.android.okhttp.internal.http.HttpEngine.connect(HttpEngine.java:289)
08-16 10:12:37.574  8174  8619 W NetworkKit_f: Caused by: java.security.cert.CertificateException: C*a*n*v*l*d*t*o* *a*l*d
08-16 10:12:37.574  8174  8619 W NetworkKit_f: 	at com.android.org.conscrypt.TrustManagerImpl.verifyChain(TrustManagerImpl.java:721)
08-16 10:12:37.574  8174  8619 W NetworkKit_f: 	at com.android.org.conscrypt.TrustManagerImpl.checkTrustedRecursive(TrustManagerImpl.java:551)
08-16 10:12:37.574  8174  8619 W NetworkKit_f: 	at com.android.org.conscrypt.TrustManagerImpl.checkTrustedRecursive(TrustManagerImpl.java:572)
08-16 10:12:37.574  8174  8619 W NetworkKit_f: 	at com.android.org.conscrypt.TrustManagerImpl.checkTrustedRecursive(TrustManagerImpl.java:617)
08-16 10:12:37.574  8174  8619 W NetworkKit_f: 	at com.android.org.conscrypt.TrustManagerImpl.checkTrusted(TrustManagerImpl.java:507)
08-16 10:12:37.574  8174  8619 W NetworkKit_f: 	at com.android.org.conscrypt.TrustManagerImpl.checkServerTrusted(TrustManagerImpl.java:335)
08-16 10:12:37.574  8174  8619 W NetworkKit_f: 	at android.security.net.config.NetworkSecurityTrustManager.checkServerTrusted(NetworkSecurityTrustManager.java:113)
08-16 10:12:37.574  8174  8619 W NetworkKit_f: 	at android.security.net.config.NetworkSecurityTrustManager.checkServerTrusted(NetworkSecurityTrustManager.java:87)
08-16 10:12:37.574  8174  8619 W NetworkKit_f: 	at android.security.net.config.RootTrustManager.checkServerTrusted(RootTrustManager.java:117)
08-16 10:12:37.574  8174  8619 W NetworkKit_f: 	at com.huawei.secure.android.common.ssl.SecureX509TrustManager.checkServerTrusted(SourceFile:23)
08-16 10:12:37.574  8174  8619 W NetworkKit_f: 	at com.android.org.conscrypt.Platform.checkServerTrusted(Platform.java:228)
08-16 10:12:37.574  8174  8619 W NetworkKit_f: 	at com.android.org.conscrypt.ConscryptFileDescriptorSocket.verifyCertificateChain(ConscryptFileDescriptorSocket.java:407)
08-16 10:12:37.574  8174  8619 W NetworkKit_f: 	at com.android.org.conscrypt.NativeCrypto.SSL_do_handshake(Native Method)
08-16 10:12:37.574  8174  8619 W NetworkKit_f: 	at com.android.org.conscrypt.NativeSsl.doHandshake(NativeSsl.java:387)
08-16 10:12:37.574  8174  8619 W NetworkKit_f: 	at com.android.org.conscrypt.ConscryptFileDescriptorSocket.startHandshake(ConscryptFileDescriptorSocket.java:226)
08-16 10:12:37.574  8174  8619 W NetworkKit_f: 	at com.android.okhttp.internal.io.RealConnection.connectTls(RealConnection.java:196)
08-16 10:12:37.574  8174  8619 W NetworkKit_f: 	at com.android.okhttp.internal.io.RealConnection.connectSocket(RealConnection.java:153)
08-16 10:12:37.574  8174  8619 W NetworkKit_f: 	at com.android.okhttp.internal.io.RealConnection.connect(RealConnection.java:116)
08-16 10:12:37.574  8174  8619 W NetworkKit_f: 	at com.android.okhttp.internal.http.StreamAllocation.findConnection(StreamAllocation.java:186)
08-16 10:12:37.574  8174  8619 W NetworkKit_f: 	at com.android.okhttp.internal.http.StreamAllocation.findHealthyConnection(StreamAllocation.java:128)
08-16 10:12:37.574  8174  8619 W NetworkKit_f: Caused by: java.security.cert.CertPathValidatorException: t*m*s*a*p*c*e*k*f*i*e*
08-16 10:12:37.574  8174  8619 W NetworkKit_f: 	at sun.security.provider.certpath.PKIXMasterCertPathValidator.validate(PKIXMasterCertPathValidator.java:135)
08-16 10:12:37.574  8174  8619 W NetworkKit_f: 	at sun.security.provider.certpath.PKIXCertPathValidator.validate(PKIXCertPathValidator.java:222)
08-16 10:12:37.574  8174  8619 W NetworkKit_f: 	at sun.security.provider.certpath.PKIXCertPathValidator.validate(PKIXCertPathValidator.java:140)
08-16 10:12:37.574  8174  8619 W NetworkKit_f: 	at sun.security.provider.certpath.PKIXCertPathValidator.engineValidate(PKIXCertPathValidator.java:79)
08-16 10:12:37.574  8174  8619 W NetworkKit_f: 	at java.security.cert.CertPathValidator.validate(CertPathValidator.java:301)
08-16 10:12:37.574  8174  8619 W NetworkKit_f: 	at com.android.org.conscrypt.TrustManagerImpl.verifyChain(TrustManagerImpl.java:717)
08-16 10:12:37.574  8174  8619 W NetworkKit_f: 	at com.android.org.conscrypt.TrustManagerImpl.checkTrustedRecursive(TrustManagerImpl.java:551)
08-16 10:12:37.574  8174  8619 W NetworkKit_f: 	at com.android.org.conscrypt.TrustManagerImpl.checkTrustedRecursive(TrustManagerImpl.java:572)
08-16 10:12:37.574  8174  8619 W NetworkKit_f: 	at com.android.org.conscrypt.TrustManagerImpl.checkTrustedRecursive(TrustManagerImpl.java:617)
08-16 10:12:37.574  8174  8619 W NetworkKit_f: 	at com.android.org.conscrypt.TrustManagerImpl.checkTrusted(TrustManagerImpl.java:507)
08-16 10:12:37.574  8174  8619 W NetworkKit_f: 	at com.android.org.conscrypt.TrustManagerImpl.checkServerTrusted(TrustManagerImpl.java:335)
08-16 10:12:37.574  8174  8619 W NetworkKit_f: 	at android.security.net.config.NetworkSecurityTrustManager.checkServerTrusted(NetworkSecurityTrustManager.java:113)
08-16 10:12:37.574  8174  8619 W NetworkKit_f: 	at android.security.net.config.NetworkSecurityTrustManager.checkServerTrusted(NetworkSecurityTrustManager.java:87)
08-16 10:12:37.574  8174  8619 W NetworkKit_f: 	at android.security.net.config.RootTrustManager.checkServerTrusted(RootTrustManager.java:117)
08-16 10:12:37.574  8174  8619 W NetworkKit_f: 	at com.huawei.secure.android.common.ssl.SecureX509TrustManager.checkServerTrusted(SourceFile:23)
08-16 10:12:37.574  8174  8619 W NetworkKit_f: 	at com.android.org.conscrypt.Platform.checkServerTrusted(Platform.java:228)
08-16 10:12:37.574  8174  8619 W NetworkKit_f: 	at com.android.org.conscrypt.ConscryptFileDescriptorSocket.verifyCertificateChain(ConscryptFileDescriptorSocket.java:407)
08-16 10:12:37.574  8174  8619 W NetworkKit_f: 	at com.android.org.conscrypt.NativeCrypto.SSL_do_handshake(Native Method)
08-16 10:12:37.574  8174  8619 W NetworkKit_f: 	at com.android.org.conscrypt.NativeSsl.doHandshake(NativeSsl.java:387)
08-16 10:12:37.574  8174  8619 W NetworkKit_f: 	at com.android.org.conscrypt.ConscryptFileDescriptorSocket.startHandshake(ConscryptFileDescriptorSocket.java:226)
08-16 10:12:37.574  8174  8619 W NetworkKit_f: Caused by: java.security.cert.CertificateExpiredException: C*r*i*i*a*e*e*p*r*d*a* *r* *a* *3*0*:*0*1* *M*-*3*0* *0*3*(*o*p*r*d*t* *e* *u* *6*1*:*2*3* *M*-*4*0* *0*3*
08-16 10:12:37.574  8174  8619 W NetworkKit_f: 	at com.android.org.conscrypt.OpenSSLX509Certificate.checkValidity(OpenSSLX509Certificate.java:268)
08-16 10:12:37.574  8174  8619 W NetworkKit_f: 	at sun.security.provider.certpath.BasicChecker.verifyTimestamp(BasicChecker.java:194)
08-16 10:12:37.574  8174  8619 W NetworkKit_f: 	at sun.security.provider.certpath.BasicChecker.check(BasicChecker.java:144)
08-16 10:12:37.574  8174  8619 W NetworkKit_f: 	at sun.security.provider.certpath.PKIXMasterCertPathValidator.validate(PKIXMasterCertPathValidator.java:125)
08-16 10:12:37.574  8174  8619 W NetworkKit_f: 	at sun.security.provider.certpath.PKIXCertPathValidator.validate(PKIXCertPathValidator.java:222)
08-16 10:12:37.574  8174  8619 W NetworkKit_f: 	at sun.security.provider.certpath.PKIXCertPathValidator.validate(PKIXCertPathValidator.java:140)
08-16 10:12:37.574  8174  8619 W NetworkKit_f: 	at sun.security.provider.certpath.PKIXCertPathValidator.engineValidate(PKIXCertPathValidator.java:79)
08-16 10:12:37.574  8174  8619 W NetworkKit_f: 	at java.security.cert.CertPathValidator.validate(CertPathValidator.java:301)
08-16 10:12:37.574  8174  8619 W NetworkKit_f: 	at com.android.org.conscrypt.TrustManagerImpl.verifyChain(TrustManagerImpl.java:717)
08-16 10:12:37.574  8174  8619 W NetworkKit_f: 	at com.android.org.conscrypt.TrustManagerImpl.checkTrustedRecursive(TrustManagerImpl.java:551)
08-16 10:12:37.574  8174  8619 W NetworkKit_f: 	at com.android.org.conscrypt.TrustManagerImpl.checkTrustedRecursive(TrustManagerImpl.java:572)
08-16 10:12:37.574  8174  8619 W NetworkKit_f: 	at com.android.org.conscrypt.TrustManagerImpl.checkTrustedRecursive(TrustManagerImpl.java:617)
08-16 10:12:37.574  8174  8619 W NetworkKit_f: 	at com.android.org.conscrypt.TrustManagerImpl.checkTrusted(TrustManagerImpl.java:507)
08-16 10:12:37.574  8174  8619 W NetworkKit_f: 	at com.android.org.conscrypt.TrustManagerImpl.checkServerTrusted(TrustManagerImpl.java:335)
08-16 10:12:37.574  8174  8619 W NetworkKit_f: 	at android.security.net.config.NetworkSecurityTrustManager.checkServerTrusted(NetworkSecurityTrustManager.java:113)
08-16 10:12:37.574  8174  8619 W NetworkKit_f: 	at android.security.net.config.NetworkSecurityTrustManager.checkServerTrusted(NetworkSecurityTrustManager.java:87)
08-16 10:12:37.574  8174  8619 W NetworkKit_f: 	at android.security.net.config.RootTrustManager.checkServerTrusted(RootTrustManager.java:117)
08-16 10:12:37.574  8174  8619 W NetworkKit_f: 	at com.huawei.secure.android.common.ssl.SecureX509TrustManager.checkServerTrusted(SourceFile:23)
08-16 10:12:37.574  8174  8619 W NetworkKit_f: 	at com.android.org.conscrypt.Platform.checkServerTrusted(Platform.java:228)
08-16 10:12:37.574  8174  8619 W NetworkKit_f: 	at com.android.org.conscrypt.ConscryptFileDescriptorSocket.verifyCertificateChain(ConscryptFileDescriptorSocket.java:407)
08-16 10:12:37.575  8174  8619 I NetworkKit_f: NetworkKit_GRS_RequestController-Task_1 -->NetworkKit_GRS_RequestController-Task_2|network.grs.g.f|10|Post call execute
08-16 10:12:37.575  1636  2127 I HWRME LIBHWRME_CLIENT: ResMngMmEvent interface arg 0, 10431
08-16 10:12:37.577   664  1311 W /system/bin/netd: A binder object at 0x7903947f40 is being transacted on, however, this object is in the same process as its proxy. Transacting with this binder is expensive compared to just calling the corresponding functionality in the same process.
08-16 10:12:37.577  8174  8678 I Cloud[13.2.0.303]Sync.GetOptionsInfoFromCloneTask: begin getBackupModuleInfo
08-16 10:12:37.580  1636  1963 D InputDispatcher: Window handle WindowManager has no registered input channel
08-16 10:12:37.582  8174  8678 I Cloud[13.2.0.303]Sync.CloudBackupV3Utils: last success record is null.
08-16 10:12:37.584  8360  8639 I SecurityComp10200303: SX509TM: checkServerTrusted begin,size=2,authType=GENERIC
08-16 10:12:37.584  1046  1070 D AwareLog: iawared: WorkingsetProcessCommand subCmd = 352, userId=10431, pid=7774, com.example.dogglers/androidx.test.core.app.InstrumentationActivityInvoker$EmptyActivity
08-16 10:12:37.584  1046  1070 D AwareLog: iawared: WorkingsetStop com.example.dogglers/androidx.test.core.app.InstrumentationActivityInvoker$EmptyActivity
08-16 10:12:37.585  8360  8639 I SecurityComp10200303: SX509TM: check server i=0
08-16 10:12:37.585  1046  1070 D AwareLog: iawared: WorkingsetProcessCommand subCmd = 350, userId=10431, pid=7774, com.example.dogglers/androidx.test.core.app.InstrumentationActivityInvoker$BootstrapActivity
08-16 10:12:37.585  1046  1070 D AwareLog: iawared: WorkingsetSendPrereadMsg com.example.dogglers/androidx.test.core.app.InstrumentationActivityInvoker$BootstrapActivity
08-16 10:12:37.586  1046  1070 D AwareLog: iawared: WorkingsetStart com.example.dogglers/androidx.test.core.app.InstrumentationActivityInvoker$BootstrapActivity in monitor0
08-16 10:12:37.586  8360  8639 I SecurityComp10200303: SX509TM: client root ca size=1
08-16 10:12:37.588  2661  5454 E DollieActivityManagerAdapter: HwActivityNotifierEx null uid
08-16 10:12:37.589  3386  7832 I HiAdKit.DC.PageSwitchEvent:  switch is off
08-16 10:12:37.589  3386  7832 I HiAdKit.DC.PaymentPageSwitchEvent:  switch is off
08-16 10:12:37.589  3386  7832 I HiAdKit.DC.LiteAppPageSwitchEvent:  switch is off
08-16 10:12:37.596  2690  3438 I AppFastHibernation: rev F_Z exception for visible pkg: com.example.dogglers
08-16 10:12:37.597  1636  2127 D InputDispatcher: Window handle WindowManager has no registered input channel
08-16 10:12:37.598  1636  1653 D ZrHung.AppEyeFocusWindow: FocusWindowErrorScene CheckFreezeScreen
08-16 10:12:37.598  1636  1653 D ZrHung.AppEyeTransparentWindow: TransparentWindow cancelCheckFreezeScreen
08-16 10:12:37.598  7774  7774 W ActivityThread: handleWindowVisibility: no activity for token android.os.BinderProxy@73cee03
08-16 10:12:37.598  2661 21890 I Hicom_Monitor: mAppSwitchNotifierEx. uid: 10431, foreground app: com.example.dogglers, foreground activity: androidx.test.core.app.InstrumentationActivityInvoker$BootstrapActivity
08-16 10:12:37.599  2661  5454 I AssistantService-11.2.1.200: registerHwActivityNotifier call fromPackage:com.huawei.android.launcher, toPackage:com.example.dogglers
08-16 10:12:37.599  2661  6711 D AssistantService-11.2.1.200: handleMessage app switch fromPackage:com.huawei.android.launcher, toPackage:com.example.dogglers
08-16 10:12:37.599  3386  7833 I HiAdKit.DC.PersistentMessageCenter:  notifyMessage com.huawei.hwid_app_switch_from_to_intent
08-16 10:12:37.601  8174  8174 I Cloud[13.2.0.303]Finder.LocateTrackEventManager: PhoneFinder onAppStart task add
08-16 10:12:37.601  8174  8690 I Cloud[13.2.0.303]Finder.LocateTrackEventManager: PhoneFinder onAppStart start task
08-16 10:12:37.602  1636  1663 E system_server: Invalid ID 0x00000000.
08-16 10:12:37.602  2661  3071 D DollieActivityManagerAdapter: [Paused] pid:2730 uid:10065 ComponentInfo{com.huawei.android.launcher/com.huawei.android.launcher.unihome.UniHomeLauncher} uidState:2
08-16 10:12:37.603  1636  1663 I DecorView[dogglers]: pkgName:com.example.dogglers old windowMode:0 new windoMode:1, isFixedSize:false
08-16 10:12:37.603  2690  3310 D ScenarioService: front pkg : com.example.dogglers launcher: false
08-16 10:12:37.603  2690  3310 D ScenarioService: new above launcher front pkgs: [com.example.dogglers]
08-16 10:12:37.603  2690  3310 I AppsUsage: scnOff:false FgAPP:com.example.dogglers BgAPP:com.huawei.android.launcher
08-16 10:12:37.603  8360  8639 E SecurityComp10200303: SX509TM: checkServerTrusted error :Chain validation failed , time : 0
08-16 10:12:37.604  1636  1663 D MouseWheelSynthesizer: mMoveStepInDp: 64, mMoveStepInPixel: 192, mUpTimeDelayed: 100
08-16 10:12:37.604  1636  1663 D ViewRootImpl: ViewRootImpl mIsInProductivePCDisplay: false
08-16 10:12:37.604  1636  1663 I HwPCUtils#HwRioViewManager: check if rio enable, displayId = 0， packageName = com.example.dogglers
08-16 10:12:37.604  8360  8639 E SecurityComp10200303: SX509TM: root ca issuer : CN=Huawei CBG Root CA, OU=Huawei CBG, O=Huawei, C=CN
08-16 10:12:37.605  1636  1636 D HwConnectivityManagerImpl: getNetworkPolicyFlag flagStr null
08-16 10:12:37.605  3386  7832 I HiAdKit.DC.PageSwitchEvent:  switch is off
08-16 10:12:37.606  3386  7832 I HiAdKit.DC.PaymentPageSwitchEvent:  switch is off
08-16 10:12:37.606  3386  7832 I HiAdKit.DC.LiteAppPageSwitchEvent:  switch is off
08-16 10:12:37.606  2690  3438 I PG_ash  : front pkg : com.example.dogglers
08-16 10:12:37.606  2690  3646 I PGServer: report state:10010 event type:2 pid:0 uid:0 pkg:com.huawei.android.launcher to pid: 2690
08-16 10:12:37.606  2690  3646 I SceneReceiver: state type: 10010 eventType:2 pid:0 uid:0 pkg:com.huawei.android.launcher
08-16 10:12:37.606  2690  3646 I PGServer: report state:10010 event type:2 pid:0 uid:0 pkg:com.huawei.android.launcher to pid: 1636
08-16 10:12:37.606  2690  3646 I PGServer: report state:10000 event type:1 pid:0 uid:0 pkg:com.example.dogglers to pid: 2690
08-16 10:12:37.606  2690  3646 I SceneReceiver: state type: 10000 eventType:1 pid:0 uid:0 pkg:com.example.dogglers
08-16 10:12:37.607  1636  1663 D InputEventReceiver: dispatchInputInterval 1000000
08-16 10:12:37.607  2661  3353 W Hicom_XEngineProc: handleForegroundAppChanged. Feature is not enable.
08-16 10:12:37.608  8360  8639 W NetworkKit_f: NetworkKit_GRS_RequestController-Task_1 -->NetworkKit_GRS_RequestController-Task_2|network.grs.g.f|249|RequestCallableV2 run task catch IOException
08-16 10:12:37.608  8360  8639 W NetworkKit_f: javax.net.ssl.SSLHandshakeException: C*a*n*v*l*d*t*o* *a*l*d
08-16 10:12:37.608  8360  8639 W NetworkKit_f: 	at com.android.org.conscrypt.ConscryptFileDescriptorSocket.startHandshake(ConscryptFileDescriptorSocket.java:231)
08-16 10:12:37.608  8360  8639 W NetworkKit_f: 	at com.android.okhttp.internal.io.RealConnection.connectTls(RealConnection.java:196)
08-16 10:12:37.608  8360  8639 W NetworkKit_f: 	at com.android.okhttp.internal.io.RealConnection.connectSocket(RealConnection.java:153)
08-16 10:12:37.608  8360  8639 W NetworkKit_f: 	at com.android.okhttp.internal.io.RealConnection.connect(RealConnection.java:116)
08-16 10:12:37.608  8360  8639 W NetworkKit_f: 	at com.android.okhttp.internal.http.StreamAllocation.findConnection(StreamAllocation.java:186)
08-16 10:12:37.608  8360  8639 W NetworkKit_f: 	at com.android.okhttp.internal.http.StreamAllocation.findHealthyConnection(StreamAllocation.java:128)
08-16 10:12:37.608  8360  8639 W NetworkKit_f: 	at com.android.okhttp.internal.http.StreamAllocation.newStream(StreamAllocation.java:97)
08-16 10:12:37.608  8360  8639 W NetworkKit_f: 	at com.android.okhttp.internal.http.HttpEngine.connect(HttpEngine.java:289)
08-16 10:12:37.608  8360  8639 W NetworkKit_f: Caused by: java.security.cert.CertificateException: C*a*n*v*l*d*t*o* *a*l*d
08-16 10:12:37.608  8360  8639 W NetworkKit_f: 	at com.android.org.conscrypt.TrustManagerImpl.verifyChain(TrustManagerImpl.java:721)
08-16 10:12:37.608  8360  8639 W NetworkKit_f: 	at com.android.org.conscrypt.TrustManagerImpl.checkTrustedRecursive(TrustManagerImpl.java:551)
08-16 10:12:37.608  8360  8639 W NetworkKit_f: 	at com.android.org.conscrypt.TrustManagerImpl.checkTrustedRecursive(TrustManagerImpl.java:572)
08-16 10:12:37.608  8360  8639 W NetworkKit_f: 	at com.android.org.conscrypt.TrustManagerImpl.checkTrustedRecursive(TrustManagerImpl.java:617)
08-16 10:12:37.608  8360  8639 W NetworkKit_f: 	at com.android.org.conscrypt.TrustManagerImpl.checkTrusted(TrustManagerImpl.java:507)
08-16 10:12:37.608  8360  8639 W NetworkKit_f: 	at com.android.org.conscrypt.TrustManagerImpl.checkServerTrusted(TrustManagerImpl.java:335)
08-16 10:12:37.608  8360  8639 W NetworkKit_f: 	at android.security.net.config.NetworkSecurityTrustManager.checkServerTrusted(NetworkSecurityTrustManager.java:113)
08-16 10:12:37.608  8360  8639 W NetworkKit_f: 	at android.security.net.config.NetworkSecurityTrustManager.checkServerTrusted(NetworkSecurityTrustManager.java:87)
08-16 10:12:37.608  8360  8639 W NetworkKit_f: 	at android.security.net.config.RootTrustManager.checkServerTrusted(RootTrustManager.java:117)
08-16 10:12:37.608  8360  8639 W NetworkKit_f: 	at com.huawei.secure.android.common.ssl.SecureX509TrustManager.checkServerTrusted(SourceFile:23)
08-16 10:12:37.608  8360  8639 W NetworkKit_f: 	at com.android.org.conscrypt.Platform.checkServerTrusted(Platform.java:228)
08-16 10:12:37.608  8360  8639 W NetworkKit_f: 	at com.android.org.conscrypt.ConscryptFileDescriptorSocket.verifyCertificateChain(ConscryptFileDescriptorSocket.java:407)
08-16 10:12:37.608  8360  8639 W NetworkKit_f: 	at com.android.org.conscrypt.NativeCrypto.SSL_do_handshake(Native Method)
08-16 10:12:37.608  8360  8639 W NetworkKit_f: 	at com.android.org.conscrypt.NativeSsl.doHandshake(NativeSsl.java:387)
08-16 10:12:37.608  8360  8639 W NetworkKit_f: 	at com.android.org.conscrypt.ConscryptFileDescriptorSocket.startHandshake(ConscryptFileDescriptorSocket.java:226)
08-16 10:12:37.608  8360  8639 W NetworkKit_f: 	at com.android.okhttp.internal.io.RealConnection.connectTls(RealConnection.java:196)
08-16 10:12:37.608  8360  8639 W NetworkKit_f: 	at com.android.okhttp.internal.io.RealConnection.connectSocket(RealConnection.java:153)
08-16 10:12:37.608  8360  8639 W NetworkKit_f: 	at com.android.okhttp.internal.io.RealConnection.connect(RealConnection.java:116)
08-16 10:12:37.608  8360  8639 W NetworkKit_f: 	at com.android.okhttp.internal.http.StreamAllocation.findConnection(StreamAllocation.java:186)
08-16 10:12:37.608  8360  8639 W NetworkKit_f: 	at com.android.okhttp.internal.http.StreamAllocation.findHealthyConnection(StreamAllocation.java:128)
08-16 10:12:37.608  8360  8639 W NetworkKit_f: Caused by: java.security.cert.CertPathValidatorException: t*m*s*a*p*c*e*k*f*i*e*
08-16 10:12:37.608  8360  8639 W NetworkKit_f: 	at sun.security.provider.certpath.PKIXMasterCertPathValidator.validate(PKIXMasterCertPathValidator.java:135)
08-16 10:12:37.608  8360  8639 W NetworkKit_f: 	at sun.security.provider.certpath.PKIXCertPathValidator.validate(PKIXCertPathValidator.java:222)
08-16 10:12:37.608  8360  8639 W NetworkKit_f: 	at sun.security.provider.certpath.PKIXCertPathValidator.validate(PKIXCertPathValidator.java:140)
08-16 10:12:37.608  8360  8639 W NetworkKit_f: 	at sun.security.provider.certpath.PKIXCertPathValidator.engineValidate(PKIXCertPathValidator.java:79)
08-16 10:12:37.608  8360  8639 W NetworkKit_f: 	at java.security.cert.CertPathValidator.validate(CertPathValidator.java:301)
08-16 10:12:37.608  8360  8639 W NetworkKit_f: 	at com.android.org.conscrypt.TrustManagerImpl.verifyChain(TrustManagerImpl.java:717)
08-16 10:12:37.608  8360  8639 W NetworkKit_f: 	at com.android.org.conscrypt.TrustManagerImpl.checkTrustedRecursive(TrustManagerImpl.java:551)
08-16 10:12:37.608  8360  8639 W NetworkKit_f: 	at com.android.org.conscrypt.TrustManagerImpl.checkTrustedRecursive(TrustManagerImpl.java:572)
08-16 10:12:37.608  8360  8639 W NetworkKit_f: 	at com.android.org.conscrypt.TrustManagerImpl.checkTrustedRecursive(TrustManagerImpl.java:617)
08-16 10:12:37.608  8360  8639 W NetworkKit_f: 	at com.android.org.conscrypt.TrustManagerImpl.checkTrusted(TrustManagerImpl.java:507)
08-16 10:12:37.608  8360  8639 W NetworkKit_f: 	at com.android.org.conscrypt.TrustManagerImpl.checkServerTrusted(TrustManagerImpl.java:335)
08-16 10:12:37.608  8360  8639 W NetworkKit_f: 	at android.security.net.config.NetworkSecurityTrustManager.checkServerTrusted(NetworkSecurityTrustManager.java:113)
08-16 10:12:37.608  8360  8639 W NetworkKit_f: 	at android.security.net.config.NetworkSecurityTrustManager.checkServerTrusted(NetworkSecurityTrustManager.java:87)
08-16 10:12:37.608  8360  8639 W NetworkKit_f: 	at android.security.net.config.RootTrustManager.checkServerTrusted(RootTrustManager.java:117)
08-16 10:12:37.608  8360  8639 W NetworkKit_f: 	at com.huawei.secure.android.common.ssl.SecureX509TrustManager.checkServerTrusted(SourceFile:23)
08-16 10:12:37.608  8360  8639 W NetworkKit_f: 	at com.android.org.conscrypt.Platform.checkServerTrusted(Platform.java:228)
08-16 10:12:37.608  8360  8639 W NetworkKit_f: 	at com.android.org.conscrypt.ConscryptFileDescriptorSocket.verifyCertificateChain(ConscryptFileDescriptorSocket.java:407)
08-16 10:12:37.608  8360  8639 W NetworkKit_f: 	at com.android.org.conscrypt.NativeCrypto.SSL_do_handshake(Native Method)
08-16 10:12:37.608  8360  8639 W NetworkKit_f: 	at com.android.org.conscrypt.NativeSsl.doHandshake(NativeSsl.java:387)
08-16 10:12:37.608  8360  8639 W NetworkKit_f: 	at com.android.org.conscrypt.ConscryptFileDescriptorSocket.startHandshake(ConscryptFileDescriptorSocket.java:226)
08-16 10:12:37.608  8360  8639 W NetworkKit_f: Caused by: java.security.cert.CertificateExpiredException: C*r*i*i*a*e*e*p*r*d*a* *r* *a* *3*0*:*0*1* *M*-*3*0* *0*3*(*o*p*r*d*t* *e* *u* *6*1*:*2*3* *M*-*4*0* *0*3*
08-16 10:12:37.608  8360  8639 W NetworkKit_f: 	at com.android.org.conscrypt.OpenSSLX509Certificate.checkValidity(OpenSSLX509Certificate.java:268)
08-16 10:12:37.608  8360  8639 W NetworkKit_f: 	at sun.security.provider.certpath.BasicChecker.verifyTimestamp(BasicChecker.java:194)
08-16 10:12:37.608  8360  8639 W NetworkKit_f: 	at sun.security.provider.certpath.BasicChecker.check(BasicChecker.java:144)
08-16 10:12:37.608  8360  8639 W NetworkKit_f: 	at sun.security.provider.certpath.PKIXMasterCertPathValidator.validate(PKIXMasterCertPathValidator.java:125)
08-16 10:12:37.608  8360  8639 W NetworkKit_f: 	at sun.security.provider.certpath.PKIXCertPathValidator.validate(PKIXCertPathValidator.java:222)
08-16 10:12:37.608  8360  8639 W NetworkKit_f: 	at sun.security.provider.certpath.PKIXCertPathValidator.validate(PKIXCertPathValidator.java:140)
08-16 10:12:37.608  8360  8639 W NetworkKit_f: 	at sun.security.provider.certpath.PKIXCertPathValidator.engineValidate(PKIXCertPathValidator.java:79)
08-16 10:12:37.608  8360  8639 W NetworkKit_f: 	at java.security.cert.CertPathValidator.validate(CertPathValidator.java:301)
08-16 10:12:37.608  8360  8639 W NetworkKit_f: 	at com.android.org.conscrypt.TrustManagerImpl.verifyChain(TrustManagerImpl.java:717)
08-16 10:12:37.608  8360  8639 W NetworkKit_f: 	at com.android.org.conscrypt.TrustManagerImpl.checkTrustedRecursive(TrustManagerImpl.java:551)
08-16 10:12:37.608  8360  8639 W NetworkKit_f: 	at com.android.org.conscrypt.TrustManagerImpl.checkTrustedRecursive(TrustManagerImpl.java:572)
08-16 10:12:37.608  8360  8639 W NetworkKit_f: 	at com.android.org.conscrypt.TrustManagerImpl.checkTrustedRecursive(TrustManagerImpl.java:617)
08-16 10:12:37.608  8360  8639 W NetworkKit_f: 	at com.android.org.conscrypt.TrustManagerImpl.checkTrusted(TrustManagerImpl.java:507)
08-16 10:12:37.608  8360  8639 W NetworkKit_f: 	at com.android.org.conscrypt.TrustManagerImpl.checkServerTrusted(TrustManagerImpl.java:335)
08-16 10:12:37.608  8360  8639 W NetworkKit_f: 	at android.security.net.config.NetworkSecurityTrustManager.checkServerTrusted(NetworkSecurityTrustManager.java:113)
08-16 10:12:37.608  8360  8639 W NetworkKit_f: 	at android.security.net.config.NetworkSecurityTrustManager.checkServerTrusted(NetworkSecurityTrustManager.java:87)
08-16 10:12:37.608  8360  8639 W NetworkKit_f: 	at android.security.net.config.RootTrustManager.checkServerTrusted(RootTrustManager.java:117)
08-16 10:12:37.608  8360  8639 W NetworkKit_f: 	at com.huawei.secure.android.common.ssl.SecureX509TrustManager.checkServerTrusted(SourceFile:23)
08-16 10:12:37.608  8360  8639 W NetworkKit_f: 	at com.android.org.conscrypt.Platform.checkServerTrusted(Platform.java:228)
08-16 10:12:37.608  8360  8639 W NetworkKit_f: 	at com.android.org.conscrypt.ConscryptFileDescriptorSocket.verifyCertificateChain(ConscryptFileDescriptorSocket.java:407)
08-16 10:12:37.608  2690  3646 I ApsAppsTypeHandler: APS: APK: ApsAppsTypeHandler.getInstance, sInstance = com.huawei.android.hwaps.o@92bda0
08-16 10:12:37.608  2690  3310 I ScenarioService: app focus change from: com.huawei.android.launcher to:com.example.dogglers
08-16 10:12:37.608  2690  3310 I ScenarioService: add focus on app:com.example.dogglers to visiblePkgs
08-16 10:12:37.609  2624 10575 I iconnect:BluetoothApi: adapter status 12
08-16 10:12:37.609  2690  3646 I PGServer: report state:10000 event type:1 pid:0 uid:0 pkg:com.example.dogglers to pid: 1636
08-16 10:12:37.609  2624 10575 I iconnect:NearbyDeviceDetect: isPropEnable=true, isBluetoothEnabled=true, isScreenOn=true, isNotSpecialAppOnTop=true, scanCondition=0
08-16 10:12:37.609  8360  8639 I NetworkKit_f: NetworkKit_GRS_RequestController-Task_1 -->NetworkKit_GRS_RequestController-Task_2|network.grs.g.f|10|Post call execute
08-16 10:12:37.609  2690  4743 I PGServer: checkPkgType. calling pkg: android
08-16 10:12:37.609  2624 10575 I iconnect:DeviceStateMachineManager: report:NOT_SPECIAL_APP_ON_TOP device:D
08-16 10:12:37.609  2624 10575 I iconnect:DeviceStateMachineManager: Return exist stateMachine
08-16 10:12:37.609  2690  4743 I PGServer: checkPkgType. calling pkg: android
08-16 10:12:37.610  7774  7774 D LifecycleMonitor: Lifecycle status change: androidx.test.core.app.InstrumentationActivityInvoker$BootstrapActivity@ec87180 in: PRE_ON_CREATE
08-16 10:12:37.610  7774  7774 V ActivityScenario: Activity lifecycle changed event received but ignored because the intent does not match. startActivityIntent=Intent { act=android.intent.action.MAIN cat=[android.intent.category.LAUNCHER] cmp=com.example.dogglers/.MainActivity }, activity.getIntent()=Intent { act=android.intent.action.MAIN cat=[android.intent.category.LAUNCHER] flg=0x10008000 cmp=com.example.dogglers/androidx.test.core.app.InstrumentationActivityInvoker$BootstrapActivity (has extras) }, activity=androidx.test.core.app.InstrumentationActivityInvoker$BootstrapActivity@ec87180
08-16 10:12:37.612   664  1311 W /system/bin/netd: A binder object at 0x7903947f40 is being transacted on, however, this object is in the same process as its proxy. Transacting with this binder is expensive compared to just calling the corresponding functionality in the same process.
08-16 10:12:37.613  1636  2649 D InputDispatcher: Window handle WindowManager has no registered input channel
08-16 10:12:37.617  1636  8694 D HiTouch_PressGestureDetector: onAttached, package=com.example.dogglers, windowType=3, mIsHiTouchRestricted=false
08-16 10:12:37.618  1636  1636 D HwConnectivityManagerImpl: getNetworkPolicyFlag flagStr null
08-16 10:12:37.622   753  1072 D AudioPolicyService: getUidState(10104) !cacheIter->second.first, return PROCESS_STATE_UNKNOWN
08-16 10:12:37.622   753  1072 D AudioPolicyService: getUidState(10431) cacheIter->second.first, return cacheIter->second.second(5)
08-16 10:12:37.625  7774  7774 I DecorView[]: pkgName:com.example.dogglers old windowMode:0 new windoMode:1, isFixedSize:false
08-16 10:12:37.625  7774  7774 I RmeSchedManager: init Rme, version is: v1.0
08-16 10:12:37.627  7774  7774 D LifecycleMonitor: Lifecycle status change: androidx.test.core.app.InstrumentationActivityInvoker$BootstrapActivity@ec87180 in: CREATED
08-16 10:12:37.627  7774  7774 V ActivityScenario: Activity lifecycle changed event received but ignored because the intent does not match. startActivityIntent=Intent { act=android.intent.action.MAIN cat=[android.intent.category.LAUNCHER] cmp=com.example.dogglers/.MainActivity }, activity.getIntent()=Intent { act=android.intent.action.MAIN cat=[android.intent.category.LAUNCHER] flg=0x10008000 cmp=com.example.dogglers/androidx.test.core.app.InstrumentationActivityInvoker$BootstrapActivity (has extras) }, activity=androidx.test.core.app.InstrumentationActivityInvoker$BootstrapActivity@ec87180
08-16 10:12:37.629  2690  4739 I PGServer: getTopFrontApp. calling pkg: android
08-16 10:12:37.630  1636 15589 D InputDispatcher: Window handle WindowManager has no registered input channel
08-16 10:12:37.633  2208  2208 D ImageWallpaper: wallpaper visibility changes to: false
08-16 10:12:37.635  7774  7774 D LifecycleMonitor: Lifecycle status change: androidx.test.core.app.InstrumentationActivityInvoker$BootstrapActivity@ec87180 in: STARTED
08-16 10:12:37.635  7774  7774 V ActivityScenario: Activity lifecycle changed event received but ignored because the intent does not match. startActivityIntent=Intent { act=android.intent.action.MAIN cat=[android.intent.category.LAUNCHER] cmp=com.example.dogglers/.MainActivity }, activity.getIntent()=Intent { act=android.intent.action.MAIN cat=[android.intent.category.LAUNCHER] flg=0x10008000 cmp=com.example.dogglers/androidx.test.core.app.InstrumentationActivityInvoker$BootstrapActivity (has extras) }, activity=androidx.test.core.app.InstrumentationActivityInvoker$BootstrapActivity@ec87180
08-16 10:12:37.644  2661 21890 E DollieActivityManagerAdapter: HwActivityNotifierEx null uid
08-16 10:12:37.644  7774  7774 D LifecycleMonitor: Lifecycle status change: androidx.test.core.app.InstrumentationActivityInvoker$BootstrapActivity@ec87180 in: RESUMED
08-16 10:12:37.644  7774  7774 V ActivityScenario: Activity lifecycle changed event received but ignored because the intent does not match. startActivityIntent=Intent { act=android.intent.action.MAIN cat=[android.intent.category.LAUNCHER] cmp=com.example.dogglers/.MainActivity }, activity.getIntent()=Intent { act=android.intent.action.MAIN cat=[android.intent.category.LAUNCHER] flg=0x10008000 cmp=com.example.dogglers/androidx.test.core.app.InstrumentationActivityInvoker$BootstrapActivity (has extras) }, activity=androidx.test.core.app.InstrumentationActivityInvoker$BootstrapActivity@ec87180
08-16 10:12:37.645  3386  7833 I HiAdKit.DC.PageSwitchEvent:  switch is off
08-16 10:12:37.645  3386  7833 I HiAdKit.DC.PaymentPageSwitchEvent:  switch is off
08-16 10:12:37.645  3386  7833 I HiAdKit.DC.LiteAppPageSwitchEvent:  switch is off
08-16 10:12:37.646   665   665 D Zygote  : Forked child process 8696
08-16 10:12:37.646  7774  7774 D LifecycleMonitor: Lifecycle status change: androidx.test.core.app.InstrumentationActivityInvoker$BootstrapActivity@ec87180 in: PAUSED
08-16 10:12:37.646  7774  7774 V ActivityScenario: Activity lifecycle changed event received but ignored because the intent does not match. startActivityIntent=Intent { act=android.intent.action.MAIN cat=[android.intent.category.LAUNCHER] cmp=com.example.dogglers/.MainActivity }, activity.getIntent()=Intent { act=android.intent.action.MAIN cat=[android.intent.category.LAUNCHER] flg=0x10008000 cmp=com.example.dogglers/androidx.test.core.app.InstrumentationActivityInvoker$BootstrapActivity (has extras) }, activity=androidx.test.core.app.InstrumentationActivityInvoker$BootstrapActivity@ec87180
08-16 10:12:37.647  1046  1070 D AwareLog: iawared: WorkingsetProcessCommand subCmd = 352, userId=10431, pid=7774, com.example.dogglers/androidx.test.core.app.InstrumentationActivityInvoker$BootstrapActivity
08-16 10:12:37.647  1636  1963 D InputDispatcher: Window handle WindowManager has no registered input channel
08-16 10:12:37.647  1046  1070 D AwareLog: iawared: WorkingsetStop com.example.dogglers/androidx.test.core.app.InstrumentationActivityInvoker$BootstrapActivity
08-16 10:12:37.647  2661  1440 I Hicom_Monitor: mActivityNotifierEx, className = androidx.test.core.app.InstrumentationActivityInvoker$BootstrapActivity, uid = 10431
08-16 10:12:37.647  1046  1070 D AwareLog: iawared: WorkingsetProcessCommand subCmd = 350, userId=10431, pid=7774, com.example.dogglers/.MainActivity
08-16 10:12:37.647 26909 26909 I HiBoard_22.0.8.300_Workspace: onWindowVisibilityChanged：8 isOverlayClosed:true
08-16 10:12:37.647  1046  1070 D AwareLog: iawared: WorkingsetSendPrereadMsg com.example.dogglers/.MainActivity
08-16 10:12:37.647  1046  1070 D AwareLog: iawared: WorkingsetStart com.example.dogglers/.MainActivity in monitor0
08-16 10:12:37.647  6225  9809 I CAWARENESS_AppUsageManager: onEvent, packageName=com.example.dogglers, activityName=androidx.test.core.app.InstrumentationActivityInvoker$BootstrapActivity
08-16 10:12:37.647  6225  9809 I CAWARENESS_AppUsageManager: fuse currently and delay publish
08-16 10:12:37.648  3386  7816 I HiAdKit.DC.PageSwitchEvent:  switch is off
08-16 10:12:37.648  3386  7816 I HiAdKit.DC.PaymentPageSwitchEvent:  switch is off
08-16 10:12:37.648  3386  7816 I HiAdKit.DC.LiteAppPageSwitchEvent:  switch is off
08-16 10:12:37.649  2661  3071 D DollieActivityManagerAdapter: [Resumed] bg:true pid:7774 uid:10431 ComponentInfo{com.example.dogglers/androidx.test.core.app.InstrumentationActivityInvoker$BootstrapActivity}
08-16 10:12:37.649  1046  1070 D AwareLog: iawared: fg_hl_ctl update fgUid=10431 g_isGame=0
08-16 10:12:37.649   757   993 W BufferQueueProducer: [com.huawei.android.launcher/com.huawei.android.launcher.unihome.UniHomeLauncher#0]:1390: disconnect: not connected (req=1)
08-16 10:12:37.649  2730  3112 W libEGL  : EGLNativeWindowType 0x766bce6450 disconnect failed
08-16 10:12:37.650  2661  3071 E DollieAdapterService: notifyActivityState pkg:com.example.dogglers/androidx.test.core.app.InstrumentationActivityInvoker$BootstrapActivity state:2 fg:true mUid:10431
08-16 10:12:37.652  2661  3071 I ConnCureStateMonitor: handleMessage: msg[2]
08-16 10:12:37.652  2661  3071 I HwPacketFilterBypass: handleActivityUidStateChanged uid:10431 -1 foreground:1
08-16 10:12:37.652  2661  3071 I OllieMsgCenter: publishEvt=2135097351
08-16 10:12:37.653  8360  8360 I Cloud[13.2.0.303]Base.BaseUtil: Application.getProcessName:com.huawei.android.ds
08-16 10:12:37.653   664 24580 I OemNetd : setNetBoosterAppUid(10431, 2000)
08-16 10:12:37.653  2661  3071 I OllieMsgCenter: publishEvt=2130771969
08-16 10:12:37.653  2661  3071 I OllieMsgCenter: publishEvt=2130771985
08-16 10:12:37.654  1636  1963 D HwConnectivityManagerImpl: startappqoednscollection action =0timer =1000
08-16 10:12:37.655  8360  8360 I Cloud[13.2.0.303]Base.BaseUtil: Application.getProcessName:com.huawei.android.ds
08-16 10:12:37.656  8360  8360 I Cloud[13.2.0.303]Base.BaseUtil: Application.getProcessName:com.huawei.android.ds
08-16 10:12:37.656  2661  3071 I SpeedTestNotifier: Speed test app is back Activity
08-16 10:12:37.657  8696  8696 E i.hidisk:remot: LoadAppImageStartupCache enabled : 1
08-16 10:12:37.658  8083  8315 I HwApiCacheMangerEx: apicache path=/storage/emulated/0 state=mounted key=com.android.gallery3d#10028#512
08-16 10:12:37.658  8083  8315 I HwApiCacheMangerEx: need clear apicache,because volumes changed,oldCnt=1 newCnt=1
08-16 10:12:37.658  8696  8696 I i.hidisk:remot: Reinit property: dalvik.vm.checkjni= false
08-16 10:12:37.659  2661  3071 I OllieMsgCenter: publishEvt=2134966274
08-16 10:12:37.659  2661  3071 I OllieMsgCenter: publishEvt=2135097350
08-16 10:12:37.659  8696  8696 I i.hidisk:remot: ReInitProperties: persist.vm.debug.dumpapi= false
08-16 10:12:37.660   757   992 W BufferQueueProducer: [com.huawei.intelligent.Workspace#0]:1390: disconnect: not connected (req=1)
08-16 10:12:37.661  7774  7774 W ActivityThread: handleWindowVisibility: no activity for token android.os.BinderProxy@996675f
08-16 10:12:37.661  8057  8281 I ConnectivityManager: requestNetwork and the calling app is: com.google.android.youtube
08-16 10:12:37.662 26909 27098 W libEGL  : EGLNativeWindowType 0x7637d99f90 disconnect failed
08-16 10:12:37.663  1636  2918 D InputDispatcher: Window handle WindowManager has no registered input channel
08-16 10:12:37.665  2730  2730 D RtgSchedIpcFile: setCommandByIoctl failed ret:-1, cmdid:22, errno:103
08-16 10:12:37.665  8696  8696 E i.hidisk:remot: Not starting debugger since process cannot load the jdwp agent.
08-16 10:12:37.665  2730  2730 W HwLauncher: StateManager Launcher in state:NormalState{9d6631 ordinal = 0,mContainerType = 1,mIsOverviewUi = false}, mConfig.mCurrentAnimationSet == null
08-16 10:12:37.665  2730  2730 I HwLauncher: Launcher Icon:53 Widget:2 Folder:6 Icon in folder:103, in drawer:0
08-16 10:12:37.666  2730  2730 D RtgSchedIpcFile: setCommandByIoctl failed ret:-1, cmdid:23, errno:103
08-16 10:12:37.666  2730  2730 D DecorView: showOrHideHighlightView: hasFocus=false; winMode=1; isMrgNull=true
08-16 10:12:37.667  2730  3022 E AbilityFormViewRefreshUtils: stopListening [0ms]
08-16 10:12:37.671  1636  2056 D WifiNetworkFactory: got request NetworkRequest [ TRACK_DEFAULT id=8184, [ Capabilities: INTERNET&NOT_RESTRICTED&TRUSTED Uid: 10104 DNN:  SSCMODE: 0 SNSSAI:  PduSessionType: 0 RouteBitmap: 0] ] with score 50 and serial 4
08-16 10:12:37.671  1636  2056 D UntrustedWifiNetworkFactory: got request NetworkRequest [ TRACK_DEFAULT id=8184, [ Capabilities: INTERNET&NOT_RESTRICTED&TRUSTED Uid: 10104 DNN:  SSCMODE: 0 SNSSAI:  PduSessionType: 0 RouteBitmap: 0] ] with score 50 and serial 4
08-16 10:12:37.671  1636  2147 D Ethernet: got request NetworkRequest [ TRACK_DEFAULT id=8184, [ Capabilities: INTERNET&NOT_RESTRICTED&TRUSTED Uid: 10104 DNN:  SSCMODE: 0 SNSSAI:  PduSessionType: 0 RouteBitmap: 0] ] with score 50 and serial 4
08-16 10:12:37.671  2661  3071 D DsduChr : uid=10431, isTrafficFree=false, isUsingFreeTraffic=false
08-16 10:12:37.672  2713  2713 D PhoneSwitcherNetworkRequstListener: got request NetworkRequest [ TRACK_DEFAULT id=8184, [ Capabilities: INTERNET&NOT_RESTRICTED&TRUSTED Uid: 10104 DNN:  SSCMODE: 0 SNSSAI:  PduSessionType: 0 RouteBitmap: 0] ] with score 50 and serial 4
08-16 10:12:37.672  2713  2713 D VoWifiFactory: got request NetworkRequest [ TRACK_DEFAULT id=8184, [ Capabilities: INTERNET&NOT_RESTRICTED&TRUSTED Uid: 10104 DNN:  SSCMODE: 0 SNSSAI:  PduSessionType: 0 RouteBitmap: 0] ] with score 50 and serial 4
08-16 10:12:37.672  2713  2713 D PhoneSwitcherNetworkRequstListener: got request NetworkRequest [ TRACK_DEFAULT id=8184, [ Capabilities: INTERNET&NOT_RESTRICTED&TRUSTED Uid: 10104 DNN:  SSCMODE: 0 SNSSAI:  PduSessionType: 0 RouteBitmap: 0] ] with score 50 and serial 4
08-16 10:12:37.674  7774  7774 D LifecycleMonitor: Lifecycle status change: com.example.dogglers.MainActivity@4e41a7b in: PRE_ON_CREATE
08-16 10:12:37.674  7774  7774 V ActivityScenario: Activity lifecycle changed event received but ignored because the reported transition was not ON_CREATE while the last known transition was PRE_ON_CREATE
08-16 10:12:37.675  8360  8622 I Cloud[13.2.0.303]Sync.CloudBackupConfigOperator: dsStartMainProcessPolicy exist:false
08-16 10:12:37.676  8360  8622 W Cloud[13.2.0.303]Sync.CloudSpaceProxyImp: dsStartMainProcessPolicy config not exist
08-16 10:12:37.676  2580 23377 I OPCollectLog: AppChangeImpl:call onAppChange.
08-16 10:12:37.677  2580  6962 I OPCollectLog: HwForegroundAppAction:handleMessage
08-16 10:12:37.677  2580  6962 D OPCollectLog: HwForegroundAppAction:FG executeWithArgs
08-16 10:12:37.677  2580  6962 I OPCollectLog: OPCollectUtils:ODMF Api Version:2.16.3
08-16 10:12:37.677  2580  6962 I OPCollectLog: Action:HwForegroundAppAction executed successfully
08-16 10:12:37.677  2580  6962 D OPCollectLog: OdmfCollectScheduler:handleMessage msg: 4
08-16 10:12:37.677  2580  6962 I OPCollectLog: OdmfHelper:opcollectCache 1
08-16 10:12:37.677  2580  6962 I OPCollectLog: OdmfHelper:opcollectCache curTime: 574931772, interval: 582
08-16 10:12:37.678  1636  2012 W AwareLog: SchedLevelBoost: onFgActivitiesChanged config not set!
08-16 10:12:37.678  2661  3071 D DollieActivityManagerAdapter: [Paused] pid:7774 uid:10431 ComponentInfo{com.example.dogglers/androidx.test.core.app.InstrumentationActivityInvoker$BootstrapActivity} uidState:2
08-16 10:12:37.679  1021 21809 D ITouchService: itouch stylusCurrentPkgName = com.example.dogglers lastOneFramePkgName =
08-16 10:12:37.679  1021 21809 D ITouchService: itouch currentPackageName = com.example.dogglers
08-16 10:12:37.679  1021 21809 D ITouchService: itouch appType=-1 appState=1 gameMode=2
08-16 10:12:37.679  1021 21809 D ITouchService: itouchReaderMonitor empty
08-16 10:12:37.679  1021 21809 D ITouchService: g_itouch_reader_monitor Monitor::IsReaderMonitorEnable()=0
08-16 10:12:37.679  1021 21809 D ITouchService: itouch getCurrentParmID tempPkg=com.example.xxx
08-16 10:12:37.679  1021 21809 D ITouchService: itouch:app com.example.dogglers is  not game app
08-16 10:12:37.679  1021 21809 D ITouchService: itouch:app com.example.dogglers is  not in StylusPenList
08-16 10:12:37.679  1021 21809 D ITouchService: itouch:styluspen_switch is disable
08-16 10:12:37.679  1021 21809 D ITouchService: itouch:currentAppTypeName =|UNKNOWN|
08-16 10:12:37.679  3386  7832 I HiAdKit.DC.PageSwitchEvent:  switch is off
08-16 10:12:37.680  1636  2918 D InputDispatcher: Window handle WindowManager has no registered input channel
08-16 10:12:37.681  3386  7832 I HiAdKit.DC.PaymentPageSwitchEvent:  switch is off
08-16 10:12:37.681  3386  7832 I HiAdKit.DC.LiteAppPageSwitchEvent:  switch is off
08-16 10:12:37.686  2580  6962 I OPCollectLog: OdmfHelper:isCharging: true
08-16 10:12:37.686  8174  8174 I Cloud[13.2.0.303]Finder.UnlockScreenReceiver: init
08-16 10:12:37.688  7774  7774 I DecorView[]: pkgName:com.example.dogglers old windowMode:0 new windoMode:1, isFixedSize:false
08-16 10:12:37.689  2580  6962 I OPCollectLog: OdmfHelper:insert database success
08-16 10:12:37.689  2580  6962 I OPCollectLog: OdmfHelper:opcollectCache size: 1
08-16 10:12:37.689  2580  6962 I OPCollectLog: OdmfHelper:opcollectCache lastTime: 574931784
08-16 10:12:37.693   664 24580 I OemNetd : setChrAppUid(10, 10431)
08-16 10:12:37.698   753  5802 D AudioPolicyService: getUidState(10175) cacheIter->second.first, return cacheIter->second.second(4)
08-16 10:12:37.698  7774  7774 D LifecycleMonitor: Lifecycle status change: com.example.dogglers.MainActivity@4e41a7b in: CREATED
08-16 10:12:37.698   753  5802 D AudioPolicyService: getUidState(10173) cacheIter->second.first, return cacheIter->second.second(4)
08-16 10:12:37.698   753  5802 D AudioPolicyService: getUidState(10065) cacheIter->second.first, return cacheIter->second.second(2)
08-16 10:12:37.698   753  5802 D AudioPolicyService: getUidState(10063) cacheIter->second.first, return cacheIter->second.second(5)
08-16 10:12:37.698  7774  7774 V ActivityScenario: Update currentActivityStage to CREATED, currentActivity=com.example.dogglers.MainActivity@4e41a7b
08-16 10:12:37.698  1636  1964 D InputDispatcher: Window handle WindowManager has no registered input channel
08-16 10:12:37.699  7774  7774 D LifecycleMonitor: Lifecycle status change: com.example.dogglers.MainActivity@4e41a7b in: STARTED
08-16 10:12:37.699  7774  7774 V ActivityScenario: Update currentActivityStage to STARTED, currentActivity=com.example.dogglers.MainActivity@4e41a7b
