08-16 10:12:53.328 10200 10278 I fwkit_utils_fiu: fillKitInfo kitPkgName:com.huawei.hms.commonkit ,version:61100301
08-16 10:12:53.328 10200 10278 I fwkit_utils_fiu: commonkit in json,isSystemApp:false,name:Framework-common.apk,version:61100301
08-16 10:12:53.329 10200 10277 I fwkit_utils_fiu: runtime version in json: 61100301 ,installed: 61100301, time:1689178118000 ,size: 523511B, use installed
08-16 10:12:53.330 10200 10278 I fwkit_utils_fiu: commonkit version in json: 61100301 ,installed: 61100301, time:1689178118000 ,size: 1255240B, use installed
08-16 10:12:53.330 10200 10277 I fwkit_utils_fiu: com.huawei.hms.runtimekit.apk ok:523511B
08-16 10:12:53.331 10200 10200 I fwkit_CLUtils: New dloader com.huawei.hms.fwkit.apk,cost:5
08-16 10:12:53.331 10200 10278 I fwkit_utils_fiu: com.huawei.hms.commonkit.apk ok:1255240B
08-16 10:12:53.333 10200 10200 W fwkit_coreapk_utils: [getCoreAppContext] failed. ReflectedException reflect_classtype:com.huawei.hms.app.CoreApplication
08-16 10:12:53.333 10200 10200 I fwkit_coreapk_utils: packageName: com.huawei.hwid
08-16 10:12:53.334 10200 10200 W fwkit_coreapk_utils: [getCoreAppContext] failed. ReflectedException reflect_classtype:com.huawei.hms.app.CoreApplication
08-16 10:12:53.334 10200 10200 W fwkit_coreapk_utils: [getCoreAppContext] failed. ReflectedException reflect_classtype:com.huawei.hms.app.CoreApplication
08-16 10:12:53.335 10200 10200 I fwkit_proc_utils: init over
08-16 10:12:53.336 10200 10200 I fwkit_fwui_rpr: loadProperties finish, properties is {package_category=1, reclaim_threshold=50, enable_check_sign=true} cost:0
08-16 10:12:53.338  1636  2034 V InputDispatcher: Asynchronous input event injection succeeded.
08-16 10:12:53.341  1636  2649 D InputDispatcher: Window handle WindowManager has no registered input channel
08-16 10:12:53.342 10200 10200 I fwkit_kams_process: kams_process start service
08-16 10:12:53.343  2208  2208 D BarTransitions.HwPhoneStatusBarView: MODE_OPAQUE -> MODE_TRANSPARENT animate=false
08-16 10:12:53.343 10200 10200 I fwkit_utils_fiu: parseApkInfo kitPkgName:com.huawei.hms.runtimekit ,version:61100301
08-16 10:12:53.343  2208  2208 D BarTransitions.HwPhoneStatusBarView: applyModeBackground oldMode=MODE_OPAQUE newMode=MODE_TRANSPARENT animate=false
08-16 10:12:53.344  2208  2208 D BarTransitions.HwNavigationBarView: MODE_OPAQUE -> MODE_TRANSPARENT animate=false
08-16 10:12:53.344  2208  2208 D BarTransitions.HwNavigationBarView: applyModeBackground oldMode=MODE_OPAQUE newMode=MODE_TRANSPARENT animate=false
08-16 10:12:53.345 10200 10200 I fwkit_utils: Get precast HMS path:/system/app/HMS,time:1533657660000
08-16 10:12:53.345 10200 10200 I fwkit_utils_fiu: system json at /system/app/HMS/modules/kits_config.json,time:1533657660000
08-16 10:12:53.345   664 24580 I netd    : trafficSwapActiveStatsMap() <18.96ms>
08-16 10:12:53.346 10200 10200 I fwkit_utils_fiu: parseApkInfo kitPkgName:com.huawei.hms.runtimekit ,version:60200304
08-16 10:12:53.346 10200 10200 I fwkit_utils_fiu: isAssetJsonValid:true isSysAppJsonValid:true
08-16 10:12:53.346 10200 10200 I fwkit_utils_fiu: fillKitInfo kitPkgName:com.huawei.hms.runtimekit ,version:61100301
08-16 10:12:53.346 10200 10200 I fwkit_utils_fiu: runtime in json,isSystemApp:false,name:Framework-runtime.apk,version:61100301
08-16 10:12:53.346 10200 10200 I fwkit_utils_fiu: runtime version in json: 61100301 ,installed: 61100301, time:1689178118000 ,size: 523511B, use installed
08-16 10:12:53.346 10200 10200 I fwkit_utils_fiu: com.huawei.hms.runtimekit.apk ok:523511B
08-16 10:12:53.350 10200 10200 I fwkit_CLUtils: New dloader com.huawei.hms.runtimekit.apk,cost:4
08-16 10:12:53.352  1636  2034 V InputDispatcher: Asynchronous input event injection succeeded.
08-16 10:12:53.355 10200 10200 I fwkit_fwui_rpr: loadProperties finish, properties is {package_category=1, reclaim_threshold=50, enable_check_sign=true} cost:0
08-16 10:12:53.356  1636  6667 D InputDispatcher: Window handle WindowManager has no registered input channel
08-16 10:12:53.356 10200 10200 I fwkit_DeviceInfo: Huawei Feature is found: com.huawei.software.features.handset
08-16 10:12:53.357 10200 10200 I fwkit_DeviceInfo: 1. detectHuaweiFeature: 0
08-16 10:12:53.357 10200 10200 I fwkit_DeviceInfo: 2. detectAndroidFeature: -1
08-16 10:12:53.357 10200 10200 I fwkit_DeviceInfo: System property is found: default
08-16 10:12:53.357 10200 10200 I fwkit_DeviceInfo: 3. detectSystemProperty: 0
08-16 10:12:53.358 10200 10200 I fwkit_DeviceInfo: Final DeviceType: 0
08-16 10:12:53.358  2661  3071 I ConnCureStateMonitor: handleMessage: msg[4]
08-16 10:12:53.358 10200 10200 I fwkit_ShareLib: hmscore library: [commonKit_restclient]
08-16 10:12:53.359 10200 10200 I fwkit_ShareLib: hmscore add library: commonKit_restclient
08-16 10:12:53.359 10200 10200 I fwkit_ShareLib: manager library: [commonKit_restclient]
08-16 10:12:53.359 10200 10200 I fwkit_ShareLib: manager add library: commonKit_restclient
08-16 10:12:53.359 10200 10200 I fwkit_ShareLib: no Use Library: runtime
08-16 10:12:53.360 10200 10200 I fwkit_kac_cl: update router config ams api level: 14
08-16 10:12:53.361  2661  3071 I ConnCureStateMonitor: canPerformConnCure: isWifiConnected[false] isDataConnected[true]
08-16 10:12:53.361  2661  3071 D ConnCureConfigUtil: isCaredApp: input = com.example.dogglers
08-16 10:12:53.361  2661  3071 I ConnCureStateMonitor: isCaredApp:false,isAllowed:true,isDataEnabled:true
08-16 10:12:53.362 10200 10200 I fwkit_utils_fiu: parseApkInfo kitPkgName:com.huawei.hms.commonkit ,version:61100301
08-16 10:12:53.363 10200 10200 I fwkit_coreapk_utils: packageName: com.huawei.hwid
08-16 10:12:53.364 10200 10200 I fwkit_utils: Get precast HMS path:/system/app/HMS,time:1533657660000
08-16 10:12:53.364 10200 10200 I fwkit_utils_fiu: system json at /system/app/HMS/modules/kits_config.json,time:1533657660000
08-16 10:12:53.365 10200 10200 I fwkit_utils_fiu: parseApkInfo kitPkgName:com.huawei.hms.commonkit ,version:60200304
08-16 10:12:53.365 10200 10200 I fwkit_utils_fiu: isAssetJsonValid:true isSysAppJsonValid:true
08-16 10:12:53.365 10200 10200 I fwkit_utils_fiu: fillKitInfo kitPkgName:com.huawei.hms.commonkit ,version:61100301
08-16 10:12:53.365 10200 10200 I fwkit_utils_fiu: commonkit in json,isSystemApp:false,name:Framework-common.apk,version:61100301
08-16 10:12:53.366 10200 10200 I fwkit_utils_fiu: parseApkInfo kitPkgName:com.huawei.hms.commonkit ,version:61100301
08-16 10:12:53.366 10200 10200 I fwkit_utils_fiu: system json at /system/app/HMS/modules/kits_config.json,time:1533657660000
08-16 10:12:53.366 10200 10200 I fwkit_utils_fiu: parseApkInfo kitPkgName:com.huawei.hms.commonkit ,version:60200304
08-16 10:12:53.366 10200 10200 I fwkit_utils_fiu: isAssetJsonValid:true isSysAppJsonValid:true
08-16 10:12:53.366 10200 10200 I fwkit_utils_fiu: fillKitInfo kitPkgName:com.huawei.hms.commonkit ,version:61100301
08-16 10:12:53.366 10200 10200 I fwkit_utils_fiu: commonkit in json,isSystemApp:false,name:Framework-common.apk,version:61100301
08-16 10:12:53.367 10200 10200 I fwkit_utils_fiu: commonkit version in json: 61100301 ,installed: 61100301, time:1689178118000 ,size: 1255240B, use installed
08-16 10:12:53.367 10200 10200 I fwkit_utils_fiu: com.huawei.hms.commonkit.apk ok:1255240B
08-16 10:12:53.367 10200 10200 W hwid.container: Unsupported class loader
08-16 10:12:53.368  1636  2034 V InputDispatcher: Asynchronous input event injection succeeded.
08-16 10:12:53.370 10200 10200 W hwid.container: Skipping duplicate class check due to unsupported classloader
08-16 10:12:53.371 10200 10200 I fwkit_CLUtils: New dloader com.huawei.hms.commonkit.apk,cost:4
08-16 10:12:53.373  1636  2649 D InputDispatcher: Window handle WindowManager has no registered input channel
08-16 10:12:53.375 10200 10200 I LogAdaptor: init: priority = 3, moduleName = fwkit
08-16 10:12:53.378 10200 10269 I AppLogManager: already init
08-16 10:12:53.378 10200 10269 I FeedbackNode: HMS log-dir is: /storage/emulated/0/Android/data/com.huawei.hwid/files/Log
08-16 10:12:53.382 10200 10200 I LogAdaptor: init: priority = 3, moduleName = fwkit
08-16 10:12:53.382  1636  2034 V InputDispatcher: Asynchronous input event injection succeeded.
08-16 10:12:53.383 10200 10269 I AppLogManager: already init
08-16 10:12:53.383 10200 10269 I FeedbackNode: HMS log-dir is: /storage/emulated/0/Android/data/com.huawei.hwid/files/Log
08-16 10:12:53.386 10200 10200 I fwkit_sdk_fm: onAttachBaseContext end
08-16 10:12:53.386 10200 10200 I fwkit_sdk_fm: FrameworkManager onAttachBaseContext cost:188
08-16 10:12:53.386 10200 10200 I CoreApplication: [HMSCore CoreApplication.java:16] Init KMS finish. --> attachBaseContext
08-16 10:12:53.387 10200 10200 I CoreApplication: [HMSCore CoreApplication.java:36] Init CoreApplication finish. --> attachBaseContext cost:201
08-16 10:12:53.389  1636  6667 D InputDispatcher: Window handle WindowManager has no registered input channel
08-16 10:12:53.391 10200 10230 I HwPartIawareFactory: add android.common.HwPartIawareFactoryImpl to memory.
08-16 10:12:53.391 10200 10230 I AwareBitmapCacher: init processName:com.huawei.hwid.container2 pid=10200 uid=10063
08-16 10:12:53.397 10200 10200 I fwkit_proc_utils: [fwkit HmsProcUtils.java:162] init over
08-16 10:12:53.397  1636  2034 V InputDispatcher: Asynchronous input event injection succeeded.
08-16 10:12:53.402 10200 10200 I CoreApplication: [HMSCore CoreApplication.java:1] install provider cost:15
08-16 10:12:53.402 10200 10200 I CoreApplication: [HMSCore CoreApplication.java:3] Start to init CoreApplication. --> onCreate
08-16 10:12:53.402 10200 10200 I CoreApplication: [isDex2oatProcess] cur proc name :com.huawei.hwid.container2
08-16 10:12:53.402 10200 10200 I CoreApplication: [HMSCore CoreApplication.java:8] Start to init KMS. --> onCreate
08-16 10:12:53.402 10200 10200 I fwkit_sdk_fm: onCreate start
08-16 10:12:53.402 10200 10200 I fwkit_sdk_fm: handle RuntimeActivityThread init for:com.huawei.hwid.container2
08-16 10:12:53.403  1636  1677 I ActivityTaskManager: Displayed com.example.dogglers/.VerticalListActivity: +160ms
08-16 10:12:53.403 10200 10200 I fwkit_sdk_fm: onCreate end
08-16 10:12:53.403 10200 10200 I fwkit_sdk_fm: FrameworkManager onCreate cost:1
08-16 10:12:53.403 10200 10200 I CoreApplication: [HMSCore CoreApplication.java:10] Init KMS finish. --> onCreate
08-16 10:12:53.403 10200 10284 I fwkit_AbP: [fwkit AbsContentProvider.java:147] cp:com.huawei.hwid;call;content://com.huawei.hms.contentprovider/com.huawei.hms.wireless/qoe
08-16 10:12:53.405 10033 10087 I HMSSDK_HMSPackageManager: signature V3 check success
08-16 10:12:53.406 10033 10087 I HMSSDK_HMSPackageManager: aidlService pkgName: com.huawei.hwid
08-16 10:12:53.406 10033 10087 I HMSSDK_HMSPackageManager: Enter getHMSPackageNameForMultiService
08-16 10:12:53.408 10200 10285 I StubController: system app validUid:10063, isFriend:true
08-16 10:12:53.410 10033 10261 I hwbr_engine_ChildConnAllocator: Performance hwEnableZygote: false
08-16 10:12:53.411 10033 10087 I HMSSDK_HMSPackageManager: <initHmsPackageInfoForMultiService> Succeed to find HMS apk: com.huawei.hwid version: 61100332
08-16 10:12:53.412 10033 10087 I HMSSDK_HMSPackageManager: Enter getHMSPackageNameForMultiService
08-16 10:12:53.412 10200 10200 I CoreApplication: [HMSCore CoreApplication.java:26] Init CoreApplication finish. --> onCreate cost:10
08-16 10:12:53.413 10200 10200 I HwTypeface: updateFont: scale=0.95
08-16 10:12:53.413 10222 10249 D HwFrameworkSecurityPartsFactory: HwFrameworkSecurityPartsFactory in.
08-16 10:12:53.413 10222 10249 I HwFrameworkSecurityPartsFactory: add HwFrameworkSecurityPartsFactory to memory.
08-16 10:12:53.413 10200 10200 D SystemFonts: areFontsVariable: script=Latn
08-16 10:12:53.413  1636  2034 I InputDispatcher: stylus touch up, set lcd event 0
08-16 10:12:53.413  1636  2034 I chatty  : uid=1000(system) InputDispatcher identical 1 line
08-16 10:12:53.413  1636  2034 I InputDispatcher: stylus touch up, set lcd event 0
08-16 10:12:53.414  1636  1660 I NavigationBarPolicy: onFling::Gest_Navigation_Enable, return!
08-16 10:12:53.415 10033 10287 I HMSSDK_HMSPackageManager: enter asyncOnceCheckMDMState
08-16 10:12:53.415 10200 10285 I fwkit_sm: [fwkit ServiceManager.java:227] register [com.huawei.hwid.container2] DeathRecipient to core process
08-16 10:12:53.416 10033 10287 I HMSSDK_HMSPackageManager: enter checkHmsIsSpoof
08-16 10:12:53.417  1046  1070 D AwareLog: iawared: WorkingsetProcessCommand subCmd = 351, userId=10431, pid=7774, com.example.dogglers/.VerticalListActivity
08-16 10:12:53.417  1046  1070 D AwareLog: iawared: WorkingsetPause com.example.dogglers/.VerticalListActivity
08-16 10:12:53.417 10200 10285 I fwkit_HmsProfiler: [fwkit HmsProfiler.java:91] hms profiler init enter
08-16 10:12:53.419 10222 10249 I HwApiCacheMangerEx: apicache path=/storage/emulated/0 state=mounted key=com.huawei.android.thememanager#10073#256
08-16 10:12:53.419 10222 10249 I HwApiCacheMangerEx: need clear apicache,because volumes changed,oldCnt=0 newCnt=1
08-16 10:12:53.420 10222 10249 I HwApiCacheMangerEx: apicache path=/storage/emulated/0 state=mounted key=com.huawei.android.thememanager#10073#0
08-16 10:12:53.420 10222 10249 I HwApiCacheMangerEx: need clear apicache,because volumes changed,oldCnt=1 newCnt=1
08-16 10:12:53.425 10200 10284 I fwkit_ShareLibManager: [fwkit ClassLoaderManager.java:118] kitUid: wireless_60700320, mClassLoaderPath:/data/user_de/0/com.huawei.hwid/files/kits/com.huawei.hms.wireless/60700320/com.huawei.hms.wireless.apk, sharePath: []
08-16 10:12:53.426 10200 10284 W hwid.container: Unsupported class loader
08-16 10:12:53.428 10200 10285 I fwkit_fwui_rpr: loadProperties finish, properties is {package_category=1, reclaim_threshold=50, enable_check_sign=true} cost:0
08-16 10:12:53.429 10200 10285 I fwkit_coreapk_utils: packageName: com.huawei.hwid
08-16 10:12:53.429 10200 10285 I fwkit_proc_utils: init over
08-16 10:12:53.430 10033 10287 I HMSSDK_ReadApkFileUtil: verifyMDMSignatureV3 verify successful!
08-16 10:12:53.431 10200 10284 W hwid.container: Skipping duplicate class check due to unsupported classloader
08-16 10:12:53.432 10200 10284 I fwkit_CLUtils: [fwkit ClsLoaderUtils.java:64] New dloader com.huawei.hms.wireless.apk,cost:7
08-16 10:12:53.432 10200 10284 I fwkit_ShareLib: [fwkit ClassLoaderManager.java:146] classLoader: dalvik.system.DexClassLoader[DexPathList[[zip file "/data/user_de/0/com.huawei.hwid/files/kits/com.huawei.hms.wireless/60700320/com.huawei.hms.wireless.apk"],nativeLibraryDirectories=[/data/user_de/0/com.huawei.hwid/files/kits/com.huawei.hms.wireless/60700320/lib, /system/lib64, /hw_product/lib64, /system/product/lib64, /prets/lib64]]]
08-16 10:12:53.433 10200 10285 I fwkit_HmsProfiler: [fwkit HmsProfiler.java:110] hms profiler init start
08-16 10:12:53.433 10200 10285 I fwkit_HmsProfiler: [fwkit HmsProfiler.java:117] hms profiler init end
08-16 10:12:53.435 10200 10301 W fwkit_CrashHandler: [fwkit CrashHandler.java:132] processName is: com.huawei.hwid.container2
08-16 10:12:53.435 10200 10301 I fwkit_UnExpHandler: [fwkit UncaughtExceptionHandler.java:67] init
08-16 10:12:53.436 10200 10301 W fwkit_CrashHandler: [fwkit CrashHandler.java:138] is: com.huawei.hwid.container2
08-16 10:12:53.437 10200 10302 I fwkit_CountryCodeBean: [fwkit CountryCodeBean.java:163] countryCode by ro.hw.country is: cl
08-16 10:12:53.437 10200 10302 I fwkit_CountryCodeBean: [fwkit CountryCodeBean.java:112] get issue_country code from VENDOR_COUNTRY
08-16 10:12:53.440  3386  4842 I fwkit_db_SettingsManager: [fwkit SettingsManager.java:154] The value get from cache.Key is hw_app_analytics_state, value is 1
08-16 10:12:53.442 10200 10301 I fwkit_CrashHandler: [fwkit CrashHandler.java:471] fileData is empty, no report
08-16 10:12:53.443 10200 10284 I fwkit_kac_kitloader: [fwkit KitLoaderManager.java:245] kit loaded:wireless_60700320, cost :24 ms
08-16 10:12:53.444 10200 10200 I fwkit_kac_dynamic_loader: [fwkit SplitCompat.java:198] getSplitPath application.packageName = com.huawei.hms.wireless
08-16 10:12:53.444 10200 10200 I fwkit_kac_dynamic_loader: [fwkit SplitCompat.java:201] getSplitPath dirs == null || dirs.length == 0
08-16 10:12:53.444 10200 10200 I fwkit_kac_dynamic_loader: [fwkit SplitCompat.java:134] dynamicInstall no splitPaths
08-16 10:12:53.446 10033 10087 W AGC_Instance: please call `initialize()` first
08-16 10:12:53.447 10033 10087 E HMSSDK_AGCUtils: Get appId with AGConnectServicesConfig failed
08-16 10:12:53.449 10200 10301 I fwkit_MemoryMonitor: [fwkit MemoryMonitor.java:103] processRamEvent stage: mem_t1 pkgName: none version:none
08-16 10:12:53.449 10200 10301 I fwkit_MemoryMonitor: [fwkit MemoryMonitor.java:142] do something
08-16 10:12:53.451 10033 10287 I HMSSDK_HMSPackageManager: quit checkHmsIsSpoof state: SUCCESS
08-16 10:12:53.451   665   665 D Zygote  : Forked child process 10304
08-16 10:12:53.451 10033 10287 I HMSSDK_HMSPackageManager: quit asyncOnceCheckMDMState
08-16 10:12:53.457 10304 10304 E ocessService1:: LoadAppImageStartupCache enabled : 1
08-16 10:12:53.458 10304 10304 I ocessService1:: Reinit property: dalvik.vm.checkjni= false
08-16 10:12:53.458 10304 10304 I ocessService1:: ReInitProperties: persist.vm.debug.dumpapi= false
08-16 10:12:53.460 10304 10304 E ocessService1:: Not starting debugger since process cannot load the jdwp agent.
08-16 10:12:53.461 10200 10284 I LogAdaptor: init: priority = 4, moduleName = WirelessKit
08-16 10:12:53.462  3386  4837 I fwkit_kams: [fwkit KAMSServiceController.java:717] Kit ComponentName: {com.huawei.hms.wireless/com.huawei.hms.wireless.QoeService}
08-16 10:12:53.462 10200 10200 I fwkit_KitDAReporter: [fwkit KitDailyActivateReporter.java:168] sim state changed, state = 5, simCountry = cl
08-16 10:12:53.464  3386  4837 I fwkit_kams_scheduler: [fwkit ProcessScheduler.java:128] ==>not support secontainer process, level :0
08-16 10:12:53.464  3386  4837 I fwkit_kams_stubmanager: [fwkit StubManagerService.java:117] [isBetaKit] pkg@com.huawei.hms.wireless, return isBeta :false
08-16 10:12:53.464  3386  4837 W fwkit_kams_scheduler: [fwkit ProcessScheduler.java:281] updateProcessMapping: invalid package name
08-16 10:12:53.464  3386  4837 W fwkit_kit_breaker: [fwkit KitBreaker.java:343] infos invalid
08-16 10:12:53.465 10200 10269 I AppLogManager: already init
08-16 10:12:53.465 10200 10269 I FeedbackNode: HMS log-dir is: /storage/emulated/0/Android/data/com.huawei.hwid/files/com.huawei.hms.wireless/Log
08-16 10:12:53.467 10200 10219 I fwkit_AbP: [fwkit AbsContentProvider.java:85] cp:com.huawei.hwid;query;content://com.huawei.hms.runtimekit.kitcontainerservice.KitProcessAgent2Provider
08-16 10:12:53.470 10200 10284 I QoeProvider: [WirelessKit null:59] Qos provider init succeed
08-16 10:12:53.470 10200 10284 I QoeProvider: [WirelessKit null:74] Qos provider timer start
08-16 10:12:53.470 10200 10284 E QoeProvider: [WirelessKit null:84] Qos service is null
08-16 10:12:53.471 10200 10200 I fwkit_kac_service_help: [fwkit ContainerServiceHelper.java:77] ContainerServiceHelper instance be created!
08-16 10:12:53.474  3386  4842 I fwkit_kams_session: [fwkit SessionManager.java:219] [verifySession] passed!
08-16 10:12:53.475 10200 10200 I fwkit_kac_kitloader: [fwkit KitLoaderManager.java:210] kit loaded wireless_60700320 already exits, cost :0 ms
08-16 10:12:53.475 10200 10200 I fwkit_kac_kitloader: [fwkit KitLoaderManager.java:159] kit application onCreate end:wireless_60700320
08-16 10:12:53.476 10200 10200 I fwkit_kac_kitloader: [fwkit KitLoaderManager.java:589] when inject get kit info:wireless_60700320
08-16 10:12:53.478 10033 10180 I NetworkKit_SceneHelper: NetworkKit_ComposedNetworkKit_initKit|null|com.huawei.hms.network.embedded.p3|registerSceneChangeListener|40|register scene bundle is null
08-16 10:12:53.478 10200 10200 I QoeService: [WirelessKit null:17] onCreate
08-16 10:12:53.478 10200 10281 I fwkit_kac_dynamic_loader: [fwkit SplitCompat.java:198] getSplitPath application.packageName = com.huawei.hms.commonkit
08-16 10:12:53.479 10200 10281 I fwkit_kac_dynamic_loader: [fwkit SplitCompat.java:201] getSplitPath dirs == null || dirs.length == 0
08-16 10:12:53.479 10200 10281 I fwkit_kac_dynamic_loader: [fwkit SplitCompat.java:134] dynamicInstall no splitPaths
08-16 10:12:53.478  3386 10322 I fwkit_kams_RuntimeManager: [fwkit RuntimeManager.java:233] queryKCSBinder add kcs manager:com.huawei.hwid.container2
08-16 10:12:53.479 10200 10281 I fwkit_CommonInitUtil: framework network start init.
08-16 10:12:53.479   753  1072 D AudioPolicyService: getUidState(99617) !cacheIter->second.first, return PROCESS_STATE_UNKNOWN
08-16 10:12:53.479   753  1072 D AudioPolicyService: getUidState(99617) !cacheIter->second.first, return PROCESS_STATE_UNKNOWN
08-16 10:12:53.480 10033 10180 I NetworkKit_SceneHelper: NetworkKit_ComposedNetworkKit_initKit|null|com.huawei.hms.network.embedded.p3|registerSceneChangeListener|128|register scene callback success
08-16 10:12:53.481 10200 10200 I APKHaUtils: [WirelessKit null:11] init hi analytics
08-16 10:12:53.481 10200 10324 I fwkit_kac_kitloader: [fwkit KitLoaderManager.java:210] kit loaded wireless_60700320 already exits, cost :0 ms
08-16 10:12:53.481 10200 10281 I NetworkKit_NetworkKit: kac_cl_commonkit-thread-1|null|com.huawei.hms.network.NetworkKit|init|35|init  Version:7.0.1.301  BuildTime:2023-06-19
08-16 10:12:53.481  3386  4837 I NetworkSdk_CountryCodeBean: [HMSCore NetworkLog.java:1] Binder:3386_B|null|com.huawei.hms.framework.network.grs.local.model.CountryCodeBean|init|18|get issue_country code from VENDOR_COUNTRY
08-16 10:12:53.481  3386  4837 I fwkit_GrsUtil: [fwkit GrsUtil.java:101] needGetCountryAreaFromAccount={false}, Current regCountry={CL}, serCountry={CL}, issueCountry={CL}
08-16 10:12:53.482  3386  4837 I fwkit_grs_GrsConfigImpl: [fwkit GrsConfigImpl.java:106] query grs params serviceName is{com.huawei.cloud.wireless}, key is{ROOT}, SerCountry is {CL}, regCountry is {CL}, issueCountry is {CL}, versionName is {null}
08-16 10:12:53.482  3386  4837 I NetworkSdk_e: [HMSCore NetworkLog.java:1] Binder:3386_B|null|com.huawei.hms.framework.network.grs.h.e|a|30|isSpExpire false.
08-16 10:12:53.482 10200 10281 W NetworkKit_ActivityUtil: kac_cl_commonkit-thread-1|ActivityUtil.java|com.huawei.hms.framework.common.ActivityUtil|register|156|context is not application, register background fail
08-16 10:12:53.483 10200 10281 I fwkit_NetInitThread: framework network init finished.
08-16 10:12:53.484  3386  7230 W fwkit_kims: [fwkit KIMSServiceController.java:1136] Can't find the specific package.
08-16 10:12:53.484  3386  4837 I NetworkSdk_a: [HMSCore NetworkLog.java:1] Binder:3386_B|null|com.huawei.hms.framework.network.grs.a|a|20|GrsClientManager.getUrlsLocal: Get URL from GRS Server Cache
08-16 10:12:53.484  3386  4837 I NetworkSdk_a: [HMSCore NetworkLog.java:1] Binder:3386_B|null|com.huawei.hms.framework.network.grs.a|a|55|GrsClientManager.synGetGrsUrl: Return [com.huawei.cloud.wireless][ROOT] Url: h*t*s*/*m*t*i*s*.*a*a*h*c*o*d*c*m*6*4*
08-16 10:12:53.484 10200 10327 I fwkit_Mixed_PM: [fwkit MixedPackageManager.java:144] handler create success
08-16 10:12:53.485 10200 10327 I fwkit_Mixed_PM: [fwkit MixedPackageManager.java:155] register registerKitCacheClearReceiver
08-16 10:12:53.485 10200 10200 I APKHaUtils: [WirelessKit null:49] get report url is:https://metrics3.data.hicloud.com:6447
08-16 10:12:53.485 10200 10324 I fwkit_AbP: [fwkit AbsContentProvider.java:147] cp:com.huawei.hwid;call;content://com.huawei.hms.contentprovider/com.huawei.hms.wireless/qoe
08-16 10:12:53.487 10200 10200 I HiAnalytics: [2023-08-16 10:12:53.486 I/HiAnalytics/HiAnalytics 10200:1 null:2]
08-16 10:12:53.487 10200 10200 I HiAnalytics:
08-16 10:12:53.487 10200 10200 I HiAnalytics: ============================================================================
08-16 10:12:53.487 10200 10200 I HiAnalytics: ====== HiAnalytics-2.1.4.316
08-16 10:12:53.487 10200 10200 I HiAnalytics: ============================================================================
08-16 10:12:53.487 10033 10087 I HMSSDK_HianalyticsExist: hianalytics exist: false
08-16 10:12:53.487 10200 10324 I QoeProvider: [WirelessKit null:27] call: QueryMetroInfo_Bundle[{pid=10033, uid=10224, packageName=com.huawei.browser}]
08-16 10:12:53.490 10304 10323 D HwFrameworkSecurityPartsFactory: HwFrameworkSecurityPartsFactory in.
08-16 10:12:53.490 10304 10323 I HwFrameworkSecurityPartsFactory: add HwFrameworkSecurityPartsFactory to memory.
08-16 10:12:53.492 10200 10324 I QoeProvider: [WirelessKit null:231] query metro check permission fail: com.huawei.browser___pid: 10033___uid: 10224
08-16 10:12:53.492 10033 10180 I NetworkKit_SceneHelper: NetworkKit_ComposedNetworkKit_initKit|null|com.huawei.hms.network.embedded.p3|a|8|update scene bundle is null
08-16 10:12:53.493 10033 10180 I NetworkKit_SceneHelper: NetworkKit_ComposedNetworkKit_initKit|null|com.huawei.hms.network.embedded.p3|a|95|scene:
08-16 10:12:53.493 10200 10327 I NetworkKit_DynamicLoadPermit: kac_cl_commonkit-thread-1 -->NetworkKit_NetworkKit_0|null|com.huawei.hms.network.api.a|a|19|is dynamic load: false, advance: true
08-16 10:12:53.493 10200 10327 I NetworkKit_NetworkKit: kac_cl_commonkit-thread-1 -->NetworkKit_NetworkKit_0|null|com.huawei.hms.network.NetworkKit|getInstance|21|not dynamic load
08-16 10:12:53.493 10200 10327 I NetworkKit_NetworkKitProvider: kac_cl_commonkit-thread-1 -->NetworkKit_NetworkKit_0|null|com.huawei.hms.network.NetworkKitProvider|b|34|load local result is: true
08-16 10:12:53.493 10033 10177 I NetworkKit_NetworkKit: WarmUpProvider -->NetworkKit_NetworkKit_0|null|com.huawei.hms.network.NetworkKit|a|13|init success
08-16 10:12:53.493 10200 10200 I HianalyticsSDK: [2023-08-16 10:12:53.493 I/HiAnalytics/HianalyticsSDK 10200:1 null:13] HiAnalyticsDataManager.getInitFlag(String tag) is execute.
08-16 10:12:53.493 10033 10177 I FWK-NetworkKitFacade: NetworkKit init success
08-16 10:12:53.493 10033 10177 I FWK-NetworkKitFacade: enable_ipv6:false, enable_privacy_policy:false
08-16 10:12:53.494 10033 10198 I SecurityComp10200303: SX509TM: loadBksCA
08-16 10:12:53.494 10200 10327 I NetworkKit_NetworkKitProvider: kac_cl_commonkit-thread-1 -->NetworkKit_NetworkKit_0|null|com.huawei.hms.network.NetworkKitProvider|b|78|provider client version code: 7.0.1.301, api level: 11
08-16 10:12:53.494 10200 10200 I HiAnalytics/event: [2023-08-16 10:12:53.494 I/HiAnalytics/HiAnalytics/event 10200:1 null:21] HiAnalyticsInstanceImpl.setOperConf() is executed.TAG: _instance_ex_tag
08-16 10:12:53.494 10200 10327 I NetworkKit_NetworkKitProvider: kac_cl_commonkit-thread-1 -->NetworkKit_NetworkKit_0|null|com.huawei.hms.network.NetworkKitProvider|b|110|NetworkKitProvider is dynamic provider result : false
08-16 10:12:53.495 10200 10200 I HiAnalytics/event: [2023-08-16 10:12:53.494 I/HiAnalytics/HiAnalytics/event 10200:1 null:21] HiAnalyticsInstanceImpl.setMaintConf() is executed.TAG : _instance_ex_tag
08-16 10:12:53.495 10200 10200 I HiAnalytics/event: [2023-08-16 10:12:53.495 I/HiAnalytics/HiAnalytics/event 10200:1 null:21] HiAnalyticsInstanceImpl.setDiffConf() is executed.TAG : _instance_ex_tag
08-16 10:12:53.495 10200 10200 W HiAnalytics/event: [2023-08-16 10:12:53.495 W/HiAnalytics/HiAnalytics/event 10200:1 null:28] HiAnalyticsInstanceImpl.setDiffConf(): config for diffPrivacy is null!
08-16 10:12:53.496 10033 10198 I SecurityComp10200303: BksUtil: getFilesBksIS
08-16 10:12:53.496 10200 10327 I NetworkKit_PackageUtils: kac_cl_commonkit-thread-1 -->NetworkKit_NetworkKit_0|PackageManagerCompat.java|com.huawei.hms.framework.common.PackageManagerCompat|getBundleFromKit|144|kitContext: com.huawei.hms.commonkit
08-16 10:12:53.496 10033 10177 I NetworkKit_ProcessPolicyNetworkService: WarmUpProvider -->NetworkKit_NetworkKit_0|null|com.huawei.hms.network.httpclient.excutor.ProcessPolicyNetworkService|setValues|19|options = {"enable_ipv6":false}
08-16 10:12:53.496 10033 10198 I SecurityComp10200303: SX509TM: get bks not from assets
08-16 10:12:53.496 10033 10177 I NetworkKit_NetworkServiceManager: WarmUpProvider -->NetworkKit_NetworkKit_0|null|com.huawei.hms.network.embedded.h4|a|50|aiService,setOptions:
08-16 10:12:53.496 10033 10177 I NetworkKit_NetworkServiceManager: WarmUpProvider -->NetworkKit_NetworkKit_0|null|com.huawei.hms.network.embedded.h4|a|50|dnsService,setOptions:
08-16 10:12:53.497 10033 10177 I NetworkKit_NetworkServiceManager: WarmUpProvider -->NetworkKit_NetworkKit_0|null|com.huawei.hms.network.embedded.h4|a|50|netdiagService,setOptions:
08-16 10:12:53.497 10033 10177 I NetworkKit_AdvanceNetworkKitProvider: WarmUpProvider -->NetworkKit_NetworkKit_0|AdvanceNetworkKitProvider.java|com.huawei.hms.network.AdvanceNetworkKitProvider|getEnableProvider|8|AdvanceNetworkKitProvider is dynamic provider result : false
08-16 10:12:53.497 10033 10177 I FWK-NetworkSdk_NetworkKit_Logger: WarmUpProvider -->NetworkKit_NetworkKit_0|Logger.java|com.huawei.hms.framework.common.Logger|setExtLogger|3|logger = com.huawei.hms.network.embedded.h1$k@cd4e459false
08-16 10:12:53.497 10033 10177 I FWK-NetworkSdk_NetworkKit: WarmUpProvider -->NetworkKit_NetworkKit_0|null|com.huawei.hms.network.NetworkKit|a|13|init success
08-16 10:12:53.500 10200 10327 I NetworkKit_ConfigManager: kac_cl_commonkit-thread-1 -->NetworkKit_NetworkKit_0|null|com.huawei.hms.network.embedded.j|a|50|init :com.huawei.hms.commonkit
08-16 10:12:53.507 10304 10304 D ApplicationLoaders: createClassLoader zip: /system/framework/org.apache.http.legacy.jar librarySearchPath: /data/app/com.huawei.browser-rkZiIxKEY_zt53XsI1z6CA==/lib/arm64:/data/app/com.huawei.browser-rkZiIxKEY_zt53XsI1z6CA==/base.apk!/lib/arm64-v8a libraryPermittedPath: /data/user/0/com.huawei.browser parent: java.lang.BootClassLoader@c9fb617 targetSdkVersion: 31 isBundled: false classLoaderName: null sharedLibraries: null
08-16 10:12:53.507 10200 10200 I HianalyticsSDK: [2023-08-16 10:12:53.507 I/HiAnalytics/HianalyticsSDK 10200:1 null:4] autoCollect() is executed.
08-16 10:12:53.508 10200 10200 I HianalyticsSDK: [2023-08-16 10:12:53.507 I/HiAnalytics/HianalyticsSDK 10200:1 null:35] autoCollect() executed.
08-16 10:12:53.508 10200 10200 I HianalyticsSDK: [2023-08-16 10:12:53.508 I/HiAnalytics/HianalyticsSDK 10200:1 null:108] autoCollect: APP_CRUSH : true
08-16 10:12:53.508 10200 10335 I InitInfoV2support: [2023-08-16 10:12:53.508 I/HiAnalytics/InitInfoV2support 10200:43230 null:4] begin handler backup data...
08-16 10:12:53.509 10200 10200 I HianalyticsSDK: [2023-08-16 10:12:53.509 I/HiAnalytics/HianalyticsSDK 10200:1 null:4] onStartApp() is executed.
08-16 10:12:53.509 10304 10304 I ocessService1:: The ClassLoaderContext is a special shared library.
08-16 10:12:53.511 10200 10200 I APKHaUtils: [WirelessKit null:4] reportAfterCall start
08-16 10:12:53.512   859   859 I aptouch_daemon: check_afe_status, afe[190 120 X1] [ctrl:X40020 ftr:X140] dif[19 -25] raw[32903 32753] [exp:X0 aN:0 lo:0]
08-16 10:12:53.512 10200 10200 I HiAnalytics/event: [2023-08-16 10:12:53.512 I/HiAnalytics/HiAnalytics/event 10200:1 null:13] HiAnalyticsInstance.onEvent(int type, String eventId, Map<String, String> mapValue) is execute.TAG: _instance_ex_tag,TYPE: 0
08-16 10:12:53.513 10200 10200 I HiAnalytics/event: [2023-08-16 10:12:53.513 I/HiAnalytics/HiAnalytics/event 10200:1 null:13] HiAnalyticsInstance.onEvent(int type, String eventId, Map<String, String> mapValue) is execute.TAG: _instance_ex_tag,TYPE: 1
08-16 10:12:53.514 10200 10200 I APKHaUtils: [WirelessKit null:28] reportAfterCall end
08-16 10:12:53.509 10304 10304 W ocessService1:0: type=1400 audit(0.0:909313): avc: denied { getattr } for pid=10304 path="/data/data/com.huawei.browser" dev="sdd71" ino=8709 scontext=u:r:isolated_app:s0:c512,c768 tcontext=u:object_r:privapp_data_file:s0:c512,c768 tclass=dir permissive=0
08-16 10:12:53.514 10200 10200 D APKHaUtils: start report time:87706588
08-16 10:12:53.509 10304 10304 W ocessService1:0: type=1400 audit(0.0:909314): avc: denied { getattr } for pid=10304 path="/data/data/com.huawei.browser" dev="sdd71" ino=8709 scontext=u:r:isolated_app:s0:c512,c768 tcontext=u:object_r:privapp_data_file:s0:c512,c768 tclass=dir permissive=0
08-16 10:12:53.514 10200 10200 I APKHaUtils: [WirelessKit null:218] init hi analytics done
08-16 10:12:53.514 10304 10304 D ApplicationLoaders: createClassLoader zip: /data/app/com.huawei.browser-rkZiIxKEY_zt53XsI1z6CA==/base.apk librarySearchPath: /data/app/com.huawei.browser-rkZiIxKEY_zt53XsI1z6CA==/lib/arm64:/data/app/com.huawei.browser-rkZiIxKEY_zt53XsI1z6CA==/base.apk!/lib/arm64-v8a libraryPermittedPath: /data/user/0/com.huawei.browser parent: java.lang.BootClassLoader@c9fb617 targetSdkVersion: 31 isBundled: false classLoaderName: null sharedLibraries: [dalvik.system.PathClassLoader[DexPathList[[zip file "/system/framework/org.apache.http.legacy.jar"],nativeLibraryDirectories=[/data/app/com.huawei.browser-rkZiIxKEY_zt53XsI1z6CA==/lib/arm64, /data/app/com.huawei.browser-rkZiIxKEY_zt53XsI1z6CA==/base.apk!/lib/arm64-v8a, /system/lib64, /hw_product/lib64, /system/product/lib64, /prets/lib64]]]]
08-16 10:12:53.517 10200 10200 I APKHaUtils: [WirelessKit null:4] reportAfterCall start
08-16 10:12:53.518 10200 10200 I HiAnalytics/event: [2023-08-16 10:12:53.517 I/HiAnalytics/HiAnalytics/event 10200:1 null:13] HiAnalyticsInstance.onEvent(int type, String eventId, Map<String, String> mapValue) is execute.TAG: _instance_ex_tag,TYPE: 0
08-16 10:12:53.518 10200 10200 I HiAnalytics/event: [2023-08-16 10:12:53.518 I/HiAnalytics/HiAnalytics/event 10200:1 null:13] HiAnalyticsInstance.onEvent(int type, String eventId, Map<String, String> mapValue) is execute.TAG: _instance_ex_tag,TYPE: 1
08-16 10:12:53.518 10200 10200 I APKHaUtils: [WirelessKit null:28] reportAfterCall end
08-16 10:12:53.518 10200 10200 I QosBoostWirelesskit: [WirelessKit null:11] sInstance
08-16 10:12:53.518 10200 10200 I QosBoostWirelesskit: [WirelessKit null:12] QosBoost constructor
08-16 10:12:53.519 10200 10200 I fwkit_kac_service_dele: [fwkit ServiceDelegateImpl.java:65] kit class no need to reload again!
08-16 10:12:53.519  2661  3071 I NetworkQualityPredict: onCallBackRegisterStateChanged pkgName:com.huawei.hms.wireless isRegister:true
08-16 10:12:53.519  2661  3071 I NetworkQualityPredict: onCallBackRegisterStateChanged apModule:com.huawei.hms.wireless
08-16 10:12:53.519  3386  4842 I fwkit_kams_stubmanager: [fwkit StubManagerService.java:285] Notify kit ComponentName:{com.huawei.hms.wireless/com.huawei.hms.wireless.QoeService} ,Status: {1} ,stub ComponentName:{com.huawei.hwid/com.huawei.hms.runtimekit.stub.HMSKitC2StubService19}
08-16 10:12:53.519  3386  4842 E fwkit_kims: [fwkit KIMSServiceController.java:365] the componentName is null
08-16 10:12:53.519  3386  3566 I fwkit_EvilKitRecognitionService: [fwkit EvilKitRecognitionService.java:1071] enter EKRHandler : 1
08-16 10:12:53.519  3386  4842 I fwkit_kams_pr: [fwkit BaseProcessRecord.java:901] NOTIFY ONSTART SUCCESS:ComponentInfo{com.huawei.hwid/com.huawei.hms.runtimekit.stub.HMSKitC2StubService19}ComponentInfo{com.huawei.hms.wireless/com.huawei.hms.wireless.QoeService}
08-16 10:12:53.519  3386  3566 I fwkit_EvilKitRecognitionService: [fwkit EvilKitRecognitionService.java:912] kitComponentCreate start
08-16 10:12:53.519 10200 10200 I QoeService: [WirelessKit null:8] onBind qoeservice.
08-16 10:12:53.520  3386  3561 I fwkit_EventRegistry: [fwkit EventRegistry.java:209] dispatchEvent event:b
08-16 10:12:53.520  3386  4842 I fwkit_db_SettingsManager: [fwkit SettingsManager.java:154] The value get from cache.Key is hw_app_analytics_state, value is 1
08-16 10:12:53.526 10200 10327 I NetworkKit_PLSharedPreferences: kac_cl_commonkit-thread-1 -->NetworkKit_NetworkKit_0|PLSharedPreferences.java|com.huawei.hms.framework.common.PLSharedPreferences|getAll|233|sp size 0
08-16 10:12:53.526 10200 10327 I NetworkKit_ConfigManager: kac_cl_commonkit-thread-1 -->NetworkKit_NetworkKit_0|null|com.huawei.hms.network.embedded.j|a|225|remote config has been disabled
08-16 10:12:53.526  3386  4842 I fwkit_db_SettingsManager: [fwkit SettingsManager.java:154] The value get from cache.Key is hw_app_analytics_state, value is 1
08-16 10:12:53.526 10200 10327 I NetworkKit_PackageUtils: kac_cl_commonkit-thread-1 -->NetworkKit_NetworkKit_0|PackageManagerCompat.java|com.huawei.hms.framework.common.PackageManagerCompat|getBundleFromKit|144|kitContext: com.huawei.hms.commonkit
08-16 10:12:53.527 10200 10338 I fwkit_date_utils: [fwkit DateUtil.java:29] init threadLocal
08-16 10:12:53.527 10200 10338 I fwkit_HmsProfiler: [fwkit HmsProfiler.java:614] traceApiEvent input : com.huawei.hms.wireless_60700320
08-16 10:12:53.527 10200 10338 I fwkit_profiler_util: [fwkit ProfilerUtil.java:299] sample upload state has been exist:false
08-16 10:12:53.528 10200 10200 I QoeProvider: [WirelessKit null:13] bind qoe service succeed
08-16 10:12:53.528 10200 10200 I QoeImpl : [WirelessKit null:39] registerNetQoeCallBack:com.huawei.browser
08-16 10:12:53.528 10200 10200 I QoeServiceManager: [WirelessKit null:20] pkgName:com.huawei.browser
08-16 10:12:53.528 10200 10200 I QoeServiceManager: [WirelessKit null:5] remove callback
08-16 10:12:53.528 10200 10200 I APKHaUtils: [WirelessKit null:4] reportAfterCall start
08-16 10:12:53.529 10200 10200 I HiAnalytics/event: [2023-08-16 10:12:53.528 I/HiAnalytics/HiAnalytics/event 10200:1 null:13] HiAnalyticsInstance.onEvent(int type, String eventId, Map<String, String> mapValue) is execute.TAG: _instance_ex_tag,TYPE: 0
08-16 10:12:53.529 10200 10200 I HiAnalytics/event: [2023-08-16 10:12:53.529 I/HiAnalytics/HiAnalytics/event 10200:1 null:13] HiAnalyticsInstance.onEvent(int type, String eventId, Map<String, String> mapValue) is execute.TAG: _instance_ex_tag,TYPE: 1
08-16 10:12:53.529 10200 10200 I APKHaUtils: [WirelessKit null:28] reportAfterCall end
08-16 10:12:53.529 10200 10200 I QoeProvider: [WirelessKit null:39] registerNetQoeCallBack succeed
08-16 10:12:53.539 10200 10327 I NetworkKit_NetworkKit: kac_cl_commonkit-thread-1 -->NetworkKit_NetworkKit_0|null|com.huawei.hms.network.NetworkKit|init|35|init  Version:7.0.1.301  BuildTime:2023-06-19
08-16 10:12:53.539 10200 10327 W NetworkKit_ActivityUtil: kac_cl_commonkit-thread-1 -->NetworkKit_NetworkKit_0|ActivityUtil.java|com.huawei.hms.framework.common.ActivityUtil|register|156|context is not application, register background fail
08-16 10:12:53.540 10200 10327 I NetworkKit_NetworkServiceManager: kac_cl_commonkit-thread-1 -->NetworkKit_NetworkKit_0|null|com.huawei.hms.network.embedded.h4|a|123|networkServices map is: {netdiag=com.huawei.hms.network.netdiag.NetDiagnosisService@71af5a3, dns=com.huawei.hms.network.dns.DNSService@c6470a0, config=com.huawei.hms.network.conf.api.ConfigService@cd4e459}
08-16 10:12:53.541 10200 10327 I NetworkKit_NetworkServiceManager: kac_cl_commonkit-thread-1 -->NetworkKit_NetworkKit_0|null|com.huawei.hms.network.embedded.h4|a|50|dnsService,setOptions:
08-16 10:12:53.541 10200 10327 I NetworkKit_NetworkServiceManager: kac_cl_commonkit-thread-1 -->NetworkKit_NetworkKit_0|null|com.huawei.hms.network.embedded.h4|a|50|netdiagService,setOptions:
08-16 10:12:53.542  3386  3566 W fwkit_EvilKitRecognitionService: [fwkit EvilKitRecognitionService.java:957] event list is empty
08-16 10:12:53.542  3386  3566 I fwkit_EvilKitRecognitionService: [fwkit EvilKitRecognitionService.java:933] kitComponentCreate end
08-16 10:12:53.542  3386  3566 I fwkit_EvilKitRecognitionService: [fwkit EvilKitRecognitionService.java:1119] leave EKRHandler
08-16 10:12:53.542 10200 10335 I InitInfoV2support: [2023-08-16 10:12:53.542 I/HiAnalytics/InitInfoV2support 10200:43230 null:60] No backup data needed to be processed
08-16 10:12:53.543 10200 10335 I InitInfoV2support: [2023-08-16 10:12:53.543 I/HiAnalytics/InitInfoV2support 10200:43230 null:25] cached data by HASDKV2 has already handled.
08-16 10:12:53.543 10200 10335 I EventRecordTask: [2023-08-16 10:12:53.543 I/HiAnalytics/EventRecordTask 10200:43230 null:4] event record task running
08-16 10:12:53.543 10200 10335 I HiAnalyticsSharedPreference: [2023-08-16 10:12:53.543 I/HiAnalytics/HiAnalyticsSharedPreference 10200:43230 null:35] check file size : 0 limitedSize : 5242880
08-16 10:12:53.548  2661  3071 E NetworkQualityPredict: Register success: com.huawei.hms.wireless
08-16 10:12:53.548  2661  3071 I NetworkQualityPredict: onReceiveApModuleCaredApps apModule:com.huawei.hms.wireless
08-16 10:12:53.548  2661  3071 I NetworkQualityPredict: network quality predict register to engine
08-16 10:12:53.549  8102  8334 W BugleRcsEngine: [43153] bubm.J: (Sim): EXTRA_SLOT_KEY is not available. use PHONE_KEY:0
08-16 10:12:53.550  2661  3071 I OllieMsgCenter: publishEvt=2135097345
08-16 10:12:53.550 10200 10327 I NetworkKit_NetworkKit: kac_cl_commonkit-thread-1 -->NetworkKit_NetworkKit_0|null|com.huawei.hms.network.NetworkKit|a|13|init success
08-16 10:12:53.551 10200 10327 I fwkit_CommonInitUtil: NetworkKit init result:true, app context: com.huawei.hms.commonkit
08-16 10:12:53.552 10200 10327 I NetworkKit_AdvanceNetworkKitProvider: kac_cl_commonkit-thread-1 -->NetworkKit_NetworkKit_0|AdvanceNetworkKitProvider.java|com.huawei.hms.network.AdvanceNetworkKitProvider|getEnableProvider|80|AdvanceNetworkKitProvider is dynamic provider result : false
08-16 10:12:53.553 10200 10342 I SecurityComp10200303: SX509TM: loadBksCA
08-16 10:12:53.553 10200 10327 I NetworkSdk_NetworkKit_Logger: [HMSCore NetworkLog.java:1] kac_cl_commonkit-thread-1 -->NetworkKit_NetworkKit_0|Logger.java|com.huawei.hms.framework.common.Logger|setExtLogger|55|logger = com.huawei.hms.network.embedded.h1$k@5757cf6false
08-16 10:12:53.553 10200 10327 I fwkit_CommonInitUtil: enable HA Listen.
08-16 10:12:53.553 10200 10343 I NetworkSdk_TaskManager: [HMSCore NetworkLog.java:1] NetworkKit_NetworkKit_0 -->NetworkKit_DNS_DNManager_0|null|com.huawei.hms.network.embedded.r0|<init>|28|DNS ThreadPool init!
08-16 10:12:53.553 10200 10327 I fwkit_CommonInitUtil: enable ipv6 preferred.
08-16 10:12:53.553 10200 10343 I NetworkSdk_DNResolverManager: [HMSCore NetworkLog.java:1] NetworkKit_NetworkKit_0 -->NetworkKit_DNS_DNManager_0|null|com.huawei.hms.network.embedded.g0|a|45|enter Dns lazy update flow, domain: events-dra.op.dbankcloud.cn, trigger type: dns_init, source: LocalDns
08-16 10:12:53.553 10200 10327 I NetworkSdk_ProcessPolicyNetworkService: [HMSCore NetworkLog.java:1] kac_cl_commonkit-thread-1 -->NetworkKit_NetworkKit_0|null|com.huawei.hms.network.httpclient.excutor.ProcessPolicyNetworkService|setValues|19|options = {"enable_ipv6_preferred":true}
08-16 10:12:53.554 10200 10327 I NetworkSdk_NetworkServiceManager: [HMSCore NetworkLog.java:1] kac_cl_commonkit-thread-1 -->NetworkKit_NetworkKit_0|null|com.huawei.hms.network.embedded.h4|a|50|dnsService,setOptions:
08-16 10:12:53.554 10200 10327 I NetworkSdk_NetworkServiceManager: [HMSCore NetworkLog.java:1] kac_cl_commonkit-thread-1 -->NetworkKit_NetworkKit_0|null|com.huawei.hms.network.embedded.h4|a|50|netdiagService,setOptions:
08-16 10:12:53.556 10200 10343 I NetworkSdk_DNResolverManager: [HMSCore NetworkLog.java:1] NetworkKit_NetworkKit_0 -->NetworkKit_DNS_DNManager_0|null|com.huawei.hms.network.embedded.g0|a|45|enter Dns lazy update flow, domain: sdkserver-dra.op.dbankcloud.cn, trigger type: dns_init, source: LocalDns
08-16 10:12:53.556 10200 10327 I NetworkSdk_NetworkKit: [HMSCore NetworkLog.java:1] NetworkKit_NetworkKit_0 -->NetworkKit_NetworkKit_0|null|com.huawei.hms.network.NetworkKit|a|13|init success
08-16 10:12:53.557   664  1311 W /system/bin/netd: A binder object at 0x7903947f40 is being transacted on, however, this object is in the same process as its proxy. Transacting with this binder is expensive compared to just calling the corresponding functionality in the same process.
08-16 10:12:53.557   664  1311 W /system/bin/netd: A binder object at 0x7903947f40 is being transacted on, however, this object is in the same process as its proxy. Transacting with this binder is expensive compared to just calling the corresponding functionality in the same process.
08-16 10:12:53.557 25853 25853 D BoundBrokerSvc: onBind: Intent { act=com.google.android.gms.common.BIND_SHARED_PREFS pkg=com.google.android.gms }
08-16 10:12:53.557 25853 25853 D BoundBrokerSvc: Loading bound service for intent: Intent { act=com.google.android.gms.common.BIND_SHARED_PREFS pkg=com.google.android.gms }
08-16 10:12:53.558 10200 10342 I SecurityComp10200303: BksUtil: getFilesBksIS
08-16 10:12:53.560 10200 10342 I SecurityComp10200303: SX509TM: get bks not from assets
08-16 10:12:53.565 25853 25853 D BoundBrokerSvc: onUnbind: Intent { act=com.google.android.gms.common.BIND_SHARED_PREFS pkg=com.google.android.gms }
08-16 10:12:53.574 25853  1841 I Backup  : [GmsBackupTransport] Backup finished for android
08-16 10:12:53.573 10304 10304 W ocessService1:0: type=1400 audit(0.0:909315): avc: denied { getattr } for pid=10304 path="/data/data/com.huawei.browser" dev="sdd71" ino=8709 scontext=u:r:isolated_app:s0:c512,c768 tcontext=u:object_r:privapp_data_file:s0:c512,c768 tclass=dir permissive=0
08-16 10:12:53.577 10200 10342 I SecurityComp10200303: BksUtil: getFilesBksIS
08-16 10:12:53.578 10200 10342 I SecurityComp10200303: SecureX509SingleInstance: get files bks
08-16 10:12:53.582 10033 10177 I FWK-CodeValuePlatform_CodeValuePlatform: NetworkKit init isSuccess: true
08-16 10:12:53.582 10033 10177 I FWK-NetworkSdk_NetworkKit: NetworkKit_NetworkKit_0 -->NetworkKit_NetworkKit_0|null|com.huawei.hms.network.NetworkKit|a|13|init success
08-16 10:12:53.583  8102 10206 I BugleRcsEngine: [43186] bubp.c: do not delay first event
08-16 10:12:53.585  1636  1636 D HwConnectivityManagerImpl: getNetworkPolicyFlag flagStr null
08-16 10:12:53.585  1636  1636 D HwConnectivityManagerImpl: getNetworkPolicyFlag flagStr null
08-16 10:12:53.586 10033 10087 I HMSSDK_HMSBIInitializer: Builder->biInitFlag :false
08-16 10:12:53.586  8102  9580 W Bugle   : BuglePhoneNumberUtils: canonicalizeMccMnc: invalid mccmnc. mcc: null, mnc: null
08-16 10:12:53.595 10033 10087 I HMSSDK_AnalyticsSwitchHolder: Builder->biSetting :true
08-16 10:12:53.596 10033 10087 I HMSSDK_Util: available exist: true
08-16 10:12:53.596 10033 10087 I HMSSDK_Util: available exist: true
08-16 10:12:53.597 10304 10323 I StorageManager: Process.myUid = 99617,packageNames is null or packageNames.length <= 0 ,return.
08-16 10:12:53.597 10304 10323 I StorageManager: Process.myUid = 99617,packageNames is null or packageNames.length <= 0 ,return.
08-16 10:12:53.599 10304 10304 W ContextImpl: Failed to ensure /data/user/0/com.huawei.browser/files: mkdir failed: EACCES (Permission denied)
08-16 10:12:53.599 10304 10304 I -HWNF-UI-R-0704|NewsFeedUiSDK: init Context
08-16 10:12:53.599 10200 10342 D NetworkSecurityConfig: Using Network Security Config from resource network_security_config debugBuild: false
08-16 10:12:53.599 10304 10304 W ContextImpl: Failed to ensure /data/user/0/com.huawei.browser/files: mkdir failed: EACCES (Permission denied)
08-16 10:12:53.600 10304 10304 I HWBR-O-0704|BrowserApplication: onCreate: isMainProcess = false
08-16 10:12:53.601 10304 10304 I HwTypeface: updateFont: scale=0.95
08-16 10:12:53.602 10304 10323 I HwPartIawareFactory: add android.common.HwPartIawareFactoryImpl to memory.
08-16 10:12:53.602 10304 10323 I AwareBitmapCacher: init processName:com.huawei.browser:sandboxed_process1:com.huawei.browser.sandbox.SandboxedProcessService1:0 pid=10304 uid=99617
08-16 10:12:53.602 10304 10304 D SystemFonts: areFontsVariable: script=Latn
08-16 10:12:53.618  2690 21000 I KStateManager: send binder call message, called pid:3283, calling pid:[1636]
08-16 10:12:53.633   753  2232 D AudioPolicyService: getUidState(10015) cacheIter->second.first, return cacheIter->second.second(11)
08-16 10:12:53.633  1636  2054 I NetworkPolicy: updateRuleForRestrictBackgroundUL(10015): isForeground=true, isBlacklisted=false, isWhitelisted=true, isRestrictedByAdmin=false, oldRule=0 (NONE), newRule=1 (ALLOW_METERED|NONE), newUidRules=1 (ALLOW_METERED|NONE), oldUidRules=0 (NONE), mRestrictBackground=false
08-16 10:12:53.638 10033 10087 I HMSSDK_AvailableUtil: asyncCheckHmsUpdateInfo, not need to check
08-16 10:12:53.639 10200 10335 I EventRecordTask: [2023-08-16 10:12:53.639 I/HiAnalytics/EventRecordTask 10200:43230 null:4] event record task running
08-16 10:12:53.639 10200 10335 I HiAnalyticsSharedPreference: [2023-08-16 10:12:53.639 I/HiAnalytics/HiAnalyticsSharedPreference 10200:43230 null:35] check file size : 0 limitedSize : 5242880
08-16 10:12:53.644   753  2232 D AudioPolicyService: getUidState(99617) !cacheIter->second.first, return PROCESS_STATE_UNKNOWN
08-16 10:12:53.644 10033 10087 I HWBR-O-0704|AnrWatchDog: init
08-16 10:12:53.645 10033 10087 I HWBR-O-0704|AnrPrinter: initPrinter
08-16 10:12:53.646 10033 10087 I HWBR-O-0704|BrowserExceptionManager: is formal version, enable protect activity
08-16 10:12:53.649 10033 10198 I SecurityComp10200303: BksUtil: getFilesBksIS
08-16 10:12:53.649 10033 10198 I SecurityComp10200303: SecureX509SingleInstance: get files bks
08-16 10:12:53.651 10033 10087 I FWK-CaughtExceptionRecorder: init
08-16 10:12:53.652 10033 10087 I HWBR-O-0704|OdexCompilationManager: odex compile init.
08-16 10:12:53.652 10033 10087 I HWBR-O-0704|StartupMetrics: measure end: BrowserWarmUpProvider.warmUp, elapsed=1378, consumed=1330
08-16 10:12:53.658  8102  9580 W Bugle   : BuglePhoneNumberUtils: canonicalizeMccMnc: invalid mccmnc. mcc: null, mnc: null
08-16 10:12:53.659   665   665 I Zygote  : Process 26789 exited due to signal 9 (Killed)
08-16 10:12:53.664   664  1311 W /system/bin/netd: A binder object at 0x7903947f40 is being transacted on, however, this object is in the same process as its proxy. Transacting with this binder is expensive compared to just calling the corresponding functionality in the same process.
08-16 10:12:53.666  1636  8140 I WifiService: getWifiApConfiguration uid=1000
08-16 10:12:53.666  1636  8140 I WifiService: getWifiApConfiguration, uid=1000
